<?xml version="1.0" encoding="ISO-8859-1" ?>
<link_info>
   <banner>TMS320C2000 Linker PC v18.1.4.LTS</banner>
   <copyright>Copyright (c) 1996-2018 Texas Instruments Incorporated</copyright>
   <link_time>0x5ddf29b1</link_time>
   <link_errors>0x0</link_errors>
   <output_file>ArcadeStick.out</output_file>
   <entry_point>
      <name>_c_int00</name>
      <address>0x3f13fa</address>
   </entry_point>
   <input_file_list>
      <input_file id="fl-2">
         <path>.\</path>
         <kind>object</kind>
         <file>DelayUs.obj</file>
         <name>DelayUs.obj</name>
      </input_file>
      <input_file id="fl-3">
         <path>.\</path>
         <kind>object</kind>
         <file>DeviceInit_18Nov2018.obj</file>
         <name>DeviceInit_18Nov2018.obj</name>
      </input_file>
      <input_file id="fl-4">
         <path>.\</path>
         <kind>object</kind>
         <file>F2802x_GlobalVariableDefs.obj</file>
         <name>F2802x_GlobalVariableDefs.obj</name>
      </input_file>
      <input_file id="fl-5">
         <path>.\</path>
         <kind>object</kind>
         <file>idle.obj</file>
         <name>idle.obj</name>
      </input_file>
      <input_file id="fl-9">
         <path>C:\Users\Lemuel\Desktop\Joystick-Project\ArcadeStick\Debug\configPkg\package\cfg\</path>
         <kind>object</kind>
         <file>idle_p28L.o28L</file>
         <name>idle_p28L.o28L</name>
      </input_file>
      <input_file id="fl-10">
         <kind>object</kind>
         <file>&lt;internal&gt;</file>
         <name>&lt;internal&gt;</name>
      </input_file>
      <input_file id="fl-11">
         <path>C:\Users\Lemuel\Desktop\Joystick-Project\ArcadeStick\src\sysbios\</path>
         <kind>archive</kind>
         <file>sysbios.a28L</file>
         <name>BIOS.obj</name>
      </input_file>
      <input_file id="fl-12">
         <path>C:\Users\Lemuel\Desktop\Joystick-Project\ArcadeStick\src\sysbios\</path>
         <kind>archive</kind>
         <file>sysbios.a28L</file>
         <name>c28_Hwi_asm.obj</name>
      </input_file>
      <input_file id="fl-13">
         <path>C:\Users\Lemuel\Desktop\Joystick-Project\ArcadeStick\src\sysbios\</path>
         <kind>archive</kind>
         <file>sysbios.a28L</file>
         <name>c28_Hwi_disp_asm.obj</name>
      </input_file>
      <input_file id="fl-14">
         <path>C:\Users\Lemuel\Desktop\Joystick-Project\ArcadeStick\src\sysbios\</path>
         <kind>archive</kind>
         <file>sysbios.a28L</file>
         <name>c28_IntrinsicsSupport_asm.obj</name>
      </input_file>
      <input_file id="fl-15">
         <path>C:\Users\Lemuel\Desktop\Joystick-Project\ArcadeStick\src\sysbios\</path>
         <kind>archive</kind>
         <file>sysbios.a28L</file>
         <name>c28_TaskSupport_asm.obj</name>
      </input_file>
      <input_file id="fl-16">
         <path>C:\ti\bios_6_76_03_01\packages\ti\catalog\c2800\init\lib\</path>
         <kind>archive</kind>
         <file>Boot.a28L</file>
         <name>Boot.o28L</name>
      </input_file>
      <input_file id="fl-17">
         <path>C:\ti\bios_6_76_03_01\packages\ti\targets\rts2800\lib\</path>
         <kind>archive</kind>
         <file>ti.targets.rts2800.a28L</file>
         <name>Assert.o28L</name>
      </input_file>
      <input_file id="fl-18">
         <path>C:\ti\bios_6_76_03_01\packages\ti\targets\rts2800\lib\</path>
         <kind>archive</kind>
         <file>ti.targets.rts2800.a28L</file>
         <name>Core-mem.o28L</name>
      </input_file>
      <input_file id="fl-19">
         <path>C:\ti\bios_6_76_03_01\packages\ti\targets\rts2800\lib\</path>
         <kind>archive</kind>
         <file>ti.targets.rts2800.a28L</file>
         <name>Core-smem.o28L</name>
      </input_file>
      <input_file id="fl-1a">
         <path>C:\ti\bios_6_76_03_01\packages\ti\targets\rts2800\lib\</path>
         <kind>archive</kind>
         <file>ti.targets.rts2800.a28L</file>
         <name>Core-label.o28L</name>
      </input_file>
      <input_file id="fl-1b">
         <path>C:\ti\bios_6_76_03_01\packages\ti\targets\rts2800\lib\</path>
         <kind>archive</kind>
         <file>ti.targets.rts2800.a28L</file>
         <name>Core-params.o28L</name>
      </input_file>
      <input_file id="fl-1c">
         <path>C:\ti\bios_6_76_03_01\packages\ti\targets\rts2800\lib\</path>
         <kind>archive</kind>
         <file>ti.targets.rts2800.a28L</file>
         <name>Error.o28L</name>
      </input_file>
      <input_file id="fl-1d">
         <path>C:\ti\bios_6_76_03_01\packages\ti\targets\rts2800\lib\</path>
         <kind>archive</kind>
         <file>ti.targets.rts2800.a28L</file>
         <name>Gate.o28L</name>
      </input_file>
      <input_file id="fl-1e">
         <path>C:\ti\bios_6_76_03_01\packages\ti\targets\rts2800\lib\</path>
         <kind>archive</kind>
         <file>ti.targets.rts2800.a28L</file>
         <name>GateNull.o28L</name>
      </input_file>
      <input_file id="fl-1f">
         <path>C:\ti\bios_6_76_03_01\packages\ti\targets\rts2800\lib\</path>
         <kind>archive</kind>
         <file>ti.targets.rts2800.a28L</file>
         <name>HeapStd.o28L</name>
      </input_file>
      <input_file id="fl-20">
         <path>C:\ti\bios_6_76_03_01\packages\ti\targets\rts2800\lib\</path>
         <kind>archive</kind>
         <file>ti.targets.rts2800.a28L</file>
         <name>LoggerBuf.o28L</name>
      </input_file>
      <input_file id="fl-21">
         <path>C:\ti\bios_6_76_03_01\packages\ti\targets\rts2800\lib\</path>
         <kind>archive</kind>
         <file>ti.targets.rts2800.a28L</file>
         <name>Memory.o28L</name>
      </input_file>
      <input_file id="fl-22">
         <path>C:\ti\bios_6_76_03_01\packages\ti\targets\rts2800\lib\</path>
         <kind>archive</kind>
         <file>ti.targets.rts2800.a28L</file>
         <name>Startup.o28L</name>
      </input_file>
      <input_file id="fl-23">
         <path>C:\ti\bios_6_76_03_01\packages\ti\targets\rts2800\lib\</path>
         <kind>archive</kind>
         <file>ti.targets.rts2800.a28L</file>
         <name>System.o28L</name>
      </input_file>
      <input_file id="fl-24">
         <path>C:\ti\bios_6_76_03_01\packages\ti\targets\rts2800\lib\</path>
         <kind>archive</kind>
         <file>ti.targets.rts2800.a28L</file>
         <name>SysMin.o28L</name>
      </input_file>
      <input_file id="fl-25">
         <path>C:\ti\bios_6_76_03_01\packages\ti\targets\rts2800\lib\</path>
         <kind>archive</kind>
         <file>ti.targets.rts2800.a28L</file>
         <name>Text.o28L</name>
      </input_file>
      <input_file id="fl-26">
         <path>C:\ti\bios_6_76_03_01\packages\ti\targets\rts2800\lib\</path>
         <kind>archive</kind>
         <file>ti.targets.rts2800.a28L</file>
         <name>Timestamp.o28L</name>
      </input_file>
      <input_file id="fl-27">
         <path>C:\ti\bios_6_76_03_01\packages\ti\targets\rts2800\lib\</path>
         <kind>archive</kind>
         <file>ti.targets.rts2800.a28L</file>
         <name>xdc_noinit.o28L</name>
      </input_file>
      <input_file id="fl-28">
         <path>C:\ti\bios_6_76_03_01\packages\ti\targets\rts2800\lib\</path>
         <kind>archive</kind>
         <file>ti.targets.rts2800.a28L</file>
         <name>Log.o28L</name>
      </input_file>
      <input_file id="fl-29">
         <path>C:\ti\bios_6_76_03_01\packages\ti\targets\rts2800\lib\</path>
         <kind>archive</kind>
         <file>ti.targets.rts2800.a28L</file>
         <name>Registry.o28L</name>
      </input_file>
      <input_file id="fl-2a">
         <path>C:\ti\bios_6_76_03_01\packages\ti\targets\rts2800\lib\</path>
         <kind>archive</kind>
         <file>boot.a28L</file>
         <name>boot_cg.o28L</name>
      </input_file>
      <input_file id="fl-36">
         <path>C:\ti\ccsv8\tools\compiler\ti-cgt-c2000_18.1.4.LTS\lib\</path>
         <kind>archive</kind>
         <file>rts2800_ml.lib</file>
         <name>ll_div28.asm.obj</name>
      </input_file>
      <input_file id="fl-37">
         <path>C:\ti\ccsv8\tools\compiler\ti-cgt-c2000_18.1.4.LTS\lib\</path>
         <kind>archive</kind>
         <file>rts2800_ml.lib</file>
         <name>cpy_tbl.c.obj</name>
      </input_file>
      <input_file id="fl-38">
         <path>C:\ti\ccsv8\tools\compiler\ti-cgt-c2000_18.1.4.LTS\lib\</path>
         <kind>archive</kind>
         <file>rts2800_ml.lib</file>
         <name>memcpy.c.obj</name>
      </input_file>
      <input_file id="fl-39">
         <path>C:\ti\ccsv8\tools\compiler\ti-cgt-c2000_18.1.4.LTS\lib\</path>
         <kind>archive</kind>
         <file>rts2800_ml.lib</file>
         <name>pre_init.c.obj</name>
      </input_file>
      <input_file id="fl-3a">
         <path>C:\ti\ccsv8\tools\compiler\ti-cgt-c2000_18.1.4.LTS\lib\</path>
         <kind>archive</kind>
         <file>rts2800_ml.lib</file>
         <name>startup.c.obj</name>
      </input_file>
      <input_file id="fl-3b">
         <path>C:\ti\ccsv8\tools\compiler\ti-cgt-c2000_18.1.4.LTS\lib\</path>
         <kind>archive</kind>
         <file>rts2800_ml.lib</file>
         <name>exit.c.obj</name>
      </input_file>
      <input_file id="fl-3c">
         <path>C:\ti\ccsv8\tools\compiler\ti-cgt-c2000_18.1.4.LTS\lib\</path>
         <kind>archive</kind>
         <file>rts2800_ml.lib</file>
         <name>_lock.c.obj</name>
      </input_file>
      <input_file id="fl-3d">
         <path>C:\ti\ccsv8\tools\compiler\ti-cgt-c2000_18.1.4.LTS\lib\</path>
         <kind>archive</kind>
         <file>rts2800_ml.lib</file>
         <name>args_main.c.obj</name>
      </input_file>
      <input_file id="fl-3e">
         <path>C:\ti\ccsv8\tools\compiler\ti-cgt-c2000_18.1.4.LTS\lib\</path>
         <kind>archive</kind>
         <file>rts2800_ml.lib</file>
         <name>memset.c.obj</name>
      </input_file>
      <input_file id="fl-3f">
         <path>C:\ti\ccsv8\tools\compiler\ti-cgt-c2000_18.1.4.LTS\lib\</path>
         <kind>archive</kind>
         <file>rts2800_ml.lib</file>
         <name>strcmp.c.obj</name>
      </input_file>
      <input_file id="fl-40">
         <path>C:\ti\ccsv8\tools\compiler\ti-cgt-c2000_18.1.4.LTS\lib\</path>
         <kind>archive</kind>
         <file>rts2800_ml.lib</file>
         <name>strlen.c.obj</name>
      </input_file>
      <input_file id="fl-41">
         <path>C:\ti\ccsv8\tools\compiler\ti-cgt-c2000_18.1.4.LTS\lib\</path>
         <kind>archive</kind>
         <file>rts2800_ml.lib</file>
         <name>hostwrite.c.obj</name>
      </input_file>
      <input_file id="fl-42">
         <path>C:\ti\ccsv8\tools\compiler\ti-cgt-c2000_18.1.4.LTS\lib\</path>
         <kind>archive</kind>
         <file>rts2800_ml.lib</file>
         <name>trgmsg.c.obj</name>
      </input_file>
      <input_file id="fl-43">
         <path>C:\ti\ccsv8\tools\compiler\ti-cgt-c2000_18.1.4.LTS\lib\</path>
         <kind>archive</kind>
         <file>rts2800_ml.lib</file>
         <name>hostopen.c.obj</name>
      </input_file>
   </input_file_list>
   <object_component_list>
      <object_component id="oc-64">
         <name>PieVectTableFile</name>
         <uninitialized>true</uninitialized>
         <run_address>0xd00</run_address>
         <size>0x100</size>
         <input_file_ref idref="fl-4"/>
      </object_component>
      <object_component id="oc-44">
         <name>EmuKeyVar</name>
         <uninitialized>true</uninitialized>
         <run_address>0xd00</run_address>
         <size>0x1</size>
         <input_file_ref idref="fl-4"/>
      </object_component>
      <object_component id="oc-46">
         <name>EmuBModeVar</name>
         <uninitialized>true</uninitialized>
         <run_address>0xd01</run_address>
         <size>0x1</size>
         <input_file_ref idref="fl-4"/>
      </object_component>
      <object_component id="oc-47">
         <name>FlashCallbackVar</name>
         <uninitialized>true</uninitialized>
         <run_address>0xd02</run_address>
         <size>0x2</size>
         <input_file_ref idref="fl-4"/>
      </object_component>
      <object_component id="oc-48">
         <name>FlashScalingVar</name>
         <uninitialized>true</uninitialized>
         <run_address>0xd04</run_address>
         <size>0x2</size>
         <input_file_ref idref="fl-4"/>
      </object_component>
      <object_component id="oc-4a">
         <name>DevEmuRegsFile</name>
         <uninitialized>true</uninitialized>
         <run_address>0x880</run_address>
         <size>0x4</size>
         <input_file_ref idref="fl-4"/>
      </object_component>
      <object_component id="oc-49">
         <name>SysPwrCtrlRegsFile</name>
         <uninitialized>true</uninitialized>
         <run_address>0x985</run_address>
         <size>0x3</size>
         <input_file_ref idref="fl-4"/>
      </object_component>
      <object_component id="oc-4b">
         <name>FlashRegsFile</name>
         <uninitialized>true</uninitialized>
         <run_address>0xa80</run_address>
         <size>0x8</size>
         <input_file_ref idref="fl-4"/>
      </object_component>
      <object_component id="oc-53">
         <name>CsmRegsFile</name>
         <uninitialized>true</uninitialized>
         <run_address>0xae0</run_address>
         <size>0x10</size>
         <input_file_ref idref="fl-4"/>
      </object_component>
      <object_component id="oc-5c">
         <name>AdcResultFile</name>
         <uninitialized>true</uninitialized>
         <run_address>0xb00</run_address>
         <size>0x20</size>
         <input_file_ref idref="fl-4"/>
      </object_component>
      <object_component id="oc-4d">
         <name>CpuTimer0RegsFile</name>
         <uninitialized>true</uninitialized>
         <run_address>0xc00</run_address>
         <size>0x8</size>
         <input_file_ref idref="fl-4"/>
      </object_component>
      <object_component id="oc-4c">
         <name>CpuTimer1RegsFile</name>
         <uninitialized>true</uninitialized>
         <run_address>0xc08</run_address>
         <size>0x8</size>
         <input_file_ref idref="fl-4"/>
      </object_component>
      <object_component id="oc-4f">
         <name>CpuTimer2RegsFile</name>
         <uninitialized>true</uninitialized>
         <run_address>0xc10</run_address>
         <size>0x8</size>
         <input_file_ref idref="fl-4"/>
      </object_component>
      <object_component id="oc-56">
         <name>PieCtrlRegsFile</name>
         <uninitialized>true</uninitialized>
         <run_address>0xce0</run_address>
         <size>0x1a</size>
         <input_file_ref idref="fl-4"/>
      </object_component>
      <object_component id="oc-58">
         <name>ECap1RegsFile</name>
         <uninitialized>true</uninitialized>
         <run_address>0x6a00</run_address>
         <size>0x20</size>
         <input_file_ref idref="fl-4"/>
      </object_component>
      <object_component id="oc-60">
         <name>GpioCtrlRegsFile</name>
         <uninitialized>true</uninitialized>
         <run_address>0x6f80</run_address>
         <size>0x40</size>
         <input_file_ref idref="fl-4"/>
      </object_component>
      <object_component id="oc-5b">
         <name>GpioDataRegsFile</name>
         <uninitialized>true</uninitialized>
         <run_address>0x6fc0</run_address>
         <size>0x20</size>
         <input_file_ref idref="fl-4"/>
      </object_component>
      <object_component id="oc-50">
         <name>GpioIntRegsFile</name>
         <uninitialized>true</uninitialized>
         <run_address>0x6fe0</run_address>
         <size>0xa</size>
         <input_file_ref idref="fl-4"/>
      </object_component>
      <object_component id="oc-57">
         <name>SysCtrlRegsFile</name>
         <uninitialized>true</uninitialized>
         <run_address>0x7010</run_address>
         <size>0x1f</size>
         <input_file_ref idref="fl-4"/>
      </object_component>
      <object_component id="oc-55">
         <name>SpiaRegsFile</name>
         <uninitialized>true</uninitialized>
         <run_address>0x7040</run_address>
         <size>0x10</size>
         <input_file_ref idref="fl-4"/>
      </object_component>
      <object_component id="oc-52">
         <name>SciaRegsFile</name>
         <uninitialized>true</uninitialized>
         <run_address>0x7050</run_address>
         <size>0x10</size>
         <input_file_ref idref="fl-4"/>
      </object_component>
      <object_component id="oc-51">
         <name>NmiIntruptRegsFile</name>
         <uninitialized>true</uninitialized>
         <run_address>0x7060</run_address>
         <size>0x10</size>
         <input_file_ref idref="fl-4"/>
      </object_component>
      <object_component id="oc-54">
         <name>XIntruptRegsFile</name>
         <uninitialized>true</uninitialized>
         <run_address>0x7070</run_address>
         <size>0x10</size>
         <input_file_ref idref="fl-4"/>
      </object_component>
      <object_component id="oc-63">
         <name>AdcRegsFile</name>
         <uninitialized>true</uninitialized>
         <run_address>0x7100</run_address>
         <size>0x51</size>
         <input_file_ref idref="fl-4"/>
      </object_component>
      <object_component id="oc-5d">
         <name>I2caRegsFile</name>
         <uninitialized>true</uninitialized>
         <run_address>0x7900</run_address>
         <size>0x22</size>
         <input_file_ref idref="fl-4"/>
      </object_component>
      <object_component id="oc-5a">
         <name>Comp1RegsFile</name>
         <uninitialized>true</uninitialized>
         <run_address>0x6400</run_address>
         <size>0x20</size>
         <input_file_ref idref="fl-4"/>
      </object_component>
      <object_component id="oc-59">
         <name>Comp2RegsFile</name>
         <uninitialized>true</uninitialized>
         <run_address>0x6420</run_address>
         <size>0x20</size>
         <input_file_ref idref="fl-4"/>
      </object_component>
      <object_component id="oc-61">
         <name>EPwm1RegsFile</name>
         <uninitialized>true</uninitialized>
         <run_address>0x6800</run_address>
         <size>0x40</size>
         <input_file_ref idref="fl-4"/>
      </object_component>
      <object_component id="oc-5e">
         <name>EPwm2RegsFile</name>
         <uninitialized>true</uninitialized>
         <run_address>0x6840</run_address>
         <size>0x40</size>
         <input_file_ref idref="fl-4"/>
      </object_component>
      <object_component id="oc-62">
         <name>EPwm3RegsFile</name>
         <uninitialized>true</uninitialized>
         <run_address>0x6880</run_address>
         <size>0x40</size>
         <input_file_ref idref="fl-4"/>
      </object_component>
      <object_component id="oc-5f">
         <name>EPwm4RegsFile</name>
         <uninitialized>true</uninitialized>
         <run_address>0x68c0</run_address>
         <size>0x40</size>
         <input_file_ref idref="fl-4"/>
      </object_component>
      <object_component id="oc-4e">
         <name>CsmPwlFile</name>
         <uninitialized>true</uninitialized>
         <run_address>0x3f7ff8</run_address>
         <size>0x8</size>
         <input_file_ref idref="fl-4"/>
      </object_component>
      <object_component id="oc-45">
         <name>PartIdRegsFile</name>
         <uninitialized>true</uninitialized>
         <run_address>0x3d7fff</run_address>
         <size>0x1</size>
         <input_file_ref idref="fl-4"/>
      </object_component>
      <object_component id="oc-6f">
         <name>.cinit</name>
         <load_address>0x3f4119</load_address>
         <run_address>0x3f4119</run_address>
         <size>0x42e</size>
         <input_file_ref idref="fl-9"/>
      </object_component>
      <object_component id="oc-67">
         <name>.cinit</name>
         <load_address>0x3f4547</load_address>
         <run_address>0x3f4547</run_address>
         <size>0x3c</size>
         <input_file_ref idref="fl-5"/>
      </object_component>
      <object_component id="oc-118">
         <name>.cinit</name>
         <load_address>0x3f4583</load_address>
         <run_address>0x3f4583</run_address>
         <size>0xe</size>
         <input_file_ref idref="fl-3b"/>
      </object_component>
      <object_component id="oc-1bf">
         <name>.cinit:__lock</name>
         <load_address>0x3f4591</load_address>
         <run_address>0x3f4591</run_address>
         <size>0x5</size>
         <input_file_ref idref="fl-3c"/>
      </object_component>
      <object_component id="oc-1c0">
         <name>.cinit:__unlock</name>
         <load_address>0x3f4596</load_address>
         <run_address>0x3f4596</run_address>
         <size>0x5</size>
         <input_file_ref idref="fl-3c"/>
      </object_component>
      <object_component id="oc-209">
         <name>.text:_xdc_runtime_System_doPrint__I</name>
         <load_address>0x3f0000</load_address>
         <run_address>0x3f0000</run_address>
         <size>0x223</size>
         <input_file_ref idref="fl-23"/>
      </object_component>
      <object_component id="oc-157">
         <name>.text</name>
         <load_address>0x3f0223</load_address>
         <run_address>0x3f0223</run_address>
         <size>0x195</size>
         <input_file_ref idref="fl-5"/>
      </object_component>
      <object_component id="oc-190">
         <name>.text:_ti_sysbios_knl_Semaphore_pend__E</name>
         <load_address>0x3f03b8</load_address>
         <run_address>0x3f03b8</run_address>
         <size>0x164</size>
         <input_file_ref idref="fl-11"/>
      </object_component>
      <object_component id="oc-18c">
         <name>.text</name>
         <load_address>0x3f051c</load_address>
         <run_address>0x3f051c</run_address>
         <size>0x116</size>
         <input_file_ref idref="fl-3"/>
      </object_component>
      <object_component id="oc-fe">
         <name>.text</name>
         <load_address>0x3f0632</load_address>
         <run_address>0x3f0632</run_address>
         <size>0x107</size>
         <input_file_ref idref="fl-36"/>
      </object_component>
      <object_component id="oc-16d">
         <name>.text:_xdc_runtime_HeapStd_alloc__E</name>
         <load_address>0x3f0739</load_address>
         <run_address>0x3f0739</run_address>
         <size>0xee</size>
         <input_file_ref idref="fl-1f"/>
      </object_component>
      <object_component id="oc-1ff">
         <name>.text:_ti_sysbios_family_c28_Hwi_clearInterrupt__E</name>
         <load_address>0x3f0827</load_address>
         <run_address>0x3f0827</run_address>
         <size>0xe1</size>
         <input_file_ref idref="fl-11"/>
      </object_component>
      <object_component id="oc-17b">
         <name>.text:_xdc_runtime_LoggerBuf_write8__E</name>
         <load_address>0x3f0908</load_address>
         <run_address>0x3f0908</run_address>
         <size>0xb5</size>
         <input_file_ref idref="fl-20"/>
      </object_component>
      <object_component id="oc-259">
         <name>.text:_xdc_runtime_System_printfExtend__I</name>
         <load_address>0x3f09bd</load_address>
         <run_address>0x3f09bd</run_address>
         <size>0xb0</size>
         <input_file_ref idref="fl-9"/>
      </object_component>
      <object_component id="oc-292">
         <name>.text:_ti_sysbios_utils_Load_updateThreadContexts__E</name>
         <load_address>0x3f0a6d</load_address>
         <run_address>0x3f0a6d</run_address>
         <size>0xa3</size>
         <input_file_ref idref="fl-11"/>
      </object_component>
      <object_component id="oc-19c">
         <name>.text:_xdc_runtime_Core_createObject__I</name>
         <load_address>0x3f0b10</load_address>
         <run_address>0x3f0b10</run_address>
         <size>0x9f</size>
         <input_file_ref idref="fl-18"/>
      </object_component>
      <object_component id="oc-2a0">
         <name>.text</name>
         <load_address>0x3f0baf</load_address>
         <run_address>0x3f0baf</run_address>
         <size>0x94</size>
         <input_file_ref idref="fl-42"/>
      </object_component>
      <object_component id="oc-200">
         <name>.text:_ti_sysbios_family_c28_Hwi_enableInterrupt__E</name>
         <load_address>0x3f0c43</load_address>
         <run_address>0x3f0c43</run_address>
         <size>0x8e</size>
         <input_file_ref idref="fl-11"/>
      </object_component>
      <object_component id="oc-1dd">
         <name>.text:_xdc_runtime_Error_policyDefault__E</name>
         <load_address>0x3f0cd1</load_address>
         <run_address>0x3f0cd1</run_address>
         <size>0x8c</size>
         <input_file_ref idref="fl-1c"/>
      </object_component>
      <object_component id="oc-295">
         <name>.text:_ti_sysbios_family_c28_Hwi_dispatch</name>
         <load_address>0x3f0d5d</load_address>
         <run_address>0x3f0d5d</run_address>
         <size>0x85</size>
         <input_file_ref idref="fl-13"/>
      </object_component>
      <object_component id="oc-1ad">
         <name>.text:_xdc_runtime_HeapStd_Instance_init__E</name>
         <load_address>0x3f0de2</load_address>
         <run_address>0x3f0de2</run_address>
         <size>0x82</size>
         <input_file_ref idref="fl-1f"/>
      </object_component>
      <object_component id="oc-2ac">
         <name>.text:_ti_sysbios_family_c28_Hwi_disableInterrupt__E</name>
         <load_address>0x3f0e64</load_address>
         <run_address>0x3f0e64</run_address>
         <size>0x81</size>
         <input_file_ref idref="fl-11"/>
      </object_component>
      <object_component id="oc-235">
         <name>.text:_ti_sysbios_family_c28_Hwi_disablePIEIER__E</name>
         <load_address>0x3f0ee5</load_address>
         <run_address>0x3f0ee5</run_address>
         <size>0x80</size>
         <input_file_ref idref="fl-11"/>
      </object_component>
      <object_component id="oc-234">
         <name>.text:_ti_sysbios_family_c28_Hwi_enablePIEIER__E</name>
         <load_address>0x3f0f65</load_address>
         <run_address>0x3f0f65</run_address>
         <size>0x7f</size>
         <input_file_ref idref="fl-11"/>
      </object_component>
      <object_component id="oc-18f">
         <name>.text:_ti_sysbios_knl_Semaphore_post__E</name>
         <load_address>0x3f0fe4</load_address>
         <run_address>0x3f0fe4</run_address>
         <size>0x7d</size>
         <input_file_ref idref="fl-11"/>
      </object_component>
      <object_component id="oc-289">
         <name>.text:_ti_sysbios_knl_Task_postInit__I</name>
         <load_address>0x3f1061</load_address>
         <run_address>0x3f1061</run_address>
         <size>0x7c</size>
         <input_file_ref idref="fl-11"/>
      </object_component>
      <object_component id="oc-17a">
         <name>.text:_xdc_runtime_LoggerBuf_write4__E</name>
         <load_address>0x3f10dd</load_address>
         <run_address>0x3f10dd</run_address>
         <size>0x79</size>
         <input_file_ref idref="fl-20"/>
      </object_component>
      <object_component id="oc-2c1">
         <name>.text:_ti_sysbios_family_c28_Hwi_dispatchCore__I</name>
         <load_address>0x3f1156</load_address>
         <run_address>0x3f1156</run_address>
         <size>0x77</size>
         <input_file_ref idref="fl-11"/>
      </object_component>
      <object_component id="oc-204">
         <name>.text:_ti_sysbios_knl_Task_checkStacks__E</name>
         <load_address>0x3f11cd</load_address>
         <run_address>0x3f11cd</run_address>
         <size>0x73</size>
         <input_file_ref idref="fl-11"/>
      </object_component>
      <object_component id="oc-268">
         <name>.text:_ti_sysbios_family_c28_Hwi_Module_startup__E</name>
         <load_address>0x3f1240</load_address>
         <run_address>0x3f1240</run_address>
         <size>0x71</size>
         <input_file_ref idref="fl-11"/>
      </object_component>
      <object_component id="oc-1e1">
         <name>.text:_xdc_runtime_Startup_startMods__I</name>
         <load_address>0x3f12b1</load_address>
         <run_address>0x3f12b1</run_address>
         <size>0x71</size>
         <input_file_ref idref="fl-22"/>
      </object_component>
      <object_component id="oc-248">
         <name>.text:_ti_sysbios_knl_Swi_run__I</name>
         <load_address>0x3f1322</load_address>
         <run_address>0x3f1322</run_address>
         <size>0x6c</size>
         <input_file_ref idref="fl-11"/>
      </object_component>
      <object_component id="oc-16e">
         <name>.text:_xdc_runtime_HeapStd_free__E</name>
         <load_address>0x3f138e</load_address>
         <run_address>0x3f138e</run_address>
         <size>0x6c</size>
         <input_file_ref idref="fl-1f"/>
      </object_component>
      <object_component id="oc-38">
         <name>.text</name>
         <load_address>0x3f13fa</load_address>
         <run_address>0x3f13fa</run_address>
         <size>0x67</size>
         <input_file_ref idref="fl-2a"/>
      </object_component>
      <object_component id="oc-296">
         <name>.text:_ti_sysbios_family_c28_Timer_stopAndClear__I</name>
         <load_address>0x3f1461</load_address>
         <run_address>0x3f1461</run_address>
         <size>0x66</size>
         <input_file_ref idref="fl-11"/>
      </object_component>
      <object_component id="oc-249">
         <name>.text:_ti_sysbios_utils_Load_idleFxn__E</name>
         <load_address>0x3f14c7</load_address>
         <run_address>0x3f14c7</run_address>
         <size>0x66</size>
         <input_file_ref idref="fl-11"/>
      </object_component>
      <object_component id="oc-277">
         <name>.text:_ti_sysbios_utils_Load_updateLoads__E</name>
         <load_address>0x3f152d</load_address>
         <run_address>0x3f152d</run_address>
         <size>0x60</size>
         <input_file_ref idref="fl-11"/>
      </object_component>
      <object_component id="oc-274">
         <name>.text:_xdc_runtime_Text_putSite__E</name>
         <load_address>0x3f158d</load_address>
         <run_address>0x3f158d</run_address>
         <size>0x5d</size>
         <input_file_ref idref="fl-25"/>
      </object_component>
      <object_component id="oc-1cc">
         <name>.text:_ti_sysbios_knl_Task_startCore__E</name>
         <load_address>0x3f15ea</load_address>
         <run_address>0x3f15ea</run_address>
         <size>0x53</size>
         <input_file_ref idref="fl-11"/>
      </object_component>
      <object_component id="oc-291">
         <name>.text:_ti_sysbios_utils_Load_updateCurrentThreadTime__E</name>
         <load_address>0x3f163d</load_address>
         <run_address>0x3f163d</run_address>
         <size>0x51</size>
         <input_file_ref idref="fl-11"/>
      </object_component>
      <object_component id="oc-20d">
         <name>.text:_ti_sysbios_knl_Task_schedule__I</name>
         <load_address>0x3f168e</load_address>
         <run_address>0x3f168e</run_address>
         <size>0x4c</size>
         <input_file_ref idref="fl-11"/>
      </object_component>
      <object_component id="oc-188">
         <name>.text:_ti_sysbios_utils_Load_startup__E</name>
         <load_address>0x3f16da</load_address>
         <run_address>0x3f16da</run_address>
         <size>0x4c</size>
         <input_file_ref idref="fl-11"/>
      </object_component>
      <object_component id="oc-26b">
         <name>.text:_ti_sysbios_knl_Task_Module_startup__E</name>
         <load_address>0x3f1726</load_address>
         <run_address>0x3f1726</run_address>
         <size>0x47</size>
         <input_file_ref idref="fl-11"/>
      </object_component>
      <object_component id="oc-26a">
         <name>.text:_ti_sysbios_knl_Swi_Module_startup__E</name>
         <load_address>0x3f176d</load_address>
         <run_address>0x3f176d</run_address>
         <size>0x41</size>
         <input_file_ref idref="fl-11"/>
      </object_component>
      <object_component id="oc-18e">
         <name>.text:_ti_sysbios_knl_Swi_post__E</name>
         <load_address>0x3f17ae</load_address>
         <run_address>0x3f17ae</run_address>
         <size>0x41</size>
         <input_file_ref idref="fl-11"/>
      </object_component>
      <object_component id="oc-273">
         <name>.text:_xdc_runtime_Text_putLab__E</name>
         <load_address>0x3f17ef</load_address>
         <run_address>0x3f17ef</run_address>
         <size>0x41</size>
         <input_file_ref idref="fl-25"/>
      </object_component>
      <object_component id="oc-256">
         <name>.text:_ti_sysbios_utils_Load_taskCreateHook__E</name>
         <load_address>0x3f1830</load_address>
         <run_address>0x3f1830</run_address>
         <size>0x3f</size>
         <input_file_ref idref="fl-11"/>
      </object_component>
      <object_component id="oc-28d">
         <name>.text:_xdc_runtime_Text_putMod__E</name>
         <load_address>0x3f186f</load_address>
         <run_address>0x3f186f</run_address>
         <size>0x3f</size>
         <input_file_ref idref="fl-25"/>
      </object_component>
      <object_component id="oc-284">
         <name>.text:_ti_sysbios_knl_Swi_postInit__I</name>
         <load_address>0x3f18ae</load_address>
         <run_address>0x3f18ae</run_address>
         <size>0x3e</size>
         <input_file_ref idref="fl-11"/>
      </object_component>
      <object_component id="oc-1fb">
         <name>.text:_xdc_runtime_Memory_alloc__E</name>
         <load_address>0x3f18ec</load_address>
         <run_address>0x3f18ec</run_address>
         <size>0x3e</size>
         <input_file_ref idref="fl-21"/>
      </object_component>
      <object_component id="oc-19e">
         <name>.text:_xdc_runtime_Core_deleteObject__I</name>
         <load_address>0x3f192a</load_address>
         <run_address>0x3f192a</run_address>
         <size>0x3d</size>
         <input_file_ref idref="fl-18"/>
      </object_component>
      <object_component id="oc-17d">
         <name>.text:_xdc_runtime_LoggerBuf_getFilterLevel__E</name>
         <load_address>0x3f1967</load_address>
         <run_address>0x3f1967</run_address>
         <size>0x3d</size>
         <input_file_ref idref="fl-20"/>
      </object_component>
      <object_component id="oc-280">
         <name>.text:_ti_sysbios_family_c28_Hwi_postInit__I</name>
         <load_address>0x3f19a4</load_address>
         <run_address>0x3f19a4</run_address>
         <size>0x3c</size>
         <input_file_ref idref="fl-11"/>
      </object_component>
      <object_component id="oc-281">
         <name>.text:_ti_sysbios_family_c28_Timer_postInit__I</name>
         <load_address>0x3f19e0</load_address>
         <run_address>0x3f19e0</run_address>
         <size>0x3c</size>
         <input_file_ref idref="fl-11"/>
      </object_component>
      <object_component id="oc-2c4">
         <name>.text:_ti_sysbios_knl_Swi_restoreHwi__E</name>
         <load_address>0x3f1a1c</load_address>
         <run_address>0x3f1a1c</run_address>
         <size>0x3c</size>
         <input_file_ref idref="fl-11"/>
      </object_component>
      <object_component id="oc-271">
         <name>.text:_ti_sysbios_utils_Load_addTask__E</name>
         <load_address>0x3f1a58</load_address>
         <run_address>0x3f1a58</run_address>
         <size>0x3c</size>
         <input_file_ref idref="fl-11"/>
      </object_component>
      <object_component id="oc-17c">
         <name>.text:_xdc_runtime_LoggerBuf_setFilterLevel__E</name>
         <load_address>0x3f1a94</load_address>
         <run_address>0x3f1a94</run_address>
         <size>0x3c</size>
         <input_file_ref idref="fl-20"/>
      </object_component>
      <object_component id="oc-2ae">
         <name>.text:_ti_sysbios_family_c28_TaskSupport_start__E</name>
         <load_address>0x3f1ad0</load_address>
         <run_address>0x3f1ad0</run_address>
         <size>0x38</size>
         <input_file_ref idref="fl-11"/>
      </object_component>
      <object_component id="oc-299">
         <name>.text:_ti_sysbios_knl_Task_exit__E</name>
         <load_address>0x3f1b08</load_address>
         <run_address>0x3f1b08</run_address>
         <size>0x38</size>
         <input_file_ref idref="fl-11"/>
      </object_component>
      <object_component id="oc-28c">
         <name>.text</name>
         <load_address>0x3f1b40</load_address>
         <run_address>0x3f1b40</run_address>
         <size>0x38</size>
         <input_file_ref idref="fl-41"/>
      </object_component>
      <object_component id="oc-2a9">
         <name>.text:_ti_sysbios_utils_Load_hwiBeginHook__E</name>
         <load_address>0x3f1b78</load_address>
         <run_address>0x3f1b78</run_address>
         <size>0x35</size>
         <input_file_ref idref="fl-9"/>
      </object_component>
      <object_component id="oc-257">
         <name>.text:_ti_sysbios_utils_Load_taskSwitchHook__E</name>
         <load_address>0x3f1bad</load_address>
         <run_address>0x3f1bad</run_address>
         <size>0x33</size>
         <input_file_ref idref="fl-11"/>
      </object_component>
      <object_component id="oc-244">
         <name>.text:_xdc_runtime_System_formatNum__I</name>
         <load_address>0x3f1be0</load_address>
         <run_address>0x3f1be0</run_address>
         <size>0x33</size>
         <input_file_ref idref="fl-23"/>
      </object_component>
      <object_component id="oc-2a7">
         <name>.text:_ti_sysbios_family_c28_Timer_getFreq__E</name>
         <load_address>0x3f1c13</load_address>
         <run_address>0x3f1c13</run_address>
         <size>0x31</size>
         <input_file_ref idref="fl-11"/>
      </object_component>
      <object_component id="oc-261">
         <name>.text:_xdc_runtime_Error_print__E</name>
         <load_address>0x3f1c44</load_address>
         <run_address>0x3f1c44</run_address>
         <size>0x30</size>
         <input_file_ref idref="fl-1c"/>
      </object_component>
      <object_component id="oc-1ba">
         <name>.text:_xdc_runtime_LoggerBuf_Instance_init__E</name>
         <load_address>0x3f1c74</load_address>
         <run_address>0x3f1c74</run_address>
         <size>0x2f</size>
         <input_file_ref idref="fl-20"/>
      </object_component>
      <object_component id="oc-14b">
         <name>.text:_xdc_runtime_Startup_exec__E</name>
         <load_address>0x3f1ca3</load_address>
         <run_address>0x3f1ca3</run_address>
         <size>0x2f</size>
         <input_file_ref idref="fl-22"/>
      </object_component>
      <object_component id="oc-15e">
         <name>.text:.bootCodeSection:_ti_catalog_c2800_init_Boot_configurePll2802x</name>
         <load_address>0x3f1cd2</load_address>
         <run_address>0x3f1cd2</run_address>
         <size>0x2e</size>
         <input_file_ref idref="fl-16"/>
      </object_component>
      <object_component id="oc-20b">
         <name>.text:_ti_sysbios_knl_Swi_runLoop__I</name>
         <load_address>0x3f1d00</load_address>
         <run_address>0x3f1d00</run_address>
         <size>0x2e</size>
         <input_file_ref idref="fl-11"/>
      </object_component>
      <object_component id="oc-1cf">
         <name>.text:_ti_sysbios_knl_Swi_schedule__I</name>
         <load_address>0x3f1d2e</load_address>
         <run_address>0x3f1d2e</run_address>
         <size>0x2e</size>
         <input_file_ref idref="fl-11"/>
      </object_component>
      <object_component id="oc-246">
         <name>.text:_ti_sysbios_utils_Load_swiBeginHook__E</name>
         <load_address>0x3f1d5c</load_address>
         <run_address>0x3f1d5c</run_address>
         <size>0x2e</size>
         <input_file_ref idref="fl-11"/>
      </object_component>
      <object_component id="oc-252">
         <name>.text:_ti_sysbios_family_c28_Hwi_getInterruptFlag__E</name>
         <load_address>0x3f1d8a</load_address>
         <run_address>0x3f1d8a</run_address>
         <size>0x2d</size>
         <input_file_ref idref="fl-11"/>
      </object_component>
      <object_component id="oc-1a5">
         <name>.text:_xdc_runtime_Assert_raise__I</name>
         <load_address>0x3f1db7</load_address>
         <run_address>0x3f1db7</run_address>
         <size>0x2d</size>
         <input_file_ref idref="fl-17"/>
      </object_component>
      <object_component id="oc-1ec">
         <name>.text:_xdc_runtime_Core_assignParams__I</name>
         <load_address>0x3f1de4</load_address>
         <run_address>0x3f1de4</run_address>
         <size>0x2d</size>
         <input_file_ref idref="fl-1b"/>
      </object_component>
      <object_component id="oc-2c0">
         <name>.text:_xdc_runtime_Text_visitRope2__I</name>
         <load_address>0x3f1e11</load_address>
         <run_address>0x3f1e11</run_address>
         <size>0x2d</size>
         <input_file_ref idref="fl-25"/>
      </object_component>
      <object_component id="oc-1c3">
         <name>.text:_ti_sysbios_family_c28_Timer_start__E</name>
         <load_address>0x3f1e3e</load_address>
         <run_address>0x3f1e3e</run_address>
         <size>0x2c</size>
         <input_file_ref idref="fl-11"/>
      </object_component>
      <object_component id="oc-17e">
         <name>.text:_xdc_runtime_LoggerBuf_Object__create__S</name>
         <load_address>0x3f1e6a</load_address>
         <run_address>0x3f1e6a</run_address>
         <size>0x2c</size>
         <input_file_ref idref="fl-9"/>
      </object_component>
      <object_component id="oc-171">
         <name>.text:_xdc_runtime_HeapStd_Object__create__S</name>
         <load_address>0x3f1e96</load_address>
         <run_address>0x3f1e96</run_address>
         <size>0x2b</size>
         <input_file_ref idref="fl-9"/>
      </object_component>
      <object_component id="oc-2a8">
         <name>.text:_ti_sysbios_utils_Load_logLoads__I</name>
         <load_address>0x3f1ec1</load_address>
         <run_address>0x3f1ec1</run_address>
         <size>0x2a</size>
         <input_file_ref idref="fl-11"/>
      </object_component>
      <object_component id="oc-20f">
         <name>.text:_xdc_runtime_Error_setX__E</name>
         <load_address>0x3f1eeb</load_address>
         <run_address>0x3f1eeb</run_address>
         <size>0x2a</size>
         <input_file_ref idref="fl-1c"/>
      </object_component>
      <object_component id="oc-24e">
         <name>.text:_ti_sysbios_family_c28_Hwi_getStackInfo__E</name>
         <load_address>0x3f1f15</load_address>
         <run_address>0x3f1f15</run_address>
         <size>0x29</size>
         <input_file_ref idref="fl-11"/>
      </object_component>
      <object_component id="oc-7a">
         <name>.text:_ti_sysbios_family_c28_Hwi_unPluggedInterrupt__I</name>
         <load_address>0x3f1f3e</load_address>
         <run_address>0x3f1f3e</run_address>
         <size>0x29</size>
         <input_file_ref idref="fl-11"/>
      </object_component>
      <object_component id="oc-258">
         <name>.text:_ti_sysbios_utils_Load_taskDeleteHook__E</name>
         <load_address>0x3f1f67</load_address>
         <run_address>0x3f1f67</run_address>
         <size>0x29</size>
         <input_file_ref idref="fl-11"/>
      </object_component>
      <object_component id="oc-28e">
         <name>.text:_xdc_runtime_Text_xprintf__I</name>
         <load_address>0x3f1f90</load_address>
         <run_address>0x3f1f90</run_address>
         <size>0x29</size>
         <input_file_ref idref="fl-25"/>
      </object_component>
      <object_component id="oc-1e5">
         <name>.text</name>
         <load_address>0x3f1fb9</load_address>
         <run_address>0x3f1fb9</run_address>
         <size>0x29</size>
         <input_file_ref idref="fl-3b"/>
      </object_component>
      <object_component id="oc-227">
         <name>.text:_ti_sysbios_family_c28_Timer_getExpiredCounts64__E</name>
         <load_address>0x3f1fe2</load_address>
         <run_address>0x3f1fe2</run_address>
         <size>0x28</size>
         <input_file_ref idref="fl-11"/>
      </object_component>
      <object_component id="oc-272">
         <name>.text:_ti_sysbios_utils_Load_removeTask__E</name>
         <load_address>0x3f200a</load_address>
         <run_address>0x3f200a</run_address>
         <size>0x28</size>
         <input_file_ref idref="fl-11"/>
      </object_component>
      <object_component id="oc-2aa">
         <name>.text:_ti_sysbios_utils_Load_hwiEndHook__E</name>
         <load_address>0x3f2032</load_address>
         <run_address>0x3f2032</run_address>
         <size>0x27</size>
         <input_file_ref idref="fl-11"/>
      </object_component>
      <object_component id="oc-221">
         <name>.text:_xdc_runtime_SysMin_flush__E</name>
         <load_address>0x3f2059</load_address>
         <run_address>0x3f2059</run_address>
         <size>0x26</size>
         <input_file_ref idref="fl-24"/>
      </object_component>
      <object_component id="oc-14a">
         <name>.text</name>
         <load_address>0x3f207f</load_address>
         <run_address>0x3f207f</run_address>
         <size>0x24</size>
         <input_file_ref idref="fl-37"/>
      </object_component>
      <object_component id="oc-163">
         <name>.text:_xdc_runtime_System_processAtExit__E</name>
         <load_address>0x3f20a3</load_address>
         <run_address>0x3f20a3</run_address>
         <size>0x23</size>
         <input_file_ref idref="fl-23"/>
      </object_component>
      <object_component id="oc-1db">
         <name>.text:_ti_sysbios_knl_Task_blockI__E</name>
         <load_address>0x3f20c6</load_address>
         <run_address>0x3f20c6</run_address>
         <size>0x22</size>
         <input_file_ref idref="fl-11"/>
      </object_component>
      <object_component id="oc-298">
         <name>.text:_ti_sysbios_family_c28_Timer_setPrescale__E</name>
         <load_address>0x3f20e8</load_address>
         <run_address>0x3f20e8</run_address>
         <size>0x20</size>
         <input_file_ref idref="fl-11"/>
      </object_component>
      <object_component id="oc-202">
         <name>.text:_ti_sysbios_knl_Task_allBlockedFunction__I</name>
         <load_address>0x3f2108</load_address>
         <run_address>0x3f2108</run_address>
         <size>0x20</size>
         <input_file_ref idref="fl-11"/>
      </object_component>
      <object_component id="oc-247">
         <name>.text:_ti_sysbios_utils_Load_swiEndHook__E</name>
         <load_address>0x3f2128</load_address>
         <run_address>0x3f2128</run_address>
         <size>0x1f</size>
         <input_file_ref idref="fl-11"/>
      </object_component>
      <object_component id="oc-1b0">
         <name>.text:_xdc_runtime_LoggerBuf_filterOutEvent__I</name>
         <load_address>0x3f2147</load_address>
         <run_address>0x3f2147</run_address>
         <size>0x1e</size>
         <input_file_ref idref="fl-20"/>
      </object_component>
      <object_component id="oc-184">
         <name>.text:_xdc_runtime_System_atexit__E</name>
         <load_address>0x3f2165</load_address>
         <run_address>0x3f2165</run_address>
         <size>0x1e</size>
         <input_file_ref idref="fl-23"/>
      </object_component>
      <object_component id="oc-2bf">
         <name>.text:_ti_sysbios_family_c28_TaskSupport_buildTaskStack</name>
         <load_address>0x3f2183</load_address>
         <run_address>0x3f2183</run_address>
         <size>0x1d</size>
         <input_file_ref idref="fl-15"/>
      </object_component>
      <object_component id="oc-169">
         <name>.text:_ti_sysbios_gates_GateHwi_Object__create__S</name>
         <load_address>0x3f21a0</load_address>
         <run_address>0x3f21a0</run_address>
         <size>0x1d</size>
         <input_file_ref idref="fl-9"/>
      </object_component>
      <object_component id="oc-275">
         <name>.text:_xdc_runtime_SysMin_putch__E</name>
         <load_address>0x3f21bd</load_address>
         <run_address>0x3f21bd</run_address>
         <size>0x1d</size>
         <input_file_ref idref="fl-24"/>
      </object_component>
      <object_component id="oc-15f">
         <name>.text</name>
         <load_address>0x3f21da</load_address>
         <run_address>0x3f21da</run_address>
         <size>0x1d</size>
         <input_file_ref idref="fl-38"/>
      </object_component>
      <object_component id="oc-2ba">
         <name>.text:_ti_sysbios_family_c28_Hwi_switchAndDispatch__I</name>
         <load_address>0x3f21f7</load_address>
         <run_address>0x3f21f7</run_address>
         <size>0x1b</size>
         <input_file_ref idref="fl-12"/>
      </object_component>
      <object_component id="oc-24a">
         <name>.text:_ti_sysbios_hal_Hwi_checkStack</name>
         <load_address>0x3f2212</load_address>
         <run_address>0x3f2212</run_address>
         <size>0x1b</size>
         <input_file_ref idref="fl-11"/>
      </object_component>
      <object_component id="oc-2ad">
         <name>.text:_ti_sysbios_knl_Task_processVitalTaskFlag__I</name>
         <load_address>0x3f222d</load_address>
         <run_address>0x3f222d</run_address>
         <size>0x1b</size>
         <input_file_ref idref="fl-11"/>
      </object_component>
      <object_component id="oc-1d7">
         <name>.text:_ti_sysbios_knl_Task_restore__E</name>
         <load_address>0x3f2248</load_address>
         <run_address>0x3f2248</run_address>
         <size>0x1b</size>
         <input_file_ref idref="fl-11"/>
      </object_component>
      <object_component id="oc-26d">
         <name>.text:_xdc_runtime_SysMin_output__I</name>
         <load_address>0x3f2263</load_address>
         <run_address>0x3f2263</run_address>
         <size>0x1b</size>
         <input_file_ref idref="fl-9"/>
      </object_component>
      <object_component id="oc-1e0">
         <name>.text:_ti_sysbios_hal_Hwi_initStack</name>
         <load_address>0x3f227e</load_address>
         <run_address>0x3f227e</run_address>
         <size>0x1a</size>
         <input_file_ref idref="fl-11"/>
      </object_component>
      <object_component id="oc-19f">
         <name>.text:_xdc_runtime_Core_assignLabel__I</name>
         <load_address>0x3f2298</load_address>
         <run_address>0x3f2298</run_address>
         <size>0x1a</size>
         <input_file_ref idref="fl-1a"/>
      </object_component>
      <object_component id="oc-293">
         <name>.text:_xdc_runtime_System_avprintf__E</name>
         <load_address>0x3f22b2</load_address>
         <run_address>0x3f22b2</run_address>
         <size>0x1a</size>
         <input_file_ref idref="fl-23"/>
      </object_component>
      <object_component id="oc-1c5">
         <name>.text:_ti_sysbios_knl_Swi_restore__E</name>
         <load_address>0x3f22cc</load_address>
         <run_address>0x3f22cc</run_address>
         <size>0x19</size>
         <input_file_ref idref="fl-11"/>
      </object_component>
      <object_component id="oc-1cd">
         <name>.text:_xdc_runtime_System_vprintf__E</name>
         <load_address>0x3f22e5</load_address>
         <run_address>0x3f22e5</run_address>
         <size>0x19</size>
         <input_file_ref idref="fl-23"/>
      </object_component>
      <object_component id="oc-14d">
         <name>.text</name>
         <load_address>0x3f22fe</load_address>
         <run_address>0x3f22fe</run_address>
         <size>0x19</size>
         <input_file_ref idref="fl-3d"/>
      </object_component>
      <object_component id="oc-20c">
         <name>.text:_ti_sysbios_family_xxx_Hwi_switchAndRunFunc</name>
         <load_address>0x3f2317</load_address>
         <run_address>0x3f2317</run_address>
         <size>0x18</size>
         <input_file_ref idref="fl-12"/>
      </object_component>
      <object_component id="oc-2b6">
         <name>.text:_ti_sysbios_utils_Load_getTaskLoad__E</name>
         <load_address>0x3f232f</load_address>
         <run_address>0x3f232f</run_address>
         <size>0x18</size>
         <input_file_ref idref="fl-11"/>
      </object_component>
      <object_component id="oc-222">
         <name>.text:_xdc_runtime_Memory_valloc__E</name>
         <load_address>0x3f2347</load_address>
         <run_address>0x3f2347</run_address>
         <size>0x18</size>
         <input_file_ref idref="fl-21"/>
      </object_component>
      <object_component id="oc-245">
         <name>.text:_xdc_runtime_System_putchar__I</name>
         <load_address>0x3f235f</load_address>
         <run_address>0x3f235f</run_address>
         <size>0x18</size>
         <input_file_ref idref="fl-23"/>
      </object_component>
      <object_component id="oc-185">
         <name>.text:_ti_sysbios_family_c28_Timer_startup__E</name>
         <load_address>0x3f2377</load_address>
         <run_address>0x3f2377</run_address>
         <size>0x17</size>
         <input_file_ref idref="fl-11"/>
      </object_component>
      <object_component id="oc-1d6">
         <name>.text:_ti_sysbios_knl_Task_unblockI__E</name>
         <load_address>0x3f238e</load_address>
         <run_address>0x3f238e</run_address>
         <size>0x17</size>
         <input_file_ref idref="fl-11"/>
      </object_component>
      <object_component id="oc-264">
         <name>.text:_xdc_runtime_LoggerBuf_Module_startup__E</name>
         <load_address>0x3f23a5</load_address>
         <run_address>0x3f23a5</run_address>
         <size>0x17</size>
         <input_file_ref idref="fl-20"/>
      </object_component>
      <object_component id="oc-262">
         <name>.text:_xdc_runtime_SysMin_abort__E</name>
         <load_address>0x3f23bc</load_address>
         <run_address>0x3f23bc</run_address>
         <size>0x17</size>
         <input_file_ref idref="fl-24"/>
      </object_component>
      <object_component id="oc-183">
         <name>.text:_ti_sysbios_BIOS_atExitFunc__I</name>
         <load_address>0x3f23d3</load_address>
         <run_address>0x3f23d3</run_address>
         <size>0x16</size>
         <input_file_ref idref="fl-9"/>
      </object_component>
      <object_component id="oc-269">
         <name>.text:_ti_sysbios_family_c28_Timer_Module_startup__E</name>
         <load_address>0x3f23e9</load_address>
         <run_address>0x3f23e9</run_address>
         <size>0x16</size>
         <input_file_ref idref="fl-11"/>
      </object_component>
      <object_component id="oc-1fc">
         <name>.text:_xdc_runtime_LoggerBuf_reset__E</name>
         <load_address>0x3f23ff</load_address>
         <run_address>0x3f23ff</run_address>
         <size>0x16</size>
         <input_file_ref idref="fl-20"/>
      </object_component>
      <object_component id="oc-155">
         <name>.text:_ti_sysbios_BIOS_startFunc__I</name>
         <load_address>0x3f2415</load_address>
         <run_address>0x3f2415</run_address>
         <size>0x15</size>
         <input_file_ref idref="fl-9"/>
      </object_component>
      <object_component id="oc-2bb">
         <name>.text:_ti_sysbios_knl_Task_restoreHwi__E</name>
         <load_address>0x3f242a</load_address>
         <run_address>0x3f242a</run_address>
         <size>0x15</size>
         <input_file_ref idref="fl-11"/>
      </object_component>
      <object_component id="oc-2a5">
         <name>.text:_xdc_runtime_Text_printVisFxn__I</name>
         <load_address>0x3f243f</load_address>
         <run_address>0x3f243f</run_address>
         <size>0x15</size>
         <input_file_ref idref="fl-25"/>
      </object_component>
      <object_component id="oc-191">
         <name>.text:_ti_sysbios_knl_Idle_run__E</name>
         <load_address>0x3f2454</load_address>
         <run_address>0x3f2454</run_address>
         <size>0x14</size>
         <input_file_ref idref="fl-11"/>
      </object_component>
      <object_component id="oc-16a">
         <name>.text:_ti_sysbios_gates_GateHwi_Object__delete__S</name>
         <load_address>0x3f2468</load_address>
         <run_address>0x3f2468</run_address>
         <size>0x12</size>
         <input_file_ref idref="fl-9"/>
      </object_component>
      <object_component id="oc-17f">
         <name>.text:_xdc_runtime_LoggerBuf_Object__delete__S</name>
         <load_address>0x3f247a</load_address>
         <run_address>0x3f247a</run_address>
         <size>0x12</size>
         <input_file_ref idref="fl-9"/>
      </object_component>
      <object_component id="oc-172">
         <name>.text:_xdc_runtime_HeapStd_Object__delete__S</name>
         <load_address>0x3f248c</load_address>
         <run_address>0x3f248c</run_address>
         <size>0x11</size>
         <input_file_ref idref="fl-9"/>
      </object_component>
      <object_component id="oc-1ef">
         <name>.text:_xdc_runtime_Text_cordText__E</name>
         <load_address>0x3f249d</load_address>
         <run_address>0x3f249d</run_address>
         <size>0x11</size>
         <input_file_ref idref="fl-25"/>
      </object_component>
      <object_component id="oc-39">
         <name>.text</name>
         <load_address>0x3f24ae</load_address>
         <run_address>0x3f24ae</run_address>
         <size>0x10</size>
         <input_file_ref idref="fl-2"/>
      </object_component>
      <object_component id="oc-297">
         <name>.text:_ti_sysbios_family_c28_Timer_stop__E</name>
         <load_address>0x3f24be</load_address>
         <run_address>0x3f24be</run_address>
         <size>0x10</size>
         <input_file_ref idref="fl-11"/>
      </object_component>
      <object_component id="oc-1f9">
         <name>.text:_ti_sysbios_family_c28_TimestampProvider_get64__E</name>
         <load_address>0x3f24ce</load_address>
         <run_address>0x3f24ce</run_address>
         <size>0x10</size>
         <input_file_ref idref="fl-11"/>
      </object_component>
      <object_component id="oc-1da">
         <name>.text:_ti_sysbios_knl_Task_enabled__E</name>
         <load_address>0x3f24de</load_address>
         <run_address>0x3f24de</run_address>
         <size>0x10</size>
         <input_file_ref idref="fl-11"/>
      </object_component>
      <object_component id="oc-266">
         <name>.text:_xdc_runtime_SysMin_Module_startup__E</name>
         <load_address>0x3f24ee</load_address>
         <run_address>0x3f24ee</run_address>
         <size>0x10</size>
         <input_file_ref idref="fl-24"/>
      </object_component>
      <object_component id="oc-15d">
         <name>.text:.bootCodeSection:_ti_catalog_c2800_init_Boot_disableWatchdog</name>
         <load_address>0x3f24fe</load_address>
         <run_address>0x3f24fe</run_address>
         <size>0xf</size>
         <input_file_ref idref="fl-16"/>
      </object_component>
      <object_component id="oc-2b4">
         <name>.text:_ti_sysbios_utils_Load_getGlobalHwiLoad__E</name>
         <load_address>0x3f250d</load_address>
         <run_address>0x3f250d</run_address>
         <size>0xf</size>
         <input_file_ref idref="fl-11"/>
      </object_component>
      <object_component id="oc-2b5">
         <name>.text:_ti_sysbios_utils_Load_getGlobalSwiLoad__E</name>
         <load_address>0x3f251c</load_address>
         <run_address>0x3f251c</run_address>
         <size>0xf</size>
         <input_file_ref idref="fl-11"/>
      </object_component>
      <object_component id="oc-15c">
         <name>.text:_xdc_runtime_Error_raiseX__E</name>
         <load_address>0x3f252b</load_address>
         <run_address>0x3f252b</run_address>
         <size>0xf</size>
         <input_file_ref idref="fl-1c"/>
      </object_component>
      <object_component id="oc-2a3">
         <name>.text:_xdc_runtime_Registry_findById__E</name>
         <load_address>0x3f253a</load_address>
         <run_address>0x3f253a</run_address>
         <size>0xf</size>
         <input_file_ref idref="fl-29"/>
      </object_component>
      <object_component id="oc-24b">
         <name>.text:_ti_sysbios_BIOS_errorRaiseHook__I</name>
         <load_address>0x3f2549</load_address>
         <run_address>0x3f2549</run_address>
         <size>0xe</size>
         <input_file_ref idref="fl-9"/>
      </object_component>
      <object_component id="oc-283">
         <name>.text:_ti_sysbios_knl_Swi_Object__get__S</name>
         <load_address>0x3f2557</load_address>
         <run_address>0x3f2557</run_address>
         <size>0xe</size>
         <input_file_ref idref="fl-9"/>
      </object_component>
      <object_component id="oc-288">
         <name>.text:_ti_sysbios_knl_Task_Object__get__S</name>
         <load_address>0x3f2565</load_address>
         <run_address>0x3f2565</run_address>
         <size>0xe</size>
         <input_file_ref idref="fl-9"/>
      </object_component>
      <object_component id="oc-27b">
         <name>.text:_xdc_runtime_LoggerBuf_Object__get__S</name>
         <load_address>0x3f2573</load_address>
         <run_address>0x3f2573</run_address>
         <size>0xe</size>
         <input_file_ref idref="fl-9"/>
      </object_component>
      <object_component id="oc-2ab">
         <name>.text:_ti_sysbios_family_c28_Hwi_dispatchC__I</name>
         <load_address>0x3f2581</load_address>
         <run_address>0x3f2581</run_address>
         <size>0xd</size>
         <input_file_ref idref="fl-11"/>
      </object_component>
      <object_component id="oc-254">
         <name>.text:_ti_sysbios_family_c28_TaskSupport_checkStack__E</name>
         <load_address>0x3f258e</load_address>
         <run_address>0x3f258e</run_address>
         <size>0xd</size>
         <input_file_ref idref="fl-11"/>
      </object_component>
      <object_component id="oc-240">
         <name>.text:_ti_sysbios_family_c28_TaskSupport_swap__E</name>
         <load_address>0x3f259b</load_address>
         <run_address>0x3f259b</run_address>
         <size>0xd</size>
         <input_file_ref idref="fl-15"/>
      </object_component>
      <object_component id="oc-16b">
         <name>.text:_ti_sysbios_gates_GateHwi_Handle__label__S</name>
         <load_address>0x3f25a8</load_address>
         <run_address>0x3f25a8</run_address>
         <size>0xd</size>
         <input_file_ref idref="fl-9"/>
      </object_component>
      <object_component id="oc-29a">
         <name>.text:_ti_sysbios_knl_Task_enter__I</name>
         <load_address>0x3f25b5</load_address>
         <run_address>0x3f25b5</run_address>
         <size>0xd</size>
         <input_file_ref idref="fl-11"/>
      </object_component>
      <object_component id="oc-228">
         <name>.text:_xdc_runtime_Error_check__E</name>
         <load_address>0x3f25c2</load_address>
         <run_address>0x3f25c2</run_address>
         <size>0xd</size>
         <input_file_ref idref="fl-1c"/>
      </object_component>
      <object_component id="oc-173">
         <name>.text:_xdc_runtime_HeapStd_Handle__label__S</name>
         <load_address>0x3f25cf</load_address>
         <run_address>0x3f25cf</run_address>
         <size>0xd</size>
         <input_file_ref idref="fl-9"/>
      </object_component>
      <object_component id="oc-180">
         <name>.text:_xdc_runtime_LoggerBuf_Handle__label__S</name>
         <load_address>0x3f25dc</load_address>
         <run_address>0x3f25dc</run_address>
         <size>0xd</size>
         <input_file_ref idref="fl-9"/>
      </object_component>
      <object_component id="oc-21a">
         <name>.text:_xdc_runtime_System_abort__E</name>
         <load_address>0x3f25e9</load_address>
         <run_address>0x3f25e9</run_address>
         <size>0xd</size>
         <input_file_ref idref="fl-23"/>
      </object_component>
      <object_component id="oc-2bc">
         <name>.text:_ti_sysbios_family_c28_Hwi_disableIER__E</name>
         <load_address>0x3f25f6</load_address>
         <run_address>0x3f25f6</run_address>
         <size>0xc</size>
         <input_file_ref idref="fl-9"/>
      </object_component>
      <object_component id="oc-238">
         <name>.text:_ti_sysbios_family_c28_TimestampProvider_get32__E</name>
         <load_address>0x3f2602</load_address>
         <run_address>0x3f2602</run_address>
         <size>0xc</size>
         <input_file_ref idref="fl-11"/>
      </object_component>
      <object_component id="oc-29f">
         <name>.text:_ti_sysbios_knl_Queue_put__E</name>
         <load_address>0x3f260e</load_address>
         <run_address>0x3f260e</run_address>
         <size>0xc</size>
         <input_file_ref idref="fl-11"/>
      </object_component>
      <object_component id="oc-179">
         <name>.text:_xdc_runtime_LoggerBuf_write2__E</name>
         <load_address>0x3f261a</load_address>
         <run_address>0x3f261a</run_address>
         <size>0xc</size>
         <input_file_ref idref="fl-20"/>
      </object_component>
      <object_component id="oc-1e4">
         <name>.text:_xdc_runtime_SysMin_exit__E</name>
         <load_address>0x3f2626</load_address>
         <run_address>0x3f2626</run_address>
         <size>0xc</size>
         <input_file_ref idref="fl-24"/>
      </object_component>
      <object_component id="oc-22c">
         <name>.text</name>
         <load_address>0x3f2632</load_address>
         <run_address>0x3f2632</run_address>
         <size>0xc</size>
         <input_file_ref idref="fl-3e"/>
      </object_component>
      <object_component id="oc-28b">
         <name>.text:_ti_sysbios_family_c28_Hwi_Module__startupDone__F</name>
         <load_address>0x3f263e</load_address>
         <run_address>0x3f263e</run_address>
         <size>0xb</size>
         <input_file_ref idref="fl-9"/>
      </object_component>
      <object_component id="oc-27f">
         <name>.text:_ti_sysbios_family_c28_Hwi_Object__get__S</name>
         <load_address>0x3f2649</load_address>
         <run_address>0x3f2649</run_address>
         <size>0xb</size>
         <input_file_ref idref="fl-9"/>
      </object_component>
      <object_component id="oc-232">
         <name>.text:_ti_sysbios_family_c28_Hwi_enableIER__E</name>
         <load_address>0x3f2654</load_address>
         <run_address>0x3f2654</run_address>
         <size>0xb</size>
         <input_file_ref idref="fl-9"/>
      </object_component>
      <object_component id="oc-29c">
         <name>.text:_ti_sysbios_knl_Queue_Object__get__S</name>
         <load_address>0x3f265f</load_address>
         <run_address>0x3f265f</run_address>
         <size>0xb</size>
         <input_file_ref idref="fl-9"/>
      </object_component>
      <object_component id="oc-1bb">
         <name>.text:_xdc_runtime_LoggerBuf_Instance_finalize__E</name>
         <load_address>0x3f266a</load_address>
         <run_address>0x3f266a</run_address>
         <size>0xb</size>
         <input_file_ref idref="fl-20"/>
      </object_component>
      <object_component id="oc-178">
         <name>.text:_xdc_runtime_LoggerBuf_write1__E</name>
         <load_address>0x3f2675</load_address>
         <run_address>0x3f2675</run_address>
         <size>0xb</size>
         <input_file_ref idref="fl-20"/>
      </object_component>
      <object_component id="oc-1ee">
         <name>.text:_xdc_runtime_Memory_free__E</name>
         <load_address>0x3f2680</load_address>
         <run_address>0x3f2680</run_address>
         <size>0xb</size>
         <input_file_ref idref="fl-21"/>
      </object_component>
      <object_component id="oc-14e">
         <name>.text:_xdc_runtime_System_exit__E</name>
         <load_address>0x3f268b</load_address>
         <run_address>0x3f268b</run_address>
         <size>0xb</size>
         <input_file_ref idref="fl-23"/>
      </object_component>
      <object_component id="oc-156">
         <name>.text:_ti_sysbios_BIOS_exitFunc__I</name>
         <load_address>0x3f2696</load_address>
         <run_address>0x3f2696</run_address>
         <size>0xa</size>
         <input_file_ref idref="fl-9"/>
      </object_component>
      <object_component id="oc-1b6">
         <name>.text:_xdc_runtime_Error_init__E</name>
         <load_address>0x3f26a0</load_address>
         <run_address>0x3f26a0</run_address>
         <size>0xa</size>
         <input_file_ref idref="fl-1c"/>
      </object_component>
      <object_component id="oc-177">
         <name>.text:_xdc_runtime_LoggerBuf_write0__E</name>
         <load_address>0x3f26aa</load_address>
         <run_address>0x3f26aa</run_address>
         <size>0xa</size>
         <input_file_ref idref="fl-20"/>
      </object_component>
      <object_component id="oc-2a6">
         <name>.text:_xdc_runtime_System_vsnprintf__E</name>
         <load_address>0x3f26b4</load_address>
         <run_address>0x3f26b4</run_address>
         <size>0xa</size>
         <input_file_ref idref="fl-23"/>
      </object_component>
      <object_component id="oc-1f4">
         <name>.text:_xdc_runtime_Text_ropeText__E</name>
         <load_address>0x3f26be</load_address>
         <run_address>0x3f26be</run_address>
         <size>0xa</size>
         <input_file_ref idref="fl-25"/>
      </object_component>
      <object_component id="oc-236">
         <name>.text:_ti_sysbios_family_c28_Hwi_restoreIER__E</name>
         <load_address>0x3f26c8</load_address>
         <run_address>0x3f26c8</run_address>
         <size>0x9</size>
         <input_file_ref idref="fl-9"/>
      </object_component>
      <object_component id="oc-2c2">
         <name>.text:_ti_sysbios_family_c28_TaskSupport_glue</name>
         <load_address>0x3f26d1</load_address>
         <run_address>0x3f26d1</run_address>
         <size>0x9</size>
         <input_file_ref idref="fl-15"/>
      </object_component>
      <object_component id="oc-26c">
         <name>.text:_ti_sysbios_hal_Hwi_Module_startup__E</name>
         <load_address>0x3f26da</load_address>
         <run_address>0x3f26da</run_address>
         <size>0x9</size>
         <input_file_ref idref="fl-11"/>
      </object_component>
      <object_component id="oc-29b">
         <name>.text:_ti_sysbios_knl_Task_SupportProxy_start__E</name>
         <load_address>0x3f26e3</load_address>
         <run_address>0x3f26e3</run_address>
         <size>0x9</size>
         <input_file_ref idref="fl-9"/>
      </object_component>
      <object_component id="oc-29d">
         <name>.text:_ti_sysbios_knl_Task_unblock__E</name>
         <load_address>0x3f26ec</load_address>
         <run_address>0x3f26ec</run_address>
         <size>0x9</size>
         <input_file_ref idref="fl-11"/>
      </object_component>
      <object_component id="oc-196">
         <name>.text:_xdc_runtime_Startup_exec__I</name>
         <load_address>0x3f26f5</load_address>
         <run_address>0x3f26f5</run_address>
         <size>0x9</size>
         <input_file_ref idref="fl-9"/>
      </object_component>
      <object_component id="oc-2af">
         <name>.text:_xdc_runtime_Text_visitRope__I</name>
         <load_address>0x3f26fe</load_address>
         <run_address>0x3f26fe</run_address>
         <size>0x9</size>
         <input_file_ref idref="fl-9"/>
      </object_component>
      <object_component id="oc-1be">
         <name>.text</name>
         <load_address>0x3f2707</load_address>
         <run_address>0x3f2707</run_address>
         <size>0x9</size>
         <input_file_ref idref="fl-3c"/>
      </object_component>
      <object_component id="oc-18a">
         <name>.text:_ti_sysbios_BIOS_setThreadType__E</name>
         <load_address>0x3f2710</load_address>
         <run_address>0x3f2710</run_address>
         <size>0x8</size>
         <input_file_ref idref="fl-11"/>
      </object_component>
      <object_component id="oc-2b8">
         <name>.text:_ti_sysbios_knl_Task_getHookContext__E</name>
         <load_address>0x3f2718</load_address>
         <run_address>0x3f2718</run_address>
         <size>0x8</size>
         <input_file_ref idref="fl-11"/>
      </object_component>
      <object_component id="oc-229">
         <name>.text:_xdc_runtime_IHeap_alloc</name>
         <load_address>0x3f2720</load_address>
         <run_address>0x3f2720</run_address>
         <size>0x8</size>
         <input_file_ref idref="fl-9"/>
      </object_component>
      <object_component id="oc-1ed">
         <name>.text:_xdc_runtime_Memory_calloc__E</name>
         <load_address>0x3f2728</load_address>
         <run_address>0x3f2728</run_address>
         <size>0x8</size>
         <input_file_ref idref="fl-21"/>
      </object_component>
      <object_component id="oc-241">
         <name>.text:_xdc_runtime_SysMin_ready__E</name>
         <load_address>0x3f2730</load_address>
         <run_address>0x3f2730</run_address>
         <size>0x8</size>
         <input_file_ref idref="fl-24"/>
      </object_component>
      <object_component id="oc-243">
         <name>.text</name>
         <load_address>0x3f2738</load_address>
         <run_address>0x3f2738</run_address>
         <size>0x8</size>
         <input_file_ref idref="fl-40"/>
      </object_component>
      <object_component id="oc-149">
         <name>.text:.bootCodeSection:_ti_catalog_c2800_init_Boot_init</name>
         <load_address>0x3f2740</load_address>
         <run_address>0x3f2740</run_address>
         <size>0x7</size>
         <input_file_ref idref="fl-9"/>
      </object_component>
      <object_component id="oc-170">
         <name>.text:_xdc_runtime_HeapStd_getStats__E</name>
         <load_address>0x3f2747</load_address>
         <run_address>0x3f2747</run_address>
         <size>0x7</size>
         <input_file_ref idref="fl-1f"/>
      </object_component>
      <object_component id="oc-279">
         <name>.text:_xdc_runtime_System_aprintf__E</name>
         <load_address>0x3f274e</load_address>
         <run_address>0x3f274e</run_address>
         <size>0x7</size>
         <input_file_ref idref="fl-9"/>
      </object_component>
      <object_component id="oc-18b">
         <name>.text:_xdc_runtime_System_printf__E</name>
         <load_address>0x3f2755</load_address>
         <run_address>0x3f2755</run_address>
         <size>0x7</size>
         <input_file_ref idref="fl-9"/>
      </object_component>
      <object_component id="oc-18d">
         <name>.text:_ti_sysbios_BIOS_start__E</name>
         <load_address>0x3f275c</load_address>
         <run_address>0x3f275c</run_address>
         <size>0x6</size>
         <input_file_ref idref="fl-11"/>
      </object_component>
      <object_component id="oc-203">
         <name>.text:_ti_sysbios_family_c28_IntrinsicsSupport_maxbit__E</name>
         <load_address>0x3f2762</load_address>
         <run_address>0x3f2762</run_address>
         <size>0x6</size>
         <input_file_ref idref="fl-14"/>
      </object_component>
      <object_component id="oc-158">
         <name>.text:_ti_sysbios_family_c28_TimestampProvider_rolloverFunc__E</name>
         <load_address>0x3f2768</load_address>
         <run_address>0x3f2768</run_address>
         <size>0x6</size>
         <input_file_ref idref="fl-11"/>
      </object_component>
      <object_component id="oc-1df">
         <name>.text:_ti_sysbios_family_c28_TimestampProvider_startTimer__E</name>
         <load_address>0x3f276e</load_address>
         <run_address>0x3f276e</run_address>
         <size>0x6</size>
         <input_file_ref idref="fl-11"/>
      </object_component>
      <object_component id="oc-1bc">
         <name>.text:_ti_sysbios_knl_Swi_disable__E</name>
         <load_address>0x3f2774</load_address>
         <run_address>0x3f2774</run_address>
         <size>0x6</size>
         <input_file_ref idref="fl-11"/>
      </object_component>
      <object_component id="oc-1bd">
         <name>.text:_ti_sysbios_knl_Task_disable__E</name>
         <load_address>0x3f277a</load_address>
         <run_address>0x3f277a</run_address>
         <size>0x6</size>
         <input_file_ref idref="fl-11"/>
      </object_component>
      <object_component id="oc-197">
         <name>.text:_xdc_runtime_Gate_enterSystem__E</name>
         <load_address>0x3f2780</load_address>
         <run_address>0x3f2780</run_address>
         <size>0x6</size>
         <input_file_ref idref="fl-1d"/>
      </object_component>
      <object_component id="oc-1a8">
         <name>.text:_xdc_runtime_Gate_leaveSystem__E</name>
         <load_address>0x3f2786</load_address>
         <run_address>0x3f2786</run_address>
         <size>0x6</size>
         <input_file_ref idref="fl-1d"/>
      </object_component>
      <object_component id="oc-175">
         <name>.text:_xdc_runtime_LoggerBuf_enable__E</name>
         <load_address>0x3f278c</load_address>
         <run_address>0x3f278c</run_address>
         <size>0x6</size>
         <input_file_ref idref="fl-20"/>
      </object_component>
      <object_component id="oc-23f">
         <name>.text:_ti_sysbios_family_c28_Hwi_switchFromBootStack__E</name>
         <load_address>0x3f2792</load_address>
         <run_address>0x3f2792</run_address>
         <size>0x5</size>
         <input_file_ref idref="fl-11"/>
      </object_component>
      <object_component id="oc-167">
         <name>.text:_ti_sysbios_gates_GateHwi_enter__E</name>
         <load_address>0x3f2797</load_address>
         <run_address>0x3f2797</run_address>
         <size>0x5</size>
         <input_file_ref idref="fl-11"/>
      </object_component>
      <object_component id="oc-176">
         <name>.text:_xdc_runtime_LoggerBuf_disable__E</name>
         <load_address>0x3f279c</load_address>
         <run_address>0x3f279c</run_address>
         <size>0x5</size>
         <input_file_ref idref="fl-20"/>
      </object_component>
      <object_component id="oc-2b7">
         <name>.text:_ti_sysbios_family_c28_Hwi_disable__E</name>
         <load_address>0x3f27a1</load_address>
         <run_address>0x3f27a1</run_address>
         <size>0x4</size>
         <input_file_ref idref="fl-9"/>
      </object_component>
      <object_component id="oc-1c4">
         <name>.text:_ti_sysbios_family_c28_Hwi_startup__E</name>
         <load_address>0x3f27a5</load_address>
         <run_address>0x3f27a5</run_address>
         <size>0x4</size>
         <input_file_ref idref="fl-9"/>
      </object_component>
      <object_component id="oc-28f">
         <name>.text:_ti_sysbios_family_c28_TimestampProvider_getFreq__E</name>
         <load_address>0x3f27a9</load_address>
         <run_address>0x3f27a9</run_address>
         <size>0x4</size>
         <input_file_ref idref="fl-11"/>
      </object_component>
      <object_component id="oc-187">
         <name>.text:_ti_sysbios_knl_Swi_startup__E</name>
[...]
         <value>0x3f2762</value>
         <object_component_ref idref="oc-203"/>
      </symbol>
      <symbol id="sm-81d">
         <name>_ti_sysbios_family_c28_TaskSupport_buildTaskStack</name>
         <value>0x3f2183</value>
         <object_component_ref idref="oc-2bf"/>
      </symbol>
      <symbol id="sm-81e">
         <name>_ti_sysbios_family_c28_TaskSupport_swap__E</name>
         <value>0x3f259b</value>
         <object_component_ref idref="oc-240"/>
      </symbol>
      <symbol id="sm-81f">
         <name>_ti_sysbios_family_c28_TaskSupport_glue</name>
         <value>0x3f26d1</value>
         <object_component_ref idref="oc-2c2"/>
      </symbol>
      <symbol id="sm-832">
         <name>_ti_catalog_c2800_init_Boot_configurePll2802x</name>
         <value>0x3f1cd2</value>
         <object_component_ref idref="oc-15e"/>
      </symbol>
      <symbol id="sm-833">
         <name>_ti_catalog_c2800_init_Boot_disableWatchdog</name>
         <value>0x3f24fe</value>
         <object_component_ref idref="oc-15d"/>
      </symbol>
      <symbol id="sm-834">
         <name>_ti_catalog_c2800_init_Boot_defaultLimpAbortFunction</name>
         <value>0x3f281d</value>
         <object_component_ref idref="oc-1de"/>
      </symbol>
      <symbol id="sm-849">
         <name>_xdc_runtime_Assert_raise__I</name>
         <value>0x3f1db7</value>
         <object_component_ref idref="oc-1a5"/>
      </symbol>
      <symbol id="sm-869">
         <name>_xdc_runtime_Core_deleteObject__I</name>
         <value>0x3f192a</value>
         <object_component_ref idref="oc-19e"/>
      </symbol>
      <symbol id="sm-86a">
         <name>_xdc_runtime_Core_createObject__I</name>
         <value>0x3f0b10</value>
         <object_component_ref idref="oc-19c"/>
      </symbol>
      <symbol id="sm-882">
         <name>_xdc_runtime_Core_assignLabel__I</name>
         <value>0x3f2298</value>
         <object_component_ref idref="oc-19f"/>
      </symbol>
      <symbol id="sm-890">
         <name>_xdc_runtime_Core_assignParams__I</name>
         <value>0x3f1de4</value>
         <object_component_ref idref="oc-1ec"/>
      </symbol>
      <symbol id="sm-8bc">
         <name>_xdc_runtime_Error_getSite__E</name>
         <value>0x3f2823</value>
         <object_component_ref idref="oc-278"/>
      </symbol>
      <symbol id="sm-8bd">
         <name>_xdc_runtime_Error_print__E</name>
         <value>0x3f1c44</value>
         <object_component_ref idref="oc-261"/>
      </symbol>
      <symbol id="sm-8be">
         <name>_xdc_runtime_Error_policyDefault__E</name>
         <value>0x3f0cd1</value>
         <object_component_ref idref="oc-1dd"/>
      </symbol>
      <symbol id="sm-8bf">
         <name>_xdc_runtime_Error_init__E</name>
         <value>0x3f26a0</value>
         <object_component_ref idref="oc-1b6"/>
      </symbol>
      <symbol id="sm-8c0">
         <name>_xdc_runtime_Error_raiseX__E</name>
         <value>0x3f252b</value>
         <object_component_ref idref="oc-15c"/>
      </symbol>
      <symbol id="sm-8c1">
         <name>_xdc_runtime_Error_check__E</name>
         <value>0x3f25c2</value>
         <object_component_ref idref="oc-228"/>
      </symbol>
      <symbol id="sm-8c2">
         <name>_xdc_runtime_Error_setX__E</name>
         <value>0x3f1eeb</value>
         <object_component_ref idref="oc-20f"/>
      </symbol>
      <symbol id="sm-8d0">
         <name>_xdc_runtime_Gate_leaveSystem__E</name>
         <value>0x3f2786</value>
         <object_component_ref idref="oc-1a8"/>
      </symbol>
      <symbol id="sm-8d1">
         <name>_xdc_runtime_Gate_enterSystem__E</name>
         <value>0x3f2780</value>
         <object_component_ref idref="oc-197"/>
      </symbol>
      <symbol id="sm-91b">
         <name>_xdc_runtime_HeapStd_isBlocking__E</name>
         <value>0x3f2825</value>
         <object_component_ref idref="oc-16f"/>
      </symbol>
      <symbol id="sm-91c">
         <name>_xdc_runtime_HeapStd_getStats__E</name>
         <value>0x3f2747</value>
         <object_component_ref idref="oc-170"/>
      </symbol>
      <symbol id="sm-91d">
         <name>_xdc_runtime_HeapStd_free__E</name>
         <value>0x3f138e</value>
         <object_component_ref idref="oc-16e"/>
      </symbol>
      <symbol id="sm-91e">
         <name>_xdc_runtime_HeapStd_Instance_init__E</name>
         <value>0x3f0de2</value>
         <object_component_ref idref="oc-1ad"/>
      </symbol>
      <symbol id="sm-91f">
         <name>_xdc_runtime_HeapStd_alloc__E</name>
         <value>0x3f0739</value>
         <object_component_ref idref="oc-16d"/>
      </symbol>
      <symbol id="sm-96e">
         <name>_xdc_runtime_LoggerBuf_write0__E</name>
         <value>0x3f26aa</value>
         <object_component_ref idref="oc-177"/>
      </symbol>
      <symbol id="sm-96f">
         <name>_xdc_runtime_LoggerBuf_Instance_init__E</name>
         <value>0x3f1c74</value>
         <object_component_ref idref="oc-1ba"/>
      </symbol>
      <symbol id="sm-970">
         <name>_xdc_runtime_LoggerBuf_Module_startup__E</name>
         <value>0x3f23a5</value>
         <object_component_ref idref="oc-264"/>
      </symbol>
      <symbol id="sm-971">
         <name>_xdc_runtime_LoggerBuf_reset__E</name>
         <value>0x3f23ff</value>
         <object_component_ref idref="oc-1fc"/>
      </symbol>
      <symbol id="sm-972">
         <name>_xdc_runtime_LoggerBuf_Instance_finalize__E</name>
         <value>0x3f266a</value>
         <object_component_ref idref="oc-1bb"/>
      </symbol>
      <symbol id="sm-973">
         <name>_xdc_runtime_LoggerBuf_write4__E</name>
         <value>0x3f10dd</value>
         <object_component_ref idref="oc-17a"/>
      </symbol>
      <symbol id="sm-974">
         <name>_xdc_runtime_LoggerBuf_getFilterLevel__E</name>
         <value>0x3f1967</value>
         <object_component_ref idref="oc-17d"/>
      </symbol>
      <symbol id="sm-975">
         <name>_xdc_runtime_LoggerBuf_disable__E</name>
         <value>0x3f279c</value>
         <object_component_ref idref="oc-176"/>
      </symbol>
      <symbol id="sm-976">
         <name>_xdc_runtime_LoggerBuf_setFilterLevel__E</name>
         <value>0x3f1a94</value>
         <object_component_ref idref="oc-17c"/>
      </symbol>
      <symbol id="sm-977">
         <name>_xdc_runtime_LoggerBuf_write8__E</name>
         <value>0x3f0908</value>
         <object_component_ref idref="oc-17b"/>
      </symbol>
      <symbol id="sm-978">
         <name>_xdc_runtime_LoggerBuf_write2__E</name>
         <value>0x3f261a</value>
         <object_component_ref idref="oc-179"/>
      </symbol>
      <symbol id="sm-979">
         <name>_xdc_runtime_LoggerBuf_filterOutEvent__I</name>
         <value>0x3f2147</value>
         <object_component_ref idref="oc-1b0"/>
      </symbol>
      <symbol id="sm-97a">
         <name>_xdc_runtime_LoggerBuf_write1__E</name>
         <value>0x3f2675</value>
         <object_component_ref idref="oc-178"/>
      </symbol>
      <symbol id="sm-97b">
         <name>_xdc_runtime_LoggerBuf_enable__E</name>
         <value>0x3f278c</value>
         <object_component_ref idref="oc-175"/>
      </symbol>
      <symbol id="sm-996">
         <name>_xdc_runtime_Memory_calloc__E</name>
         <value>0x3f2728</value>
         <object_component_ref idref="oc-1ed"/>
      </symbol>
      <symbol id="sm-997">
         <name>_xdc_runtime_Memory_free__E</name>
         <value>0x3f2680</value>
         <object_component_ref idref="oc-1ee"/>
      </symbol>
      <symbol id="sm-998">
         <name>_xdc_runtime_Memory_valloc__E</name>
         <value>0x3f2347</value>
         <object_component_ref idref="oc-222"/>
      </symbol>
      <symbol id="sm-999">
         <name>_xdc_runtime_Memory_alloc__E</name>
         <value>0x3f18ec</value>
         <object_component_ref idref="oc-1fb"/>
      </symbol>
      <symbol id="sm-99a">
         <name>_xdc_runtime_Memory_getMaxDefaultTypeAlign__E</name>
         <value>0x3f27b9</value>
         <object_component_ref idref="oc-1a7"/>
      </symbol>
      <symbol id="sm-9bc">
         <name>_xdc_runtime_Startup_startMods__I</name>
         <value>0x3f12b1</value>
         <object_component_ref idref="oc-1e1"/>
      </symbol>
      <symbol id="sm-9bd">
         <name>_xdc_runtime_Startup_rtsDone__E</name>
         <value>0x3f27bd</value>
         <object_component_ref idref="oc-181"/>
      </symbol>
      <symbol id="sm-9be">
         <name>_xdc_runtime_Startup_exec__E</name>
         <value>0x3f1ca3</value>
         <object_component_ref idref="oc-14b"/>
      </symbol>
      <symbol id="sm-a43">
         <name>_xdc_runtime_System_formatNum__I</name>
         <value>0x3f1be0</value>
         <object_component_ref idref="oc-244"/>
      </symbol>
      <symbol id="sm-a44">
         <name>_xdc_runtime_System_exit__E</name>
         <value>0x3f268b</value>
         <object_component_ref idref="oc-14e"/>
      </symbol>
      <symbol id="sm-a45">
         <name>_xdc_runtime_System_exitStd__E</name>
         <value>0x3f280c</value>
         <object_component_ref idref="oc-199"/>
      </symbol>
      <symbol id="sm-a46">
         <name>_xdc_runtime_System_printf_va__F</name>
         <value>0x3f22e5</value>
         <object_component_ref idref="oc-1cd"/>
      </symbol>
      <symbol id="sm-a47">
         <name>_xdc_runtime_System_atexit__E</name>
         <value>0x3f2165</value>
         <object_component_ref idref="oc-184"/>
      </symbol>
      <symbol id="sm-a48">
         <name>_xdc_runtime_System_abortStd__E</name>
         <value>0x3f2809</value>
         <object_component_ref idref="oc-263"/>
      </symbol>
      <symbol id="sm-a49">
         <name>_xdc_runtime_System_putchar__I</name>
         <value>0x3f235f</value>
         <object_component_ref idref="oc-245"/>
      </symbol>
      <symbol id="sm-a4a">
         <name>_xdc_runtime_System_snprintf_va__F</name>
         <value>0x3f26b4</value>
         <object_component_ref idref="oc-2a6"/>
      </symbol>
      <symbol id="sm-a4b">
         <name>_xdc_runtime_System_Module_startup__E</name>
         <value>0x3f27fa</value>
         <object_component_ref idref="oc-265"/>
      </symbol>
      <symbol id="sm-a4c">
         <name>_xdc_runtime_System_avprintf__E</name>
         <value>0x3f22b2</value>
         <object_component_ref idref="oc-293"/>
      </symbol>
      <symbol id="sm-a4d">
         <name>_xdc_runtime_System_vprintf__E</name>
         <value>0x3f22e5</value>
         <object_component_ref idref="oc-1cd"/>
      </symbol>
      <symbol id="sm-a4e">
         <name>_xdc_runtime_System_aprintf_va__F</name>
         <value>0x3f22b2</value>
         <object_component_ref idref="oc-293"/>
      </symbol>
      <symbol id="sm-a4f">
         <name>_xdc_runtime_System_doPrint__I</name>
         <value>0x3f0000</value>
         <object_component_ref idref="oc-209"/>
      </symbol>
      <symbol id="sm-a50">
         <name>_xdc_runtime_System_processAtExit__E</name>
         <value>0x3f20a3</value>
         <object_component_ref idref="oc-163"/>
      </symbol>
      <symbol id="sm-a51">
         <name>_xdc_runtime_System_vsnprintf__E</name>
         <value>0x3f26b4</value>
         <object_component_ref idref="oc-2a6"/>
      </symbol>
      <symbol id="sm-a52">
         <name>_xdc_runtime_System_abort__E</name>
         <value>0x3f25e9</value>
         <object_component_ref idref="oc-21a"/>
      </symbol>
      <symbol id="sm-a70">
         <name>_xdc_runtime_SysMin_abort__E</name>
         <value>0x3f23bc</value>
         <object_component_ref idref="oc-262"/>
      </symbol>
      <symbol id="sm-a71">
         <name>_xdc_runtime_SysMin_ready__E</name>
         <value>0x3f2730</value>
         <object_component_ref idref="oc-241"/>
      </symbol>
      <symbol id="sm-a72">
         <name>_xdc_runtime_SysMin_flush__E</name>
         <value>0x3f2059</value>
         <object_component_ref idref="oc-221"/>
      </symbol>
      <symbol id="sm-a73">
         <name>_xdc_runtime_SysMin_Module_startup__E</name>
         <value>0x3f24ee</value>
         <object_component_ref idref="oc-266"/>
      </symbol>
      <symbol id="sm-a74">
         <name>_xdc_runtime_SysMin_putch__E</name>
         <value>0x3f21bd</value>
         <object_component_ref idref="oc-275"/>
      </symbol>
      <symbol id="sm-a75">
         <name>_xdc_runtime_SysMin_exit__E</name>
         <value>0x3f2626</value>
         <object_component_ref idref="oc-1e4"/>
      </symbol>
      <symbol id="sm-ab9">
         <name>_xdc_runtime_Text_putLab__E</name>
         <value>0x3f17ef</value>
         <object_component_ref idref="oc-273"/>
      </symbol>
      <symbol id="sm-aba">
         <name>_xdc_runtime_Text_printVisFxn__I</name>
         <value>0x3f243f</value>
         <object_component_ref idref="oc-2a5"/>
      </symbol>
      <symbol id="sm-abb">
         <name>_xdc_runtime_Text_putMod__E</name>
         <value>0x3f186f</value>
         <object_component_ref idref="oc-28d"/>
      </symbol>
      <symbol id="sm-abc">
         <name>_xdc_runtime_Text_cordText__E</name>
         <value>0x3f249d</value>
         <object_component_ref idref="oc-1ef"/>
      </symbol>
      <symbol id="sm-abd">
         <name>_xdc_runtime_Text_xprintf__I</name>
         <value>0x3f1f90</value>
         <object_component_ref idref="oc-28e"/>
      </symbol>
      <symbol id="sm-abe">
         <name>_xdc_runtime_Text_visitRope2__I</name>
         <value>0x3f1e11</value>
         <object_component_ref idref="oc-2c0"/>
      </symbol>
      <symbol id="sm-abf">
         <name>_xdc_runtime_Text_ropeText__E</name>
         <value>0x3f26be</value>
         <object_component_ref idref="oc-1f4"/>
      </symbol>
      <symbol id="sm-ac0">
         <name>_xdc_runtime_Text_putSite__E</name>
         <value>0x3f158d</value>
         <object_component_ref idref="oc-274"/>
      </symbol>
      <symbol id="sm-ace">
         <name>_xdc_runtime_Timestamp_getFreq__E</name>
         <value>0x3f2818</value>
         <object_component_ref idref="oc-25b"/>
      </symbol>
      <symbol id="sm-acf">
         <name>_xdc_runtime_Timestamp_get32__E</name>
         <value>0x3f2815</value>
         <object_component_ref idref="oc-1cb"/>
      </symbol>
      <symbol id="sm-adb">
         <name>___xdc__init</name>
         <value>0x3f27c1</value>
         <object_component_ref idref="oc-14f"/>
      </symbol>
      <symbol id="sm-afb">
         <name>_xdc_runtime_Registry_findById__E</name>
         <value>0x3f253a</value>
         <object_component_ref idref="oc-2a3"/>
      </symbol>
      <symbol id="sm-b16">
         <name>_c_int00</name>
         <value>0x3f13fa</value>
         <object_component_ref idref="oc-38"/>
      </symbol>
      <symbol id="sm-b17">
         <name>__stack</name>
         <value>0x0</value>
         <object_component_ref idref="oc-f9"/>
      </symbol>
      <symbol id="sm-b43">
         <name>ULL$$MOD</name>
         <value>0x3f06d7</value>
         <object_component_ref idref="oc-fe"/>
      </symbol>
      <symbol id="sm-b44">
         <name>ULL$$DIV</name>
         <value>0x3f06a8</value>
         <object_component_ref idref="oc-fe"/>
      </symbol>
      <symbol id="sm-b45">
         <name>LL$$MOD</name>
         <value>0x3f066e</value>
         <object_component_ref idref="oc-fe"/>
      </symbol>
      <symbol id="sm-b46">
         <name>LL$$DIV</name>
         <value>0x3f0632</value>
         <object_component_ref idref="oc-fe"/>
      </symbol>
      <symbol id="sm-b55">
         <name>_copy_in</name>
         <value>0x3f207f</value>
         <object_component_ref idref="oc-14a"/>
      </symbol>
      <symbol id="sm-b66">
         <name>_memcpy</name>
         <value>0x3f21da</value>
         <object_component_ref idref="oc-15f"/>
      </symbol>
      <symbol id="sm-b72">
         <name>__system_pre_init</name>
         <value>0x3f2827</value>
         <object_component_ref idref="oc-148"/>
      </symbol>
      <symbol id="sm-b7f">
         <name>__system_post_cinit</name>
         <value>0x3f282d</value>
         <object_component_ref idref="oc-14c"/>
      </symbol>
      <symbol id="sm-b93">
         <name>C$$EXIT</name>
         <value>0x3f1fb9</value>
         <object_component_ref idref="oc-1e5"/>
      </symbol>
      <symbol id="sm-b94">
         <name>_exit</name>
         <value>0x3f1fbb</value>
         <object_component_ref idref="oc-1e5"/>
      </symbol>
      <symbol id="sm-b95">
         <name>___TI_cleanup_ptr</name>
         <value>0x881c</value>
         <object_component_ref idref="oc-119"/>
      </symbol>
      <symbol id="sm-b96">
         <name>___TI_enable_exit_profile_output</name>
         <value>0x881a</value>
         <object_component_ref idref="oc-119"/>
      </symbol>
      <symbol id="sm-b97">
         <name>_abort</name>
         <value>0x3f1fb9</value>
         <object_component_ref idref="oc-1e5"/>
      </symbol>
      <symbol id="sm-b98">
         <name>___TI_dtors_ptr</name>
         <value>0x881e</value>
         <object_component_ref idref="oc-119"/>
      </symbol>
      <symbol id="sm-bac">
         <name>__unlock</name>
         <value>0x8822</value>
         <object_component_ref idref="oc-1fd"/>
      </symbol>
      <symbol id="sm-bad">
         <name>__lock</name>
         <value>0x8820</value>
         <object_component_ref idref="oc-1fe"/>
      </symbol>
      <symbol id="sm-bae">
         <name>__register_lock</name>
         <value>0x3f270b</value>
         <object_component_ref idref="oc-1be"/>
      </symbol>
      <symbol id="sm-baf">
         <name>__nop</name>
         <value>0x3f270f</value>
         <object_component_ref idref="oc-1be"/>
      </symbol>
      <symbol id="sm-bb0">
         <name>__register_unlock</name>
         <value>0x3f2707</value>
         <object_component_ref idref="oc-1be"/>
      </symbol>
      <symbol id="sm-bbf">
         <name>__args_main</name>
         <value>0x3f22fe</value>
         <object_component_ref idref="oc-14d"/>
      </symbol>
      <symbol id="sm-bcd">
         <name>_memset</name>
         <value>0x3f2632</value>
         <object_component_ref idref="oc-22c"/>
      </symbol>
      <symbol id="sm-be3">
         <name>_strlen</name>
         <value>0x3f2738</value>
         <object_component_ref idref="oc-243"/>
      </symbol>
      <symbol id="sm-bf0">
         <name>_HOSTwrite</name>
         <value>0x3f1b40</value>
         <object_component_ref idref="oc-28c"/>
      </symbol>
      <symbol id="sm-c08">
         <name>___TI_readmsg</name>
         <value>0x3f0c07</value>
         <object_component_ref idref="oc-2a0"/>
      </symbol>
      <symbol id="sm-c09">
         <name>C$$IO$$</name>
         <value>0x3f0c02</value>
         <object_component_ref idref="oc-2a0"/>
      </symbol>
      <symbol id="sm-c0a">
         <name>__CIOBUF_</name>
         <value>0x8840</value>
         <object_component_ref idref="oc-13d"/>
      </symbol>
      <symbol id="sm-c0b">
         <name>___TI_writemsg</name>
         <value>0x3f0baf</value>
         <object_component_ref idref="oc-2a0"/>
      </symbol>
      <symbol id="sm-c17">
         <name>_parmbuf</name>
         <value>0x8811</value>
         <object_component_ref idref="oc-143"/>
      </symbol>
   </symbol_table>
   <title>Link successful</title>
</link_info>
