<?xml version="1.0" encoding="ISO-8859-1" ?>
<link_info>
   <banner>TMS320C2000 Linker PC v18.1.4.LTS</banner>
   <copyright>Copyright (c) 1996-2018 Texas Instruments Incorporated</copyright>
   <link_time>0x5dd4a6b7</link_time>
   <link_errors>0x0</link_errors>
   <output_file>ArcadeStick.out</output_file>
   <entry_point>
      <name>_c_int00</name>
      <address>0x3f105f</address>
   </entry_point>
   <input_file_list>
      <input_file id="fl-2">
         <path>.\</path>
         <kind>object</kind>
         <file>DelayUs.obj</file>
         <name>DelayUs.obj</name>
      </input_file>
      <input_file id="fl-3">
         <path>.\</path>
         <kind>object</kind>
         <file>DeviceInit_18Nov2018.obj</file>
         <name>DeviceInit_18Nov2018.obj</name>
      </input_file>
      <input_file id="fl-4">
         <path>.\</path>
         <kind>object</kind>
         <file>F2802x_GlobalVariableDefs.obj</file>
         <name>F2802x_GlobalVariableDefs.obj</name>
      </input_file>
      <input_file id="fl-5">
         <path>.\</path>
         <kind>object</kind>
         <file>idle.obj</file>
         <name>idle.obj</name>
      </input_file>
      <input_file id="fl-9">
         <path>D:\ti\Projects\Joystick-Project\ArcadeStick\Debug\configPkg\package\cfg\</path>
         <kind>object</kind>
         <file>idle_p28L.o28L</file>
         <name>idle_p28L.o28L</name>
      </input_file>
      <input_file id="fl-10">
         <kind>object</kind>
         <file>&lt;internal&gt;</file>
         <name>&lt;internal&gt;</name>
      </input_file>
      <input_file id="fl-11">
         <path>D:\ti\Projects\Joystick-Project\ArcadeStick\src\sysbios\</path>
         <kind>archive</kind>
         <file>sysbios.a28L</file>
         <name>BIOS.obj</name>
      </input_file>
      <input_file id="fl-12">
         <path>D:\ti\Projects\Joystick-Project\ArcadeStick\src\sysbios\</path>
         <kind>archive</kind>
         <file>sysbios.a28L</file>
         <name>c28_Hwi_asm.obj</name>
      </input_file>
      <input_file id="fl-13">
         <path>D:\ti\Projects\Joystick-Project\ArcadeStick\src\sysbios\</path>
         <kind>archive</kind>
         <file>sysbios.a28L</file>
         <name>c28_Hwi_disp_asm.obj</name>
      </input_file>
      <input_file id="fl-14">
         <path>D:\ti\Projects\Joystick-Project\ArcadeStick\src\sysbios\</path>
         <kind>archive</kind>
         <file>sysbios.a28L</file>
         <name>c28_IntrinsicsSupport_asm.obj</name>
      </input_file>
      <input_file id="fl-15">
         <path>D:\ti\Projects\Joystick-Project\ArcadeStick\src\sysbios\</path>
         <kind>archive</kind>
         <file>sysbios.a28L</file>
         <name>c28_TaskSupport_asm.obj</name>
      </input_file>
      <input_file id="fl-16">
         <path>D:\ti\bios_6_76_03_01\packages\ti\catalog\c2800\init\lib\</path>
         <kind>archive</kind>
         <file>Boot.a28L</file>
         <name>Boot.o28L</name>
      </input_file>
      <input_file id="fl-17">
         <path>D:\ti\bios_6_76_03_01\packages\ti\targets\rts2800\lib\</path>
         <kind>archive</kind>
         <file>ti.targets.rts2800.a28L</file>
         <name>Assert.o28L</name>
      </input_file>
      <input_file id="fl-18">
         <path>D:\ti\bios_6_76_03_01\packages\ti\targets\rts2800\lib\</path>
         <kind>archive</kind>
         <file>ti.targets.rts2800.a28L</file>
         <name>Core-mem.o28L</name>
      </input_file>
      <input_file id="fl-19">
         <path>D:\ti\bios_6_76_03_01\packages\ti\targets\rts2800\lib\</path>
         <kind>archive</kind>
         <file>ti.targets.rts2800.a28L</file>
         <name>Core-smem.o28L</name>
      </input_file>
      <input_file id="fl-1a">
         <path>D:\ti\bios_6_76_03_01\packages\ti\targets\rts2800\lib\</path>
         <kind>archive</kind>
         <file>ti.targets.rts2800.a28L</file>
         <name>Core-label.o28L</name>
      </input_file>
      <input_file id="fl-1b">
         <path>D:\ti\bios_6_76_03_01\packages\ti\targets\rts2800\lib\</path>
         <kind>archive</kind>
         <file>ti.targets.rts2800.a28L</file>
         <name>Core-params.o28L</name>
      </input_file>
      <input_file id="fl-1c">
         <path>D:\ti\bios_6_76_03_01\packages\ti\targets\rts2800\lib\</path>
         <kind>archive</kind>
         <file>ti.targets.rts2800.a28L</file>
         <name>Error.o28L</name>
      </input_file>
      <input_file id="fl-1d">
         <path>D:\ti\bios_6_76_03_01\packages\ti\targets\rts2800\lib\</path>
         <kind>archive</kind>
         <file>ti.targets.rts2800.a28L</file>
         <name>Gate.o28L</name>
      </input_file>
      <input_file id="fl-1e">
         <path>D:\ti\bios_6_76_03_01\packages\ti\targets\rts2800\lib\</path>
         <kind>archive</kind>
         <file>ti.targets.rts2800.a28L</file>
         <name>GateNull.o28L</name>
      </input_file>
      <input_file id="fl-1f">
         <path>D:\ti\bios_6_76_03_01\packages\ti\targets\rts2800\lib\</path>
         <kind>archive</kind>
         <file>ti.targets.rts2800.a28L</file>
         <name>HeapStd.o28L</name>
      </input_file>
      <input_file id="fl-20">
         <path>D:\ti\bios_6_76_03_01\packages\ti\targets\rts2800\lib\</path>
         <kind>archive</kind>
         <file>ti.targets.rts2800.a28L</file>
         <name>LoggerBuf.o28L</name>
      </input_file>
      <input_file id="fl-21">
         <path>D:\ti\bios_6_76_03_01\packages\ti\targets\rts2800\lib\</path>
         <kind>archive</kind>
         <file>ti.targets.rts2800.a28L</file>
         <name>Memory.o28L</name>
      </input_file>
      <input_file id="fl-22">
         <path>D:\ti\bios_6_76_03_01\packages\ti\targets\rts2800\lib\</path>
         <kind>archive</kind>
         <file>ti.targets.rts2800.a28L</file>
         <name>Startup.o28L</name>
      </input_file>
      <input_file id="fl-23">
         <path>D:\ti\bios_6_76_03_01\packages\ti\targets\rts2800\lib\</path>
         <kind>archive</kind>
         <file>ti.targets.rts2800.a28L</file>
         <name>System.o28L</name>
      </input_file>
      <input_file id="fl-24">
         <path>D:\ti\bios_6_76_03_01\packages\ti\targets\rts2800\lib\</path>
         <kind>archive</kind>
         <file>ti.targets.rts2800.a28L</file>
         <name>SysMin.o28L</name>
      </input_file>
      <input_file id="fl-25">
         <path>D:\ti\bios_6_76_03_01\packages\ti\targets\rts2800\lib\</path>
         <kind>archive</kind>
         <file>ti.targets.rts2800.a28L</file>
         <name>Text.o28L</name>
      </input_file>
      <input_file id="fl-26">
         <path>D:\ti\bios_6_76_03_01\packages\ti\targets\rts2800\lib\</path>
         <kind>archive</kind>
         <file>ti.targets.rts2800.a28L</file>
         <name>xdc_noinit.o28L</name>
      </input_file>
      <input_file id="fl-27">
         <path>D:\ti\bios_6_76_03_01\packages\ti\targets\rts2800\lib\</path>
         <kind>archive</kind>
         <file>ti.targets.rts2800.a28L</file>
         <name>Log.o28L</name>
      </input_file>
      <input_file id="fl-28">
         <path>D:\ti\bios_6_76_03_01\packages\ti\targets\rts2800\lib\</path>
         <kind>archive</kind>
         <file>ti.targets.rts2800.a28L</file>
         <name>Registry.o28L</name>
      </input_file>
      <input_file id="fl-29">
         <path>D:\ti\bios_6_76_03_01\packages\ti\targets\rts2800\lib\</path>
         <kind>archive</kind>
         <file>boot.a28L</file>
         <name>boot_cg.o28L</name>
      </input_file>
      <input_file id="fl-35">
         <path>D:\ti\ccsv8\tools\compiler\ti-cgt-c2000_18.1.4.LTS\lib\</path>
         <kind>archive</kind>
         <file>rts2800_ml.lib</file>
         <name>ll_div28.asm.obj</name>
      </input_file>
      <input_file id="fl-36">
         <path>D:\ti\ccsv8\tools\compiler\ti-cgt-c2000_18.1.4.LTS\lib\</path>
         <kind>archive</kind>
         <file>rts2800_ml.lib</file>
         <name>cpy_tbl.c.obj</name>
      </input_file>
      <input_file id="fl-37">
         <path>D:\ti\ccsv8\tools\compiler\ti-cgt-c2000_18.1.4.LTS\lib\</path>
         <kind>archive</kind>
         <file>rts2800_ml.lib</file>
         <name>memcpy.c.obj</name>
      </input_file>
      <input_file id="fl-38">
         <path>D:\ti\ccsv8\tools\compiler\ti-cgt-c2000_18.1.4.LTS\lib\</path>
         <kind>archive</kind>
         <file>rts2800_ml.lib</file>
         <name>pre_init.c.obj</name>
      </input_file>
      <input_file id="fl-39">
         <path>D:\ti\ccsv8\tools\compiler\ti-cgt-c2000_18.1.4.LTS\lib\</path>
         <kind>archive</kind>
         <file>rts2800_ml.lib</file>
         <name>startup.c.obj</name>
      </input_file>
      <input_file id="fl-3a">
         <path>D:\ti\ccsv8\tools\compiler\ti-cgt-c2000_18.1.4.LTS\lib\</path>
         <kind>archive</kind>
         <file>rts2800_ml.lib</file>
         <name>exit.c.obj</name>
      </input_file>
      <input_file id="fl-3b">
         <path>D:\ti\ccsv8\tools\compiler\ti-cgt-c2000_18.1.4.LTS\lib\</path>
         <kind>archive</kind>
         <file>rts2800_ml.lib</file>
         <name>_lock.c.obj</name>
      </input_file>
      <input_file id="fl-3c">
         <path>D:\ti\ccsv8\tools\compiler\ti-cgt-c2000_18.1.4.LTS\lib\</path>
         <kind>archive</kind>
         <file>rts2800_ml.lib</file>
         <name>args_main.c.obj</name>
      </input_file>
      <input_file id="fl-3d">
         <path>D:\ti\ccsv8\tools\compiler\ti-cgt-c2000_18.1.4.LTS\lib\</path>
         <kind>archive</kind>
         <file>rts2800_ml.lib</file>
         <name>memset.c.obj</name>
      </input_file>
      <input_file id="fl-3e">
         <path>D:\ti\ccsv8\tools\compiler\ti-cgt-c2000_18.1.4.LTS\lib\</path>
         <kind>archive</kind>
         <file>rts2800_ml.lib</file>
         <name>strcmp.c.obj</name>
      </input_file>
      <input_file id="fl-3f">
         <path>D:\ti\ccsv8\tools\compiler\ti-cgt-c2000_18.1.4.LTS\lib\</path>
         <kind>archive</kind>
         <file>rts2800_ml.lib</file>
         <name>strlen.c.obj</name>
      </input_file>
      <input_file id="fl-40">
         <path>D:\ti\ccsv8\tools\compiler\ti-cgt-c2000_18.1.4.LTS\lib\</path>
         <kind>archive</kind>
         <file>rts2800_ml.lib</file>
         <name>hostwrite.c.obj</name>
      </input_file>
      <input_file id="fl-41">
         <path>D:\ti\ccsv8\tools\compiler\ti-cgt-c2000_18.1.4.LTS\lib\</path>
         <kind>archive</kind>
         <file>rts2800_ml.lib</file>
         <name>trgmsg.c.obj</name>
      </input_file>
      <input_file id="fl-42">
         <path>D:\ti\ccsv8\tools\compiler\ti-cgt-c2000_18.1.4.LTS\lib\</path>
         <kind>archive</kind>
         <file>rts2800_ml.lib</file>
         <name>hostopen.c.obj</name>
      </input_file>
   </input_file_list>
   <object_component_list>
      <object_component id="oc-64">
         <name>PieVectTableFile</name>
         <uninitialized>true</uninitialized>
         <run_address>0xd00</run_address>
         <size>0x100</size>
         <input_file_ref idref="fl-4"/>
      </object_component>
      <object_component id="oc-44">
         <name>EmuKeyVar</name>
         <uninitialized>true</uninitialized>
         <run_address>0xd00</run_address>
         <size>0x1</size>
         <input_file_ref idref="fl-4"/>
      </object_component>
      <object_component id="oc-46">
         <name>EmuBModeVar</name>
         <uninitialized>true</uninitialized>
         <run_address>0xd01</run_address>
         <size>0x1</size>
         <input_file_ref idref="fl-4"/>
      </object_component>
      <object_component id="oc-47">
         <name>FlashCallbackVar</name>
         <uninitialized>true</uninitialized>
         <run_address>0xd02</run_address>
         <size>0x2</size>
         <input_file_ref idref="fl-4"/>
      </object_component>
      <object_component id="oc-48">
         <name>FlashScalingVar</name>
         <uninitialized>true</uninitialized>
         <run_address>0xd04</run_address>
         <size>0x2</size>
         <input_file_ref idref="fl-4"/>
      </object_component>
      <object_component id="oc-4a">
         <name>DevEmuRegsFile</name>
         <uninitialized>true</uninitialized>
         <run_address>0x880</run_address>
         <size>0x4</size>
         <input_file_ref idref="fl-4"/>
      </object_component>
      <object_component id="oc-49">
         <name>SysPwrCtrlRegsFile</name>
         <uninitialized>true</uninitialized>
         <run_address>0x985</run_address>
         <size>0x3</size>
         <input_file_ref idref="fl-4"/>
      </object_component>
      <object_component id="oc-4b">
         <name>FlashRegsFile</name>
         <uninitialized>true</uninitialized>
         <run_address>0xa80</run_address>
         <size>0x8</size>
         <input_file_ref idref="fl-4"/>
      </object_component>
      <object_component id="oc-53">
         <name>CsmRegsFile</name>
         <uninitialized>true</uninitialized>
         <run_address>0xae0</run_address>
         <size>0x10</size>
         <input_file_ref idref="fl-4"/>
      </object_component>
      <object_component id="oc-5c">
         <name>AdcResultFile</name>
         <uninitialized>true</uninitialized>
         <run_address>0xb00</run_address>
         <size>0x20</size>
         <input_file_ref idref="fl-4"/>
      </object_component>
      <object_component id="oc-4d">
         <name>CpuTimer0RegsFile</name>
         <uninitialized>true</uninitialized>
         <run_address>0xc00</run_address>
         <size>0x8</size>
         <input_file_ref idref="fl-4"/>
      </object_component>
      <object_component id="oc-4c">
         <name>CpuTimer1RegsFile</name>
         <uninitialized>true</uninitialized>
         <run_address>0xc08</run_address>
         <size>0x8</size>
         <input_file_ref idref="fl-4"/>
      </object_component>
      <object_component id="oc-4f">
         <name>CpuTimer2RegsFile</name>
         <uninitialized>true</uninitialized>
         <run_address>0xc10</run_address>
         <size>0x8</size>
         <input_file_ref idref="fl-4"/>
      </object_component>
      <object_component id="oc-56">
         <name>PieCtrlRegsFile</name>
         <uninitialized>true</uninitialized>
         <run_address>0xce0</run_address>
         <size>0x1a</size>
         <input_file_ref idref="fl-4"/>
      </object_component>
      <object_component id="oc-58">
         <name>ECap1RegsFile</name>
         <uninitialized>true</uninitialized>
         <run_address>0x6a00</run_address>
         <size>0x20</size>
         <input_file_ref idref="fl-4"/>
      </object_component>
      <object_component id="oc-60">
         <name>GpioCtrlRegsFile</name>
         <uninitialized>true</uninitialized>
         <run_address>0x6f80</run_address>
         <size>0x40</size>
         <input_file_ref idref="fl-4"/>
      </object_component>
      <object_component id="oc-5b">
         <name>GpioDataRegsFile</name>
         <uninitialized>true</uninitialized>
         <run_address>0x6fc0</run_address>
         <size>0x20</size>
         <input_file_ref idref="fl-4"/>
      </object_component>
      <object_component id="oc-50">
         <name>GpioIntRegsFile</name>
         <uninitialized>true</uninitialized>
         <run_address>0x6fe0</run_address>
         <size>0xa</size>
         <input_file_ref idref="fl-4"/>
      </object_component>
      <object_component id="oc-57">
         <name>SysCtrlRegsFile</name>
         <uninitialized>true</uninitialized>
         <run_address>0x7010</run_address>
         <size>0x1f</size>
         <input_file_ref idref="fl-4"/>
      </object_component>
      <object_component id="oc-55">
         <name>SpiaRegsFile</name>
         <uninitialized>true</uninitialized>
         <run_address>0x7040</run_address>
         <size>0x10</size>
         <input_file_ref idref="fl-4"/>
      </object_component>
      <object_component id="oc-52">
         <name>SciaRegsFile</name>
         <uninitialized>true</uninitialized>
         <run_address>0x7050</run_address>
         <size>0x10</size>
         <input_file_ref idref="fl-4"/>
      </object_component>
      <object_component id="oc-51">
         <name>NmiIntruptRegsFile</name>
         <uninitialized>true</uninitialized>
         <run_address>0x7060</run_address>
         <size>0x10</size>
         <input_file_ref idref="fl-4"/>
      </object_component>
      <object_component id="oc-54">
         <name>XIntruptRegsFile</name>
         <uninitialized>true</uninitialized>
         <run_address>0x7070</run_address>
         <size>0x10</size>
         <input_file_ref idref="fl-4"/>
      </object_component>
      <object_component id="oc-63">
         <name>AdcRegsFile</name>
         <uninitialized>true</uninitialized>
         <run_address>0x7100</run_address>
         <size>0x51</size>
         <input_file_ref idref="fl-4"/>
      </object_component>
      <object_component id="oc-5d">
         <name>I2caRegsFile</name>
         <uninitialized>true</uninitialized>
         <run_address>0x7900</run_address>
         <size>0x22</size>
         <input_file_ref idref="fl-4"/>
      </object_component>
      <object_component id="oc-5a">
         <name>Comp1RegsFile</name>
         <uninitialized>true</uninitialized>
         <run_address>0x6400</run_address>
         <size>0x20</size>
         <input_file_ref idref="fl-4"/>
      </object_component>
      <object_component id="oc-59">
         <name>Comp2RegsFile</name>
         <uninitialized>true</uninitialized>
         <run_address>0x6420</run_address>
         <size>0x20</size>
         <input_file_ref idref="fl-4"/>
      </object_component>
      <object_component id="oc-61">
         <name>EPwm1RegsFile</name>
         <uninitialized>true</uninitialized>
         <run_address>0x6800</run_address>
         <size>0x40</size>
         <input_file_ref idref="fl-4"/>
      </object_component>
      <object_component id="oc-5e">
         <name>EPwm2RegsFile</name>
         <uninitialized>true</uninitialized>
         <run_address>0x6840</run_address>
         <size>0x40</size>
         <input_file_ref idref="fl-4"/>
      </object_component>
      <object_component id="oc-62">
         <name>EPwm3RegsFile</name>
         <uninitialized>true</uninitialized>
         <run_address>0x6880</run_address>
         <size>0x40</size>
         <input_file_ref idref="fl-4"/>
      </object_component>
      <object_component id="oc-5f">
         <name>EPwm4RegsFile</name>
         <uninitialized>true</uninitialized>
         <run_address>0x68c0</run_address>
         <size>0x40</size>
         <input_file_ref idref="fl-4"/>
      </object_component>
      <object_component id="oc-4e">
         <name>CsmPwlFile</name>
         <uninitialized>true</uninitialized>
         <run_address>0x3f7ff8</run_address>
         <size>0x8</size>
         <input_file_ref idref="fl-4"/>
      </object_component>
      <object_component id="oc-45">
         <name>PartIdRegsFile</name>
         <uninitialized>true</uninitialized>
         <run_address>0x3d7fff</run_address>
         <size>0x1</size>
         <input_file_ref idref="fl-4"/>
      </object_component>
      <object_component id="oc-6f">
         <name>.cinit</name>
         <load_address>0x3f390d</load_address>
         <run_address>0x3f390d</run_address>
         <size>0x3a6</size>
         <input_file_ref idref="fl-9"/>
      </object_component>
      <object_component id="oc-67">
         <name>.cinit</name>
         <load_address>0x3f3cb3</load_address>
         <run_address>0x3f3cb3</run_address>
         <size>0x40</size>
         <input_file_ref idref="fl-5"/>
      </object_component>
      <object_component id="oc-113">
         <name>.cinit</name>
         <load_address>0x3f3cf3</load_address>
         <run_address>0x3f3cf3</run_address>
         <size>0xe</size>
         <input_file_ref idref="fl-3a"/>
      </object_component>
      <object_component id="oc-1ab">
         <name>.cinit:__lock</name>
         <load_address>0x3f3d01</load_address>
         <run_address>0x3f3d01</run_address>
         <size>0x5</size>
         <input_file_ref idref="fl-3b"/>
      </object_component>
      <object_component id="oc-1aa">
         <name>.cinit:__unlock</name>
         <load_address>0x3f3d06</load_address>
         <run_address>0x3f3d06</run_address>
         <size>0x5</size>
         <input_file_ref idref="fl-3b"/>
      </object_component>
      <object_component id="oc-1f7">
         <name>.text:_xdc_runtime_System_doPrint__I</name>
         <load_address>0x3f0000</load_address>
         <run_address>0x3f0000</run_address>
         <size>0x223</size>
         <input_file_ref idref="fl-23"/>
      </object_component>
      <object_component id="oc-189">
         <name>.text:_ti_sysbios_knl_Semaphore_pend__E</name>
         <load_address>0x3f0223</load_address>
         <run_address>0x3f0223</run_address>
         <size>0x164</size>
         <input_file_ref idref="fl-11"/>
      </object_component>
      <object_component id="oc-152">
         <name>.text</name>
         <load_address>0x3f0387</load_address>
         <run_address>0x3f0387</run_address>
         <size>0x12d</size>
         <input_file_ref idref="fl-5"/>
      </object_component>
      <object_component id="oc-f9">
         <name>.text</name>
         <load_address>0x3f04b4</load_address>
         <run_address>0x3f04b4</run_address>
         <size>0x107</size>
         <input_file_ref idref="fl-35"/>
      </object_component>
      <object_component id="oc-168">
         <name>.text:_xdc_runtime_HeapStd_alloc__E</name>
         <load_address>0x3f05bb</load_address>
         <run_address>0x3f05bb</run_address>
         <size>0xee</size>
         <input_file_ref idref="fl-1f"/>
      </object_component>
      <object_component id="oc-1eb">
         <name>.text:_ti_sysbios_family_c28_Hwi_clearInterrupt__E</name>
         <load_address>0x3f06a9</load_address>
         <run_address>0x3f06a9</run_address>
         <size>0xe1</size>
         <input_file_ref idref="fl-11"/>
      </object_component>
      <object_component id="oc-186">
         <name>.text</name>
         <load_address>0x3f078a</load_address>
         <run_address>0x3f078a</run_address>
         <size>0xd3</size>
         <input_file_ref idref="fl-3"/>
      </object_component>
      <object_component id="oc-17f">
         <name>.text:_xdc_runtime_LoggerBuf_write8__E</name>
         <load_address>0x3f085d</load_address>
         <run_address>0x3f085d</run_address>
         <size>0xb5</size>
         <input_file_ref idref="fl-20"/>
      </object_component>
      <object_component id="oc-23d">
         <name>.text:_xdc_runtime_System_printfExtend__I</name>
         <load_address>0x3f0912</load_address>
         <run_address>0x3f0912</run_address>
         <size>0xb0</size>
         <input_file_ref idref="fl-9"/>
      </object_component>
      <object_component id="oc-195">
         <name>.text:_xdc_runtime_Core_createObject__I</name>
         <load_address>0x3f09c2</load_address>
         <run_address>0x3f09c2</run_address>
         <size>0x9f</size>
         <input_file_ref idref="fl-18"/>
      </object_component>
      <object_component id="oc-271">
         <name>.text</name>
         <load_address>0x3f0a61</load_address>
         <run_address>0x3f0a61</run_address>
         <size>0x94</size>
         <input_file_ref idref="fl-41"/>
      </object_component>
      <object_component id="oc-1ec">
         <name>.text:_ti_sysbios_family_c28_Hwi_enableInterrupt__E</name>
         <load_address>0x3f0af5</load_address>
         <run_address>0x3f0af5</run_address>
         <size>0x8e</size>
         <input_file_ref idref="fl-11"/>
      </object_component>
      <object_component id="oc-1cd">
         <name>.text:_xdc_runtime_Error_policyDefault__E</name>
         <load_address>0x3f0b83</load_address>
         <run_address>0x3f0b83</run_address>
         <size>0x8c</size>
         <input_file_ref idref="fl-1c"/>
      </object_component>
      <object_component id="oc-266">
         <name>.text:_ti_sysbios_family_c28_Hwi_dispatch</name>
         <load_address>0x3f0c0f</load_address>
         <run_address>0x3f0c0f</run_address>
         <size>0x85</size>
         <input_file_ref idref="fl-13"/>
      </object_component>
      <object_component id="oc-1a6">
         <name>.text:_xdc_runtime_HeapStd_Instance_init__E</name>
         <load_address>0x3f0c94</load_address>
         <run_address>0x3f0c94</run_address>
         <size>0x82</size>
         <input_file_ref idref="fl-1f"/>
      </object_component>
      <object_component id="oc-279">
         <name>.text:_ti_sysbios_family_c28_Hwi_disableInterrupt__E</name>
         <load_address>0x3f0d16</load_address>
         <run_address>0x3f0d16</run_address>
         <size>0x81</size>
         <input_file_ref idref="fl-11"/>
      </object_component>
      <object_component id="oc-21c">
         <name>.text:_ti_sysbios_family_c28_Hwi_disablePIEIER__E</name>
         <load_address>0x3f0d97</load_address>
         <run_address>0x3f0d97</run_address>
         <size>0x80</size>
         <input_file_ref idref="fl-11"/>
      </object_component>
      <object_component id="oc-21b">
         <name>.text:_ti_sysbios_family_c28_Hwi_enablePIEIER__E</name>
         <load_address>0x3f0e17</load_address>
         <run_address>0x3f0e17</run_address>
         <size>0x7f</size>
         <input_file_ref idref="fl-11"/>
      </object_component>
      <object_component id="oc-17e">
         <name>.text:_xdc_runtime_LoggerBuf_write4__E</name>
         <load_address>0x3f0e96</load_address>
         <run_address>0x3f0e96</run_address>
         <size>0x79</size>
         <input_file_ref idref="fl-20"/>
      </object_component>
      <object_component id="oc-1ef">
         <name>.text:_ti_sysbios_knl_Task_checkStacks__E</name>
         <load_address>0x3f0f0f</load_address>
         <run_address>0x3f0f0f</run_address>
         <size>0x73</size>
         <input_file_ref idref="fl-11"/>
      </object_component>
      <object_component id="oc-1d1">
         <name>.text:_xdc_runtime_Startup_startMods__I</name>
         <load_address>0x3f0f82</load_address>
         <run_address>0x3f0f82</run_address>
         <size>0x71</size>
         <input_file_ref idref="fl-22"/>
      </object_component>
      <object_component id="oc-169">
         <name>.text:_xdc_runtime_HeapStd_free__E</name>
         <load_address>0x3f0ff3</load_address>
         <run_address>0x3f0ff3</run_address>
         <size>0x6c</size>
         <input_file_ref idref="fl-1f"/>
      </object_component>
      <object_component id="oc-38">
         <name>.text</name>
         <load_address>0x3f105f</load_address>
         <run_address>0x3f105f</run_address>
         <size>0x67</size>
         <input_file_ref idref="fl-29"/>
      </object_component>
      <object_component id="oc-267">
         <name>.text:_ti_sysbios_family_c28_Timer_stopAndClear__I</name>
         <load_address>0x3f10c6</load_address>
         <run_address>0x3f10c6</run_address>
         <size>0x66</size>
         <input_file_ref idref="fl-11"/>
      </object_component>
      <object_component id="oc-250">
         <name>.text:_xdc_runtime_Text_putSite__E</name>
         <load_address>0x3f112c</load_address>
         <run_address>0x3f112c</run_address>
         <size>0x5d</size>
         <input_file_ref idref="fl-25"/>
      </object_component>
      <object_component id="oc-285">
         <name>.text:_ti_sysbios_family_c28_Hwi_dispatchCore__I</name>
         <load_address>0x3f1189</load_address>
         <run_address>0x3f1189</run_address>
         <size>0x4d</size>
         <input_file_ref idref="fl-11"/>
      </object_component>
      <object_component id="oc-25f">
         <name>.text:_ti_sysbios_knl_Task_postInit__I</name>
         <load_address>0x3f11d6</load_address>
         <run_address>0x3f11d6</run_address>
         <size>0x48</size>
         <input_file_ref idref="fl-11"/>
      </object_component>
      <object_component id="oc-248">
         <name>.text:_ti_sysbios_family_c28_Hwi_Module_startup__E</name>
         <load_address>0x3f121e</load_address>
         <run_address>0x3f121e</run_address>
         <size>0x47</size>
         <input_file_ref idref="fl-11"/>
      </object_component>
      <object_component id="oc-24f">
         <name>.text:_xdc_runtime_Text_putLab__E</name>
         <load_address>0x3f1265</load_address>
         <run_address>0x3f1265</run_address>
         <size>0x41</size>
         <input_file_ref idref="fl-25"/>
      </object_component>
      <object_component id="oc-263">
         <name>.text:_xdc_runtime_Text_putMod__E</name>
         <load_address>0x3f12a6</load_address>
         <run_address>0x3f12a6</run_address>
         <size>0x3f</size>
         <input_file_ref idref="fl-25"/>
      </object_component>
      <object_component id="oc-1f4">
         <name>.text:_xdc_runtime_Memory_alloc__E</name>
         <load_address>0x3f12e5</load_address>
         <run_address>0x3f12e5</run_address>
         <size>0x3e</size>
         <input_file_ref idref="fl-21"/>
      </object_component>
      <object_component id="oc-197">
         <name>.text:_xdc_runtime_Core_deleteObject__I</name>
         <load_address>0x3f1323</load_address>
         <run_address>0x3f1323</run_address>
         <size>0x3d</size>
         <input_file_ref idref="fl-18"/>
      </object_component>
      <object_component id="oc-181">
         <name>.text:_xdc_runtime_LoggerBuf_getFilterLevel__E</name>
         <load_address>0x3f1360</load_address>
         <run_address>0x3f1360</run_address>
         <size>0x3d</size>
         <input_file_ref idref="fl-20"/>
      </object_component>
      <object_component id="oc-259">
         <name>.text:_ti_sysbios_family_c28_Timer_postInit__I</name>
         <load_address>0x3f139d</load_address>
         <run_address>0x3f139d</run_address>
         <size>0x3c</size>
         <input_file_ref idref="fl-11"/>
      </object_component>
      <object_component id="oc-288">
         <name>.text:_ti_sysbios_knl_Swi_restoreHwi__E</name>
         <load_address>0x3f13d9</load_address>
         <run_address>0x3f13d9</run_address>
         <size>0x3c</size>
         <input_file_ref idref="fl-11"/>
      </object_component>
      <object_component id="oc-231">
         <name>.text:_ti_sysbios_knl_Swi_run__I</name>
         <load_address>0x3f1415</load_address>
         <run_address>0x3f1415</run_address>
         <size>0x3c</size>
         <input_file_ref idref="fl-11"/>
      </object_component>
      <object_component id="oc-180">
         <name>.text:_xdc_runtime_LoggerBuf_setFilterLevel__E</name>
         <load_address>0x3f1451</load_address>
         <run_address>0x3f1451</run_address>
         <size>0x3c</size>
         <input_file_ref idref="fl-20"/>
      </object_component>
      <object_component id="oc-27b">
         <name>.text:_ti_sysbios_family_c28_TaskSupport_start__E</name>
         <load_address>0x3f148d</load_address>
         <run_address>0x3f148d</run_address>
         <size>0x38</size>
         <input_file_ref idref="fl-11"/>
      </object_component>
      <object_component id="oc-262">
         <name>.text</name>
         <load_address>0x3f14c5</load_address>
         <run_address>0x3f14c5</run_address>
         <size>0x38</size>
         <input_file_ref idref="fl-40"/>
      </object_component>
      <object_component id="oc-1b1">
         <name>.text:_ti_sysbios_knl_Task_startCore__E</name>
         <load_address>0x3f14fd</load_address>
         <run_address>0x3f14fd</run_address>
         <size>0x35</size>
         <input_file_ref idref="fl-11"/>
      </object_component>
      <object_component id="oc-22f">
         <name>.text:_xdc_runtime_System_formatNum__I</name>
         <load_address>0x3f1532</load_address>
         <run_address>0x3f1532</run_address>
         <size>0x33</size>
         <input_file_ref idref="fl-23"/>
      </object_component>
      <object_component id="oc-24b">
         <name>.text:_ti_sysbios_knl_Task_Module_startup__E</name>
         <load_address>0x3f1565</load_address>
         <run_address>0x3f1565</run_address>
         <size>0x32</size>
         <input_file_ref idref="fl-11"/>
      </object_component>
      <object_component id="oc-241">
         <name>.text:_xdc_runtime_Error_print__E</name>
         <load_address>0x3f1597</load_address>
         <run_address>0x3f1597</run_address>
         <size>0x30</size>
         <input_file_ref idref="fl-1c"/>
      </object_component>
      <object_component id="oc-1be">
         <name>.text:_xdc_runtime_LoggerBuf_Instance_init__E</name>
         <load_address>0x3f15c7</load_address>
         <run_address>0x3f15c7</run_address>
         <size>0x2f</size>
         <input_file_ref idref="fl-20"/>
      </object_component>
      <object_component id="oc-146">
         <name>.text:_xdc_runtime_Startup_exec__E</name>
         <load_address>0x3f15f6</load_address>
         <run_address>0x3f15f6</run_address>
         <size>0x2f</size>
         <input_file_ref idref="fl-22"/>
      </object_component>
      <object_component id="oc-159">
         <name>.text:.bootCodeSection:_ti_catalog_c2800_init_Boot_configurePll2802x</name>
         <load_address>0x3f1625</load_address>
         <run_address>0x3f1625</run_address>
         <size>0x2e</size>
         <input_file_ref idref="fl-16"/>
      </object_component>
      <object_component id="oc-1f8">
         <name>.text:_ti_sysbios_knl_Swi_runLoop__I</name>
         <load_address>0x3f1653</load_address>
         <run_address>0x3f1653</run_address>
         <size>0x2e</size>
         <input_file_ref idref="fl-11"/>
      </object_component>
      <object_component id="oc-1c1">
         <name>.text:_ti_sysbios_knl_Swi_schedule__I</name>
         <load_address>0x3f1681</load_address>
         <run_address>0x3f1681</run_address>
         <size>0x2e</size>
         <input_file_ref idref="fl-11"/>
      </object_component>
      <object_component id="oc-1fa">
         <name>.text:_ti_sysbios_knl_Task_schedule__I</name>
         <load_address>0x3f16af</load_address>
         <run_address>0x3f16af</run_address>
         <size>0x2e</size>
         <input_file_ref idref="fl-11"/>
      </object_component>
      <object_component id="oc-23c">
         <name>.text:_ti_sysbios_family_c28_Hwi_getInterruptFlag__E</name>
         <load_address>0x3f16dd</load_address>
         <run_address>0x3f16dd</run_address>
         <size>0x2d</size>
         <input_file_ref idref="fl-11"/>
      </object_component>
      <object_component id="oc-19e">
         <name>.text:_xdc_runtime_Assert_raise__I</name>
         <load_address>0x3f170a</load_address>
         <run_address>0x3f170a</run_address>
         <size>0x2d</size>
         <input_file_ref idref="fl-17"/>
      </object_component>
      <object_component id="oc-1dc">
         <name>.text:_xdc_runtime_Core_assignParams__I</name>
         <load_address>0x3f1737</load_address>
         <run_address>0x3f1737</run_address>
         <size>0x2d</size>
         <input_file_ref idref="fl-1b"/>
      </object_component>
      <object_component id="oc-284">
         <name>.text:_xdc_runtime_Text_visitRope2__I</name>
         <load_address>0x3f1764</load_address>
         <run_address>0x3f1764</run_address>
         <size>0x2d</size>
         <input_file_ref idref="fl-25"/>
      </object_component>
      <object_component id="oc-1ae">
         <name>.text:_ti_sysbios_family_c28_Timer_start__E</name>
         <load_address>0x3f1791</load_address>
         <run_address>0x3f1791</run_address>
         <size>0x2c</size>
         <input_file_ref idref="fl-11"/>
      </object_component>
      <object_component id="oc-182">
         <name>.text:_xdc_runtime_LoggerBuf_Object__create__S</name>
         <load_address>0x3f17bd</load_address>
         <run_address>0x3f17bd</run_address>
         <size>0x2c</size>
         <input_file_ref idref="fl-9"/>
      </object_component>
      <object_component id="oc-16c">
         <name>.text:_xdc_runtime_HeapStd_Object__create__S</name>
         <load_address>0x3f17e9</load_address>
         <run_address>0x3f17e9</run_address>
         <size>0x2b</size>
         <input_file_ref idref="fl-9"/>
      </object_component>
      <object_component id="oc-1fc">
         <name>.text:_xdc_runtime_Error_setX__E</name>
         <load_address>0x3f1814</load_address>
         <run_address>0x3f1814</run_address>
         <size>0x2a</size>
         <input_file_ref idref="fl-1c"/>
      </object_component>
      <object_component id="oc-236">
         <name>.text:_ti_sysbios_family_c28_Hwi_getStackInfo__E</name>
         <load_address>0x3f183e</load_address>
         <run_address>0x3f183e</run_address>
         <size>0x29</size>
         <input_file_ref idref="fl-11"/>
      </object_component>
      <object_component id="oc-7a">
         <name>.text:_ti_sysbios_family_c28_Hwi_unPluggedInterrupt__I</name>
         <load_address>0x3f1867</load_address>
         <run_address>0x3f1867</run_address>
         <size>0x29</size>
         <input_file_ref idref="fl-11"/>
      </object_component>
      <object_component id="oc-264">
         <name>.text:_xdc_runtime_Text_xprintf__I</name>
         <load_address>0x3f1890</load_address>
         <run_address>0x3f1890</run_address>
         <size>0x29</size>
         <input_file_ref idref="fl-25"/>
      </object_component>
      <object_component id="oc-1d5">
         <name>.text</name>
         <load_address>0x3f18b9</load_address>
         <run_address>0x3f18b9</run_address>
         <size>0x29</size>
         <input_file_ref idref="fl-3a"/>
      </object_component>
      <object_component id="oc-226">
         <name>.text:_ti_sysbios_family_c28_Timer_getExpiredCounts64__E</name>
         <load_address>0x3f18e2</load_address>
         <run_address>0x3f18e2</run_address>
         <size>0x28</size>
         <input_file_ref idref="fl-11"/>
      </object_component>
      <object_component id="oc-20e">
         <name>.text:_xdc_runtime_SysMin_flush__E</name>
         <load_address>0x3f190a</load_address>
         <run_address>0x3f190a</run_address>
         <size>0x26</size>
         <input_file_ref idref="fl-24"/>
      </object_component>
      <object_component id="oc-145">
         <name>.text</name>
         <load_address>0x3f1930</load_address>
         <run_address>0x3f1930</run_address>
         <size>0x24</size>
         <input_file_ref idref="fl-36"/>
      </object_component>
      <object_component id="oc-15e">
         <name>.text:_xdc_runtime_System_processAtExit__E</name>
         <load_address>0x3f1954</load_address>
         <run_address>0x3f1954</run_address>
         <size>0x23</size>
         <input_file_ref idref="fl-23"/>
      </object_component>
      <object_component id="oc-188">
         <name>.text:_ti_sysbios_knl_Swi_post__E</name>
         <load_address>0x3f1977</load_address>
         <run_address>0x3f1977</run_address>
         <size>0x22</size>
         <input_file_ref idref="fl-11"/>
      </object_component>
      <object_component id="oc-1ca">
         <name>.text:_ti_sysbios_knl_Task_blockI__E</name>
         <load_address>0x3f1999</load_address>
         <run_address>0x3f1999</run_address>
         <size>0x22</size>
         <input_file_ref idref="fl-11"/>
      </object_component>
      <object_component id="oc-269">
         <name>.text:_ti_sysbios_family_c28_Timer_setPrescale__E</name>
         <load_address>0x3f19bb</load_address>
         <run_address>0x3f19bb</run_address>
         <size>0x20</size>
         <input_file_ref idref="fl-11"/>
      </object_component>
      <object_component id="oc-1ed">
         <name>.text:_ti_sysbios_knl_Task_allBlockedFunction__I</name>
         <load_address>0x3f19db</load_address>
         <run_address>0x3f19db</run_address>
         <size>0x20</size>
         <input_file_ref idref="fl-11"/>
      </object_component>
      <object_component id="oc-26a">
         <name>.text:_ti_sysbios_knl_Task_exit__E</name>
         <load_address>0x3f19fb</load_address>
         <run_address>0x3f19fb</run_address>
         <size>0x20</size>
         <input_file_ref idref="fl-11"/>
      </object_component>
      <object_component id="oc-1b4">
         <name>.text:_xdc_runtime_LoggerBuf_filterOutEvent__I</name>
         <load_address>0x3f1a1b</load_address>
         <run_address>0x3f1a1b</run_address>
         <size>0x1e</size>
         <input_file_ref idref="fl-20"/>
      </object_component>
      <object_component id="oc-172">
         <name>.text:_xdc_runtime_System_atexit__E</name>
         <load_address>0x3f1a39</load_address>
         <run_address>0x3f1a39</run_address>
         <size>0x1e</size>
         <input_file_ref idref="fl-23"/>
      </object_component>
      <object_component id="oc-283">
         <name>.text:_ti_sysbios_family_c28_TaskSupport_buildTaskStack</name>
         <load_address>0x3f1a57</load_address>
         <run_address>0x3f1a57</run_address>
         <size>0x1d</size>
         <input_file_ref idref="fl-15"/>
      </object_component>
      <object_component id="oc-164">
         <name>.text:_ti_sysbios_gates_GateHwi_Object__create__S</name>
         <load_address>0x3f1a74</load_address>
         <run_address>0x3f1a74</run_address>
         <size>0x1d</size>
         <input_file_ref idref="fl-9"/>
      </object_component>
      <object_component id="oc-251">
         <name>.text:_xdc_runtime_SysMin_putch__E</name>
         <load_address>0x3f1a91</load_address>
         <run_address>0x3f1a91</run_address>
         <size>0x1d</size>
         <input_file_ref idref="fl-24"/>
      </object_component>
      <object_component id="oc-15a">
         <name>.text</name>
         <load_address>0x3f1aae</load_address>
         <run_address>0x3f1aae</run_address>
         <size>0x1d</size>
         <input_file_ref idref="fl-37"/>
      </object_component>
      <object_component id="oc-27e">
         <name>.text:_ti_sysbios_family_c28_Hwi_switchAndDispatch__I</name>
         <load_address>0x3f1acb</load_address>
         <run_address>0x3f1acb</run_address>
         <size>0x1b</size>
         <input_file_ref idref="fl-12"/>
      </object_component>
      <object_component id="oc-232">
         <name>.text:_ti_sysbios_hal_Hwi_checkStack</name>
         <load_address>0x3f1ae6</load_address>
         <run_address>0x3f1ae6</run_address>
         <size>0x1b</size>
         <input_file_ref idref="fl-11"/>
      </object_component>
      <object_component id="oc-27a">
         <name>.text:_ti_sysbios_knl_Task_processVitalTaskFlag__I</name>
         <load_address>0x3f1b01</load_address>
         <run_address>0x3f1b01</run_address>
         <size>0x1b</size>
         <input_file_ref idref="fl-11"/>
      </object_component>
      <object_component id="oc-1cb">
         <name>.text:_ti_sysbios_knl_Task_restore__E</name>
         <load_address>0x3f1b1c</load_address>
         <run_address>0x3f1b1c</run_address>
         <size>0x1b</size>
         <input_file_ref idref="fl-11"/>
      </object_component>
      <object_component id="oc-24d">
         <name>.text:_xdc_runtime_SysMin_output__I</name>
         <load_address>0x3f1b37</load_address>
         <run_address>0x3f1b37</run_address>
         <size>0x1b</size>
         <input_file_ref idref="fl-9"/>
      </object_component>
      <object_component id="oc-1d0">
         <name>.text:_ti_sysbios_hal_Hwi_initStack</name>
         <load_address>0x3f1b52</load_address>
         <run_address>0x3f1b52</run_address>
         <size>0x1a</size>
         <input_file_ref idref="fl-11"/>
      </object_component>
      <object_component id="oc-198">
         <name>.text:_xdc_runtime_Core_assignLabel__I</name>
         <load_address>0x3f1b6c</load_address>
         <run_address>0x3f1b6c</run_address>
         <size>0x1a</size>
         <input_file_ref idref="fl-1a"/>
      </object_component>
      <object_component id="oc-265">
         <name>.text:_xdc_runtime_System_avprintf__E</name>
         <load_address>0x3f1b86</load_address>
         <run_address>0x3f1b86</run_address>
         <size>0x1a</size>
         <input_file_ref idref="fl-23"/>
      </object_component>
      <object_component id="oc-1b0">
         <name>.text:_ti_sysbios_knl_Swi_restore__E</name>
         <load_address>0x3f1ba0</load_address>
         <run_address>0x3f1ba0</run_address>
         <size>0x19</size>
         <input_file_ref idref="fl-11"/>
      </object_component>
      <object_component id="oc-1c0">
         <name>.text:_xdc_runtime_System_vprintf__E</name>
         <load_address>0x3f1bb9</load_address>
         <run_address>0x3f1bb9</run_address>
         <size>0x19</size>
         <input_file_ref idref="fl-23"/>
      </object_component>
      <object_component id="oc-148">
         <name>.text</name>
         <load_address>0x3f1bd2</load_address>
         <run_address>0x3f1bd2</run_address>
         <size>0x19</size>
         <input_file_ref idref="fl-3c"/>
      </object_component>
      <object_component id="oc-1f9">
         <name>.text:_ti_sysbios_family_xxx_Hwi_switchAndRunFunc</name>
         <load_address>0x3f1beb</load_address>
         <run_address>0x3f1beb</run_address>
         <size>0x18</size>
         <input_file_ref idref="fl-12"/>
      </object_component>
      <object_component id="oc-20f">
         <name>.text:_xdc_runtime_Memory_valloc__E</name>
         <load_address>0x3f1c03</load_address>
         <run_address>0x3f1c03</run_address>
         <size>0x18</size>
         <input_file_ref idref="fl-21"/>
      </object_component>
      <object_component id="oc-230">
         <name>.text:_xdc_runtime_System_putchar__I</name>
         <load_address>0x3f1c1b</load_address>
         <run_address>0x3f1c1b</run_address>
         <size>0x18</size>
         <input_file_ref idref="fl-23"/>
      </object_component>
      <object_component id="oc-173">
         <name>.text:_ti_sysbios_family_c28_Timer_startup__E</name>
         <load_address>0x3f1c33</load_address>
         <run_address>0x3f1c33</run_address>
         <size>0x17</size>
         <input_file_ref idref="fl-11"/>
      </object_component>
      <object_component id="oc-27c">
         <name>.text:_ti_sysbios_knl_Task_unblockI__E</name>
         <load_address>0x3f1c4a</load_address>
         <run_address>0x3f1c4a</run_address>
         <size>0x17</size>
         <input_file_ref idref="fl-11"/>
      </object_component>
      <object_component id="oc-244">
         <name>.text:_xdc_runtime_LoggerBuf_Module_startup__E</name>
         <load_address>0x3f1c61</load_address>
         <run_address>0x3f1c61</run_address>
         <size>0x17</size>
         <input_file_ref idref="fl-20"/>
      </object_component>
      <object_component id="oc-242">
         <name>.text:_xdc_runtime_SysMin_abort__E</name>
         <load_address>0x3f1c78</load_address>
         <run_address>0x3f1c78</run_address>
         <size>0x17</size>
         <input_file_ref idref="fl-24"/>
      </object_component>
      <object_component id="oc-171">
         <name>.text:_ti_sysbios_BIOS_atExitFunc__I</name>
         <load_address>0x3f1c8f</load_address>
         <run_address>0x3f1c8f</run_address>
         <size>0x16</size>
         <input_file_ref idref="fl-9"/>
      </object_component>
      <object_component id="oc-249">
         <name>.text:_ti_sysbios_family_c28_Timer_Module_startup__E</name>
         <load_address>0x3f1ca5</load_address>
         <run_address>0x3f1ca5</run_address>
         <size>0x16</size>
         <input_file_ref idref="fl-11"/>
      </object_component>
      <object_component id="oc-1f5">
         <name>.text:_xdc_runtime_LoggerBuf_reset__E</name>
         <load_address>0x3f1cbb</load_address>
         <run_address>0x3f1cbb</run_address>
         <size>0x16</size>
         <input_file_ref idref="fl-20"/>
      </object_component>
      <object_component id="oc-24a">
         <name>.text:_ti_sysbios_knl_Swi_Module_startup__E</name>
         <load_address>0x3f1cd1</load_address>
         <run_address>0x3f1cd1</run_address>
         <size>0x15</size>
         <input_file_ref idref="fl-11"/>
      </object_component>
      <object_component id="oc-27f">
         <name>.text:_ti_sysbios_knl_Task_restoreHwi__E</name>
         <load_address>0x3f1ce6</load_address>
         <run_address>0x3f1ce6</run_address>
         <size>0x15</size>
         <input_file_ref idref="fl-11"/>
      </object_component>
      <object_component id="oc-276">
         <name>.text:_xdc_runtime_Text_printVisFxn__I</name>
         <load_address>0x3f1cfb</load_address>
         <run_address>0x3f1cfb</run_address>
         <size>0x15</size>
         <input_file_ref idref="fl-25"/>
      </object_component>
      <object_component id="oc-18a">
         <name>.text:_ti_sysbios_knl_Idle_run__E</name>
         <load_address>0x3f1d10</load_address>
         <run_address>0x3f1d10</run_address>
         <size>0x14</size>
         <input_file_ref idref="fl-11"/>
      </object_component>
      <object_component id="oc-14f">
         <name>.text:_ti_sysbios_BIOS_startFunc__I</name>
         <load_address>0x3f1d24</load_address>
         <run_address>0x3f1d24</run_address>
         <size>0x13</size>
         <input_file_ref idref="fl-9"/>
      </object_component>
      <object_component id="oc-165">
         <name>.text:_ti_sysbios_gates_GateHwi_Object__delete__S</name>
         <load_address>0x3f1d37</load_address>
         <run_address>0x3f1d37</run_address>
         <size>0x12</size>
         <input_file_ref idref="fl-9"/>
      </object_component>
      <object_component id="oc-183">
         <name>.text:_xdc_runtime_LoggerBuf_Object__delete__S</name>
         <load_address>0x3f1d49</load_address>
         <run_address>0x3f1d49</run_address>
         <size>0x12</size>
         <input_file_ref idref="fl-9"/>
      </object_component>
      <object_component id="oc-16d">
         <name>.text:_xdc_runtime_HeapStd_Object__delete__S</name>
         <load_address>0x3f1d5b</load_address>
         <run_address>0x3f1d5b</run_address>
         <size>0x11</size>
         <input_file_ref idref="fl-9"/>
      </object_component>
      <object_component id="oc-1df">
         <name>.text:_xdc_runtime_Text_cordText__E</name>
         <load_address>0x3f1d6c</load_address>
         <run_address>0x3f1d6c</run_address>
         <size>0x11</size>
         <input_file_ref idref="fl-25"/>
      </object_component>
      <object_component id="oc-39">
         <name>.text</name>
         <load_address>0x3f1d7d</load_address>
         <run_address>0x3f1d7d</run_address>
         <size>0x10</size>
         <input_file_ref idref="fl-2"/>
      </object_component>
      <object_component id="oc-268">
         <name>.text:_ti_sysbios_family_c28_Timer_stop__E</name>
         <load_address>0x3f1d8d</load_address>
         <run_address>0x3f1d8d</run_address>
         <size>0x10</size>
         <input_file_ref idref="fl-11"/>
      </object_component>
      <object_component id="oc-1f2">
         <name>.text:_ti_sysbios_family_c28_TimestampProvider_get64__E</name>
         <load_address>0x3f1d9d</load_address>
         <run_address>0x3f1d9d</run_address>
         <size>0x10</size>
         <input_file_ref idref="fl-11"/>
      </object_component>
      <object_component id="oc-1c9">
         <name>.text:_ti_sysbios_knl_Task_enabled__E</name>
         <load_address>0x3f1dad</load_address>
         <run_address>0x3f1dad</run_address>
         <size>0x10</size>
         <input_file_ref idref="fl-11"/>
      </object_component>
      <object_component id="oc-246">
         <name>.text:_xdc_runtime_SysMin_Module_startup__E</name>
         <load_address>0x3f1dbd</load_address>
         <run_address>0x3f1dbd</run_address>
         <size>0x10</size>
         <input_file_ref idref="fl-24"/>
      </object_component>
      <object_component id="oc-158">
         <name>.text:.bootCodeSection:_ti_catalog_c2800_init_Boot_disableWatchdog</name>
         <load_address>0x3f1dcd</load_address>
         <run_address>0x3f1dcd</run_address>
         <size>0xf</size>
         <input_file_ref idref="fl-16"/>
      </object_component>
      <object_component id="oc-157">
         <name>.text:_xdc_runtime_Error_raiseX__E</name>
         <load_address>0x3f1ddc</load_address>
         <run_address>0x3f1ddc</run_address>
         <size>0xf</size>
         <input_file_ref idref="fl-1c"/>
      </object_component>
      <object_component id="oc-274">
         <name>.text:_xdc_runtime_Registry_findById__E</name>
         <load_address>0x3f1deb</load_address>
         <run_address>0x3f1deb</run_address>
         <size>0xf</size>
         <input_file_ref idref="fl-28"/>
      </object_component>
      <object_component id="oc-233">
         <name>.text:_ti_sysbios_BIOS_errorRaiseHook__I</name>
         <load_address>0x3f1dfa</load_address>
         <run_address>0x3f1dfa</run_address>
         <size>0xe</size>
         <input_file_ref idref="fl-9"/>
      </object_component>
      <object_component id="oc-25b">
         <name>.text:_ti_sysbios_knl_Swi_Object__get__S</name>
         <load_address>0x3f1e08</load_address>
         <run_address>0x3f1e08</run_address>
         <size>0xe</size>
         <input_file_ref idref="fl-9"/>
      </object_component>
      <object_component id="oc-25e">
         <name>.text:_ti_sysbios_knl_Task_Object__get__S</name>
         <load_address>0x3f1e16</load_address>
         <run_address>0x3f1e16</run_address>
         <size>0xe</size>
         <input_file_ref idref="fl-9"/>
      </object_component>
      <object_component id="oc-255">
         <name>.text:_xdc_runtime_LoggerBuf_Object__get__S</name>
         <load_address>0x3f1e24</load_address>
         <run_address>0x3f1e24</run_address>
         <size>0xe</size>
         <input_file_ref idref="fl-9"/>
      </object_component>
      <object_component id="oc-278">
         <name>.text:_ti_sysbios_family_c28_Hwi_dispatchC__I</name>
         <load_address>0x3f1e32</load_address>
         <run_address>0x3f1e32</run_address>
         <size>0xd</size>
         <input_file_ref idref="fl-11"/>
      </object_component>
      <object_component id="oc-23b">
         <name>.text:_ti_sysbios_family_c28_TaskSupport_checkStack__E</name>
         <load_address>0x3f1e3f</load_address>
         <run_address>0x3f1e3f</run_address>
         <size>0xd</size>
         <input_file_ref idref="fl-11"/>
      </object_component>
      <object_component id="oc-225">
         <name>.text:_ti_sysbios_family_c28_TaskSupport_swap__E</name>
         <load_address>0x3f1e4c</load_address>
         <run_address>0x3f1e4c</run_address>
         <size>0xd</size>
         <input_file_ref idref="fl-15"/>
      </object_component>
      <object_component id="oc-166">
         <name>.text:_ti_sysbios_gates_GateHwi_Handle__label__S</name>
         <load_address>0x3f1e59</load_address>
         <run_address>0x3f1e59</run_address>
         <size>0xd</size>
         <input_file_ref idref="fl-9"/>
      </object_component>
      <object_component id="oc-26b">
         <name>.text:_ti_sysbios_knl_Task_enter__I</name>
         <load_address>0x3f1e66</load_address>
         <run_address>0x3f1e66</run_address>
         <size>0xd</size>
         <input_file_ref idref="fl-11"/>
      </object_component>
      <object_component id="oc-227">
         <name>.text:_xdc_runtime_Error_check__E</name>
         <load_address>0x3f1e73</load_address>
         <run_address>0x3f1e73</run_address>
         <size>0xd</size>
         <input_file_ref idref="fl-1c"/>
      </object_component>
      <object_component id="oc-16e">
         <name>.text:_xdc_runtime_HeapStd_Handle__label__S</name>
         <load_address>0x3f1e80</load_address>
         <run_address>0x3f1e80</run_address>
         <size>0xd</size>
         <input_file_ref idref="fl-9"/>
      </object_component>
      <object_component id="oc-184">
         <name>.text:_xdc_runtime_LoggerBuf_Handle__label__S</name>
         <load_address>0x3f1e8d</load_address>
         <run_address>0x3f1e8d</run_address>
         <size>0xd</size>
         <input_file_ref idref="fl-9"/>
      </object_component>
      <object_component id="oc-207">
         <name>.text:_xdc_runtime_System_abort__E</name>
         <load_address>0x3f1e9a</load_address>
         <run_address>0x3f1e9a</run_address>
         <size>0xd</size>
         <input_file_ref idref="fl-23"/>
      </object_component>
      <object_component id="oc-280">
         <name>.text:_ti_sysbios_family_c28_Hwi_disableIER__E</name>
         <load_address>0x3f1ea7</load_address>
         <run_address>0x3f1ea7</run_address>
         <size>0xc</size>
         <input_file_ref idref="fl-9"/>
      </object_component>
      <object_component id="oc-270">
         <name>.text:_ti_sysbios_knl_Queue_put__E</name>
         <load_address>0x3f1eb3</load_address>
         <run_address>0x3f1eb3</run_address>
         <size>0xc</size>
         <input_file_ref idref="fl-11"/>
      </object_component>
      <object_component id="oc-17d">
         <name>.text:_xdc_runtime_LoggerBuf_write2__E</name>
         <load_address>0x3f1ebf</load_address>
         <run_address>0x3f1ebf</run_address>
         <size>0xc</size>
         <input_file_ref idref="fl-20"/>
      </object_component>
      <object_component id="oc-1d4">
         <name>.text:_xdc_runtime_SysMin_exit__E</name>
         <load_address>0x3f1ecb</load_address>
         <run_address>0x3f1ecb</run_address>
         <size>0xc</size>
         <input_file_ref idref="fl-24"/>
      </object_component>
      <object_component id="oc-22b">
         <name>.text</name>
         <load_address>0x3f1ed7</load_address>
         <run_address>0x3f1ed7</run_address>
         <size>0xc</size>
         <input_file_ref idref="fl-3d"/>
      </object_component>
      <object_component id="oc-261">
         <name>.text:_ti_sysbios_family_c28_Hwi_Module__startupDone__F</name>
         <load_address>0x3f1ee3</load_address>
         <run_address>0x3f1ee3</run_address>
         <size>0xb</size>
         <input_file_ref idref="fl-9"/>
      </object_component>
      <object_component id="oc-258">
         <name>.text:_ti_sysbios_family_c28_Hwi_Object__get__S</name>
         <load_address>0x3f1eee</load_address>
         <run_address>0x3f1eee</run_address>
         <size>0xb</size>
         <input_file_ref idref="fl-9"/>
      </object_component>
      <object_component id="oc-219">
         <name>.text:_ti_sysbios_family_c28_Hwi_enableIER__E</name>
         <load_address>0x3f1ef9</load_address>
         <run_address>0x3f1ef9</run_address>
         <size>0xb</size>
         <input_file_ref idref="fl-9"/>
      </object_component>
      <object_component id="oc-26d">
         <name>.text:_ti_sysbios_knl_Queue_Object__get__S</name>
         <load_address>0x3f1f04</load_address>
         <run_address>0x3f1f04</run_address>
         <size>0xb</size>
         <input_file_ref idref="fl-9"/>
      </object_component>
      <object_component id="oc-1bf">
         <name>.text:_xdc_runtime_LoggerBuf_Instance_finalize__E</name>
         <load_address>0x3f1f0f</load_address>
         <run_address>0x3f1f0f</run_address>
         <size>0xb</size>
         <input_file_ref idref="fl-20"/>
      </object_component>
      <object_component id="oc-17c">
         <name>.text:_xdc_runtime_LoggerBuf_write1__E</name>
         <load_address>0x3f1f1a</load_address>
         <run_address>0x3f1f1a</run_address>
         <size>0xb</size>
         <input_file_ref idref="fl-20"/>
      </object_component>
      <object_component id="oc-1de">
         <name>.text:_xdc_runtime_Memory_free__E</name>
         <load_address>0x3f1f25</load_address>
         <run_address>0x3f1f25</run_address>
         <size>0xb</size>
         <input_file_ref idref="fl-21"/>
      </object_component>
      <object_component id="oc-149">
         <name>.text:_xdc_runtime_System_exit__E</name>
         <load_address>0x3f1f30</load_address>
         <run_address>0x3f1f30</run_address>
         <size>0xb</size>
         <input_file_ref idref="fl-23"/>
      </object_component>
      <object_component id="oc-150">
         <name>.text:_ti_sysbios_BIOS_exitFunc__I</name>
         <load_address>0x3f1f3b</load_address>
         <run_address>0x3f1f3b</run_address>
         <size>0xa</size>
         <input_file_ref idref="fl-9"/>
      </object_component>
      <object_component id="oc-1ba">
         <name>.text:_xdc_runtime_Error_init__E</name>
         <load_address>0x3f1f45</load_address>
         <run_address>0x3f1f45</run_address>
         <size>0xa</size>
         <input_file_ref idref="fl-1c"/>
      </object_component>
      <object_component id="oc-17b">
         <name>.text:_xdc_runtime_LoggerBuf_write0__E</name>
         <load_address>0x3f1f4f</load_address>
         <run_address>0x3f1f4f</run_address>
         <size>0xa</size>
         <input_file_ref idref="fl-20"/>
      </object_component>
      <object_component id="oc-277">
         <name>.text:_xdc_runtime_System_vsnprintf__E</name>
         <load_address>0x3f1f59</load_address>
         <run_address>0x3f1f59</run_address>
         <size>0xa</size>
         <input_file_ref idref="fl-23"/>
      </object_component>
      <object_component id="oc-1e4">
         <name>.text:_xdc_runtime_Text_ropeText__E</name>
         <load_address>0x3f1f63</load_address>
         <run_address>0x3f1f63</run_address>
         <size>0xa</size>
         <input_file_ref idref="fl-25"/>
      </object_component>
      <object_component id="oc-21d">
         <name>.text:_ti_sysbios_family_c28_Hwi_restoreIER__E</name>
         <load_address>0x3f1f6d</load_address>
         <run_address>0x3f1f6d</run_address>
         <size>0x9</size>
         <input_file_ref idref="fl-9"/>
      </object_component>
      <object_component id="oc-286">
         <name>.text:_ti_sysbios_family_c28_TaskSupport_glue</name>
         <load_address>0x3f1f76</load_address>
         <run_address>0x3f1f76</run_address>
         <size>0x9</size>
         <input_file_ref idref="fl-15"/>
      </object_component>
      <object_component id="oc-24c">
         <name>.text:_ti_sysbios_hal_Hwi_Module_startup__E</name>
         <load_address>0x3f1f7f</load_address>
         <run_address>0x3f1f7f</run_address>
         <size>0x9</size>
         <input_file_ref idref="fl-11"/>
      </object_component>
      <object_component id="oc-26c">
         <name>.text:_ti_sysbios_knl_Task_SupportProxy_start__E</name>
         <load_address>0x3f1f88</load_address>
         <run_address>0x3f1f88</run_address>
         <size>0x9</size>
         <input_file_ref idref="fl-9"/>
      </object_component>
      <object_component id="oc-26e">
         <name>.text:_ti_sysbios_knl_Task_unblock__E</name>
         <load_address>0x3f1f91</load_address>
         <run_address>0x3f1f91</run_address>
         <size>0x9</size>
         <input_file_ref idref="fl-11"/>
      </object_component>
      <object_component id="oc-18f">
         <name>.text:_xdc_runtime_Startup_exec__I</name>
         <load_address>0x3f1f9a</load_address>
         <run_address>0x3f1f9a</run_address>
         <size>0x9</size>
         <input_file_ref idref="fl-9"/>
      </object_component>
      <object_component id="oc-27d">
         <name>.text:_xdc_runtime_Text_visitRope__I</name>
         <load_address>0x3f1fa3</load_address>
         <run_address>0x3f1fa3</run_address>
         <size>0x9</size>
         <input_file_ref idref="fl-9"/>
      </object_component>
      <object_component id="oc-1a9">
         <name>.text</name>
         <load_address>0x3f1fac</load_address>
         <run_address>0x3f1fac</run_address>
         <size>0x9</size>
         <input_file_ref idref="fl-3b"/>
      </object_component>
      <object_component id="oc-177">
         <name>.text:_ti_sysbios_BIOS_setThreadType__E</name>
         <load_address>0x3f1fb5</load_address>
         <run_address>0x3f1fb5</run_address>
         <size>0x8</size>
         <input_file_ref idref="fl-11"/>
      </object_component>
      <object_component id="oc-228">
         <name>.text:_xdc_runtime_IHeap_alloc</name>
         <load_address>0x3f1fbd</load_address>
         <run_address>0x3f1fbd</run_address>
         <size>0x8</size>
         <input_file_ref idref="fl-9"/>
      </object_component>
      <object_component id="oc-1dd">
         <name>.text:_xdc_runtime_Memory_calloc__E</name>
         <load_address>0x3f1fc5</load_address>
         <run_address>0x3f1fc5</run_address>
         <size>0x8</size>
         <input_file_ref idref="fl-21"/>
      </object_component>
      <object_component id="oc-22c">
         <name>.text:_xdc_runtime_SysMin_ready__E</name>
         <load_address>0x3f1fcd</load_address>
         <run_address>0x3f1fcd</run_address>
         <size>0x8</size>
         <input_file_ref idref="fl-24"/>
      </object_component>
      <object_component id="oc-22e">
         <name>.text</name>
         <load_address>0x3f1fd5</load_address>
         <run_address>0x3f1fd5</run_address>
         <size>0x8</size>
         <input_file_ref idref="fl-3f"/>
      </object_component>
      <object_component id="oc-144">
         <name>.text:.bootCodeSection:_ti_catalog_c2800_init_Boot_init</name>
         <load_address>0x3f1fdd</load_address>
         <run_address>0x3f1fdd</run_address>
         <size>0x7</size>
         <input_file_ref idref="fl-9"/>
      </object_component>
      <object_component id="oc-16b">
         <name>.text:_xdc_runtime_HeapStd_getStats__E</name>
         <load_address>0x3f1fe4</load_address>
         <run_address>0x3f1fe4</run_address>
         <size>0x7</size>
         <input_file_ref idref="fl-1f"/>
      </object_component>
      <object_component id="oc-253">
         <name>.text:_xdc_runtime_System_aprintf__E</name>
         <load_address>0x3f1feb</load_address>
         <run_address>0x3f1feb</run_address>
         <size>0x7</size>
         <input_file_ref idref="fl-9"/>
      </object_component>
      <object_component id="oc-185">
         <name>.text:_xdc_runtime_System_printf__E</name>
         <load_address>0x3f1ff2</load_address>
         <run_address>0x3f1ff2</run_address>
         <size>0x7</size>
         <input_file_ref idref="fl-9"/>
      </object_component>
      <object_component id="oc-187">
         <name>.text:_ti_sysbios_BIOS_start__E</name>
         <load_address>0x3f1ff9</load_address>
         <run_address>0x3f1ff9</run_address>
         <size>0x6</size>
         <input_file_ref idref="fl-11"/>
      </object_component>
      <object_component id="oc-1ee">
         <name>.text:_ti_sysbios_family_c28_IntrinsicsSupport_maxbit__E</name>
         <load_address>0x3f1fff</load_address>
         <run_address>0x3f1fff</run_address>
         <size>0x6</size>
         <input_file_ref idref="fl-14"/>
      </object_component>
      <object_component id="oc-153">
         <name>.text:_ti_sysbios_family_c28_TimestampProvider_rolloverFunc__E</name>
         <load_address>0x3f2005</load_address>
         <run_address>0x3f2005</run_address>
         <size>0x6</size>
         <input_file_ref idref="fl-11"/>
      </object_component>
      <object_component id="oc-1cf">
         <name>.text:_ti_sysbios_family_c28_TimestampProvider_startTimer__E</name>
         <load_address>0x3f200b</load_address>
         <run_address>0x3f200b</run_address>
         <size>0x6</size>
         <input_file_ref idref="fl-11"/>
      </object_component>
      <object_component id="oc-1a7">
         <name>.text:_ti_sysbios_knl_Swi_disable__E</name>
         <load_address>0x3f2011</load_address>
         <run_address>0x3f2011</run_address>
         <size>0x6</size>
         <input_file_ref idref="fl-11"/>
      </object_component>
      <object_component id="oc-1a8">
         <name>.text:_ti_sysbios_knl_Task_disable__E</name>
         <load_address>0x3f2017</load_address>
         <run_address>0x3f2017</run_address>
         <size>0x6</size>
         <input_file_ref idref="fl-11"/>
      </object_component>
      <object_component id="oc-190">
         <name>.text:_xdc_runtime_Gate_enterSystem__E</name>
         <load_address>0x3f201d</load_address>
         <run_address>0x3f201d</run_address>
         <size>0x6</size>
         <input_file_ref idref="fl-1d"/>
      </object_component>
      <object_component id="oc-1a1">
         <name>.text:_xdc_runtime_Gate_leaveSystem__E</name>
         <load_address>0x3f2023</load_address>
         <run_address>0x3f2023</run_address>
         <size>0x6</size>
         <input_file_ref idref="fl-1d"/>
      </object_component>
      <object_component id="oc-179">
         <name>.text:_xdc_runtime_LoggerBuf_enable__E</name>
         <load_address>0x3f2029</load_address>
         <run_address>0x3f2029</run_address>
         <size>0x6</size>
         <input_file_ref idref="fl-20"/>
      </object_component>
      <object_component id="oc-224">
         <name>.text:_ti_sysbios_family_c28_Hwi_switchFromBootStack__E</name>
         <load_address>0x3f202f</load_address>
         <run_address>0x3f202f</run_address>
         <size>0x5</size>
         <input_file_ref idref="fl-11"/>
      </object_component>
      <object_component id="oc-162">
         <name>.text:_ti_sysbios_gates_GateHwi_enter__E</name>
         <load_address>0x3f2034</load_address>
         <run_address>0x3f2034</run_address>
         <size>0x5</size>
         <input_file_ref idref="fl-11"/>
      </object_component>
      <object_component id="oc-17a">
         <name>.text:_xdc_runtime_LoggerBuf_disable__E</name>
         <load_address>0x3f2039</load_address>
         <run_address>0x3f2039</run_address>
         <size>0x5</size>
         <input_file_ref idref="fl-20"/>
      </object_component>
      <object_component id="oc-1af">
         <name>.text:_ti_sysbios_family_c28_Hwi_startup__E</name>
         <load_address>0x3f203e</load_address>
         <run_address>0x3f203e</run_address>
         <size>0x4</size>
         <input_file_ref idref="fl-9"/>
      </object_component>
      <object_component id="oc-175">
         <name>.text:_ti_sysbios_knl_Swi_startup__E</name>
         <load_address>0x3f2042</load_address>
         <run_address>0x3f2042</run_address>
         <size>0x4</size>
         <input_file_ref idref="fl-11"/>
      </object_component>
      <object_component id="oc-211">
         <name>.text:_xdc_runtime_IHeap_free</name>
         <load_address>0x3f2046</load_address>
         <run_address>0x3f2046</run_address>
         <size>0x4</size>
         <input_file_ref idref="fl-9"/>
      </object_component>
      <object_component id="oc-1a0">
         <name>.text:_xdc_runtime_Memory_getMaxDefaultTypeAlign__E</name>
         <load_address>0x3f204a</load_address>
         <run_address>0x3f204a</run_address>
         <size>0x4</size>
         <input_file_ref idref="fl-21"/>
      </object_component>
      <object_component id="oc-16f">
         <name>.text:_xdc_runtime_Startup_rtsDone__E</name>
         <load_address>0x3f204e</load_address>
         <run_address>0x3f204e</run_address>
         <size>0x4</size>
         <input_file_ref idref="fl-22"/>
      </object_component>
      <object_component id="oc-14a">
         <name>.text:___xdc__init</name>
         <load_address>0x3f2052</load_address>
         <run_address>0x3f2052</run_address>
         <size>0x3</size>
         <input_file_ref idref="fl-26"/>
      </object_component>
      <object_component id="oc-18c">
         <name>.text:_ti_catalog_c2800_init_Boot_limpAbort</name>
         <load_address>0x3f2055</load_address>
         <run_address>0x3f2055</run_address>
         <size>0x3</size>
         <input_file_ref idref="fl-9"/>
      </object_component>
      <object_component id="oc-24e">
         <name>.text:_ti_sysbios_family_c28_Hwi_getIFR__I</name>
         <load_address>0x3f2058</load_address>
         <run_address>0x3f2058</run_address>
         <size>0x3</size>
         <input_file_ref idref="fl-12"/>
      </object_component>
      <object_component id="oc-247">
         <name>.text:_ti_sysbios_family_c28_TimestampProvider_Module_startup__E</name>
         <load_address>0x3f205b</load_address>
         <run_address>0x3f205b</run_address>
         <size>0x3</size>
         <input_file_ref idref="fl-11"/>
      </object_component>
      <object_component id="oc-163">
         <name>.text:_ti_sysbios_gates_GateHwi_leave__E</name>
         <load_address>0x3f205e</load_address>
         <run_address>0x3f205e</run_address>
         <size>0x3</size>
         <input_file_ref idref="fl-11"/>
      </object_component>
      <object_component id="oc-208">
         <name>.text:_ti_sysbios_hal_Hwi_HwiProxy_getStackInfo__E</name>
         <load_address>0x3f2061</load_address>
         <run_address>0x3f2061</run_address>
         <size>0x3</size>
         <input_file_ref idref="fl-9"/>
      </object_component>
      <object_component id="oc-1f0">
         <name>.text:_ti_sysbios_hal_Hwi_HwiProxy_switchFromBootStack__E</name>
         <load_address>0x3f2064</load_address>
         <run_address>0x3f2064</run_address>
         <size>0x3</size>
         <input_file_ref idref="fl-9"/>
      </object_component>
      <object_component id="oc-174">
         <name>.text:_ti_sysbios_hal_Hwi_startup__E</name>
         <load_address>0x3f2067</load_address>
         <run_address>0x3f2067</run_address>
         <size>0x3</size>
         <input_file_ref idref="fl-11"/>
      </object_component>
      <object_component id="oc-154">
         <name>.text:_ti_sysbios_knl_Idle_loop__E</name>
         <load_address>0x3f206a</load_address>
         <run_address>0x3f206a</run_address>
         <size>0x3</size>
         <input_file_ref idref="fl-11"/>
      </object_component>
      <object_component id="oc-220">
         <name>.text:_ti_sysbios_knl_Task_SupportProxy_checkStack__E</name>
         <load_address>0x3f206d</load_address>
         <run_address>0x3f206d</run_address>
         <size>0x3</size>
         <input_file_ref idref="fl-9"/>
      </object_component>
      <object_component id="oc-1f1">
         <name>.text:_ti_sysbios_knl_Task_SupportProxy_swap__E</name>
         <load_address>0x3f2070</load_address>
         <run_address>0x3f2070</run_address>
         <size>0x3</size>
         <input_file_ref idref="fl-9"/>
      </object_component>
      <object_component id="oc-176">
         <name>.text:_ti_sysbios_knl_Task_startup__E</name>
         <load_address>0x3f2073</load_address>
         <run_address>0x3f2073</run_address>
         <size>0x3</size>
         <input_file_ref idref="fl-11"/>
      </object_component>
      <object_component id="oc-1b7">
         <name>.text:_xdc_runtime_LoggerBuf_Module_GateProxy_enter__E</name>
         <load_address>0x3f2076</load_address>
         <run_address>0x3f2076</run_address>
         <size>0x3</size>
         <input_file_ref idref="fl-9"/>
      </object_component>
      <object_component id="oc-1b9">
         <name>.text:_xdc_runtime_LoggerBuf_Module_GateProxy_leave__E</name>
         <load_address>0x3f2079</load_address>
         <run_address>0x3f2079</run_address>
         <size>0x3</size>
         <input_file_ref idref="fl-9"/>
      </object_component>
      <object_component id="oc-1b8">
         <name>.text:_xdc_runtime_LoggerBuf_TimestampProxy_get64__E</name>
         <load_address>0x3f207c</load_address>
         <run_address>0x3f207c</run_address>
         <size>0x3</size>
         <input_file_ref idref="fl-9"/>
      </object_component>
      <object_component id="oc-1d3">
         <name>.text:_xdc_runtime_System_Module_GateProxy_enter__E</name>
         <load_address>0x3f207f</load_address>
         <run_address>0x3f207f</run_address>
         <size>0x3</size>
         <input_file_ref idref="fl-9"/>
      </object_component>
      <object_component id="oc-1e6">
         <name>.text:_xdc_runtime_System_Module_GateProxy_leave__E</name>
         <load_address>0x3f2082</load_address>
         <run_address>0x3f2082</run_address>
         <size>0x3</size>
         <input_file_ref idref="fl-9"/>
      </object_component>
      <object_component id="oc-245">
         <name>.text:_xdc_runtime_System_Module_startup__E</name>
         <load_address>0x3f2085</load_address>
         <run_address>0x3f2085</run_address>
         <size>0x3</size>
         <input_file_ref idref="fl-23"/>
      </object_component>
      <object_component id="oc-234">
         <name>.text:_xdc_runtime_System_SupportProxy_abort__E</name>
         <load_address>0x3f2088</load_address>
         <run_address>0x3f2088</run_address>
         <size>0x3</size>
         <input_file_ref idref="fl-9"/>
      </object_component>
      <object_component id="oc-191">
         <name>.text:_xdc_runtime_System_SupportProxy_exit__E</name>
         <load_address>0x3f208b</load_address>
         <run_address>0x3f208b</run_address>
         <size>0x3</size>
         <input_file_ref idref="fl-9"/>
      </object_component>
      <object_component id="oc-23e">
         <name>.text:_xdc_runtime_System_SupportProxy_putch__E</name>
         <load_address>0x3f208e</load_address>
         <run_address>0x3f208e</run_address>
         <size>0x3</size>
         <input_file_ref idref="fl-9"/>
      </object_component>
      <object_component id="oc-1f6">
         <name>.text:_xdc_runtime_System_SupportProxy_ready__E</name>
         <load_address>0x3f2091</load_address>
         <run_address>0x3f2091</run_address>
         <size>0x3</size>
         <input_file_ref idref="fl-9"/>
      </object_component>
      <object_component id="oc-243">
         <name>.text:_xdc_runtime_System_abortStd__E</name>
         <load_address>0x3f2094</load_address>
         <run_address>0x3f2094</run_address>
         <size>0x3</size>
         <input_file_ref idref="fl-23"/>
      </object_component>
      <object_component id="oc-192">
         <name>.text:_xdc_runtime_System_exitStd__E</name>
         <load_address>0x3f2097</load_address>
[...]
         <value>0x3f0c0f</value>
         <object_component_ref idref="oc-266"/>
      </symbol>
      <symbol id="sm-6d4">
         <name>_ti_sysbios_family_c28_Hwi_dispatchPie</name>
         <value>0x3f0c6c</value>
         <object_component_ref idref="oc-266"/>
      </symbol>
      <symbol id="sm-6e0">
         <name>_ti_sysbios_family_c28_IntrinsicsSupport_maxbit__E</name>
         <value>0x3f1fff</value>
         <object_component_ref idref="oc-1ee"/>
      </symbol>
      <symbol id="sm-6f0">
         <name>_ti_sysbios_family_c28_TaskSupport_buildTaskStack</name>
         <value>0x3f1a57</value>
         <object_component_ref idref="oc-283"/>
      </symbol>
      <symbol id="sm-6f1">
         <name>_ti_sysbios_family_c28_TaskSupport_swap__E</name>
         <value>0x3f1e4c</value>
         <object_component_ref idref="oc-225"/>
      </symbol>
      <symbol id="sm-6f2">
         <name>_ti_sysbios_family_c28_TaskSupport_glue</name>
         <value>0x3f1f76</value>
         <object_component_ref idref="oc-286"/>
      </symbol>
      <symbol id="sm-705">
         <name>_ti_catalog_c2800_init_Boot_configurePll2802x</name>
         <value>0x3f1625</value>
         <object_component_ref idref="oc-159"/>
      </symbol>
      <symbol id="sm-706">
         <name>_ti_catalog_c2800_init_Boot_disableWatchdog</name>
         <value>0x3f1dcd</value>
         <object_component_ref idref="oc-158"/>
      </symbol>
      <symbol id="sm-707">
         <name>_ti_catalog_c2800_init_Boot_defaultLimpAbortFunction</name>
         <value>0x3f209c</value>
         <object_component_ref idref="oc-1ce"/>
      </symbol>
      <symbol id="sm-71c">
         <name>_xdc_runtime_Assert_raise__I</name>
         <value>0x3f170a</value>
         <object_component_ref idref="oc-19e"/>
      </symbol>
      <symbol id="sm-73c">
         <name>_xdc_runtime_Core_deleteObject__I</name>
         <value>0x3f1323</value>
         <object_component_ref idref="oc-197"/>
      </symbol>
      <symbol id="sm-73d">
         <name>_xdc_runtime_Core_createObject__I</name>
         <value>0x3f09c2</value>
         <object_component_ref idref="oc-195"/>
      </symbol>
      <symbol id="sm-755">
         <name>_xdc_runtime_Core_assignLabel__I</name>
         <value>0x3f1b6c</value>
         <object_component_ref idref="oc-198"/>
      </symbol>
      <symbol id="sm-763">
         <name>_xdc_runtime_Core_assignParams__I</name>
         <value>0x3f1737</value>
         <object_component_ref idref="oc-1dc"/>
      </symbol>
      <symbol id="sm-78f">
         <name>_xdc_runtime_Error_getSite__E</name>
         <value>0x3f20a2</value>
         <object_component_ref idref="oc-252"/>
      </symbol>
      <symbol id="sm-790">
         <name>_xdc_runtime_Error_print__E</name>
         <value>0x3f1597</value>
         <object_component_ref idref="oc-241"/>
      </symbol>
      <symbol id="sm-791">
         <name>_xdc_runtime_Error_policyDefault__E</name>
         <value>0x3f0b83</value>
         <object_component_ref idref="oc-1cd"/>
      </symbol>
      <symbol id="sm-792">
         <name>_xdc_runtime_Error_init__E</name>
         <value>0x3f1f45</value>
         <object_component_ref idref="oc-1ba"/>
      </symbol>
      <symbol id="sm-793">
         <name>_xdc_runtime_Error_raiseX__E</name>
         <value>0x3f1ddc</value>
         <object_component_ref idref="oc-157"/>
      </symbol>
      <symbol id="sm-794">
         <name>_xdc_runtime_Error_check__E</name>
         <value>0x3f1e73</value>
         <object_component_ref idref="oc-227"/>
      </symbol>
      <symbol id="sm-795">
         <name>_xdc_runtime_Error_setX__E</name>
         <value>0x3f1814</value>
         <object_component_ref idref="oc-1fc"/>
      </symbol>
      <symbol id="sm-7a3">
         <name>_xdc_runtime_Gate_leaveSystem__E</name>
         <value>0x3f2023</value>
         <object_component_ref idref="oc-1a1"/>
      </symbol>
      <symbol id="sm-7a4">
         <name>_xdc_runtime_Gate_enterSystem__E</name>
         <value>0x3f201d</value>
         <object_component_ref idref="oc-190"/>
      </symbol>
      <symbol id="sm-7ee">
         <name>_xdc_runtime_HeapStd_isBlocking__E</name>
         <value>0x3f20a4</value>
         <object_component_ref idref="oc-16a"/>
      </symbol>
      <symbol id="sm-7ef">
         <name>_xdc_runtime_HeapStd_getStats__E</name>
         <value>0x3f1fe4</value>
         <object_component_ref idref="oc-16b"/>
      </symbol>
      <symbol id="sm-7f0">
         <name>_xdc_runtime_HeapStd_free__E</name>
         <value>0x3f0ff3</value>
         <object_component_ref idref="oc-169"/>
      </symbol>
      <symbol id="sm-7f1">
         <name>_xdc_runtime_HeapStd_Instance_init__E</name>
         <value>0x3f0c94</value>
         <object_component_ref idref="oc-1a6"/>
      </symbol>
      <symbol id="sm-7f2">
         <name>_xdc_runtime_HeapStd_alloc__E</name>
         <value>0x3f05bb</value>
         <object_component_ref idref="oc-168"/>
      </symbol>
      <symbol id="sm-841">
         <name>_xdc_runtime_LoggerBuf_write0__E</name>
         <value>0x3f1f4f</value>
         <object_component_ref idref="oc-17b"/>
      </symbol>
      <symbol id="sm-842">
         <name>_xdc_runtime_LoggerBuf_Instance_init__E</name>
         <value>0x3f15c7</value>
         <object_component_ref idref="oc-1be"/>
      </symbol>
      <symbol id="sm-843">
         <name>_xdc_runtime_LoggerBuf_Module_startup__E</name>
         <value>0x3f1c61</value>
         <object_component_ref idref="oc-244"/>
      </symbol>
      <symbol id="sm-844">
         <name>_xdc_runtime_LoggerBuf_reset__E</name>
         <value>0x3f1cbb</value>
         <object_component_ref idref="oc-1f5"/>
      </symbol>
      <symbol id="sm-845">
         <name>_xdc_runtime_LoggerBuf_Instance_finalize__E</name>
         <value>0x3f1f0f</value>
         <object_component_ref idref="oc-1bf"/>
      </symbol>
      <symbol id="sm-846">
         <name>_xdc_runtime_LoggerBuf_write4__E</name>
         <value>0x3f0e96</value>
         <object_component_ref idref="oc-17e"/>
      </symbol>
      <symbol id="sm-847">
         <name>_xdc_runtime_LoggerBuf_getFilterLevel__E</name>
         <value>0x3f1360</value>
         <object_component_ref idref="oc-181"/>
      </symbol>
      <symbol id="sm-848">
         <name>_xdc_runtime_LoggerBuf_disable__E</name>
         <value>0x3f2039</value>
         <object_component_ref idref="oc-17a"/>
      </symbol>
      <symbol id="sm-849">
         <name>_xdc_runtime_LoggerBuf_setFilterLevel__E</name>
         <value>0x3f1451</value>
         <object_component_ref idref="oc-180"/>
      </symbol>
      <symbol id="sm-84a">
         <name>_xdc_runtime_LoggerBuf_write8__E</name>
         <value>0x3f085d</value>
         <object_component_ref idref="oc-17f"/>
      </symbol>
      <symbol id="sm-84b">
         <name>_xdc_runtime_LoggerBuf_write2__E</name>
         <value>0x3f1ebf</value>
         <object_component_ref idref="oc-17d"/>
      </symbol>
      <symbol id="sm-84c">
         <name>_xdc_runtime_LoggerBuf_filterOutEvent__I</name>
         <value>0x3f1a1b</value>
         <object_component_ref idref="oc-1b4"/>
      </symbol>
      <symbol id="sm-84d">
         <name>_xdc_runtime_LoggerBuf_write1__E</name>
         <value>0x3f1f1a</value>
         <object_component_ref idref="oc-17c"/>
      </symbol>
      <symbol id="sm-84e">
         <name>_xdc_runtime_LoggerBuf_enable__E</name>
         <value>0x3f2029</value>
         <object_component_ref idref="oc-179"/>
      </symbol>
      <symbol id="sm-869">
         <name>_xdc_runtime_Memory_calloc__E</name>
         <value>0x3f1fc5</value>
         <object_component_ref idref="oc-1dd"/>
      </symbol>
      <symbol id="sm-86a">
         <name>_xdc_runtime_Memory_free__E</name>
         <value>0x3f1f25</value>
         <object_component_ref idref="oc-1de"/>
      </symbol>
      <symbol id="sm-86b">
         <name>_xdc_runtime_Memory_valloc__E</name>
         <value>0x3f1c03</value>
         <object_component_ref idref="oc-20f"/>
      </symbol>
      <symbol id="sm-86c">
         <name>_xdc_runtime_Memory_alloc__E</name>
         <value>0x3f12e5</value>
         <object_component_ref idref="oc-1f4"/>
      </symbol>
      <symbol id="sm-86d">
         <name>_xdc_runtime_Memory_getMaxDefaultTypeAlign__E</name>
         <value>0x3f204a</value>
         <object_component_ref idref="oc-1a0"/>
      </symbol>
      <symbol id="sm-88f">
         <name>_xdc_runtime_Startup_startMods__I</name>
         <value>0x3f0f82</value>
         <object_component_ref idref="oc-1d1"/>
      </symbol>
      <symbol id="sm-890">
         <name>_xdc_runtime_Startup_rtsDone__E</name>
         <value>0x3f204e</value>
         <object_component_ref idref="oc-16f"/>
      </symbol>
      <symbol id="sm-891">
         <name>_xdc_runtime_Startup_exec__E</name>
         <value>0x3f15f6</value>
         <object_component_ref idref="oc-146"/>
      </symbol>
      <symbol id="sm-916">
         <name>_xdc_runtime_System_formatNum__I</name>
         <value>0x3f1532</value>
         <object_component_ref idref="oc-22f"/>
      </symbol>
      <symbol id="sm-917">
         <name>_xdc_runtime_System_exit__E</name>
         <value>0x3f1f30</value>
         <object_component_ref idref="oc-149"/>
      </symbol>
      <symbol id="sm-918">
         <name>_xdc_runtime_System_exitStd__E</name>
         <value>0x3f2097</value>
         <object_component_ref idref="oc-192"/>
      </symbol>
      <symbol id="sm-919">
         <name>_xdc_runtime_System_printf_va__F</name>
         <value>0x3f1bb9</value>
         <object_component_ref idref="oc-1c0"/>
      </symbol>
      <symbol id="sm-91a">
         <name>_xdc_runtime_System_atexit__E</name>
         <value>0x3f1a39</value>
         <object_component_ref idref="oc-172"/>
      </symbol>
      <symbol id="sm-91b">
         <name>_xdc_runtime_System_abortStd__E</name>
         <value>0x3f2094</value>
         <object_component_ref idref="oc-243"/>
      </symbol>
      <symbol id="sm-91c">
         <name>_xdc_runtime_System_putchar__I</name>
         <value>0x3f1c1b</value>
         <object_component_ref idref="oc-230"/>
      </symbol>
      <symbol id="sm-91d">
         <name>_xdc_runtime_System_snprintf_va__F</name>
         <value>0x3f1f59</value>
         <object_component_ref idref="oc-277"/>
      </symbol>
      <symbol id="sm-91e">
         <name>_xdc_runtime_System_Module_startup__E</name>
         <value>0x3f2085</value>
         <object_component_ref idref="oc-245"/>
      </symbol>
      <symbol id="sm-91f">
         <name>_xdc_runtime_System_avprintf__E</name>
         <value>0x3f1b86</value>
         <object_component_ref idref="oc-265"/>
      </symbol>
      <symbol id="sm-920">
         <name>_xdc_runtime_System_vprintf__E</name>
         <value>0x3f1bb9</value>
         <object_component_ref idref="oc-1c0"/>
      </symbol>
      <symbol id="sm-921">
         <name>_xdc_runtime_System_aprintf_va__F</name>
         <value>0x3f1b86</value>
         <object_component_ref idref="oc-265"/>
      </symbol>
      <symbol id="sm-922">
         <name>_xdc_runtime_System_doPrint__I</name>
         <value>0x3f0000</value>
         <object_component_ref idref="oc-1f7"/>
      </symbol>
      <symbol id="sm-923">
         <name>_xdc_runtime_System_processAtExit__E</name>
         <value>0x3f1954</value>
         <object_component_ref idref="oc-15e"/>
      </symbol>
      <symbol id="sm-924">
         <name>_xdc_runtime_System_vsnprintf__E</name>
         <value>0x3f1f59</value>
         <object_component_ref idref="oc-277"/>
      </symbol>
      <symbol id="sm-925">
         <name>_xdc_runtime_System_abort__E</name>
         <value>0x3f1e9a</value>
         <object_component_ref idref="oc-207"/>
      </symbol>
      <symbol id="sm-943">
         <name>_xdc_runtime_SysMin_abort__E</name>
         <value>0x3f1c78</value>
         <object_component_ref idref="oc-242"/>
      </symbol>
      <symbol id="sm-944">
         <name>_xdc_runtime_SysMin_ready__E</name>
         <value>0x3f1fcd</value>
         <object_component_ref idref="oc-22c"/>
      </symbol>
      <symbol id="sm-945">
         <name>_xdc_runtime_SysMin_flush__E</name>
         <value>0x3f190a</value>
         <object_component_ref idref="oc-20e"/>
      </symbol>
      <symbol id="sm-946">
         <name>_xdc_runtime_SysMin_Module_startup__E</name>
         <value>0x3f1dbd</value>
         <object_component_ref idref="oc-246"/>
      </symbol>
      <symbol id="sm-947">
         <name>_xdc_runtime_SysMin_putch__E</name>
         <value>0x3f1a91</value>
         <object_component_ref idref="oc-251"/>
      </symbol>
      <symbol id="sm-948">
         <name>_xdc_runtime_SysMin_exit__E</name>
         <value>0x3f1ecb</value>
         <object_component_ref idref="oc-1d4"/>
      </symbol>
      <symbol id="sm-98c">
         <name>_xdc_runtime_Text_putLab__E</name>
         <value>0x3f1265</value>
         <object_component_ref idref="oc-24f"/>
      </symbol>
      <symbol id="sm-98d">
         <name>_xdc_runtime_Text_printVisFxn__I</name>
         <value>0x3f1cfb</value>
         <object_component_ref idref="oc-276"/>
      </symbol>
      <symbol id="sm-98e">
         <name>_xdc_runtime_Text_putMod__E</name>
         <value>0x3f12a6</value>
         <object_component_ref idref="oc-263"/>
      </symbol>
      <symbol id="sm-98f">
         <name>_xdc_runtime_Text_cordText__E</name>
         <value>0x3f1d6c</value>
         <object_component_ref idref="oc-1df"/>
      </symbol>
      <symbol id="sm-990">
         <name>_xdc_runtime_Text_xprintf__I</name>
         <value>0x3f1890</value>
         <object_component_ref idref="oc-264"/>
      </symbol>
      <symbol id="sm-991">
         <name>_xdc_runtime_Text_visitRope2__I</name>
         <value>0x3f1764</value>
         <object_component_ref idref="oc-284"/>
      </symbol>
      <symbol id="sm-992">
         <name>_xdc_runtime_Text_ropeText__E</name>
         <value>0x3f1f63</value>
         <object_component_ref idref="oc-1e4"/>
      </symbol>
      <symbol id="sm-993">
         <name>_xdc_runtime_Text_putSite__E</name>
         <value>0x3f112c</value>
         <object_component_ref idref="oc-250"/>
      </symbol>
      <symbol id="sm-99f">
         <name>___xdc__init</name>
         <value>0x3f2052</value>
         <object_component_ref idref="oc-14a"/>
      </symbol>
      <symbol id="sm-9bf">
         <name>_xdc_runtime_Registry_findById__E</name>
         <value>0x3f1deb</value>
         <object_component_ref idref="oc-274"/>
      </symbol>
      <symbol id="sm-9da">
         <name>_c_int00</name>
         <value>0x3f105f</value>
         <object_component_ref idref="oc-38"/>
      </symbol>
      <symbol id="sm-9db">
         <name>__stack</name>
         <value>0x8120</value>
         <object_component_ref idref="oc-f4"/>
      </symbol>
      <symbol id="sm-a07">
         <name>ULL$$MOD</name>
         <value>0x3f0559</value>
         <object_component_ref idref="oc-f9"/>
      </symbol>
      <symbol id="sm-a08">
         <name>ULL$$DIV</name>
         <value>0x3f052a</value>
         <object_component_ref idref="oc-f9"/>
      </symbol>
      <symbol id="sm-a09">
         <name>LL$$MOD</name>
         <value>0x3f04f0</value>
         <object_component_ref idref="oc-f9"/>
      </symbol>
      <symbol id="sm-a0a">
         <name>LL$$DIV</name>
         <value>0x3f04b4</value>
         <object_component_ref idref="oc-f9"/>
      </symbol>
      <symbol id="sm-a19">
         <name>_copy_in</name>
         <value>0x3f1930</value>
         <object_component_ref idref="oc-145"/>
      </symbol>
      <symbol id="sm-a2a">
         <name>_memcpy</name>
         <value>0x3f1aae</value>
         <object_component_ref idref="oc-15a"/>
      </symbol>
      <symbol id="sm-a36">
         <name>__system_pre_init</name>
         <value>0x3f20a6</value>
         <object_component_ref idref="oc-143"/>
      </symbol>
      <symbol id="sm-a43">
         <name>__system_post_cinit</name>
         <value>0x3f20ac</value>
         <object_component_ref idref="oc-147"/>
      </symbol>
      <symbol id="sm-a57">
         <name>C$$EXIT</name>
         <value>0x3f18b9</value>
         <object_component_ref idref="oc-1d5"/>
      </symbol>
      <symbol id="sm-a58">
         <name>_exit</name>
         <value>0x3f18bb</value>
         <object_component_ref idref="oc-1d5"/>
      </symbol>
      <symbol id="sm-a59">
         <name>___TI_cleanup_ptr</name>
         <value>0x75c</value>
         <object_component_ref idref="oc-114"/>
      </symbol>
      <symbol id="sm-a5a">
         <name>___TI_enable_exit_profile_output</name>
         <value>0x75a</value>
         <object_component_ref idref="oc-114"/>
      </symbol>
      <symbol id="sm-a5b">
         <name>_abort</name>
         <value>0x3f18b9</value>
         <object_component_ref idref="oc-1d5"/>
      </symbol>
      <symbol id="sm-a5c">
         <name>___TI_dtors_ptr</name>
         <value>0x75e</value>
         <object_component_ref idref="oc-114"/>
      </symbol>
      <symbol id="sm-a70">
         <name>__unlock</name>
         <value>0x762</value>
         <object_component_ref idref="oc-1e9"/>
      </symbol>
      <symbol id="sm-a71">
         <name>__lock</name>
         <value>0x760</value>
         <object_component_ref idref="oc-1ea"/>
      </symbol>
      <symbol id="sm-a72">
         <name>__register_lock</name>
         <value>0x3f1fb0</value>
         <object_component_ref idref="oc-1a9"/>
      </symbol>
      <symbol id="sm-a73">
         <name>__nop</name>
         <value>0x3f1fb4</value>
         <object_component_ref idref="oc-1a9"/>
      </symbol>
      <symbol id="sm-a74">
         <name>__register_unlock</name>
         <value>0x3f1fac</value>
         <object_component_ref idref="oc-1a9"/>
      </symbol>
      <symbol id="sm-a83">
         <name>__args_main</name>
         <value>0x3f1bd2</value>
         <object_component_ref idref="oc-148"/>
      </symbol>
      <symbol id="sm-a91">
         <name>_memset</name>
         <value>0x3f1ed7</value>
         <object_component_ref idref="oc-22b"/>
      </symbol>
      <symbol id="sm-aa7">
         <name>_strlen</name>
         <value>0x3f1fd5</value>
         <object_component_ref idref="oc-22e"/>
      </symbol>
      <symbol id="sm-ab4">
         <name>_HOSTwrite</name>
         <value>0x3f14c5</value>
         <object_component_ref idref="oc-262"/>
      </symbol>
      <symbol id="sm-acc">
         <name>___TI_readmsg</name>
         <value>0x3f0ab9</value>
         <object_component_ref idref="oc-271"/>
      </symbol>
      <symbol id="sm-acd">
         <name>C$$IO$$</name>
         <value>0x3f0ab4</value>
         <object_component_ref idref="oc-271"/>
      </symbol>
      <symbol id="sm-ace">
         <name>__CIOBUF_</name>
         <value>0x8000</value>
         <object_component_ref idref="oc-138"/>
      </symbol>
      <symbol id="sm-acf">
         <name>___TI_writemsg</name>
         <value>0x3f0a61</value>
         <object_component_ref idref="oc-271"/>
      </symbol>
      <symbol id="sm-adb">
         <name>_parmbuf</name>
         <value>0x752</value>
         <object_component_ref idref="oc-13e"/>
      </symbol>
   </symbol_table>
   <title>Link successful</title>
</link_info>
