******************************************************************************
             TMS320C2000 Linker PC v18.1.4                     
******************************************************************************
>> Linked Mon Nov 25 17:07:22 2019

OUTPUT FILE NAME:   <ArcadeStick.out>
ENTRY POINT SYMBOL: "_c_int00"  address: 003f10a9


MEMORY CONFIGURATION

         name            origin    length      used     unused   attr    fill
----------------------  --------  ---------  --------  --------  ----  --------
PAGE 0:
  OTP                   003d7800   00000400  00000000  00000400  RWIX
  FLASH                 003f0000   00007f80  00003d72  0000420e  RWIX
  CSM_RSVD              003f7f80   00000076  00000000  00000076  RWIX
  BEGIN                 003f7ff6   00000002  00000000  00000002  RWIX
  CSM_PWL               003f7ff8   00000008  00000000  00000008  RWIX
  IQTABLES              003fe000   00000b50  00000000  00000b50  RWIX
  IQTABLES2             003feb50   0000008c  00000000  0000008c  RWIX
  IQTABLES3             003febdc   000000aa  00000000  000000aa  RWIX
  ROM                   003ff27c   00000d44  00000000  00000d44  RWIX
  RESET                 003fffc0   00000002  00000000  00000002  RWIX
  VECTORS               003fffc2   0000003e  00000000  0000003e  RWIX

PAGE 1:
  M01SARAM              00000000   00000800  00000766  0000009a  RWIX
  DEV_EMU               00000880   00000105  00000004  00000101  RWIX
  SYS_PWR_CTL           00000985   00000003  00000003  00000000  RWIX
  FLASH_REGS            00000a80   00000060  00000008  00000058  RWIX
  CSM                   00000ae0   00000010  00000010  00000000  RWIX
  ADC_RESULT            00000b00   00000020  00000020  00000000  RWIX
  CPU_TIMER0            00000c00   00000008  00000008  00000000  RWIX
  CPU_TIMER1            00000c08   00000008  00000008  00000000  RWIX
  CPU_TIMER2            00000c10   00000008  00000008  00000000  RWIX
  PIE_CTRL              00000ce0   00000020  0000001a  00000006  RWIX
  PIEVECT               00000d00   00000100  00000000  00000100  RWIX
  COMP1                 00006400   00000020  00000020  00000000  RWIX
  COMP2                 00006420   00000020  00000020  00000000  RWIX
  EPWM1                 00006800   00000040  00000040  00000000  RWIX
  EPWM2                 00006840   00000040  00000040  00000000  RWIX
  EPWM3                 00006880   00000040  00000040  00000000  RWIX
  EPWM4                 000068c0   00000040  00000040  00000000  RWIX
  ECAP1                 00006a00   00000020  00000020  00000000  RWIX
  GPIOCTRL              00006f80   00000040  00000040  00000000  RWIX
  GPIODAT               00006fc0   00000020  00000020  00000000  RWIX
  GPIOINT               00006fe0   00000020  0000000a  00000016  RWIX
  SYSTEM                00007010   00000020  0000001f  00000001  RWIX
  SPIA                  00007040   00000010  00000010  00000000  RWIX
  SCIA                  00007050   00000010  00000010  00000000  RWIX
  NMIINTRUPT            00007060   00000010  00000010  00000000  RWIX
  XINTRUPT              00007070   00000010  00000010  00000000  RWIX
  ADC                   00007100   00000080  00000051  0000002f  RWIX
  I2CA                  00007900   00000040  00000022  0000001e  RWIX
  L0SARAM               00008000   00001000  00000220  00000de0  RWIX
  PARTID                003d7fff   00000001  00000001  00000000  RWIX
  CSM_PWL               003f7ff8   00000008  00000008  00000000  RWIX


SECTION ALLOCATION MAP

 output                                  attributes/
section   page    origin      length       input sections
--------  ----  ----------  ----------   ----------------
PieVectTableFile 
*          0    00000d00    00000100     DSECT
                  00000d00    00000100     F2802x_GlobalVariableDefs.obj (PieVectTableFile)

EmuKeyVar 
*          0    00000d00    00000001     DSECT
                  00000d00    00000001     F2802x_GlobalVariableDefs.obj (EmuKeyVar)

EmuBModeVar 
*          0    00000d01    00000001     DSECT
                  00000d01    00000001     F2802x_GlobalVariableDefs.obj (EmuBModeVar)

FlashCallbackVar 
*          0    00000d02    00000002     DSECT
                  00000d02    00000002     F2802x_GlobalVariableDefs.obj (FlashCallbackVar)

FlashScalingVar 
*          0    00000d04    00000002     DSECT
                  00000d04    00000002     F2802x_GlobalVariableDefs.obj (FlashScalingVar)

.econst    0    003f20f8    0000185f     
                  003f20f8    000013bf     idle_p28L.o28L (.econst:xdc_runtime_Text_charTab__A)
                  003f34b7    00000001     idle_p28L.o28L (.econst:ti_sysbios_family_c28_Hwi_Module__id__C)
                  003f34b8    00000100     idle_p28L.o28L (.econst:_ti_sysbios_family_c28_Hwi_vectors)
                  003f35b8    0000006b     idle_p28L.o28L (.econst:.string)
                  003f3623    00000001     idle_p28L.o28L (.econst:ti_sysbios_family_c28_Hwi_NUM_INTERRUPTS_ALL__C)
                  003f3624    00000058     ti.targets.rts2800.a28L : Error.o28L (.econst:.string)
                  003f367c    0000004e     idle_p28L.o28L (.econst:xdc_runtime_Text_nodeTab__A)
                  003f36ca    0000004d     idle.obj (.econst:.string)
                  003f3717    00000001     idle_p28L.o28L (.econst:ti_sysbios_family_c28_Hwi_Object__count__C)
                  003f3718    00000047     ti.targets.rts2800.a28L : Log.o28L (.econst:.string)
                  003f375f    00000001     idle_p28L.o28L (.econst:ti_sysbios_family_c28_TaskSupport_Module__id__C)
                  003f3760    00000043     ti.targets.rts2800.a28L : Text.o28L (.econst:.string)
                  003f37a3    00000001     idle_p28L.o28L (.econst:ti_sysbios_family_c28_Timer_startupNeeded__C)
                  003f37a4    0000002a     ti.targets.rts2800.a28L : Startup.o28L (.econst:.string)
                  003f37ce    0000001e     idle_p28L.o28L (.econst:xdc_runtime_LoggerBuf_Module__FXNS__C)
                  003f37ec    00000019     ti.targets.rts2800.a28L : System.o28L (.econst:.string)
                  003f3805    00000001     idle_p28L.o28L (.econst:ti_sysbios_hal_Hwi_Module__id__C)
                  003f3806    00000014     idle_p28L.o28L (.econst:xdc_runtime_HeapStd_Module__FXNS__C)
                  003f381a    00000012     idle_p28L.o28L (.econst:ti_sysbios_gates_GateHwi_Module__FXNS__C)
                  003f382c    00000012     idle_p28L.o28L (.econst:xdc_runtime_LoggerBuf_Object__PARAMS__C)
                  003f383e    00000012     idle_p28L.o28L (.econst:xdc_runtime_Startup_sfxnTab__A)
                  003f3850    00000010     idle_p28L.o28L (.econst:ti_sysbios_gates_GateHwi_Object__DESC__C)
                  003f3860    00000010     idle_p28L.o28L (.econst:xdc_runtime_HeapStd_Object__DESC__C)
                  003f3870    00000010     idle_p28L.o28L (.econst:xdc_runtime_LoggerBuf_Object__DESC__C)
                  003f3880    0000000e     idle_p28L.o28L (.econst:xdc_runtime_HeapStd_Object__PARAMS__C)
                  003f388e    0000000c     idle_p28L.o28L (.econst:ti_sysbios_gates_GateHwi_Object__PARAMS__C)
                  003f389a    00000009     idle_p28L.o28L (.econst:xdc_runtime_Startup_sfxnRts__A)
                  003f38a3    00000001     idle_p28L.o28L (.econst:ti_sysbios_knl_Semaphore_Module__id__C)
                  003f38a4    00000008     idle_p28L.o28L (.econst)
                  003f38ac    00000005     ti.targets.rts2800.a28L : Assert.o28L (.econst:.string)
                  003f38b1    00000001     idle_p28L.o28L (.econst:ti_sysbios_knl_Swi_Object__count__C)
                  003f38b2    00000004     idle_p28L.o28L (.econst:ti_sysbios_knl_Idle_funcList__A)
                  003f38b6    00000004     idle_p28L.o28L (.econst:ti_sysbios_knl_Idle_funcList__C)
                  003f38ba    00000004     idle_p28L.o28L (.econst:xdc_runtime_Startup_firstFxns__C)
                  003f38be    00000004     idle_p28L.o28L (.econst:xdc_runtime_Startup_lastFxns__C)
                  003f38c2    00000002     idle_p28L.o28L (.econst:ti_sysbios_family_c28_Hwi_A_badIntNum__C)
                  003f38c4    00000002     idle_p28L.o28L (.econst:ti_sysbios_family_c28_Hwi_A_invalidArg__C)
                  003f38c6    00000002     idle_p28L.o28L (.econst:ti_sysbios_family_c28_Hwi_E_unpluggedInterrupt__C)
                  003f38c8    00000002     idle_p28L.o28L (.econst:ti_sysbios_family_c28_Hwi_Module__diagsEnabled__C)
                  003f38ca    00000002     idle_p28L.o28L (.econst:ti_sysbios_family_c28_Hwi_Module__diagsIncluded__C)
                  003f38cc    00000002     idle_p28L.o28L (.econst:ti_sysbios_family_c28_Hwi_Module__diagsMask__C)
                  003f38ce    00000002     idle_p28L.o28L (.econst:ti_sysbios_family_c28_TaskSupport_E_invalidStack__C)
                  003f38d0    00000002     idle_p28L.o28L (.econst:ti_sysbios_hal_Hwi_E_stackOverflow__C)
                  003f38d2    00000002     idle_p28L.o28L (.econst:ti_sysbios_knl_Semaphore_A_badContext__C)
                  003f38d4    00000002     idle_p28L.o28L (.econst:ti_sysbios_knl_Semaphore_A_pendTaskDisabled__C)
                  003f38d6    00000002     idle_p28L.o28L (.econst:ti_sysbios_knl_Semaphore_Instance_State_pendQ__O)
                  003f38d8    00000002     idle_p28L.o28L (.econst:ti_sysbios_knl_Semaphore_Module__diagsEnabled__C)
                  003f38da    00000002     idle_p28L.o28L (.econst:ti_sysbios_knl_Semaphore_Module__diagsIncluded__C)
                  003f38dc    00000002     idle_p28L.o28L (.econst:ti_sysbios_knl_Semaphore_Module__diagsMask__C)
                  003f38de    00000002     idle_p28L.o28L (.econst:ti_sysbios_knl_Task_E_spOutOfBounds__C)
                  003f38e0    00000002     idle_p28L.o28L (.econst:ti_sysbios_knl_Task_E_stackOverflow__C)
                  003f38e2    00000002     idle_p28L.o28L (.econst:ti_sysbios_knl_Task_Module_State_inactiveQ__O)
                  003f38e4    00000002     idle_p28L.o28L (.econst:ti_sysbios_knl_Task_allBlockedFunc__C)
                  003f38e6    00000002     idle_p28L.o28L (.econst:xdc_runtime_Assert_E_assertFailed__C)
                  003f38e8    00000002     idle_p28L.o28L (.econst:xdc_runtime_Core_A_initializedParams__C)
                  003f38ea    00000002     idle_p28L.o28L (.econst:xdc_runtime_Core_Module__diagsEnabled__C)
                  003f38ec    00000002     idle_p28L.o28L (.econst:xdc_runtime_Core_Module__diagsIncluded__C)
                  003f38ee    00000002     idle_p28L.o28L (.econst:xdc_runtime_Core_Module__diagsMask__C)
                  003f38f0    00000002     idle_p28L.o28L (.econst:xdc_runtime_Error_E_memory__C)
                  003f38f2    00000002     idle_p28L.o28L (.econst:xdc_runtime_Error_Module__diagsEnabled__C)
                  003f38f4    00000002     idle_p28L.o28L (.econst:xdc_runtime_Error_Module__diagsIncluded__C)
                  003f38f6    00000002     idle_p28L.o28L (.econst:xdc_runtime_Error_Module__diagsMask__C)
                  003f38f8    00000002     idle_p28L.o28L (.econst:xdc_runtime_Error_Module__loggerFxn8__C)
                  003f38fa    00000002     idle_p28L.o28L (.econst:xdc_runtime_Error_Module__loggerObj__C)
                  003f38fc    00000002     idle_p28L.o28L (.econst:xdc_runtime_Error_policyFxn__C)
                  003f38fe    00000002     idle_p28L.o28L (.econst:xdc_runtime_Error_raiseHook__C)
                  003f3900    00000002     idle_p28L.o28L (.econst:xdc_runtime_HeapStd_A_align__C)
                  003f3902    00000002     idle_p28L.o28L (.econst:xdc_runtime_HeapStd_A_invalidTotalFreeSize__C)
                  003f3904    00000002     idle_p28L.o28L (.econst:xdc_runtime_HeapStd_A_zeroSize__C)
                  003f3906    00000002     idle_p28L.o28L (.econst:xdc_runtime_HeapStd_E_noRTSMemory__C)
                  003f3908    00000002     idle_p28L.o28L (.econst:xdc_runtime_HeapStd_Module__diagsEnabled__C)
                  003f390a    00000002     idle_p28L.o28L (.econst:xdc_runtime_HeapStd_Module__diagsIncluded__C)
                  003f390c    00000002     idle_p28L.o28L (.econst:xdc_runtime_HeapStd_Module__diagsMask__C)
                  003f390e    00000002     idle_p28L.o28L (.econst:xdc_runtime_IFilterLogger_Interface__BASE__C)
                  003f3910    00000002     idle_p28L.o28L (.econst:xdc_runtime_IGateProvider_Interface__BASE__C)
                  003f3912    00000002     idle_p28L.o28L (.econst:xdc_runtime_IHeap_Interface__BASE__C)
                  003f3914    00000002     idle_p28L.o28L (.econst:xdc_runtime_ILogger_Interface__BASE__C)
                  003f3916    00000002     idle_p28L.o28L (.econst:xdc_runtime_IModule_Interface__BASE__C)
                  003f3918    00000002     idle_p28L.o28L (.econst:xdc_runtime_Log_L_error__C)
                  003f391a    00000002     idle_p28L.o28L (.econst:xdc_runtime_LoggerBuf_E_badLevel__C)
                  003f391c    00000002     idle_p28L.o28L (.econst:xdc_runtime_LoggerBuf_Module__gateObj__C)
                  003f391e    00000002     idle_p28L.o28L (.econst:xdc_runtime_LoggerBuf_statusLogger__C)
                  003f3920    00000002     idle_p28L.o28L (.econst:xdc_runtime_Memory_defaultHeapInstance__C)
                  003f3922    00000002     idle_p28L.o28L (.econst:xdc_runtime_Startup_execImpl__C)
                  003f3924    00000002     idle_p28L.o28L (.econst:xdc_runtime_Startup_firstFxns__A)
                  003f3926    00000002     idle_p28L.o28L (.econst:xdc_runtime_Startup_lastFxns__A)
                  003f3928    00000002     idle_p28L.o28L (.econst:xdc_runtime_Startup_sfxnRts__C)
                  003f392a    00000002     idle_p28L.o28L (.econst:xdc_runtime_Startup_sfxnTab__C)
                  003f392c    00000002     idle_p28L.o28L (.econst:xdc_runtime_SysMin_bufSize__C)
                  003f392e    00000002     idle_p28L.o28L (.econst:xdc_runtime_SysMin_outputFunc__C)
                  003f3930    00000002     idle_p28L.o28L (.econst:xdc_runtime_System_Module__gateObj__C)
                  003f3932    00000002     idle_p28L.o28L (.econst:xdc_runtime_System_abortFxn__C)
                  003f3934    00000002     idle_p28L.o28L (.econst:xdc_runtime_System_exitFxn__C)
                  003f3936    00000002     idle_p28L.o28L (.econst:xdc_runtime_System_extendFxn__C)
                  003f3938    00000002     idle_p28L.o28L (.econst:xdc_runtime_Text_charTab__C)
                  003f393a    00000002     idle_p28L.o28L (.econst:xdc_runtime_Text_nameEmpty__C)
                  003f393c    00000002     idle_p28L.o28L (.econst:xdc_runtime_Text_nameStatic__C)
                  003f393e    00000002     idle_p28L.o28L (.econst:xdc_runtime_Text_nameUnknown__C)
                  003f3940    00000002     idle_p28L.o28L (.econst:xdc_runtime_Text_nodeTab__C)
                  003f3942    00000002     idle_p28L.o28L (.econst:xdc_runtime_Text_visitRopeFxn__C)
                  003f3944    00000001     idle_p28L.o28L (.econst:ti_sysbios_knl_Task_Module__id__C)
                  003f3945    00000001     idle_p28L.o28L (.econst:ti_sysbios_knl_Task_Object__count__C)
                  003f3946    00000001     idle_p28L.o28L (.econst:ti_sysbios_knl_Task_numConstructedTasks__C)
                  003f3947    00000001     idle_p28L.o28L (.econst:xdc_runtime_Core_Module__id__C)
                  003f3948    00000001     idle_p28L.o28L (.econst:xdc_runtime_Error_Module__loggerDefined__C)
                  003f3949    00000001     idle_p28L.o28L (.econst:xdc_runtime_Error_maxDepth__C)
                  003f394a    00000001     idle_p28L.o28L (.econst:xdc_runtime_Error_policy__C)
                  003f394b    00000001     idle_p28L.o28L (.econst:xdc_runtime_HeapStd_Module__id__C)
                  003f394c    00000001     idle_p28L.o28L (.econst:xdc_runtime_LoggerBuf_Module__id__C)
                  003f394d    00000001     idle_p28L.o28L (.econst:xdc_runtime_LoggerBuf_Object__count__C)
                  003f394e    00000001     idle_p28L.o28L (.econst:xdc_runtime_LoggerBuf_filterByLevel__C)
                  003f394f    00000001     idle_p28L.o28L (.econst:xdc_runtime_Memory_Module__id__C)
                  003f3950    00000001     idle_p28L.o28L (.econst:xdc_runtime_Startup_maxPasses__C)
                  003f3951    00000001     idle_p28L.o28L (.econst:xdc_runtime_SysMin_flushAtExit__C)
                  003f3952    00000001     idle_p28L.o28L (.econst:xdc_runtime_System_maxAtexitHandlers__C)
                  003f3953    00000001     idle_p28L.o28L (.econst:xdc_runtime_Text_charCnt__C)
                  003f3954    00000001     idle_p28L.o28L (.econst:xdc_runtime_Text_isLoaded__C)
                  003f3955    00000001     idle_p28L.o28L (.econst:xdc_runtime_Text_registryModsLastId__C)
                  003f3956    00000001     idle_p28L.o28L (.econst:xdc_runtime_Text_unnamedModsLastId__C)

.cinit     0    003f3957    00000400     
                  003f3957    000003a6     idle_p28L.o28L (.cinit)
                  003f3cfd    00000040     idle.obj (.cinit)
                  003f3d3d    0000000e     rts2800_ml.lib : exit.c.obj (.cinit)
                  003f3d4b    00000005                    : _lock.c.obj (.cinit:__lock)
                  003f3d50    00000005                    : _lock.c.obj (.cinit:__unlock)
                  003f3d55    00000002     --HOLE-- [fill = 0]

.switch    0    003f3d58    0000001c     
                  003f3d58    0000001c     BIOS.obj (.switch:_ti_sysbios_family_c28_Hwi_clearInterrupt__E)

.ebss      1    00000000    00000766     UNINITIALIZED
                  00000000    00000540     idle_p28L.o28L (.ebss)
                  00000540    00000200     idle_p28L.o28L (.ebss:taskStackSection)
                  00000740    00000013     idle.obj (.ebss)
                  00000753    00000008     rts2800_ml.lib : hostopen.c.obj (.ebss)
                  0000075b    00000001     --HOLE--
                  0000075c    00000006                    : exit.c.obj (.ebss)
                  00000762    00000002                    : _lock.c.obj (.ebss:__lock)
                  00000764    00000002                    : _lock.c.obj (.ebss:__unlock)

DevEmuRegsFile 
*          1    00000880    00000004     UNINITIALIZED
                  00000880    00000004     F2802x_GlobalVariableDefs.obj (DevEmuRegsFile)

SysPwrCtrlRegsFile 
*          1    00000985    00000003     UNINITIALIZED
                  00000985    00000003     F2802x_GlobalVariableDefs.obj (SysPwrCtrlRegsFile)

FlashRegsFile 
*          1    00000a80    00000008     UNINITIALIZED
                  00000a80    00000008     F2802x_GlobalVariableDefs.obj (FlashRegsFile)

CsmRegsFile 
*          1    00000ae0    00000010     UNINITIALIZED
                  00000ae0    00000010     F2802x_GlobalVariableDefs.obj (CsmRegsFile)

AdcResultFile 
*          1    00000b00    00000020     UNINITIALIZED
                  00000b00    00000020     F2802x_GlobalVariableDefs.obj (AdcResultFile)

CpuTimer0RegsFile 
*          1    00000c00    00000008     UNINITIALIZED
                  00000c00    00000008     F2802x_GlobalVariableDefs.obj (CpuTimer0RegsFile)

CpuTimer1RegsFile 
*          1    00000c08    00000008     UNINITIALIZED
                  00000c08    00000008     F2802x_GlobalVariableDefs.obj (CpuTimer1RegsFile)

CpuTimer2RegsFile 
*          1    00000c10    00000008     UNINITIALIZED
                  00000c10    00000008     F2802x_GlobalVariableDefs.obj (CpuTimer2RegsFile)

PieCtrlRegsFile 
*          1    00000ce0    0000001a     UNINITIALIZED
                  00000ce0    0000001a     F2802x_GlobalVariableDefs.obj (PieCtrlRegsFile)

Comp1RegsFile 
*          1    00006400    00000020     UNINITIALIZED
                  00006400    00000020     F2802x_GlobalVariableDefs.obj (Comp1RegsFile)

Comp2RegsFile 
*          1    00006420    00000020     UNINITIALIZED
                  00006420    00000020     F2802x_GlobalVariableDefs.obj (Comp2RegsFile)

EPwm1RegsFile 
*          1    00006800    00000040     UNINITIALIZED
                  00006800    00000040     F2802x_GlobalVariableDefs.obj (EPwm1RegsFile)

EPwm2RegsFile 
*          1    00006840    00000040     UNINITIALIZED
                  00006840    00000040     F2802x_GlobalVariableDefs.obj (EPwm2RegsFile)

EPwm3RegsFile 
*          1    00006880    00000040     UNINITIALIZED
                  00006880    00000040     F2802x_GlobalVariableDefs.obj (EPwm3RegsFile)

EPwm4RegsFile 
*          1    000068c0    00000040     UNINITIALIZED
                  000068c0    00000040     F2802x_GlobalVariableDefs.obj (EPwm4RegsFile)

ECap1RegsFile 
*          1    00006a00    00000020     UNINITIALIZED
                  00006a00    00000020     F2802x_GlobalVariableDefs.obj (ECap1RegsFile)

GpioCtrlRegsFile 
*          1    00006f80    00000040     UNINITIALIZED
                  00006f80    00000040     F2802x_GlobalVariableDefs.obj (GpioCtrlRegsFile)

GpioDataRegsFile 
*          1    00006fc0    00000020     UNINITIALIZED
                  00006fc0    00000020     F2802x_GlobalVariableDefs.obj (GpioDataRegsFile)

GpioIntRegsFile 
*          1    00006fe0    0000000a     UNINITIALIZED
                  00006fe0    0000000a     F2802x_GlobalVariableDefs.obj (GpioIntRegsFile)

SysCtrlRegsFile 
*          1    00007010    0000001f     UNINITIALIZED
                  00007010    0000001f     F2802x_GlobalVariableDefs.obj (SysCtrlRegsFile)

SpiaRegsFile 
*          1    00007040    00000010     UNINITIALIZED
                  00007040    00000010     F2802x_GlobalVariableDefs.obj (SpiaRegsFile)

SciaRegsFile 
*          1    00007050    00000010     UNINITIALIZED
                  00007050    00000010     F2802x_GlobalVariableDefs.obj (SciaRegsFile)

NmiIntruptRegsFile 
*          1    00007060    00000010     UNINITIALIZED
                  00007060    00000010     F2802x_GlobalVariableDefs.obj (NmiIntruptRegsFile)

XIntruptRegsFile 
*          1    00007070    00000010     UNINITIALIZED
                  00007070    00000010     F2802x_GlobalVariableDefs.obj (XIntruptRegsFile)

AdcRegsFile 
*          1    00007100    00000051     UNINITIALIZED
                  00007100    00000051     F2802x_GlobalVariableDefs.obj (AdcRegsFile)

I2caRegsFile 
*          1    00007900    00000022     UNINITIALIZED
                  00007900    00000022     F2802x_GlobalVariableDefs.obj (I2caRegsFile)

PartIdRegsFile 
*          1    003d7fff    00000001     UNINITIALIZED
                  003d7fff    00000001     F2802x_GlobalVariableDefs.obj (PartIdRegsFile)

CsmPwlFile 
*          1    003f7ff8    00000008     UNINITIALIZED
                  003f7ff8    00000008     F2802x_GlobalVariableDefs.obj (CsmPwlFile)

.pinit     0    003f0000    00000000     UNINITIALIZED

.text      0    003f0000    000020f7     
                  003f0000    00000223     ti.targets.rts2800.a28L : System.o28L (.text:_xdc_runtime_System_doPrint__I)
                  003f0223    00000164     BIOS.obj (.text:_ti_sysbios_knl_Semaphore_pend__E)
                  003f0387    00000146     idle.obj (.text)
                  003f04cd    00000107     rts2800_ml.lib : ll_div28.asm.obj (.text)
                  003f05d4    00000104     DeviceInit_18Nov2018.obj (.text)
                  003f06d8    000000ee     ti.targets.rts2800.a28L : HeapStd.o28L (.text:_xdc_runtime_HeapStd_alloc__E)
                  003f07c6    000000e1     BIOS.obj (.text:_ti_sysbios_family_c28_Hwi_clearInterrupt__E)
                  003f08a7    000000b5     ti.targets.rts2800.a28L : LoggerBuf.o28L (.text:_xdc_runtime_LoggerBuf_write8__E)
                  003f095c    000000b0     idle_p28L.o28L (.text:_xdc_runtime_System_printfExtend__I)
                  003f0a0c    0000009f     ti.targets.rts2800.a28L : Core-mem.o28L (.text:_xdc_runtime_Core_createObject__I)
                  003f0aab    00000094     rts2800_ml.lib : trgmsg.c.obj (.text)
                  003f0b3f    0000008e     BIOS.obj (.text:_ti_sysbios_family_c28_Hwi_enableInterrupt__E)
                  003f0bcd    0000008c     ti.targets.rts2800.a28L : Error.o28L (.text:_xdc_runtime_Error_policyDefault__E)
                  003f0c59    00000085     c28_Hwi_disp_asm.obj (.text:_ti_sysbios_family_c28_Hwi_dispatch)
                  003f0cde    00000082     ti.targets.rts2800.a28L : HeapStd.o28L (.text:_xdc_runtime_HeapStd_Instance_init__E)
                  003f0d60    00000081     BIOS.obj (.text:_ti_sysbios_family_c28_Hwi_disableInterrupt__E)
                  003f0de1    00000080     BIOS.obj (.text:_ti_sysbios_family_c28_Hwi_disablePIEIER__E)
                  003f0e61    0000007f     BIOS.obj (.text:_ti_sysbios_family_c28_Hwi_enablePIEIER__E)
                  003f0ee0    00000079     ti.targets.rts2800.a28L : LoggerBuf.o28L (.text:_xdc_runtime_LoggerBuf_write4__E)
                  003f0f59    00000073     BIOS.obj (.text:_ti_sysbios_knl_Task_checkStacks__E)
                  003f0fcc    00000071     ti.targets.rts2800.a28L : Startup.o28L (.text:_xdc_runtime_Startup_startMods__I)
                  003f103d    0000006c                             : HeapStd.o28L (.text:_xdc_runtime_HeapStd_free__E)
                  003f10a9    00000067     boot.a28L : boot_cg.o28L (.text)
                  003f1110    00000066     BIOS.obj (.text:_ti_sysbios_family_c28_Timer_stopAndClear__I)
                  003f1176    0000005d     ti.targets.rts2800.a28L : Text.o28L (.text:_xdc_runtime_Text_putSite__E)
                  003f11d3    0000004d     BIOS.obj (.text:_ti_sysbios_family_c28_Hwi_dispatchCore__I)
                  003f1220    00000048     BIOS.obj (.text:_ti_sysbios_knl_Task_postInit__I)
                  003f1268    00000047     BIOS.obj (.text:_ti_sysbios_family_c28_Hwi_Module_startup__E)
                  003f12af    00000041     ti.targets.rts2800.a28L : Text.o28L (.text:_xdc_runtime_Text_putLab__E)
                  003f12f0    0000003f                             : Text.o28L (.text:_xdc_runtime_Text_putMod__E)
                  003f132f    0000003e                             : Memory.o28L (.text:_xdc_runtime_Memory_alloc__E)
                  003f136d    0000003d                             : Core-mem.o28L (.text:_xdc_runtime_Core_deleteObject__I)
                  003f13aa    0000003d                             : LoggerBuf.o28L (.text:_xdc_runtime_LoggerBuf_getFilterLevel__E)
                  003f13e7    0000003c     BIOS.obj (.text:_ti_sysbios_family_c28_Timer_postInit__I)
                  003f1423    0000003c     BIOS.obj (.text:_ti_sysbios_knl_Swi_restoreHwi__E)
                  003f145f    0000003c     BIOS.obj (.text:_ti_sysbios_knl_Swi_run__I)
                  003f149b    0000003c     ti.targets.rts2800.a28L : LoggerBuf.o28L (.text:_xdc_runtime_LoggerBuf_setFilterLevel__E)
                  003f14d7    00000038     BIOS.obj (.text:_ti_sysbios_family_c28_TaskSupport_start__E)
                  003f150f    00000038     rts2800_ml.lib : hostwrite.c.obj (.text)
                  003f1547    00000035     BIOS.obj (.text:_ti_sysbios_knl_Task_startCore__E)
                  003f157c    00000033     ti.targets.rts2800.a28L : System.o28L (.text:_xdc_runtime_System_formatNum__I)
                  003f15af    00000032     BIOS.obj (.text:_ti_sysbios_knl_Task_Module_startup__E)
                  003f15e1    00000030     ti.targets.rts2800.a28L : Error.o28L (.text:_xdc_runtime_Error_print__E)
                  003f1611    0000002f                             : LoggerBuf.o28L (.text:_xdc_runtime_LoggerBuf_Instance_init__E)
                  003f1640    0000002f                             : Startup.o28L (.text:_xdc_runtime_Startup_exec__E)
                  003f166f    0000002e     Boot.a28L : Boot.o28L (.text:.bootCodeSection:_ti_catalog_c2800_init_Boot_configurePll2802x)
                  003f169d    0000002e     BIOS.obj (.text:_ti_sysbios_knl_Swi_runLoop__I)
                  003f16cb    0000002e     BIOS.obj (.text:_ti_sysbios_knl_Swi_schedule__I)
                  003f16f9    0000002e     BIOS.obj (.text:_ti_sysbios_knl_Task_schedule__I)
                  003f1727    0000002d     BIOS.obj (.text:_ti_sysbios_family_c28_Hwi_getInterruptFlag__E)
                  003f1754    0000002d     ti.targets.rts2800.a28L : Assert.o28L (.text:_xdc_runtime_Assert_raise__I)
                  003f1781    0000002d                             : Core-params.o28L (.text:_xdc_runtime_Core_assignParams__I)
                  003f17ae    0000002d                             : Text.o28L (.text:_xdc_runtime_Text_visitRope2__I)
                  003f17db    0000002c     BIOS.obj (.text:_ti_sysbios_family_c28_Timer_start__E)
                  003f1807    0000002c     idle_p28L.o28L (.text:_xdc_runtime_LoggerBuf_Object__create__S)
                  003f1833    0000002b     idle_p28L.o28L (.text:_xdc_runtime_HeapStd_Object__create__S)
                  003f185e    0000002a     ti.targets.rts2800.a28L : Error.o28L (.text:_xdc_runtime_Error_setX__E)
                  003f1888    00000029     BIOS.obj (.text:_ti_sysbios_family_c28_Hwi_getStackInfo__E)
                  003f18b1    00000029     BIOS.obj (.text:_ti_sysbios_family_c28_Hwi_unPluggedInterrupt__I)
                  003f18da    00000029     ti.targets.rts2800.a28L : Text.o28L (.text:_xdc_runtime_Text_xprintf__I)
                  003f1903    00000029     rts2800_ml.lib : exit.c.obj (.text)
                  003f192c    00000028     BIOS.obj (.text:_ti_sysbios_family_c28_Timer_getExpiredCounts64__E)
                  003f1954    00000026     ti.targets.rts2800.a28L : SysMin.o28L (.text:_xdc_runtime_SysMin_flush__E)
                  003f197a    00000024     rts2800_ml.lib : cpy_tbl.c.obj (.text)
                  003f199e    00000023     ti.targets.rts2800.a28L : System.o28L (.text:_xdc_runtime_System_processAtExit__E)
                  003f19c1    00000022     BIOS.obj (.text:_ti_sysbios_knl_Swi_post__E)
                  003f19e3    00000022     BIOS.obj (.text:_ti_sysbios_knl_Task_blockI__E)
                  003f1a05    00000020     BIOS.obj (.text:_ti_sysbios_family_c28_Timer_setPrescale__E)
                  003f1a25    00000020     BIOS.obj (.text:_ti_sysbios_knl_Task_allBlockedFunction__I)
                  003f1a45    00000020     BIOS.obj (.text:_ti_sysbios_knl_Task_exit__E)
                  003f1a65    0000001e     ti.targets.rts2800.a28L : LoggerBuf.o28L (.text:_xdc_runtime_LoggerBuf_filterOutEvent__I)
                  003f1a83    0000001e                             : System.o28L (.text:_xdc_runtime_System_atexit__E)
                  003f1aa1    0000001d     c28_TaskSupport_asm.obj (.text:_ti_sysbios_family_c28_TaskSupport_buildTaskStack)
                  003f1abe    0000001d     idle_p28L.o28L (.text:_ti_sysbios_gates_GateHwi_Object__create__S)
                  003f1adb    0000001d     ti.targets.rts2800.a28L : SysMin.o28L (.text:_xdc_runtime_SysMin_putch__E)
                  003f1af8    0000001d     rts2800_ml.lib : memcpy.c.obj (.text)
                  003f1b15    0000001b     c28_Hwi_asm.obj (.text:_ti_sysbios_family_c28_Hwi_switchAndDispatch__I)
                  003f1b30    0000001b     BIOS.obj (.text:_ti_sysbios_hal_Hwi_checkStack)
                  003f1b4b    0000001b     BIOS.obj (.text:_ti_sysbios_knl_Task_processVitalTaskFlag__I)
                  003f1b66    0000001b     BIOS.obj (.text:_ti_sysbios_knl_Task_restore__E)
                  003f1b81    0000001b     idle_p28L.o28L (.text:_xdc_runtime_SysMin_output__I)
                  003f1b9c    0000001a     BIOS.obj (.text:_ti_sysbios_hal_Hwi_initStack)
                  003f1bb6    0000001a     ti.targets.rts2800.a28L : Core-label.o28L (.text:_xdc_runtime_Core_assignLabel__I)
                  003f1bd0    0000001a                             : System.o28L (.text:_xdc_runtime_System_avprintf__E)
                  003f1bea    00000019     BIOS.obj (.text:_ti_sysbios_knl_Swi_restore__E)
                  003f1c03    00000019     ti.targets.rts2800.a28L : System.o28L (.text:_xdc_runtime_System_vprintf__E)
                  003f1c1c    00000019     rts2800_ml.lib : args_main.c.obj (.text)
                  003f1c35    00000018     c28_Hwi_asm.obj (.text:_ti_sysbios_family_xxx_Hwi_switchAndRunFunc)
                  003f1c4d    00000018     ti.targets.rts2800.a28L : Memory.o28L (.text:_xdc_runtime_Memory_valloc__E)
                  003f1c65    00000018                             : System.o28L (.text:_xdc_runtime_System_putchar__I)
                  003f1c7d    00000017     BIOS.obj (.text:_ti_sysbios_family_c28_Timer_startup__E)
                  003f1c94    00000017     BIOS.obj (.text:_ti_sysbios_knl_Task_unblockI__E)
                  003f1cab    00000017     ti.targets.rts2800.a28L : LoggerBuf.o28L (.text:_xdc_runtime_LoggerBuf_Module_startup__E)
                  003f1cc2    00000017                             : SysMin.o28L (.text:_xdc_runtime_SysMin_abort__E)
                  003f1cd9    00000016     idle_p28L.o28L (.text:_ti_sysbios_BIOS_atExitFunc__I)
                  003f1cef    00000016     BIOS.obj (.text:_ti_sysbios_family_c28_Timer_Module_startup__E)
                  003f1d05    00000016     ti.targets.rts2800.a28L : LoggerBuf.o28L (.text:_xdc_runtime_LoggerBuf_reset__E)
                  003f1d1b    00000015     BIOS.obj (.text:_ti_sysbios_knl_Swi_Module_startup__E)
                  003f1d30    00000015     BIOS.obj (.text:_ti_sysbios_knl_Task_restoreHwi__E)
                  003f1d45    00000015     ti.targets.rts2800.a28L : Text.o28L (.text:_xdc_runtime_Text_printVisFxn__I)
                  003f1d5a    00000014     BIOS.obj (.text:_ti_sysbios_knl_Idle_run__E)
                  003f1d6e    00000013     idle_p28L.o28L (.text:_ti_sysbios_BIOS_startFunc__I)
                  003f1d81    00000012     idle_p28L.o28L (.text:_ti_sysbios_gates_GateHwi_Object__delete__S)
                  003f1d93    00000012     idle_p28L.o28L (.text:_xdc_runtime_LoggerBuf_Object__delete__S)
                  003f1da5    00000011     idle_p28L.o28L (.text:_xdc_runtime_HeapStd_Object__delete__S)
                  003f1db6    00000011     ti.targets.rts2800.a28L : Text.o28L (.text:_xdc_runtime_Text_cordText__E)
                  003f1dc7    00000010     DelayUs.obj (.text)
                  003f1dd7    00000010     BIOS.obj (.text:_ti_sysbios_family_c28_Timer_stop__E)
                  003f1de7    00000010     BIOS.obj (.text:_ti_sysbios_family_c28_TimestampProvider_get64__E)
                  003f1df7    00000010     BIOS.obj (.text:_ti_sysbios_knl_Task_enabled__E)
                  003f1e07    00000010     ti.targets.rts2800.a28L : SysMin.o28L (.text:_xdc_runtime_SysMin_Module_startup__E)
                  003f1e17    0000000f     Boot.a28L : Boot.o28L (.text:.bootCodeSection:_ti_catalog_c2800_init_Boot_disableWatchdog)
                  003f1e26    0000000f     ti.targets.rts2800.a28L : Error.o28L (.text:_xdc_runtime_Error_raiseX__E)
                  003f1e35    0000000f                             : Registry.o28L (.text:_xdc_runtime_Registry_findById__E)
                  003f1e44    0000000e     idle_p28L.o28L (.text:_ti_sysbios_BIOS_errorRaiseHook__I)
                  003f1e52    0000000e     idle_p28L.o28L (.text:_ti_sysbios_knl_Swi_Object__get__S)
                  003f1e60    0000000e     idle_p28L.o28L (.text:_ti_sysbios_knl_Task_Object__get__S)
                  003f1e6e    0000000e     idle_p28L.o28L (.text:_xdc_runtime_LoggerBuf_Object__get__S)
                  003f1e7c    0000000d     BIOS.obj (.text:_ti_sysbios_family_c28_Hwi_dispatchC__I)
                  003f1e89    0000000d     BIOS.obj (.text:_ti_sysbios_family_c28_TaskSupport_checkStack__E)
                  003f1e96    0000000d     c28_TaskSupport_asm.obj (.text:_ti_sysbios_family_c28_TaskSupport_swap__E)
                  003f1ea3    0000000d     idle_p28L.o28L (.text:_ti_sysbios_gates_GateHwi_Handle__label__S)
                  003f1eb0    0000000d     BIOS.obj (.text:_ti_sysbios_knl_Task_enter__I)
                  003f1ebd    0000000d     ti.targets.rts2800.a28L : Error.o28L (.text:_xdc_runtime_Error_check__E)
                  003f1eca    0000000d     idle_p28L.o28L (.text:_xdc_runtime_HeapStd_Handle__label__S)
                  003f1ed7    0000000d     idle_p28L.o28L (.text:_xdc_runtime_LoggerBuf_Handle__label__S)
                  003f1ee4    0000000d     ti.targets.rts2800.a28L : System.o28L (.text:_xdc_runtime_System_abort__E)
                  003f1ef1    0000000c     idle_p28L.o28L (.text:_ti_sysbios_family_c28_Hwi_disableIER__E)
                  003f1efd    0000000c     BIOS.obj (.text:_ti_sysbios_knl_Queue_put__E)
                  003f1f09    0000000c     ti.targets.rts2800.a28L : LoggerBuf.o28L (.text:_xdc_runtime_LoggerBuf_write2__E)
                  003f1f15    0000000c                             : SysMin.o28L (.text:_xdc_runtime_SysMin_exit__E)
                  003f1f21    0000000c     rts2800_ml.lib : memset.c.obj (.text)
                  003f1f2d    0000000b     idle_p28L.o28L (.text:_ti_sysbios_family_c28_Hwi_Module__startupDone__F)
                  003f1f38    0000000b     idle_p28L.o28L (.text:_ti_sysbios_family_c28_Hwi_Object__get__S)
                  003f1f43    0000000b     idle_p28L.o28L (.text:_ti_sysbios_family_c28_Hwi_enableIER__E)
                  003f1f4e    0000000b     idle_p28L.o28L (.text:_ti_sysbios_knl_Queue_Object__get__S)
                  003f1f59    0000000b     ti.targets.rts2800.a28L : LoggerBuf.o28L (.text:_xdc_runtime_LoggerBuf_Instance_finalize__E)
                  003f1f64    0000000b                             : LoggerBuf.o28L (.text:_xdc_runtime_LoggerBuf_write1__E)
                  003f1f6f    0000000b                             : Memory.o28L (.text:_xdc_runtime_Memory_free__E)
                  003f1f7a    0000000b                             : System.o28L (.text:_xdc_runtime_System_exit__E)
                  003f1f85    0000000a     idle_p28L.o28L (.text:_ti_sysbios_BIOS_exitFunc__I)
                  003f1f8f    0000000a     ti.targets.rts2800.a28L : Error.o28L (.text:_xdc_runtime_Error_init__E)
                  003f1f99    0000000a                             : LoggerBuf.o28L (.text:_xdc_runtime_LoggerBuf_write0__E)
                  003f1fa3    0000000a                             : System.o28L (.text:_xdc_runtime_System_vsnprintf__E)
                  003f1fad    0000000a                             : Text.o28L (.text:_xdc_runtime_Text_ropeText__E)
                  003f1fb7    00000009     idle_p28L.o28L (.text:_ti_sysbios_family_c28_Hwi_restoreIER__E)
                  003f1fc0    00000009     c28_TaskSupport_asm.obj (.text:_ti_sysbios_family_c28_TaskSupport_glue)
                  003f1fc9    00000009     BIOS.obj (.text:_ti_sysbios_hal_Hwi_Module_startup__E)
                  003f1fd2    00000009     idle_p28L.o28L (.text:_ti_sysbios_knl_Task_SupportProxy_start__E)
                  003f1fdb    00000009     BIOS.obj (.text:_ti_sysbios_knl_Task_unblock__E)
                  003f1fe4    00000009     idle_p28L.o28L (.text:_xdc_runtime_Startup_exec__I)
                  003f1fed    00000009     idle_p28L.o28L (.text:_xdc_runtime_Text_visitRope__I)
                  003f1ff6    00000009     rts2800_ml.lib : _lock.c.obj (.text)
                  003f1fff    00000008     BIOS.obj (.text:_ti_sysbios_BIOS_setThreadType__E)
                  003f2007    00000008     idle_p28L.o28L (.text:_xdc_runtime_IHeap_alloc)
                  003f200f    00000008     ti.targets.rts2800.a28L : Memory.o28L (.text:_xdc_runtime_Memory_calloc__E)
                  003f2017    00000008                             : SysMin.o28L (.text:_xdc_runtime_SysMin_ready__E)
                  003f201f    00000008     rts2800_ml.lib : strlen.c.obj (.text)
                  003f2027    00000007     idle_p28L.o28L (.text:.bootCodeSection:_ti_catalog_c2800_init_Boot_init)
                  003f202e    00000007     ti.targets.rts2800.a28L : HeapStd.o28L (.text:_xdc_runtime_HeapStd_getStats__E)
                  003f2035    00000007     idle_p28L.o28L (.text:_xdc_runtime_System_aprintf__E)
                  003f203c    00000007     idle_p28L.o28L (.text:_xdc_runtime_System_printf__E)
                  003f2043    00000006     BIOS.obj (.text:_ti_sysbios_BIOS_start__E)
                  003f2049    00000006     c28_IntrinsicsSupport_asm.obj (.text:_ti_sysbios_family_c28_IntrinsicsSupport_maxbit__E)
                  003f204f    00000006     BIOS.obj (.text:_ti_sysbios_family_c28_TimestampProvider_rolloverFunc__E)
                  003f2055    00000006     BIOS.obj (.text:_ti_sysbios_family_c28_TimestampProvider_startTimer__E)
                  003f205b    00000006     BIOS.obj (.text:_ti_sysbios_knl_Swi_disable__E)
                  003f2061    00000006     BIOS.obj (.text:_ti_sysbios_knl_Task_disable__E)
                  003f2067    00000006     ti.targets.rts2800.a28L : Gate.o28L (.text:_xdc_runtime_Gate_enterSystem__E)
                  003f206d    00000006                             : Gate.o28L (.text:_xdc_runtime_Gate_leaveSystem__E)
                  003f2073    00000006                             : LoggerBuf.o28L (.text:_xdc_runtime_LoggerBuf_enable__E)
                  003f2079    00000005     BIOS.obj (.text:_ti_sysbios_family_c28_Hwi_switchFromBootStack__E)
                  003f207e    00000005     BIOS.obj (.text:_ti_sysbios_gates_GateHwi_enter__E)
                  003f2083    00000005     ti.targets.rts2800.a28L : LoggerBuf.o28L (.text:_xdc_runtime_LoggerBuf_disable__E)
                  003f2088    00000004     idle_p28L.o28L (.text:_ti_sysbios_family_c28_Hwi_startup__E)
                  003f208c    00000004     BIOS.obj (.text:_ti_sysbios_knl_Swi_startup__E)
                  003f2090    00000004     idle_p28L.o28L (.text:_xdc_runtime_IHeap_free)
                  003f2094    00000004     ti.targets.rts2800.a28L : Memory.o28L (.text:_xdc_runtime_Memory_getMaxDefaultTypeAlign__E)
                  003f2098    00000004                             : Startup.o28L (.text:_xdc_runtime_Startup_rtsDone__E)
                  003f209c    00000003                             : xdc_noinit.o28L (.text:___xdc__init)
                  003f209f    00000003     idle_p28L.o28L (.text:_ti_catalog_c2800_init_Boot_limpAbort)
                  003f20a2    00000003     c28_Hwi_asm.obj (.text:_ti_sysbios_family_c28_Hwi_getIFR__I)
                  003f20a5    00000003     BIOS.obj (.text:_ti_sysbios_family_c28_TimestampProvider_Module_startup__E)
                  003f20a8    00000003     BIOS.obj (.text:_ti_sysbios_gates_GateHwi_leave__E)
                  003f20ab    00000003     idle_p28L.o28L (.text:_ti_sysbios_hal_Hwi_HwiProxy_getStackInfo__E)
                  003f20ae    00000003     idle_p28L.o28L (.text:_ti_sysbios_hal_Hwi_HwiProxy_switchFromBootStack__E)
                  003f20b1    00000003     BIOS.obj (.text:_ti_sysbios_hal_Hwi_startup__E)
                  003f20b4    00000003     BIOS.obj (.text:_ti_sysbios_knl_Idle_loop__E)
                  003f20b7    00000003     idle_p28L.o28L (.text:_ti_sysbios_knl_Task_SupportProxy_checkStack__E)
                  003f20ba    00000003     idle_p28L.o28L (.text:_ti_sysbios_knl_Task_SupportProxy_swap__E)
                  003f20bd    00000003     BIOS.obj (.text:_ti_sysbios_knl_Task_startup__E)
                  003f20c0    00000003     idle_p28L.o28L (.text:_xdc_runtime_LoggerBuf_Module_GateProxy_enter__E)
                  003f20c3    00000003     idle_p28L.o28L (.text:_xdc_runtime_LoggerBuf_Module_GateProxy_leave__E)
                  003f20c6    00000003     idle_p28L.o28L (.text:_xdc_runtime_LoggerBuf_TimestampProxy_get64__E)
                  003f20c9    00000003     idle_p28L.o28L (.text:_xdc_runtime_System_Module_GateProxy_enter__E)
                  003f20cc    00000003     idle_p28L.o28L (.text:_xdc_runtime_System_Module_GateProxy_leave__E)
                  003f20cf    00000003     ti.targets.rts2800.a28L : System.o28L (.text:_xdc_runtime_System_Module_startup__E)
                  003f20d2    00000003     idle_p28L.o28L (.text:_xdc_runtime_System_SupportProxy_abort__E)
                  003f20d5    00000003     idle_p28L.o28L (.text:_xdc_runtime_System_SupportProxy_exit__E)
                  003f20d8    00000003     idle_p28L.o28L (.text:_xdc_runtime_System_SupportProxy_putch__E)
                  003f20db    00000003     idle_p28L.o28L (.text:_xdc_runtime_System_SupportProxy_ready__E)
                  003f20de    00000003     ti.targets.rts2800.a28L : System.o28L (.text:_xdc_runtime_System_abortStd__E)
                  003f20e1    00000003                             : System.o28L (.text:_xdc_runtime_System_exitStd__E)
                  003f20e4    00000002     idle_p28L.o28L (.text:_malloc)
                  003f20e6    00000002     Boot.a28L : Boot.o28L (.text:_ti_catalog_c2800_init_Boot_defaultLimpAbortFunction)
                  003f20e8    00000002     idle_p28L.o28L (.text:_ti_sysbios_family_c28_TaskSupport_Module__startupDone__S)
                  003f20ea    00000002     BIOS.obj (.text:_ti_sysbios_gates_GateHwi_query__E)
                  003f20ec    00000002     ti.targets.rts2800.a28L : Error.o28L (.text:_xdc_runtime_Error_getSite__E)
                  003f20ee    00000002                             : HeapStd.o28L (.text:_xdc_runtime_HeapStd_isBlocking__E)
                  003f20f0    00000002     rts2800_ml.lib : pre_init.c.obj (.text)
                  003f20f2    00000001     idle_p28L.o28L (.text:_free)
                  003f20f3    00000001     BIOS.obj (.text:_ti_sysbios_BIOS_linkedWithIncorrectBootLibrary__E)
                  003f20f4    00000001     c28_Hwi_asm.obj (.text:_ti_sysbios_family_c28_Hwi_interruptReturn__I)
                  003f20f5    00000001     BIOS.obj (.text:_ti_sysbios_gates_GateHwi_Instance_init__E)
                  003f20f6    00000001     rts2800_ml.lib : startup.c.obj (.text)

ramfuncs   1    00008000    00000000     UNINITIALIZED

.stack     1    00008120    00000100     UNINITIALIZED
                  00008120    00000100     --HOLE--

.cio       1    00008000    00000120     UNINITIALIZED
                  00008000    00000120     rts2800_ml.lib : trgmsg.c.obj (.cio)

xdc.meta   0    00000000    000000ea     COPY SECTION
                  00000000    000000ea     idle_p28L.o28L (xdc.meta)

.binit     0    003d7800    00000000     

MODULE SUMMARY

       Module                          code   initialized data   uninitialized data
       ------                          ----   ----------------   ------------------
    ..\src\sysbios\
       BIOS.obj                        2846   28                 0                 
       c28_Hwi_disp_asm.obj            133    0                  0                 
       c28_Hwi_asm.obj                 55     0                  0                 
       c28_TaskSupport_asm.obj         51     0                  0                 
       c28_IntrinsicsSupport_asm.obj   6      0                  0                 
    +--+-------------------------------+------+------------------+--------------------+
       Total:                          3091   28                 0                 
                                                                                   
    .\
       F2802x_GlobalVariableDefs.obj   0      0                  790               
       idle.obj                        326    141                19                
       DeviceInit_18Nov2018.obj        260    0                  0                 
       DelayUs.obj                     16     0                  0                 
    +--+-------------------------------+------+------------------+--------------------+
       Total:                          602    141                809               
                                                                                   
    C:\Users\lemue\Desktop\Joystick-Project\ArcadeStick\Debug\configPkg\package\cfg\
       idle_p28L.o28L                  694    6798               1856              
    +--+-------------------------------+------+------------------+--------------------+
       Total:                          694    6798               1856              
                                                                                   
    C:\ti\bios_6_76_02_02\packages\ti\catalog\c2800\init\lib\Boot.a28L
       Boot.o28L                       63     0                  0                 
    +--+-------------------------------+------+------------------+--------------------+
       Total:                          63     0                  0                 
                                                                                   
    C:\ti\bios_6_76_02_02\packages\ti\targets\rts2800\lib\boot.a28L
       boot_cg.o28L                    103    0                  0                 
    +--+-------------------------------+------+------------------+--------------------+
       Total:                          103    0                  0                 
                                                                                   
    C:\ti\bios_6_76_02_02\packages\ti\targets\rts2800\lib\ti.targets.rts2800.a28L
       System.o28L                     781    25                 0                 
       LoggerBuf.o28L                  600    0                  0                 
       HeapStd.o28L                    485    0                  0                 
       Text.o28L                       355    67                 0                 
       Error.o28L                      270    88                 0                 
       Core-mem.o28L                   220    0                  0                 
       Startup.o28L                    164    42                 0                 
       SysMin.o28L                     126    0                  0                 
       Memory.o28L                     109    0                  0                 
       Log.o28L                        0      71                 0                 
       Assert.o28L                     45     5                  0                 
       Core-params.o28L                45     0                  0                 
       Core-label.o28L                 26     0                  0                 
       Registry.o28L                   15     0                  0                 
       Gate.o28L                       12     0                  0                 
       xdc_noinit.o28L                 3      0                  0                 
    +--+-------------------------------+------+------------------+--------------------+
       Total:                          3256   298                0                 
                                                                                   
    C:\ti\ccsv8\tools\compiler\ti-cgt-c2000_18.1.4.LTS\lib\rts2800_ml.lib
       trgmsg.c.obj                    148    0                  288               
       ll_div28.asm.obj                263    0                  0                 
       exit.c.obj                      41     14                 6                 
       hostwrite.c.obj                 56     0                  0                 
       cpy_tbl.c.obj                   36     0                  0                 
       memcpy.c.obj                    29     0                  0                 
       args_main.c.obj                 25     0                  0                 
       _lock.c.obj                     9      10                 4                 
       memset.c.obj                    12     0                  0                 
       hostopen.c.obj                  0      0                  8                 
       strlen.c.obj                    8      0                  0                 
       pre_init.c.obj                  2      0                  0                 
       startup.c.obj                   1      0                  0                 
    +--+-------------------------------+------+------------------+--------------------+
       Total:                          630    24                 306               
                                                                                   
       Stack:                          0      0                  256               
    +--+-------------------------------+------+------------------+--------------------+
       Grand Total:                    8439   7289               3227              


GLOBAL DATA SYMBOLS: SORTED BY DATA PAGE

address     data page           name
--------    ----------------    ----
00000000       0 (00000000)     ___ISA__
00000000       0 (00000000)     _xdc_runtime_Error_Module__state__V
00000002       0 (00000000)     _xdc_runtime_HeapStd_Module__state__V
00000004       0 (00000000)     ___xdc__init__addr
00000006       0 (00000000)     _xdc_runtime_Memory_Module__state__V
00000008       0 (00000000)     _ti_sysbios_knl_Task_Module_State_0_idleTask__A
0000000a       0 (00000000)     _ti_sysbios_gates_GateHwi_Object__table__V
0000000c       0 (00000000)     _xdc_runtime_LoggerBuf_Module__state__V
00000010       0 (00000000)     _xdc_runtime_Registry_Module__state__V
00000011       0 (00000000)     ___TARG__
00000014       0 (00000000)     _xdc_runtime_Text_Module__state__V
00000018       0 (00000000)     _ti_sysbios_hal_Hwi_Module__root__V
0000001c       0 (00000000)     _ti_sysbios_family_c28_Timer_Module__root__V
00000020       0 (00000000)     _ti_sysbios_family_c28_TimestampProvider_Module__state__V
00000024       0 (00000000)     _ti_sysbios_knl_Semaphore_Module__root__V
00000028       0 (00000000)     _ti_sysbios_gates_GateHwi_Module__root__V
0000002c       0 (00000000)     _xdc_runtime_Startup_Module__state__V
00000030       0 (00000000)     _ti_sysbios_family_c28_Hwi_Module__root__V
00000034       0 (00000000)     _ti_sysbios_knl_Task_Module__root__V
00000035       0 (00000000)     ___PLAT__
00000038       0 (00000000)     _xdc_runtime_LoggerBuf_Module__root__V
0000003c       0 (00000000)     _ti_sysbios_knl_Swi_Module__root__V

00000040       1 (00000040)     _xdc_runtime_GateNull_Module__root__V
00000044       1 (00000040)     _xdc_runtime_System_Module__state__V
00000048       1 (00000040)     _xdc_runtime_HeapStd_Module__root__V
0000004c       1 (00000040)     _xdc_runtime_SysMin_Module__state__V
00000050       1 (00000040)     _ti_sysbios_knl_Queue_Module__root__V
00000054       1 (00000040)     _xdc_runtime_HeapStd_Object__table__V
0000005a       1 (00000040)     _xdc_runtime_System_Module_State_0_atexitHandlers__A
0000005b       1 (00000040)     ___TRDR__
00000062       1 (00000040)     _ti_sysbios_family_c28_Timer_Module__state__V
0000006a       1 (00000040)     _ti_sysbios_knl_Semaphore_Object__table__V
00000074       1 (00000040)     _ti_sysbios_knl_Swi_Module__state__V

00000080       2 (00000080)     _ti_sysbios_family_c28_Hwi_Module__state__V
00000082       2 (00000080)     ___ASM__
00000090       2 (00000080)     _xdc_runtime_Error_IgnoreBlock
000000a0       2 (00000080)     _ti_sysbios_BIOS_Module__state__V

000000c0       3 (000000c0)     _xdc_runtime_LoggerBuf_Object__table__V
000000d2       3 (000000c0)     _ti_sysbios_family_c28_Hwi_Object__table__V

00000100       4 (00000100)     _ti_sysbios_knl_Task_Module__state__V

00000140       5 (00000140)     _ti_sysbios_knl_Swi_Object__table__V

00000180       6 (00000180)     _ti_sysbios_family_c28_Timer_Object__table__V

000001c0       7 (000001c0)     _ti_sysbios_knl_Swi_Module_State_0_readyQ__A

00000200       8 (00000200)     _ti_sysbios_knl_Task_Module_State_0_readyQ__A

00000240       9 (00000240)     _xdc_runtime_SysMin_Module_State_0_outbuf__A

000002c0       b (000002c0)     _ti_sysbios_knl_Task_Object__table__V

00000340       d (00000340)     _xdc_runtime_LoggerBuf_Instance_State_0_entryArr__A

00000440      11 (00000440)     _ti_sysbios_family_c28_Hwi_Module_State_0_dispatchTable__A

00000540      15 (00000540)     _ti_sysbios_knl_Task_Instance_State_1_stack__A

00000640      19 (00000640)     _ti_sysbios_knl_Task_Instance_State_0_stack__A

00000740      1d (00000740)     _up_button
00000741      1d (00000740)     _select_button
00000742      1d (00000740)     _left_button
00000743      1d (00000740)     _R1_button
00000744      1d (00000740)     _L1_button
00000745      1d (00000740)     _down_button
00000746      1d (00000740)     _start_button
00000747      1d (00000740)     _LP_detec
00000748      1d (00000740)     _Temp
00000749      1d (00000740)     _JOYSTICK_X
0000074a      1d (00000740)     _right_button
0000074b      1d (00000740)     _tickCount
0000074c      1d (00000740)     _pbcount
0000074d      1d (00000740)     _isrFlag
0000074e      1d (00000740)     _S_button
0000074f      1d (00000740)     _JOYSTICK_Y
00000750      1d (00000740)     _T_button
00000751      1d (00000740)     _O_button
00000752      1d (00000740)     _X_button
00000753      1d (00000740)     _parmbuf
0000075c      1d (00000740)     ___TI_enable_exit_profile_output
0000075e      1d (00000740)     ___TI_cleanup_ptr
00000760      1d (00000740)     ___TI_dtors_ptr
00000762      1d (00000740)     __lock
00000764      1d (00000740)     __unlock

00000880      22 (00000880)     _DevEmuRegs

00000985      26 (00000980)     _SysPwrCtrlRegs

00000a80      2a (00000a80)     _FlashRegs

00000ae0      2b (00000ac0)     _CsmRegs

00000b00      2c (00000b00)     _AdcResult

00000c00      30 (00000c00)     _CpuTimer0Regs
00000c08      30 (00000c00)     _CpuTimer1Regs
00000c10      30 (00000c00)     _CpuTimer2Regs

00000ce0      33 (00000cc0)     _PieCtrlRegs

00000d00      34 (00000d00)     _EmuKey
00000d00      34 (00000d00)     _PieVectTable
00000d01      34 (00000d00)     _EmuBMode
00000d02      34 (00000d00)     _Flash_CallbackPtr
00000d04      34 (00000d00)     _Flash_CPUScaleFactor

00006400     190 (00006400)     _Comp1Regs
00006420     190 (00006400)     _Comp2Regs

00006800     1a0 (00006800)     _EPwm1Regs

00006840     1a1 (00006840)     _EPwm2Regs

00006880     1a2 (00006880)     _EPwm3Regs

000068c0     1a3 (000068c0)     _EPwm4Regs

00006a00     1a8 (00006a00)     _ECap1Regs

00006f80     1be (00006f80)     _GpioCtrlRegs

00006fc0     1bf (00006fc0)     _GpioDataRegs
00006fe0     1bf (00006fc0)     _GpioIntRegs

00007010     1c0 (00007000)     _SysCtrlRegs

00007040     1c1 (00007040)     _SpiaRegs
00007050     1c1 (00007040)     _SciaRegs
00007060     1c1 (00007040)     _NmiIntruptRegs
00007070     1c1 (00007040)     _XIntruptRegs

00007100     1c4 (00007100)     _AdcRegs

00007900     1e4 (00007900)     _I2caRegs

00008000     200 (00008000)     __CIOBUF_

00008120     204 (00008100)     __stack

003d7fff    f5ff (003d7fc0)     _PartIdRegs

003f20f8    fc83 (003f20c0)     _xdc_runtime_Text_charTab__A

003f34b7    fcd2 (003f3480)     _ti_sysbios_family_c28_Hwi_Module__id__C
003f34b8    fcd2 (003f3480)     _ti_sysbios_family_c28_Hwi_vectors

003f3623    fcd8 (003f3600)     _ti_sysbios_family_c28_Hwi_NUM_INTERRUPTS_ALL__C

003f367c    fcd9 (003f3640)     _xdc_runtime_Text_nodeTab__A

003f3717    fcdc (003f3700)     _ti_sysbios_family_c28_Hwi_Object__count__C

003f375f    fcdd (003f3740)     _ti_sysbios_family_c28_TaskSupport_Module__id__C

003f37a3    fcde (003f3780)     _ti_sysbios_family_c28_Timer_startupNeeded__C

003f37ce    fcdf (003f37c0)     _xdc_runtime_LoggerBuf_Module__FXNS__C

003f3805    fce0 (003f3800)     _ti_sysbios_hal_Hwi_Module__id__C
003f3806    fce0 (003f3800)     _xdc_runtime_HeapStd_Module__FXNS__C
003f381a    fce0 (003f3800)     _ti_sysbios_gates_GateHwi_Module__FXNS__C
003f382c    fce0 (003f3800)     _xdc_runtime_LoggerBuf_Object__PARAMS__C
003f383e    fce0 (003f3800)     _xdc_runtime_Startup_sfxnTab__A

003f3850    fce1 (003f3840)     _ti_sysbios_gates_GateHwi_Object__DESC__C
003f3860    fce1 (003f3840)     _xdc_runtime_HeapStd_Object__DESC__C
003f3870    fce1 (003f3840)     _xdc_runtime_LoggerBuf_Object__DESC__C

003f3880    fce2 (003f3880)     _xdc_runtime_HeapStd_Object__PARAMS__C
003f388e    fce2 (003f3880)     _ti_sysbios_gates_GateHwi_Object__PARAMS__C
003f389a    fce2 (003f3880)     _xdc_runtime_Startup_sfxnRts__A
003f38a3    fce2 (003f3880)     _ti_sysbios_knl_Semaphore_Module__id__C
003f38a4    fce2 (003f3880)     _swiscan
003f38a6    fce2 (003f3880)     _tsk0
003f38a8    fce2 (003f3880)     _swisend
003f38aa    fce2 (003f3880)     _lpsem
003f38b1    fce2 (003f3880)     _ti_sysbios_knl_Swi_Object__count__C
003f38b2    fce2 (003f3880)     _ti_sysbios_knl_Idle_funcList__A
003f38b6    fce2 (003f3880)     _ti_sysbios_knl_Idle_funcList__C
003f38ba    fce2 (003f3880)     _xdc_runtime_Startup_firstFxns__C
003f38be    fce2 (003f3880)     _xdc_runtime_Startup_lastFxns__C

003f38c2    fce3 (003f38c0)     _ti_sysbios_family_c28_Hwi_A_badIntNum__C
003f38c4    fce3 (003f38c0)     _ti_sysbios_family_c28_Hwi_A_invalidArg__C
003f38c6    fce3 (003f38c0)     _ti_sysbios_family_c28_Hwi_E_unpluggedInterrupt__C
003f38c8    fce3 (003f38c0)     _ti_sysbios_family_c28_Hwi_Module__diagsEnabled__C
003f38ca    fce3 (003f38c0)     _ti_sysbios_family_c28_Hwi_Module__diagsIncluded__C
003f38cc    fce3 (003f38c0)     _ti_sysbios_family_c28_Hwi_Module__diagsMask__C
003f38ce    fce3 (003f38c0)     _ti_sysbios_family_c28_TaskSupport_E_invalidStack__C
003f38d0    fce3 (003f38c0)     _ti_sysbios_hal_Hwi_E_stackOverflow__C
003f38d2    fce3 (003f38c0)     _ti_sysbios_knl_Semaphore_A_badContext__C
003f38d4    fce3 (003f38c0)     _ti_sysbios_knl_Semaphore_A_pendTaskDisabled__C
003f38d6    fce3 (003f38c0)     _ti_sysbios_knl_Semaphore_Instance_State_pendQ__O
003f38d8    fce3 (003f38c0)     _ti_sysbios_knl_Semaphore_Module__diagsEnabled__C
003f38da    fce3 (003f38c0)     _ti_sysbios_knl_Semaphore_Module__diagsIncluded__C
003f38dc    fce3 (003f38c0)     _ti_sysbios_knl_Semaphore_Module__diagsMask__C
003f38de    fce3 (003f38c0)     _ti_sysbios_knl_Task_E_spOutOfBounds__C
003f38e0    fce3 (003f38c0)     _ti_sysbios_knl_Task_E_stackOverflow__C
003f38e2    fce3 (003f38c0)     _ti_sysbios_knl_Task_Module_State_inactiveQ__O
003f38e4    fce3 (003f38c0)     _ti_sysbios_knl_Task_allBlockedFunc__C
003f38e6    fce3 (003f38c0)     _xdc_runtime_Assert_E_assertFailed__C
003f38e8    fce3 (003f38c0)     _xdc_runtime_Core_A_initializedParams__C
003f38ea    fce3 (003f38c0)     _xdc_runtime_Core_Module__diagsEnabled__C
003f38ec    fce3 (003f38c0)     _xdc_runtime_Core_Module__diagsIncluded__C
003f38ee    fce3 (003f38c0)     _xdc_runtime_Core_Module__diagsMask__C
003f38f0    fce3 (003f38c0)     _xdc_runtime_Error_E_memory__C
003f38f2    fce3 (003f38c0)     _xdc_runtime_Error_Module__diagsEnabled__C
003f38f4    fce3 (003f38c0)     _xdc_runtime_Error_Module__diagsIncluded__C
003f38f6    fce3 (003f38c0)     _xdc_runtime_Error_Module__diagsMask__C
003f38f8    fce3 (003f38c0)     _xdc_runtime_Error_Module__loggerFxn8__C
003f38fa    fce3 (003f38c0)     _xdc_runtime_Error_Module__loggerObj__C
003f38fc    fce3 (003f38c0)     _xdc_runtime_Error_policyFxn__C
003f38fe    fce3 (003f38c0)     _xdc_runtime_Error_raiseHook__C

003f3900    fce4 (003f3900)     _xdc_runtime_HeapStd_A_align__C
003f3902    fce4 (003f3900)     _xdc_runtime_HeapStd_A_invalidTotalFreeSize__C
003f3904    fce4 (003f3900)     _xdc_runtime_HeapStd_A_zeroSize__C
003f3906    fce4 (003f3900)     _xdc_runtime_HeapStd_E_noRTSMemory__C
003f3908    fce4 (003f3900)     _xdc_runtime_HeapStd_Module__diagsEnabled__C
003f390a    fce4 (003f3900)     _xdc_runtime_HeapStd_Module__diagsIncluded__C
003f390c    fce4 (003f3900)     _xdc_runtime_HeapStd_Module__diagsMask__C
003f390e    fce4 (003f3900)     _xdc_runtime_IFilterLogger_Interface__BASE__C
003f3910    fce4 (003f3900)     _xdc_runtime_IGateProvider_Interface__BASE__C
003f3912    fce4 (003f3900)     _xdc_runtime_IHeap_Interface__BASE__C
003f3914    fce4 (003f3900)     _xdc_runtime_ILogger_Interface__BASE__C
003f3916    fce4 (003f3900)     _xdc_runtime_IModule_Interface__BASE__C
003f3918    fce4 (003f3900)     _xdc_runtime_Log_L_error__C
003f391a    fce4 (003f3900)     _xdc_runtime_LoggerBuf_E_badLevel__C
003f391c    fce4 (003f3900)     _xdc_runtime_LoggerBuf_Module__gateObj__C
003f391e    fce4 (003f3900)     _xdc_runtime_LoggerBuf_statusLogger__C
003f3920    fce4 (003f3900)     _xdc_runtime_Memory_defaultHeapInstance__C
003f3922    fce4 (003f3900)     _xdc_runtime_Startup_execImpl__C
003f3924    fce4 (003f3900)     _xdc_runtime_Startup_firstFxns__A
003f3926    fce4 (003f3900)     _xdc_runtime_Startup_lastFxns__A
003f3928    fce4 (003f3900)     _xdc_runtime_Startup_sfxnRts__C
003f392a    fce4 (003f3900)     _xdc_runtime_Startup_sfxnTab__C
003f392c    fce4 (003f3900)     _xdc_runtime_SysMin_bufSize__C
003f392e    fce4 (003f3900)     _xdc_runtime_SysMin_outputFunc__C
003f3930    fce4 (003f3900)     _xdc_runtime_System_Module__gateObj__C
003f3932    fce4 (003f3900)     _xdc_runtime_System_abortFxn__C
003f3934    fce4 (003f3900)     _xdc_runtime_System_exitFxn__C
003f3936    fce4 (003f3900)     _xdc_runtime_System_extendFxn__C
003f3938    fce4 (003f3900)     _xdc_runtime_Text_charTab__C
003f393a    fce4 (003f3900)     _xdc_runtime_Text_nameEmpty__C
003f393c    fce4 (003f3900)     _xdc_runtime_Text_nameStatic__C
003f393e    fce4 (003f3900)     _xdc_runtime_Text_nameUnknown__C

003f3940    fce5 (003f3940)     _xdc_runtime_Text_nodeTab__C
003f3942    fce5 (003f3940)     _xdc_runtime_Text_visitRopeFxn__C
003f3944    fce5 (003f3940)     _ti_sysbios_knl_Task_Module__id__C
003f3945    fce5 (003f3940)     _ti_sysbios_knl_Task_Object__count__C
003f3946    fce5 (003f3940)     _ti_sysbios_knl_Task_numConstructedTasks__C
003f3947    fce5 (003f3940)     _xdc_runtime_Core_Module__id__C
003f3948    fce5 (003f3940)     _xdc_runtime_Error_Module__loggerDefined__C
003f3949    fce5 (003f3940)     _xdc_runtime_Error_maxDepth__C
003f394a    fce5 (003f3940)     _xdc_runtime_Error_policy__C
003f394b    fce5 (003f3940)     _xdc_runtime_HeapStd_Module__id__C
003f394c    fce5 (003f3940)     _xdc_runtime_LoggerBuf_Module__id__C
003f394d    fce5 (003f3940)     _xdc_runtime_LoggerBuf_Object__count__C
003f394e    fce5 (003f3940)     _xdc_runtime_LoggerBuf_filterByLevel__C
003f394f    fce5 (003f3940)     _xdc_runtime_Memory_Module__id__C
003f3950    fce5 (003f3940)     _xdc_runtime_Startup_maxPasses__C
003f3951    fce5 (003f3940)     _xdc_runtime_SysMin_flushAtExit__C
003f3952    fce5 (003f3940)     _xdc_runtime_System_maxAtexitHandlers__C
003f3953    fce5 (003f3940)     _xdc_runtime_Text_charCnt__C
003f3954    fce5 (003f3940)     _xdc_runtime_Text_isLoaded__C
003f3955    fce5 (003f3940)     _xdc_runtime_Text_registryModsLastId__C
003f3956    fce5 (003f3940)     _xdc_runtime_Text_unnamedModsLastId__C

003f7ff8    fdff (003f7fc0)     _CsmPwl


GLOBAL SYMBOLS: SORTED ALPHABETICALLY BY Name 

page  address   name                                                      
----  -------   ----                                                      
0     003f0000  .text                                                     
0     003f1903  C$$EXIT                                                   
0     003f0afe  C$$IO$$                                                   
0     003f04cd  LL$$DIV                                                   
0     003f0509  LL$$MOD                                                   
0     003f0543  ULL$$DIV                                                  
0     003f0572  ULL$$MOD                                                  
1     00007100  _AdcRegs                                                  
1     00000b00  _AdcResult                                                
1     00006400  _Comp1Regs                                                
1     00006420  _Comp2Regs                                                
1     00000c00  _CpuTimer0Regs                                            
1     00000c08  _CpuTimer1Regs                                            
1     00000c10  _CpuTimer2Regs                                            
1     003f7ff8  _CsmPwl                                                   
1     00000ae0  _CsmRegs                                                  
0     003f1dc7  _DelayUs                                                  
1     00000880  _DevEmuRegs                                               
0     003f05d4  _DeviceInit                                               
1     00006a00  _ECap1Regs                                                
1     00006800  _EPwm1Regs                                                
1     00006840  _EPwm2Regs                                                
1     00006880  _EPwm3Regs                                                
1     000068c0  _EPwm4Regs                                                
0     00000d01  _EmuBMode                                                 
0     00000d00  _EmuKey                                                   
1     00000a80  _FlashRegs                                                
0     00000d04  _Flash_CPUScaleFactor                                     
0     00000d02  _Flash_CallbackPtr                                        
1     00006f80  _GpioCtrlRegs                                             
1     00006fc0  _GpioDataRegs                                             
1     00006fe0  _GpioIntRegs                                              
0     003f150f  _HOSTwrite                                                
1     00007900  _I2caRegs                                                 
0     003f06bd  _InitFlash                                                
1     00000749  _JOYSTICK_X                                               
1     0000074f  _JOYSTICK_Y                                               
1     00000744  _L1_button                                                
1     00000747  _LP_detec                                                 
0     003f04be  _LPtsk                                                    
1     00007060  _NmiIntruptRegs                                           
1     00000751  _O_button                                                 
1     003d7fff  _PartIdRegs                                               
1     00000ce0  _PieCtrlRegs                                              
0     00000d00  _PieVectTable                                             
1     00000743  _R1_button                                                
1     00008000  _RamfuncsLoadEnd                                          
abs   00000000  _RamfuncsLoadSize                                         
1     00008000  _RamfuncsLoadStart                                        
1     00008000  _RamfuncsRunStart                                         
1     0000074e  _S_button                                                 
0     003f046d  _ScaleADC                                                 
1     00007050  _SciaRegs                                                 
1     00007040  _SpiaRegs                                                 
1     00007010  _SysCtrlRegs                                              
1     00000985  _SysPwrCtrlRegs                                           
1     00000750  _T_button                                                 
1     00000748  _Temp                                                     
0     003f04b8  _Tickrate                                                 
1     00007070  _XIntruptRegs                                             
1     00000752  _X_button                                                 
1     00008000  __CIOBUF_                                                 
1     00008220  __STACK_END                                               
abs   00000100  __STACK_SIZE                                              
0     00000082  ___ASM__                                                  
0     00000000  ___ISA__                                                  
0     00000035  ___PLAT__                                                 
0     00000011  ___TARG__                                                 
1     0000075e  ___TI_cleanup_ptr                                         
1     00000760  ___TI_dtors_ptr                                           
1     0000075c  ___TI_enable_exit_profile_output                          
abs   ffffffff  ___TI_pprof_out_hndl                                      
abs   ffffffff  ___TI_prof_data_size                                      
abs   ffffffff  ___TI_prof_data_start                                     
0     003f0b03  ___TI_readmsg                                             
0     003f0aab  ___TI_writemsg                                            
0     0000005b  ___TRDR__                                                 
abs   ffffffff  ___binit__                                                
abs   ffffffff  ___c_args__                                               
0     003f3957  ___cinit__                                                
0     003f20f7  ___etext__                                                
abs   ffffffff  ___pinit__                                                
0     003f0000  ___text__                                                 
0     003f209c  ___xdc__init                                              
1     00000004  ___xdc__init__addr                                        
0     003f1c1c  __args_main                                               
1     00000762  __lock                                                    
0     003f1ffe  __nop                                                     
0     003f1ffa  __register_lock                                           
0     003f1ff6  __register_unlock                                         
1     00008120  __stack                                                   
0     003f20f6  __system_post_cinit                                       
0     003f20f0  __system_pre_init                                         
1     00000764  __unlock                                                  
0     003f1903  _abort                                                    
0     003f10a9  _c_int00                                                  
0     003f197a  _copy_in                                                  
1     00000745  _down_button                                              
0     003f1905  _exit                                                     
0     003f20f2  _free                                                     
1     0000074d  _isrFlag                                                  
1     00000742  _left_button                                              
0     003f38aa  _lpsem                                                    
0     003f0387  _main                                                     
0     003f20e4  _malloc                                                   
0     003f1af8  _memcpy                                                   
0     003f1f21  _memset                                                   
0     003f04a2  _myIdleFxn                                                
1     00000753  _parmbuf                                                  
1     0000074c  _pbcount                                                  
1     0000074a  _right_button                                             
1     00000741  _select_button                                            
1     00000746  _start_button                                             
0     003f201f  _strlen                                                   
0     003f0394  _swiSCAN                                                  
0     003f047b  _swiUART                                                  
0     003f38a4  _swiscan                                                  
0     003f38a8  _swisend                                                  
0     003f166f  _ti_catalog_c2800_init_Boot_configurePll2802x             
0     003f20e6  _ti_catalog_c2800_init_Boot_defaultLimpAbortFunction      
0     003f1e17  _ti_catalog_c2800_init_Boot_disableWatchdog               
0     003f2027  _ti_catalog_c2800_init_Boot_init                          
0     003f209f  _ti_catalog_c2800_init_Boot_limpAbort                     
1     000000a0  _ti_sysbios_BIOS_Module__state__V                         
0     003f1cd9  _ti_sysbios_BIOS_atExitFunc__I                            
0     003f1e44  _ti_sysbios_BIOS_errorRaiseHook__I                        
0     003f1f85  _ti_sysbios_BIOS_exitFunc__I                              
0     003f20f3  _ti_sysbios_BIOS_linkedWithIncorrectBootLibrary__E        
0     003f1fff  _ti_sysbios_BIOS_setThreadType__E                         
0     003f1d6e  _ti_sysbios_BIOS_startFunc__I                             
0     003f2043  _ti_sysbios_BIOS_start__E                                 
0     003f38c2  _ti_sysbios_family_c28_Hwi_A_badIntNum__C                 
0     003f38c4  _ti_sysbios_family_c28_Hwi_A_invalidArg__C                
0     003f38c6  _ti_sysbios_family_c28_Hwi_E_unpluggedInterrupt__C        
1     00000440  _ti_sysbios_family_c28_Hwi_Module_State_0_dispatchTable__A
0     003f38c8  _ti_sysbios_family_c28_Hwi_Module__diagsEnabled__C        
0     003f38ca  _ti_sysbios_family_c28_Hwi_Module__diagsIncluded__C       
0     003f38cc  _ti_sysbios_family_c28_Hwi_Module__diagsMask__C           
0     003f34b7  _ti_sysbios_family_c28_Hwi_Module__id__C                  
1     00000030  _ti_sysbios_family_c28_Hwi_Module__root__V                
0     003f1f2d  _ti_sysbios_family_c28_Hwi_Module__startupDone__F         
0     003f1f2d  _ti_sysbios_family_c28_Hwi_Module__startupDone__S         
1     00000080  _ti_sysbios_family_c28_Hwi_Module__state__V               
0     003f1268  _ti_sysbios_family_c28_Hwi_Module_startup__E              
0     003f3623  _ti_sysbios_family_c28_Hwi_NUM_INTERRUPTS_ALL__C          
0     003f3717  _ti_sysbios_family_c28_Hwi_Object__count__C               
0     003f1f38  _ti_sysbios_family_c28_Hwi_Object__get__S                 
1     000000d2  _ti_sysbios_family_c28_Hwi_Object__table__V               
0     003f07c6  _ti_sysbios_family_c28_Hwi_clearInterrupt__E              
0     003f1ef1  _ti_sysbios_family_c28_Hwi_disableIER__E                  
0     003f0d60  _ti_sysbios_family_c28_Hwi_disableInterrupt__E            
0     003f0de1  _ti_sysbios_family_c28_Hwi_disablePIEIER__E               
0     003f1e7c  _ti_sysbios_family_c28_Hwi_dispatchC__I                   
0     003f11d3  _ti_sysbios_family_c28_Hwi_dispatchCore__I                
0     003f0cb6  _ti_sysbios_family_c28_Hwi_dispatchPie                    
0     003f0c59  _ti_sysbios_family_c28_Hwi_dispatchTable                  
0     003f1f43  _ti_sysbios_family_c28_Hwi_enableIER__E                   
0     003f0b3f  _ti_sysbios_family_c28_Hwi_enableInterrupt__E             
0     003f0e61  _ti_sysbios_family_c28_Hwi_enablePIEIER__E                
0     003f20a2  _ti_sysbios_family_c28_Hwi_getIFR__I                      
[...]
0     003f20b7  _ti_sysbios_knl_Task_SupportProxy_checkStack__E           
0     003f20ba  _ti_sysbios_knl_Task_SupportProxy_swap__E                 
0     003f20bd  _ti_sysbios_knl_Task_startup__E                           
0     003f20c0  _xdc_runtime_LoggerBuf_Module_GateProxy_enter__E          
0     003f20c3  _xdc_runtime_LoggerBuf_Module_GateProxy_leave__E          
0     003f20c6  _xdc_runtime_LoggerBuf_TimestampProxy_get64__E            
0     003f20c9  _xdc_runtime_System_Module_GateProxy_enter__E             
0     003f20cc  _xdc_runtime_System_Module_GateProxy_leave__E             
0     003f20cf  _xdc_runtime_System_Module_startup__E                     
0     003f20d2  _xdc_runtime_System_SupportProxy_abort__E                 
0     003f20d5  _xdc_runtime_System_SupportProxy_exit__E                  
0     003f20d8  _xdc_runtime_System_SupportProxy_putch__E                 
0     003f20db  _xdc_runtime_System_SupportProxy_ready__E                 
0     003f20de  _xdc_runtime_System_abortStd__E                           
0     003f20e1  _xdc_runtime_System_exitStd__E                            
0     003f20e4  _malloc                                                   
0     003f20e6  _ti_catalog_c2800_init_Boot_defaultLimpAbortFunction      
0     003f20e8  _ti_sysbios_family_c28_TaskSupport_Module__startupDone__S 
0     003f20e8  _ti_sysbios_knl_Task_SupportProxy_Module__startupDone__S  
0     003f20ea  _ti_sysbios_gates_GateHwi_query__E                        
0     003f20ec  _xdc_runtime_Error_getSite__E                             
0     003f20ee  _xdc_runtime_HeapStd_isBlocking__E                        
0     003f20f0  __system_pre_init                                         
0     003f20f2  _free                                                     
0     003f20f3  _ti_sysbios_BIOS_linkedWithIncorrectBootLibrary__E        
0     003f20f4  _ti_sysbios_family_c28_Hwi_interruptReturn__I             
0     003f20f5  _ti_sysbios_gates_GateHwi_Instance_init__E                
0     003f20f6  __system_post_cinit                                       
0     003f20f7  ___etext__                                                
0     003f20f7  etext                                                     
0     003f20f8  _xdc_runtime_Text_charTab__A                              
0     003f34b7  _ti_sysbios_family_c28_Hwi_Module__id__C                  
0     003f34b8  _ti_sysbios_family_c28_Hwi_vectors                        
0     003f3623  _ti_sysbios_family_c28_Hwi_NUM_INTERRUPTS_ALL__C          
0     003f367c  _xdc_runtime_Text_nodeTab__A                              
0     003f3717  _ti_sysbios_family_c28_Hwi_Object__count__C               
0     003f375f  _ti_sysbios_family_c28_TaskSupport_Module__id__C          
0     003f37a3  _ti_sysbios_family_c28_Timer_startupNeeded__C             
0     003f37ce  _xdc_runtime_LoggerBuf_Module__FXNS__C                    
0     003f3805  _ti_sysbios_hal_Hwi_Module__id__C                         
0     003f3806  _xdc_runtime_HeapStd_Module__FXNS__C                      
0     003f381a  _ti_sysbios_gates_GateHwi_Module__FXNS__C                 
0     003f382c  _xdc_runtime_LoggerBuf_Object__PARAMS__C                  
0     003f383e  _xdc_runtime_Startup_sfxnTab__A                           
0     003f3850  _ti_sysbios_gates_GateHwi_Object__DESC__C                 
0     003f3860  _xdc_runtime_HeapStd_Object__DESC__C                      
0     003f3870  _xdc_runtime_LoggerBuf_Object__DESC__C                    
0     003f3880  _xdc_runtime_HeapStd_Object__PARAMS__C                    
0     003f388e  _ti_sysbios_gates_GateHwi_Object__PARAMS__C               
0     003f389a  _xdc_runtime_Startup_sfxnRts__A                           
0     003f38a3  _ti_sysbios_knl_Semaphore_Module__id__C                   
0     003f38a4  _swiscan                                                  
0     003f38a6  _tsk0                                                     
0     003f38a8  _swisend                                                  
0     003f38aa  _lpsem                                                    
0     003f38b1  _ti_sysbios_knl_Swi_Object__count__C                      
0     003f38b2  _ti_sysbios_knl_Idle_funcList__A                          
0     003f38b6  _ti_sysbios_knl_Idle_funcList__C                          
0     003f38ba  _xdc_runtime_Startup_firstFxns__C                         
0     003f38be  _xdc_runtime_Startup_lastFxns__C                          
0     003f38c2  _ti_sysbios_family_c28_Hwi_A_badIntNum__C                 
0     003f38c4  _ti_sysbios_family_c28_Hwi_A_invalidArg__C                
0     003f38c6  _ti_sysbios_family_c28_Hwi_E_unpluggedInterrupt__C        
0     003f38c8  _ti_sysbios_family_c28_Hwi_Module__diagsEnabled__C        
0     003f38ca  _ti_sysbios_family_c28_Hwi_Module__diagsIncluded__C       
0     003f38cc  _ti_sysbios_family_c28_Hwi_Module__diagsMask__C           
0     003f38ce  _ti_sysbios_family_c28_TaskSupport_E_invalidStack__C      
0     003f38d0  _ti_sysbios_hal_Hwi_E_stackOverflow__C                    
0     003f38d2  _ti_sysbios_knl_Semaphore_A_badContext__C                 
0     003f38d4  _ti_sysbios_knl_Semaphore_A_pendTaskDisabled__C           
0     003f38d6  _ti_sysbios_knl_Semaphore_Instance_State_pendQ__O         
0     003f38d8  _ti_sysbios_knl_Semaphore_Module__diagsEnabled__C         
0     003f38da  _ti_sysbios_knl_Semaphore_Module__diagsIncluded__C        
0     003f38dc  _ti_sysbios_knl_Semaphore_Module__diagsMask__C            
0     003f38de  _ti_sysbios_knl_Task_E_spOutOfBounds__C                   
0     003f38e0  _ti_sysbios_knl_Task_E_stackOverflow__C                   
0     003f38e2  _ti_sysbios_knl_Task_Module_State_inactiveQ__O            
0     003f38e4  _ti_sysbios_knl_Task_allBlockedFunc__C                    
0     003f38e6  _xdc_runtime_Assert_E_assertFailed__C                     
0     003f38e8  _xdc_runtime_Core_A_initializedParams__C                  
0     003f38ea  _xdc_runtime_Core_Module__diagsEnabled__C                 
0     003f38ec  _xdc_runtime_Core_Module__diagsIncluded__C                
0     003f38ee  _xdc_runtime_Core_Module__diagsMask__C                    
0     003f38f0  _xdc_runtime_Error_E_memory__C                            
0     003f38f2  _xdc_runtime_Error_Module__diagsEnabled__C                
0     003f38f4  _xdc_runtime_Error_Module__diagsIncluded__C               
0     003f38f6  _xdc_runtime_Error_Module__diagsMask__C                   
0     003f38f8  _xdc_runtime_Error_Module__loggerFxn8__C                  
0     003f38fa  _xdc_runtime_Error_Module__loggerObj__C                   
0     003f38fc  _xdc_runtime_Error_policyFxn__C                           
0     003f38fe  _xdc_runtime_Error_raiseHook__C                           
0     003f3900  _xdc_runtime_HeapStd_A_align__C                           
0     003f3902  _xdc_runtime_HeapStd_A_invalidTotalFreeSize__C            
0     003f3904  _xdc_runtime_HeapStd_A_zeroSize__C                        
0     003f3906  _xdc_runtime_HeapStd_E_noRTSMemory__C                     
0     003f3908  _xdc_runtime_HeapStd_Module__diagsEnabled__C              
0     003f390a  _xdc_runtime_HeapStd_Module__diagsIncluded__C             
0     003f390c  _xdc_runtime_HeapStd_Module__diagsMask__C                 
0     003f390e  _xdc_runtime_IFilterLogger_Interface__BASE__C             
0     003f3910  _xdc_runtime_IGateProvider_Interface__BASE__C             
0     003f3912  _xdc_runtime_IHeap_Interface__BASE__C                     
0     003f3914  _xdc_runtime_ILogger_Interface__BASE__C                   
0     003f3916  _xdc_runtime_IModule_Interface__BASE__C                   
0     003f3918  _xdc_runtime_Log_L_error__C                               
0     003f391a  _xdc_runtime_LoggerBuf_E_badLevel__C                      
0     003f391c  _xdc_runtime_LoggerBuf_Module__gateObj__C                 
0     003f391e  _xdc_runtime_LoggerBuf_statusLogger__C                    
0     003f3920  _xdc_runtime_Memory_defaultHeapInstance__C                
0     003f3922  _xdc_runtime_Startup_execImpl__C                          
0     003f3924  _xdc_runtime_Startup_firstFxns__A                         
0     003f3926  _xdc_runtime_Startup_lastFxns__A                          
0     003f3928  _xdc_runtime_Startup_sfxnRts__C                           
0     003f392a  _xdc_runtime_Startup_sfxnTab__C                           
0     003f392c  _xdc_runtime_SysMin_bufSize__C                            
0     003f392e  _xdc_runtime_SysMin_outputFunc__C                         
0     003f3930  _xdc_runtime_System_Module__gateObj__C                    
0     003f3932  _xdc_runtime_System_abortFxn__C                           
0     003f3934  _xdc_runtime_System_exitFxn__C                            
0     003f3936  _xdc_runtime_System_extendFxn__C                          
0     003f3938  _xdc_runtime_Text_charTab__C                              
0     003f393a  _xdc_runtime_Text_nameEmpty__C                            
0     003f393c  _xdc_runtime_Text_nameStatic__C                           
0     003f393e  _xdc_runtime_Text_nameUnknown__C                          
0     003f3940  _xdc_runtime_Text_nodeTab__C                              
0     003f3942  _xdc_runtime_Text_visitRopeFxn__C                         
0     003f3944  _ti_sysbios_knl_Task_Module__id__C                        
0     003f3945  _ti_sysbios_knl_Task_Object__count__C                     
0     003f3946  _ti_sysbios_knl_Task_numConstructedTasks__C               
0     003f3947  _xdc_runtime_Core_Module__id__C                           
0     003f3948  _xdc_runtime_Error_Module__loggerDefined__C               
0     003f3949  _xdc_runtime_Error_maxDepth__C                            
0     003f394a  _xdc_runtime_Error_policy__C                              
0     003f394b  _xdc_runtime_HeapStd_Module__id__C                        
0     003f394c  _xdc_runtime_LoggerBuf_Module__id__C                      
0     003f394d  _xdc_runtime_LoggerBuf_Object__count__C                   
0     003f394e  _xdc_runtime_LoggerBuf_filterByLevel__C                   
0     003f394f  _xdc_runtime_Memory_Module__id__C                         
0     003f3950  _xdc_runtime_Startup_maxPasses__C                         
0     003f3951  _xdc_runtime_SysMin_flushAtExit__C                        
0     003f3952  _xdc_runtime_System_maxAtexitHandlers__C                  
0     003f3953  _xdc_runtime_Text_charCnt__C                              
0     003f3954  _xdc_runtime_Text_isLoaded__C                             
0     003f3955  _xdc_runtime_Text_registryModsLastId__C                   
0     003f3956  _xdc_runtime_Text_unnamedModsLastId__C                    
0     003f3957  ___cinit__                                                
0     003f3957  cinit                                                     
1     00000000  _xdc_runtime_Error_Module__state__V                       
1     00000002  _xdc_runtime_HeapStd_Module__state__V                     
1     00000004  ___xdc__init__addr                                        
1     00000006  _xdc_runtime_Memory_Module__state__V                      
1     00000008  _ti_sysbios_knl_Task_Module_State_0_idleTask__A           
1     0000000a  _ti_sysbios_gates_GateHwi_Object__table__V                
1     0000000c  _xdc_runtime_LoggerBuf_Module__state__V                   
1     00000010  _xdc_runtime_Registry_Module__state__V                    
1     00000014  _xdc_runtime_Text_Module__state__V                        
1     00000018  _ti_sysbios_hal_Hwi_Module__root__V                       
1     0000001c  _ti_sysbios_family_c28_Timer_Module__root__V              
1     00000020  _ti_sysbios_family_c28_TimestampProvider_Module__state__V 
1     00000024  _ti_sysbios_knl_Semaphore_Module__root__V                 
1     00000028  _ti_sysbios_gates_GateHwi_Module__root__V                 
1     0000002c  _xdc_runtime_Startup_Module__state__V                     
1     00000030  _ti_sysbios_family_c28_Hwi_Module__root__V                
1     00000034  _ti_sysbios_knl_Task_Module__root__V                      
1     00000038  _xdc_runtime_LoggerBuf_Module__root__V                    
1     0000003c  _ti_sysbios_knl_Swi_Module__root__V                       
1     00000040  _xdc_runtime_GateNull_Module__root__V                     
1     00000044  _xdc_runtime_System_Module__state__V                      
1     00000048  _xdc_runtime_HeapStd_Module__root__V                      
1     0000004c  _xdc_runtime_SysMin_Module__state__V                      
1     00000050  _ti_sysbios_knl_Queue_Module__root__V                     
1     00000054  _xdc_runtime_HeapStd_Object__table__V                     
1     0000005a  _xdc_runtime_System_Module_State_0_atexitHandlers__A      
1     00000062  _ti_sysbios_family_c28_Timer_Module__state__V             
1     0000006a  _ti_sysbios_knl_Semaphore_Object__table__V                
1     00000074  _ti_sysbios_knl_Swi_Module__state__V                      
1     00000080  _ti_sysbios_family_c28_Hwi_Module__state__V               
1     00000090  _xdc_runtime_Error_IgnoreBlock                            
1     000000a0  _ti_sysbios_BIOS_Module__state__V                         
1     000000c0  _xdc_runtime_LoggerBuf_Object__table__V                   
1     000000d2  _ti_sysbios_family_c28_Hwi_Object__table__V               
1     00000100  _ti_sysbios_knl_Task_Module__state__V                     
1     00000140  _ti_sysbios_knl_Swi_Object__table__V                      
1     00000180  _ti_sysbios_family_c28_Timer_Object__table__V             
1     000001c0  _ti_sysbios_knl_Swi_Module_State_0_readyQ__A              
1     00000200  _ti_sysbios_knl_Task_Module_State_0_readyQ__A             
1     00000240  _xdc_runtime_SysMin_Module_State_0_outbuf__A              
1     000002c0  _ti_sysbios_knl_Task_Object__table__V                     
1     00000340  _xdc_runtime_LoggerBuf_Instance_State_0_entryArr__A       
1     00000440  _ti_sysbios_family_c28_Hwi_Module_State_0_dispatchTable__A
1     00000540  _ti_sysbios_knl_Task_Instance_State_1_stack__A            
1     00000640  _ti_sysbios_knl_Task_Instance_State_0_stack__A            
1     00000740  _up_button                                                
1     00000741  _select_button                                            
1     00000742  _left_button                                              
1     00000743  _R1_button                                                
1     00000744  _L1_button                                                
1     00000745  _down_button                                              
1     00000746  _start_button                                             
1     00000747  _LP_detec                                                 
1     00000748  _Temp                                                     
1     00000749  _JOYSTICK_X                                               
1     0000074a  _right_button                                             
1     0000074b  _tickCount                                                
1     0000074c  _pbcount                                                  
1     0000074d  _isrFlag                                                  
1     0000074e  _S_button                                                 
1     0000074f  _JOYSTICK_Y                                               
1     00000750  _T_button                                                 
1     00000751  _O_button                                                 
1     00000752  _X_button                                                 
1     00000753  _parmbuf                                                  
1     0000075c  ___TI_enable_exit_profile_output                          
1     0000075e  ___TI_cleanup_ptr                                         
1     00000760  ___TI_dtors_ptr                                           
1     00000762  __lock                                                    
1     00000764  __unlock                                                  
1     00000880  _DevEmuRegs                                               
1     00000985  _SysPwrCtrlRegs                                           
1     00000a80  _FlashRegs                                                
1     00000ae0  _CsmRegs                                                  
1     00000b00  _AdcResult                                                
1     00000c00  _CpuTimer0Regs                                            
1     00000c08  _CpuTimer1Regs                                            
1     00000c10  _CpuTimer2Regs                                            
1     00000ce0  _PieCtrlRegs                                              
1     00006400  _Comp1Regs                                                
1     00006420  _Comp2Regs                                                
1     00006800  _EPwm1Regs                                                
1     00006840  _EPwm2Regs                                                
1     00006880  _EPwm3Regs                                                
1     000068c0  _EPwm4Regs                                                
1     00006a00  _ECap1Regs                                                
1     00006f80  _GpioCtrlRegs                                             
1     00006fc0  _GpioDataRegs                                             
1     00006fe0  _GpioIntRegs                                              
1     00007010  _SysCtrlRegs                                              
1     00007040  _SpiaRegs                                                 
1     00007050  _SciaRegs                                                 
1     00007060  _NmiIntruptRegs                                           
1     00007070  _XIntruptRegs                                             
1     00007100  _AdcRegs                                                  
1     00007900  _I2caRegs                                                 
1     00008000  _RamfuncsLoadEnd                                          
1     00008000  _RamfuncsLoadStart                                        
1     00008000  _RamfuncsRunStart                                         
1     00008000  __CIOBUF_                                                 
1     00008120  __stack                                                   
1     00008220  __STACK_END                                               
1     003d7fff  _PartIdRegs                                               
1     003f7ff8  _CsmPwl                                                   
abs   00000000  _RamfuncsLoadSize                                         
abs   00000001  _xdc_runtime_Startup__EXECFXN__C                          
abs   00000001  _xdc_runtime_Startup__RESETFXN__C                         
abs   00000100  __STACK_SIZE                                              
abs   ffffffff  ___TI_pprof_out_hndl                                      
abs   ffffffff  ___TI_prof_data_size                                      
abs   ffffffff  ___TI_prof_data_start                                     
abs   ffffffff  ___binit__                                                
abs   ffffffff  ___c_args__                                               
abs   ffffffff  ___pinit__                                                
abs   ffffffff  binit                                                     
abs   ffffffff  pinit                                                     

[490 symbols]
