******************************************************************************
             TMS320C2000 Linker PC v18.1.4                     
******************************************************************************
>> Linked Sun Dec  1 19:37:39 2019

OUTPUT FILE NAME:   <ArcadeStick.out>
ENTRY POINT SYMBOL: "_c_int00"  address: 003f13f7


MEMORY CONFIGURATION

         name            origin    length      used     unused   attr    fill
----------------------  --------  ---------  --------  --------  ----  --------
PAGE 0:
  OTP                   003d7800   00000400  00000000  00000400  RWIX
  FLASH                 003f0000   00007f80  000045c1  000039bf  RWIX
  CSM_RSVD              003f7f80   00000076  00000000  00000076  RWIX
  BEGIN                 003f7ff6   00000002  00000002  00000000  RWIX
  CSM_PWL               003f7ff8   00000008  00000000  00000008  RWIX
  IQTABLES              003fe000   00000b50  00000000  00000b50  RWIX
  IQTABLES2             003feb50   0000008c  00000000  0000008c  RWIX
  IQTABLES3             003febdc   000000aa  00000000  000000aa  RWIX
  ROM                   003ff27c   00000d44  00000000  00000d44  RWIX
  RESET                 003fffc0   00000002  00000000  00000002  RWIX
  VECTORS               003fffc2   0000003e  00000000  0000003e  RWIX

PAGE 1:
  M01SARAM              00000000   00000800  00000100  00000700  RWIX
  DEV_EMU               00000880   00000105  00000004  00000101  RWIX
  SYS_PWR_CTL           00000985   00000003  00000003  00000000  RWIX
  FLASH_REGS            00000a80   00000060  00000008  00000058  RWIX
  CSM                   00000ae0   00000010  00000010  00000000  RWIX
  ADC_RESULT            00000b00   00000020  00000020  00000000  RWIX
  CPU_TIMER0            00000c00   00000008  00000008  00000000  RWIX
  CPU_TIMER1            00000c08   00000008  00000008  00000000  RWIX
  CPU_TIMER2            00000c10   00000008  00000008  00000000  RWIX
  PIE_CTRL              00000ce0   00000020  0000001a  00000006  RWIX
  PIEVECT               00000d00   00000100  00000000  00000100  RWIX
  COMP1                 00006400   00000020  00000020  00000000  RWIX
  COMP2                 00006420   00000020  00000020  00000000  RWIX
  EPWM1                 00006800   00000040  00000040  00000000  RWIX
  EPWM2                 00006840   00000040  00000040  00000000  RWIX
  EPWM3                 00006880   00000040  00000040  00000000  RWIX
  EPWM4                 000068c0   00000040  00000040  00000000  RWIX
  ECAP1                 00006a00   00000020  00000020  00000000  RWIX
  GPIOCTRL              00006f80   00000040  00000040  00000000  RWIX
  GPIODAT               00006fc0   00000020  00000020  00000000  RWIX
  GPIOINT               00006fe0   00000020  0000000a  00000016  RWIX
  SYSTEM                00007010   00000020  0000001f  00000001  RWIX
  SPIA                  00007040   00000010  00000010  00000000  RWIX
  SCIA                  00007050   00000010  00000010  00000000  RWIX
  NMIINTRUPT            00007060   00000010  00000010  00000000  RWIX
  XINTRUPT              00007070   00000010  00000010  00000000  RWIX
  ADC                   00007100   00000080  00000051  0000002f  RWIX
  I2CA                  00007900   00000040  00000022  0000001e  RWIX
  L0SARAM               00008000   00001000  00000948  000006b8  RWIX
  PARTID                003d7fff   00000001  00000001  00000000  RWIX
  CSM_PWL               003f7ff8   00000008  00000008  00000000  RWIX


SECTION ALLOCATION MAP

 output                                  attributes/
section   page    origin      length       input sections
--------  ----  ----------  ----------   ----------------
PieVectTableFile 
*          0    00000d00    00000100     DSECT
                  00000d00    00000100     F2802x_GlobalVariableDefs.obj (PieVectTableFile)

EmuKeyVar 
*          0    00000d00    00000001     DSECT
                  00000d00    00000001     F2802x_GlobalVariableDefs.obj (EmuKeyVar)

EmuBModeVar 
*          0    00000d01    00000001     DSECT
                  00000d01    00000001     F2802x_GlobalVariableDefs.obj (EmuBModeVar)

FlashCallbackVar 
*          0    00000d02    00000002     DSECT
                  00000d02    00000002     F2802x_GlobalVariableDefs.obj (FlashCallbackVar)

FlashScalingVar 
*          0    00000d04    00000002     DSECT
                  00000d04    00000002     F2802x_GlobalVariableDefs.obj (FlashScalingVar)

.econst    0    003f2830    000018e9     
                  003f2830    0000142c     idle_p28L.o28L (.econst:xdc_runtime_Text_charTab__A)
                  003f3c5c    00000100     idle_p28L.o28L (.econst:_ti_sysbios_family_c28_Hwi_vectors)
                  003f3d5c    0000006b     idle_p28L.o28L (.econst:.string)
                  003f3dc7    00000001     idle_p28L.o28L (.econst:ti_sysbios_family_c28_Hwi_Module__id__C)
                  003f3dc8    00000058     ti.targets.rts2800.a28L : Error.o28L (.econst:.string)
                  003f3e20    00000054     idle_p28L.o28L (.econst:xdc_runtime_Text_nodeTab__A)
                  003f3e74    00000047     ti.targets.rts2800.a28L : Log.o28L (.econst:.string)
                  003f3ebb    00000001     idle_p28L.o28L (.econst:ti_sysbios_family_c28_Hwi_NUM_INTERRUPTS_ALL__C)
                  003f3ebc    00000043     ti.targets.rts2800.a28L : Text.o28L (.econst:.string)
                  003f3eff    00000001     idle_p28L.o28L (.econst:ti_sysbios_family_c28_Hwi_Object__count__C)
                  003f3f00    0000002a     ti.targets.rts2800.a28L : Startup.o28L (.econst:.string)
                  003f3f2a    0000001e     idle_p28L.o28L (.econst:xdc_runtime_LoggerBuf_Module__FXNS__C)
                  003f3f48    00000019     ti.targets.rts2800.a28L : System.o28L (.econst:.string)
                  003f3f61    00000001     idle_p28L.o28L (.econst:ti_sysbios_family_c28_TaskSupport_Module__id__C)
                  003f3f62    00000014     idle_p28L.o28L (.econst:xdc_runtime_HeapStd_Module__FXNS__C)
                  003f3f76    00000012     idle_p28L.o28L (.econst:ti_sysbios_gates_GateHwi_Module__FXNS__C)
                  003f3f88    00000012     idle_p28L.o28L (.econst:xdc_runtime_LoggerBuf_Object__PARAMS__C)
                  003f3f9a    00000012     idle_p28L.o28L (.econst:xdc_runtime_Startup_sfxnTab__A)
                  003f3fac    00000010     idle_p28L.o28L (.econst:ti_sysbios_gates_GateHwi_Object__DESC__C)
                  003f3fbc    00000010     idle_p28L.o28L (.econst:xdc_runtime_HeapStd_Object__DESC__C)
                  003f3fcc    00000010     idle_p28L.o28L (.econst:xdc_runtime_LoggerBuf_Object__DESC__C)
                  003f3fdc    0000000e     idle_p28L.o28L (.econst:xdc_runtime_HeapStd_Object__PARAMS__C)
                  003f3fea    0000000c     idle_p28L.o28L (.econst:ti_sysbios_gates_GateHwi_Object__PARAMS__C)
                  003f3ff6    0000000c     idle_p28L.o28L (.econst:ti_sysbios_knl_Swi_hooks__A)
                  003f4002    0000000c     idle_p28L.o28L (.econst:ti_sysbios_knl_Task_hooks__A)
                  003f400e    0000000a     idle_p28L.o28L (.econst)
                  003f4018    0000000a     idle_p28L.o28L (.econst:ti_sysbios_family_c28_Hwi_hooks__A)
                  003f4022    00000009     idle_p28L.o28L (.econst:xdc_runtime_Startup_sfxnRts__A)
                  003f402b    00000001     idle_p28L.o28L (.econst:ti_sysbios_family_c28_Timer_Module__id__C)
                  003f402c    00000008     idle.obj (.econst:.string)
                  003f4034    00000008     idle.obj (.econst:_$P$T0$1)
                  003f403c    00000008     idle.obj (.econst:_$P$T1$2)
                  003f4044    00000006     idle_p28L.o28L (.econst:ti_sysbios_knl_Idle_funcList__A)
                  003f404a    00000005     ti.targets.rts2800.a28L : Assert.o28L (.econst:.string)
                  003f404f    00000001     idle_p28L.o28L (.econst:ti_sysbios_family_c28_Timer_startupNeeded__C)
                  003f4050    00000004     idle_p28L.o28L (.econst:ti_sysbios_family_c28_Hwi_hooks__C)
                  003f4054    00000004     idle_p28L.o28L (.econst:ti_sysbios_knl_Idle_funcList__C)
                  003f4058    00000004     idle_p28L.o28L (.econst:ti_sysbios_knl_Swi_hooks__C)
                  003f405c    00000004     idle_p28L.o28L (.econst:ti_sysbios_knl_Task_hooks__C)
                  003f4060    00000004     idle_p28L.o28L (.econst:xdc_runtime_Startup_firstFxns__C)
                  003f4064    00000004     idle_p28L.o28L (.econst:xdc_runtime_Startup_lastFxns__C)
                  003f4068    00000002     idle_p28L.o28L (.econst:ti_sysbios_family_c28_Hwi_A_badIntNum__C)
                  003f406a    00000002     idle_p28L.o28L (.econst:ti_sysbios_family_c28_Hwi_A_invalidArg__C)
                  003f406c    00000002     idle_p28L.o28L (.econst:ti_sysbios_family_c28_Hwi_E_unpluggedInterrupt__C)
                  003f406e    00000002     idle_p28L.o28L (.econst:ti_sysbios_family_c28_Hwi_Module__diagsEnabled__C)
                  003f4070    00000002     idle_p28L.o28L (.econst:ti_sysbios_family_c28_Hwi_Module__diagsIncluded__C)
                  003f4072    00000002     idle_p28L.o28L (.econst:ti_sysbios_family_c28_Hwi_Module__diagsMask__C)
                  003f4074    00000002     idle_p28L.o28L (.econst:ti_sysbios_family_c28_TaskSupport_E_invalidStack__C)
                  003f4076    00000002     idle_p28L.o28L (.econst:ti_sysbios_family_c28_Timer_Module__diagsEnabled__C)
                  003f4078    00000002     idle_p28L.o28L (.econst:ti_sysbios_family_c28_Timer_Module__diagsIncluded__C)
                  003f407a    00000002     idle_p28L.o28L (.econst:ti_sysbios_family_c28_Timer_Module__diagsMask__C)
                  003f407c    00000002     idle_p28L.o28L (.econst:ti_sysbios_hal_Hwi_E_stackOverflow__C)
                  003f407e    00000002     idle_p28L.o28L (.econst:ti_sysbios_knl_Semaphore_A_badContext__C)
                  003f4080    00000002     idle_p28L.o28L (.econst:ti_sysbios_knl_Semaphore_A_overflow__C)
                  003f4082    00000002     idle_p28L.o28L (.econst:ti_sysbios_knl_Semaphore_A_pendTaskDisabled__C)
                  003f4084    00000002     idle_p28L.o28L (.econst:ti_sysbios_knl_Semaphore_Instance_State_pendQ__O)
                  003f4086    00000002     idle_p28L.o28L (.econst:ti_sysbios_knl_Semaphore_Module__diagsEnabled__C)
                  003f4088    00000002     idle_p28L.o28L (.econst:ti_sysbios_knl_Semaphore_Module__diagsIncluded__C)
                  003f408a    00000002     idle_p28L.o28L (.econst:ti_sysbios_knl_Semaphore_Module__diagsMask__C)
                  003f408c    00000002     idle_p28L.o28L (.econst:ti_sysbios_knl_Task_E_spOutOfBounds__C)
                  003f408e    00000002     idle_p28L.o28L (.econst:ti_sysbios_knl_Task_E_stackOverflow__C)
                  003f4090    00000002     idle_p28L.o28L (.econst:ti_sysbios_knl_Task_Module_State_inactiveQ__O)
                  003f4092    00000002     idle_p28L.o28L (.econst:ti_sysbios_knl_Task_Object__heap__C)
                  003f4094    00000002     idle_p28L.o28L (.econst:ti_sysbios_knl_Task_allBlockedFunc__C)
                  003f4096    00000002     idle_p28L.o28L (.econst:ti_sysbios_utils_Load_Module_State_taskList__O)
                  003f4098    00000002     idle_p28L.o28L (.econst:ti_sysbios_utils_Load_Module__diagsEnabled__C)
                  003f409a    00000002     idle_p28L.o28L (.econst:ti_sysbios_utils_Load_Module__diagsIncluded__C)
                  003f409c    00000002     idle_p28L.o28L (.econst:ti_sysbios_utils_Load_Module__diagsMask__C)
                  003f409e    00000002     idle_p28L.o28L (.econst:ti_sysbios_utils_Load_postUpdate__C)
                  003f40a0    00000002     idle_p28L.o28L (.econst:xdc_runtime_Assert_E_assertFailed__C)
                  003f40a2    00000002     idle_p28L.o28L (.econst:xdc_runtime_Core_A_initializedParams__C)
                  003f40a4    00000002     idle_p28L.o28L (.econst:xdc_runtime_Core_Module__diagsEnabled__C)
                  003f40a6    00000002     idle_p28L.o28L (.econst:xdc_runtime_Core_Module__diagsIncluded__C)
                  003f40a8    00000002     idle_p28L.o28L (.econst:xdc_runtime_Core_Module__diagsMask__C)
                  003f40aa    00000002     idle_p28L.o28L (.econst:xdc_runtime_Error_E_memory__C)
                  003f40ac    00000002     idle_p28L.o28L (.econst:xdc_runtime_Error_Module__diagsEnabled__C)
                  003f40ae    00000002     idle_p28L.o28L (.econst:xdc_runtime_Error_Module__diagsIncluded__C)
                  003f40b0    00000002     idle_p28L.o28L (.econst:xdc_runtime_Error_Module__diagsMask__C)
                  003f40b2    00000002     idle_p28L.o28L (.econst:xdc_runtime_Error_Module__loggerFxn8__C)
                  003f40b4    00000002     idle_p28L.o28L (.econst:xdc_runtime_Error_Module__loggerObj__C)
                  003f40b6    00000002     idle_p28L.o28L (.econst:xdc_runtime_Error_policyFxn__C)
                  003f40b8    00000002     idle_p28L.o28L (.econst:xdc_runtime_Error_raiseHook__C)
                  003f40ba    00000002     idle_p28L.o28L (.econst:xdc_runtime_HeapStd_A_align__C)
                  003f40bc    00000002     idle_p28L.o28L (.econst:xdc_runtime_HeapStd_A_invalidTotalFreeSize__C)
                  003f40be    00000002     idle_p28L.o28L (.econst:xdc_runtime_HeapStd_A_zeroSize__C)
                  003f40c0    00000002     idle_p28L.o28L (.econst:xdc_runtime_HeapStd_E_noRTSMemory__C)
                  003f40c2    00000002     idle_p28L.o28L (.econst:xdc_runtime_HeapStd_Module__diagsEnabled__C)
                  003f40c4    00000002     idle_p28L.o28L (.econst:xdc_runtime_HeapStd_Module__diagsIncluded__C)
                  003f40c6    00000002     idle_p28L.o28L (.econst:xdc_runtime_HeapStd_Module__diagsMask__C)
                  003f40c8    00000002     idle_p28L.o28L (.econst:xdc_runtime_IFilterLogger_Interface__BASE__C)
                  003f40ca    00000002     idle_p28L.o28L (.econst:xdc_runtime_IGateProvider_Interface__BASE__C)
                  003f40cc    00000002     idle_p28L.o28L (.econst:xdc_runtime_IHeap_Interface__BASE__C)
                  003f40ce    00000002     idle_p28L.o28L (.econst:xdc_runtime_ILogger_Interface__BASE__C)
                  003f40d0    00000002     idle_p28L.o28L (.econst:xdc_runtime_IModule_Interface__BASE__C)
                  003f40d2    00000002     idle_p28L.o28L (.econst:xdc_runtime_Log_L_error__C)
                  003f40d4    00000002     idle_p28L.o28L (.econst:xdc_runtime_LoggerBuf_E_badLevel__C)
                  003f40d6    00000002     idle_p28L.o28L (.econst:xdc_runtime_LoggerBuf_Module__gateObj__C)
                  003f40d8    00000002     idle_p28L.o28L (.econst:xdc_runtime_LoggerBuf_statusLogger__C)
                  003f40da    00000002     idle_p28L.o28L (.econst:xdc_runtime_Memory_defaultHeapInstance__C)
                  003f40dc    00000002     idle_p28L.o28L (.econst:xdc_runtime_Startup_execImpl__C)
                  003f40de    00000002     idle_p28L.o28L (.econst:xdc_runtime_Startup_firstFxns__A)
                  003f40e0    00000002     idle_p28L.o28L (.econst:xdc_runtime_Startup_lastFxns__A)
                  003f40e2    00000002     idle_p28L.o28L (.econst:xdc_runtime_Startup_sfxnRts__C)
                  003f40e4    00000002     idle_p28L.o28L (.econst:xdc_runtime_Startup_sfxnTab__C)
                  003f40e6    00000002     idle_p28L.o28L (.econst:xdc_runtime_SysMin_bufSize__C)
                  003f40e8    00000002     idle_p28L.o28L (.econst:xdc_runtime_SysMin_outputFunc__C)
                  003f40ea    00000002     idle_p28L.o28L (.econst:xdc_runtime_System_Module__gateObj__C)
                  003f40ec    00000002     idle_p28L.o28L (.econst:xdc_runtime_System_abortFxn__C)
                  003f40ee    00000002     idle_p28L.o28L (.econst:xdc_runtime_System_exitFxn__C)
                  003f40f0    00000002     idle_p28L.o28L (.econst:xdc_runtime_System_extendFxn__C)
                  003f40f2    00000002     idle_p28L.o28L (.econst:xdc_runtime_Text_charTab__C)
                  003f40f4    00000002     idle_p28L.o28L (.econst:xdc_runtime_Text_nameEmpty__C)
                  003f40f6    00000002     idle_p28L.o28L (.econst:xdc_runtime_Text_nameStatic__C)
                  003f40f8    00000002     idle_p28L.o28L (.econst:xdc_runtime_Text_nameUnknown__C)
                  003f40fa    00000002     idle_p28L.o28L (.econst:xdc_runtime_Text_nodeTab__C)
                  003f40fc    00000002     idle_p28L.o28L (.econst:xdc_runtime_Text_visitRopeFxn__C)
                  003f40fe    00000001     idle_p28L.o28L (.econst:ti_sysbios_hal_Hwi_Module__id__C)
                  003f40ff    00000001     idle_p28L.o28L (.econst:ti_sysbios_knl_Semaphore_Module__id__C)
                  003f4100    00000001     idle_p28L.o28L (.econst:ti_sysbios_knl_Swi_Object__count__C)
                  003f4101    00000001     idle_p28L.o28L (.econst:ti_sysbios_knl_Swi_numConstructedSwis__C)
                  003f4102    00000001     idle_p28L.o28L (.econst:ti_sysbios_knl_Task_Module__id__C)
                  003f4103    00000001     idle_p28L.o28L (.econst:ti_sysbios_knl_Task_Object__count__C)
                  003f4104    00000001     idle_p28L.o28L (.econst:ti_sysbios_knl_Task_numConstructedTasks__C)
                  003f4105    00000001     idle_p28L.o28L (.econst:ti_sysbios_utils_Load_Module__id__C)
                  003f4106    00000001     idle_p28L.o28L (.econst:ti_sysbios_utils_Load_autoAddTasks__C)
                  003f4107    00000001     idle_p28L.o28L (.econst:ti_sysbios_utils_Load_updateInIdle__C)
                  003f4108    00000001     idle_p28L.o28L (.econst:ti_sysbios_utils_Load_windowInMs__C)
                  003f4109    00000001     idle_p28L.o28L (.econst:xdc_runtime_Core_Module__id__C)
                  003f410a    00000001     idle_p28L.o28L (.econst:xdc_runtime_Error_Module__loggerDefined__C)
                  003f410b    00000001     idle_p28L.o28L (.econst:xdc_runtime_Error_maxDepth__C)
                  003f410c    00000001     idle_p28L.o28L (.econst:xdc_runtime_Error_policy__C)
                  003f410d    00000001     idle_p28L.o28L (.econst:xdc_runtime_HeapStd_Module__id__C)
                  003f410e    00000001     idle_p28L.o28L (.econst:xdc_runtime_LoggerBuf_Module__id__C)
                  003f410f    00000001     idle_p28L.o28L (.econst:xdc_runtime_LoggerBuf_Object__count__C)
                  003f4110    00000001     idle_p28L.o28L (.econst:xdc_runtime_LoggerBuf_filterByLevel__C)
                  003f4111    00000001     idle_p28L.o28L (.econst:xdc_runtime_Memory_Module__id__C)
                  003f4112    00000001     idle_p28L.o28L (.econst:xdc_runtime_Startup_maxPasses__C)
                  003f4113    00000001     idle_p28L.o28L (.econst:xdc_runtime_SysMin_flushAtExit__C)
                  003f4114    00000001     idle_p28L.o28L (.econst:xdc_runtime_System_maxAtexitHandlers__C)
                  003f4115    00000001     idle_p28L.o28L (.econst:xdc_runtime_Text_charCnt__C)
                  003f4116    00000001     idle_p28L.o28L (.econst:xdc_runtime_Text_isLoaded__C)
                  003f4117    00000001     idle_p28L.o28L (.econst:xdc_runtime_Text_registryModsLastId__C)
                  003f4118    00000001     idle_p28L.o28L (.econst:xdc_runtime_Text_unnamedModsLastId__C)

.cinit     0    003f4119    0000048c     
                  003f4119    0000042e     idle_p28L.o28L (.cinit)
                  003f4547    00000044     idle.obj (.cinit)
                  003f458b    0000000e     rts2800_ml.lib : exit.c.obj (.cinit)
                  003f4599    00000005                    : _lock.c.obj (.cinit:__lock)
                  003f459e    00000005                    : _lock.c.obj (.cinit:__unlock)
                  003f45a3    00000002     --HOLE-- [fill = 0]

.switch    0    003f45a6    0000001c     
                  003f45a6    0000001c     sysbios.a28L : BIOS.obj (.switch:_ti_sysbios_family_c28_Hwi_clearInterrupt__E)

DevEmuRegsFile 
*          1    00000880    00000004     UNINITIALIZED
                  00000880    00000004     F2802x_GlobalVariableDefs.obj (DevEmuRegsFile)

SysPwrCtrlRegsFile 
*          1    00000985    00000003     UNINITIALIZED
                  00000985    00000003     F2802x_GlobalVariableDefs.obj (SysPwrCtrlRegsFile)

FlashRegsFile 
*          1    00000a80    00000008     UNINITIALIZED
                  00000a80    00000008     F2802x_GlobalVariableDefs.obj (FlashRegsFile)

CsmRegsFile 
*          1    00000ae0    00000010     UNINITIALIZED
                  00000ae0    00000010     F2802x_GlobalVariableDefs.obj (CsmRegsFile)

AdcResultFile 
*          1    00000b00    00000020     UNINITIALIZED
                  00000b00    00000020     F2802x_GlobalVariableDefs.obj (AdcResultFile)

CpuTimer0RegsFile 
*          1    00000c00    00000008     UNINITIALIZED
                  00000c00    00000008     F2802x_GlobalVariableDefs.obj (CpuTimer0RegsFile)

CpuTimer1RegsFile 
*          1    00000c08    00000008     UNINITIALIZED
                  00000c08    00000008     F2802x_GlobalVariableDefs.obj (CpuTimer1RegsFile)

CpuTimer2RegsFile 
*          1    00000c10    00000008     UNINITIALIZED
                  00000c10    00000008     F2802x_GlobalVariableDefs.obj (CpuTimer2RegsFile)

PieCtrlRegsFile 
*          1    00000ce0    0000001a     UNINITIALIZED
                  00000ce0    0000001a     F2802x_GlobalVariableDefs.obj (PieCtrlRegsFile)

Comp1RegsFile 
*          1    00006400    00000020     UNINITIALIZED
                  00006400    00000020     F2802x_GlobalVariableDefs.obj (Comp1RegsFile)

Comp2RegsFile 
*          1    00006420    00000020     UNINITIALIZED
                  00006420    00000020     F2802x_GlobalVariableDefs.obj (Comp2RegsFile)

EPwm1RegsFile 
*          1    00006800    00000040     UNINITIALIZED
                  00006800    00000040     F2802x_GlobalVariableDefs.obj (EPwm1RegsFile)

EPwm2RegsFile 
*          1    00006840    00000040     UNINITIALIZED
                  00006840    00000040     F2802x_GlobalVariableDefs.obj (EPwm2RegsFile)

EPwm3RegsFile 
*          1    00006880    00000040     UNINITIALIZED
                  00006880    00000040     F2802x_GlobalVariableDefs.obj (EPwm3RegsFile)

EPwm4RegsFile 
*          1    000068c0    00000040     UNINITIALIZED
                  000068c0    00000040     F2802x_GlobalVariableDefs.obj (EPwm4RegsFile)

ECap1RegsFile 
*          1    00006a00    00000020     UNINITIALIZED
                  00006a00    00000020     F2802x_GlobalVariableDefs.obj (ECap1RegsFile)

GpioCtrlRegsFile 
*          1    00006f80    00000040     UNINITIALIZED
                  00006f80    00000040     F2802x_GlobalVariableDefs.obj (GpioCtrlRegsFile)

GpioDataRegsFile 
*          1    00006fc0    00000020     UNINITIALIZED
                  00006fc0    00000020     F2802x_GlobalVariableDefs.obj (GpioDataRegsFile)

GpioIntRegsFile 
*          1    00006fe0    0000000a     UNINITIALIZED
                  00006fe0    0000000a     F2802x_GlobalVariableDefs.obj (GpioIntRegsFile)

SysCtrlRegsFile 
*          1    00007010    0000001f     UNINITIALIZED
                  00007010    0000001f     F2802x_GlobalVariableDefs.obj (SysCtrlRegsFile)

SpiaRegsFile 
*          1    00007040    00000010     UNINITIALIZED
                  00007040    00000010     F2802x_GlobalVariableDefs.obj (SpiaRegsFile)

SciaRegsFile 
*          1    00007050    00000010     UNINITIALIZED
                  00007050    00000010     F2802x_GlobalVariableDefs.obj (SciaRegsFile)

NmiIntruptRegsFile 
*          1    00007060    00000010     UNINITIALIZED
                  00007060    00000010     F2802x_GlobalVariableDefs.obj (NmiIntruptRegsFile)

XIntruptRegsFile 
*          1    00007070    00000010     UNINITIALIZED
                  00007070    00000010     F2802x_GlobalVariableDefs.obj (XIntruptRegsFile)

AdcRegsFile 
*          1    00007100    00000051     UNINITIALIZED
                  00007100    00000051     F2802x_GlobalVariableDefs.obj (AdcRegsFile)

I2caRegsFile 
*          1    00007900    00000022     UNINITIALIZED
                  00007900    00000022     F2802x_GlobalVariableDefs.obj (I2caRegsFile)

PartIdRegsFile 
*          1    003d7fff    00000001     UNINITIALIZED
                  003d7fff    00000001     F2802x_GlobalVariableDefs.obj (PartIdRegsFile)

CsmPwlFile 
*          1    003f7ff8    00000008     UNINITIALIZED
                  003f7ff8    00000008     F2802x_GlobalVariableDefs.obj (CsmPwlFile)

.pinit     0    003f0000    00000000     UNINITIALIZED

.text      0    003f0000    00002830     
                  003f0000    00000223     ti.targets.rts2800.a28L : System.o28L (.text:_xdc_runtime_System_doPrint__I)
                  003f0223    00000192     idle.obj (.text)
                  003f03b5    00000164     sysbios.a28L : BIOS.obj (.text:_ti_sysbios_knl_Semaphore_pend__E)
                  003f0519    00000116     DeviceInit_18Nov2018.obj (.text)
                  003f062f    00000107     rts2800_ml.lib : ll_div28.asm.obj (.text)
                  003f0736    000000ee     ti.targets.rts2800.a28L : HeapStd.o28L (.text:_xdc_runtime_HeapStd_alloc__E)
                  003f0824    000000e1     sysbios.a28L : BIOS.obj (.text:_ti_sysbios_family_c28_Hwi_clearInterrupt__E)
                  003f0905    000000b5     ti.targets.rts2800.a28L : LoggerBuf.o28L (.text:_xdc_runtime_LoggerBuf_write8__E)
                  003f09ba    000000b0     idle_p28L.o28L (.text:_xdc_runtime_System_printfExtend__I)
                  003f0a6a    000000a3     sysbios.a28L : BIOS.obj (.text:_ti_sysbios_utils_Load_updateThreadContexts__E)
                  003f0b0d    0000009f     ti.targets.rts2800.a28L : Core-mem.o28L (.text:_xdc_runtime_Core_createObject__I)
                  003f0bac    00000094     rts2800_ml.lib : trgmsg.c.obj (.text)
                  003f0c40    0000008e     sysbios.a28L : BIOS.obj (.text:_ti_sysbios_family_c28_Hwi_enableInterrupt__E)
                  003f0cce    0000008c     ti.targets.rts2800.a28L : Error.o28L (.text:_xdc_runtime_Error_policyDefault__E)
                  003f0d5a    00000085     sysbios.a28L : c28_Hwi_disp_asm.obj (.text:_ti_sysbios_family_c28_Hwi_dispatch)
                  003f0ddf    00000082     ti.targets.rts2800.a28L : HeapStd.o28L (.text:_xdc_runtime_HeapStd_Instance_init__E)
                  003f0e61    00000081     sysbios.a28L : BIOS.obj (.text:_ti_sysbios_family_c28_Hwi_disableInterrupt__E)
                  003f0ee2    00000080                  : BIOS.obj (.text:_ti_sysbios_family_c28_Hwi_disablePIEIER__E)
                  003f0f62    0000007f                  : BIOS.obj (.text:_ti_sysbios_family_c28_Hwi_enablePIEIER__E)
                  003f0fe1    0000007d                  : BIOS.obj (.text:_ti_sysbios_knl_Semaphore_post__E)
                  003f105e    0000007c                  : BIOS.obj (.text:_ti_sysbios_knl_Task_postInit__I)
                  003f10da    00000079     ti.targets.rts2800.a28L : LoggerBuf.o28L (.text:_xdc_runtime_LoggerBuf_write4__E)
                  003f1153    00000077     sysbios.a28L : BIOS.obj (.text:_ti_sysbios_family_c28_Hwi_dispatchCore__I)
                  003f11ca    00000073                  : BIOS.obj (.text:_ti_sysbios_knl_Task_checkStacks__E)
                  003f123d    00000071                  : BIOS.obj (.text:_ti_sysbios_family_c28_Hwi_Module_startup__E)
                  003f12ae    00000071     ti.targets.rts2800.a28L : Startup.o28L (.text:_xdc_runtime_Startup_startMods__I)
                  003f131f    0000006c     sysbios.a28L : BIOS.obj (.text:_ti_sysbios_knl_Swi_run__I)
                  003f138b    0000006c     ti.targets.rts2800.a28L : HeapStd.o28L (.text:_xdc_runtime_HeapStd_free__E)
                  003f13f7    00000067     boot.a28L : boot_cg.o28L (.text)
                  003f145e    00000066     sysbios.a28L : BIOS.obj (.text:_ti_sysbios_family_c28_Timer_stopAndClear__I)
                  003f14c4    00000066                  : BIOS.obj (.text:_ti_sysbios_utils_Load_idleFxn__E)
                  003f152a    00000060                  : BIOS.obj (.text:_ti_sysbios_utils_Load_updateLoads__E)
                  003f158a    0000005d     ti.targets.rts2800.a28L : Text.o28L (.text:_xdc_runtime_Text_putSite__E)
                  003f15e7    00000053     sysbios.a28L : BIOS.obj (.text:_ti_sysbios_knl_Task_startCore__E)
                  003f163a    00000051                  : BIOS.obj (.text:_ti_sysbios_utils_Load_updateCurrentThreadTime__E)
                  003f168b    0000004c                  : BIOS.obj (.text:_ti_sysbios_knl_Task_schedule__I)
                  003f16d7    0000004c                  : BIOS.obj (.text:_ti_sysbios_utils_Load_startup__E)
                  003f1723    00000047                  : BIOS.obj (.text:_ti_sysbios_knl_Task_Module_startup__E)
                  003f176a    00000041                  : BIOS.obj (.text:_ti_sysbios_knl_Swi_Module_startup__E)
                  003f17ab    00000041                  : BIOS.obj (.text:_ti_sysbios_knl_Swi_post__E)
                  003f17ec    00000041     ti.targets.rts2800.a28L : Text.o28L (.text:_xdc_runtime_Text_putLab__E)
                  003f182d    0000003f     sysbios.a28L : BIOS.obj (.text:_ti_sysbios_utils_Load_taskCreateHook__E)
                  003f186c    0000003f     ti.targets.rts2800.a28L : Text.o28L (.text:_xdc_runtime_Text_putMod__E)
                  003f18ab    0000003e     sysbios.a28L : BIOS.obj (.text:_ti_sysbios_knl_Swi_postInit__I)
                  003f18e9    0000003e     ti.targets.rts2800.a28L : Memory.o28L (.text:_xdc_runtime_Memory_alloc__E)
                  003f1927    0000003d                             : Core-mem.o28L (.text:_xdc_runtime_Core_deleteObject__I)
                  003f1964    0000003d                             : LoggerBuf.o28L (.text:_xdc_runtime_LoggerBuf_getFilterLevel__E)
                  003f19a1    0000003c     sysbios.a28L : BIOS.obj (.text:_ti_sysbios_family_c28_Hwi_postInit__I)
                  003f19dd    0000003c                  : BIOS.obj (.text:_ti_sysbios_family_c28_Timer_postInit__I)
                  003f1a19    0000003c                  : BIOS.obj (.text:_ti_sysbios_knl_Swi_restoreHwi__E)
                  003f1a55    0000003c                  : BIOS.obj (.text:_ti_sysbios_utils_Load_addTask__E)
                  003f1a91    0000003c     ti.targets.rts2800.a28L : LoggerBuf.o28L (.text:_xdc_runtime_LoggerBuf_setFilterLevel__E)
                  003f1acd    00000038     sysbios.a28L : BIOS.obj (.text:_ti_sysbios_family_c28_TaskSupport_start__E)
                  003f1b05    00000038                  : BIOS.obj (.text:_ti_sysbios_knl_Task_exit__E)
                  003f1b3d    00000038     rts2800_ml.lib : hostwrite.c.obj (.text)
                  003f1b75    00000035     idle_p28L.o28L (.text:_ti_sysbios_utils_Load_hwiBeginHook__E)
                  003f1baa    00000033     sysbios.a28L : BIOS.obj (.text:_ti_sysbios_utils_Load_taskSwitchHook__E)
                  003f1bdd    00000033     ti.targets.rts2800.a28L : System.o28L (.text:_xdc_runtime_System_formatNum__I)
                  003f1c10    00000031     sysbios.a28L : BIOS.obj (.text:_ti_sysbios_family_c28_Timer_getFreq__E)
                  003f1c41    00000030     ti.targets.rts2800.a28L : Error.o28L (.text:_xdc_runtime_Error_print__E)
                  003f1c71    0000002f                             : LoggerBuf.o28L (.text:_xdc_runtime_LoggerBuf_Instance_init__E)
                  003f1ca0    0000002f                             : Startup.o28L (.text:_xdc_runtime_Startup_exec__E)
                  003f1ccf    0000002e     Boot.a28L : Boot.o28L (.text:.bootCodeSection:_ti_catalog_c2800_init_Boot_configurePll2802x)
                  003f1cfd    0000002e     sysbios.a28L : BIOS.obj (.text:_ti_sysbios_knl_Swi_runLoop__I)
                  003f1d2b    0000002e                  : BIOS.obj (.text:_ti_sysbios_knl_Swi_schedule__I)
                  003f1d59    0000002e                  : BIOS.obj (.text:_ti_sysbios_utils_Load_swiBeginHook__E)
                  003f1d87    0000002d                  : BIOS.obj (.text:_ti_sysbios_family_c28_Hwi_getInterruptFlag__E)
                  003f1db4    0000002d     ti.targets.rts2800.a28L : Assert.o28L (.text:_xdc_runtime_Assert_raise__I)
                  003f1de1    0000002d                             : Core-params.o28L (.text:_xdc_runtime_Core_assignParams__I)
                  003f1e0e    0000002d                             : Text.o28L (.text:_xdc_runtime_Text_visitRope2__I)
                  003f1e3b    0000002c     sysbios.a28L : BIOS.obj (.text:_ti_sysbios_family_c28_Timer_start__E)
                  003f1e67    0000002c     idle_p28L.o28L (.text:_xdc_runtime_LoggerBuf_Object__create__S)
                  003f1e93    0000002b     idle_p28L.o28L (.text:_xdc_runtime_HeapStd_Object__create__S)
                  003f1ebe    0000002a     sysbios.a28L : BIOS.obj (.text:_ti_sysbios_utils_Load_logLoads__I)
                  003f1ee8    0000002a     ti.targets.rts2800.a28L : Error.o28L (.text:_xdc_runtime_Error_setX__E)
                  003f1f12    00000029     sysbios.a28L : BIOS.obj (.text:_ti_sysbios_family_c28_Hwi_getStackInfo__E)
                  003f1f3b    00000029                  : BIOS.obj (.text:_ti_sysbios_family_c28_Hwi_unPluggedInterrupt__I)
                  003f1f64    00000029                  : BIOS.obj (.text:_ti_sysbios_utils_Load_taskDeleteHook__E)
                  003f1f8d    00000029     ti.targets.rts2800.a28L : Text.o28L (.text:_xdc_runtime_Text_xprintf__I)
                  003f1fb6    00000029     rts2800_ml.lib : exit.c.obj (.text)
                  003f1fdf    00000028     sysbios.a28L : BIOS.obj (.text:_ti_sysbios_family_c28_Timer_getExpiredCounts64__E)
                  003f2007    00000028                  : BIOS.obj (.text:_ti_sysbios_utils_Load_removeTask__E)
                  003f202f    00000027                  : BIOS.obj (.text:_ti_sysbios_utils_Load_hwiEndHook__E)
                  003f2056    00000026     ti.targets.rts2800.a28L : SysMin.o28L (.text:_xdc_runtime_SysMin_flush__E)
                  003f207c    00000024     rts2800_ml.lib : cpy_tbl.c.obj (.text)
                  003f20a0    00000023     ti.targets.rts2800.a28L : System.o28L (.text:_xdc_runtime_System_processAtExit__E)
                  003f20c3    00000022     sysbios.a28L : BIOS.obj (.text:_ti_sysbios_knl_Task_blockI__E)
                  003f20e5    00000020                  : BIOS.obj (.text:_ti_sysbios_family_c28_Timer_setPrescale__E)
                  003f2105    00000020                  : BIOS.obj (.text:_ti_sysbios_knl_Task_allBlockedFunction__I)
                  003f2125    0000001f                  : BIOS.obj (.text:_ti_sysbios_utils_Load_swiEndHook__E)
                  003f2144    0000001e     ti.targets.rts2800.a28L : LoggerBuf.o28L (.text:_xdc_runtime_LoggerBuf_filterOutEvent__I)
                  003f2162    0000001e                             : System.o28L (.text:_xdc_runtime_System_atexit__E)
                  003f2180    0000001d     sysbios.a28L : c28_TaskSupport_asm.obj (.text:_ti_sysbios_family_c28_TaskSupport_buildTaskStack)
                  003f219d    0000001d     idle_p28L.o28L (.text:_ti_sysbios_gates_GateHwi_Object__create__S)
                  003f21ba    0000001d     ti.targets.rts2800.a28L : SysMin.o28L (.text:_xdc_runtime_SysMin_putch__E)
                  003f21d7    0000001d     rts2800_ml.lib : memcpy.c.obj (.text)
                  003f21f4    0000001b     sysbios.a28L : c28_Hwi_asm.obj (.text:_ti_sysbios_family_c28_Hwi_switchAndDispatch__I)
                  003f220f    0000001b                  : BIOS.obj (.text:_ti_sysbios_hal_Hwi_checkStack)
                  003f222a    0000001b                  : BIOS.obj (.text:_ti_sysbios_knl_Task_processVitalTaskFlag__I)
                  003f2245    0000001b                  : BIOS.obj (.text:_ti_sysbios_knl_Task_restore__E)
                  003f2260    0000001b     idle_p28L.o28L (.text:_xdc_runtime_SysMin_output__I)
                  003f227b    0000001a     sysbios.a28L : BIOS.obj (.text:_ti_sysbios_hal_Hwi_initStack)
                  003f2295    0000001a     ti.targets.rts2800.a28L : Core-label.o28L (.text:_xdc_runtime_Core_assignLabel__I)
                  003f22af    0000001a                             : System.o28L (.text:_xdc_runtime_System_avprintf__E)
                  003f22c9    00000019     sysbios.a28L : BIOS.obj (.text:_ti_sysbios_knl_Swi_restore__E)
                  003f22e2    00000019     ti.targets.rts2800.a28L : System.o28L (.text:_xdc_runtime_System_vprintf__E)
                  003f22fb    00000019     rts2800_ml.lib : args_main.c.obj (.text)
                  003f2314    00000018     sysbios.a28L : c28_Hwi_asm.obj (.text:_ti_sysbios_family_xxx_Hwi_switchAndRunFunc)
                  003f232c    00000018                  : BIOS.obj (.text:_ti_sysbios_utils_Load_getTaskLoad__E)
                  003f2344    00000018     ti.targets.rts2800.a28L : Memory.o28L (.text:_xdc_runtime_Memory_valloc__E)
                  003f235c    00000018                             : System.o28L (.text:_xdc_runtime_System_putchar__I)
                  003f2374    00000017     sysbios.a28L : BIOS.obj (.text:_ti_sysbios_family_c28_Timer_startup__E)
                  003f238b    00000017                  : BIOS.obj (.text:_ti_sysbios_knl_Task_unblockI__E)
                  003f23a2    00000017     ti.targets.rts2800.a28L : LoggerBuf.o28L (.text:_xdc_runtime_LoggerBuf_Module_startup__E)
                  003f23b9    00000017                             : SysMin.o28L (.text:_xdc_runtime_SysMin_abort__E)
                  003f23d0    00000016     idle_p28L.o28L (.text:_ti_sysbios_BIOS_atExitFunc__I)
                  003f23e6    00000016     sysbios.a28L : BIOS.obj (.text:_ti_sysbios_family_c28_Timer_Module_startup__E)
                  003f23fc    00000016     ti.targets.rts2800.a28L : LoggerBuf.o28L (.text:_xdc_runtime_LoggerBuf_reset__E)
                  003f2412    00000015     idle_p28L.o28L (.text:_ti_sysbios_BIOS_startFunc__I)
                  003f2427    00000015     sysbios.a28L : BIOS.obj (.text:_ti_sysbios_knl_Task_restoreHwi__E)
                  003f243c    00000015     ti.targets.rts2800.a28L : Text.o28L (.text:_xdc_runtime_Text_printVisFxn__I)
                  003f2451    00000014     sysbios.a28L : BIOS.obj (.text:_ti_sysbios_knl_Idle_run__E)
                  003f2465    00000012     idle_p28L.o28L (.text:_ti_sysbios_gates_GateHwi_Object__delete__S)
                  003f2477    00000012     idle_p28L.o28L (.text:_xdc_runtime_LoggerBuf_Object__delete__S)
                  003f2489    00000011     idle_p28L.o28L (.text:_xdc_runtime_HeapStd_Object__delete__S)
                  003f249a    00000011     ti.targets.rts2800.a28L : Text.o28L (.text:_xdc_runtime_Text_cordText__E)
                  003f24ab    00000010     DelayUs.obj (.text)
                  003f24bb    00000010     sysbios.a28L : BIOS.obj (.text:_ti_sysbios_family_c28_Timer_stop__E)
                  003f24cb    00000010                  : BIOS.obj (.text:_ti_sysbios_family_c28_TimestampProvider_get64__E)
                  003f24db    00000010                  : BIOS.obj (.text:_ti_sysbios_knl_Task_enabled__E)
                  003f24eb    00000010     ti.targets.rts2800.a28L : SysMin.o28L (.text:_xdc_runtime_SysMin_Module_startup__E)
                  003f24fb    0000000f     Boot.a28L : Boot.o28L (.text:.bootCodeSection:_ti_catalog_c2800_init_Boot_disableWatchdog)
                  003f250a    0000000f     sysbios.a28L : BIOS.obj (.text:_ti_sysbios_utils_Load_getGlobalHwiLoad__E)
                  003f2519    0000000f                  : BIOS.obj (.text:_ti_sysbios_utils_Load_getGlobalSwiLoad__E)
                  003f2528    0000000f     ti.targets.rts2800.a28L : Error.o28L (.text:_xdc_runtime_Error_raiseX__E)
                  003f2537    0000000f                             : Registry.o28L (.text:_xdc_runtime_Registry_findById__E)
                  003f2546    0000000e     idle_p28L.o28L (.text:_ti_sysbios_BIOS_errorRaiseHook__I)
                  003f2554    0000000e     idle_p28L.o28L (.text:_ti_sysbios_knl_Swi_Object__get__S)
                  003f2562    0000000e     idle_p28L.o28L (.text:_ti_sysbios_knl_Task_Object__get__S)
                  003f2570    0000000e     idle_p28L.o28L (.text:_xdc_runtime_LoggerBuf_Object__get__S)
                  003f257e    0000000d     sysbios.a28L : BIOS.obj (.text:_ti_sysbios_family_c28_Hwi_dispatchC__I)
                  003f258b    0000000d                  : BIOS.obj (.text:_ti_sysbios_family_c28_TaskSupport_checkStack__E)
                  003f2598    0000000d                  : c28_TaskSupport_asm.obj (.text:_ti_sysbios_family_c28_TaskSupport_swap__E)
                  003f25a5    0000000d     idle_p28L.o28L (.text:_ti_sysbios_gates_GateHwi_Handle__label__S)
                  003f25b2    0000000d     sysbios.a28L : BIOS.obj (.text:_ti_sysbios_knl_Task_enter__I)
                  003f25bf    0000000d     ti.targets.rts2800.a28L : Error.o28L (.text:_xdc_runtime_Error_check__E)
                  003f25cc    0000000d     idle_p28L.o28L (.text:_xdc_runtime_HeapStd_Handle__label__S)
                  003f25d9    0000000d     idle_p28L.o28L (.text:_xdc_runtime_LoggerBuf_Handle__label__S)
                  003f25e6    0000000d     ti.targets.rts2800.a28L : System.o28L (.text:_xdc_runtime_System_abort__E)
                  003f25f3    0000000c     idle_p28L.o28L (.text:_ti_sysbios_family_c28_Hwi_disableIER__E)
                  003f25ff    0000000c     sysbios.a28L : BIOS.obj (.text:_ti_sysbios_family_c28_TimestampProvider_get32__E)
                  003f260b    0000000c                  : BIOS.obj (.text:_ti_sysbios_knl_Queue_put__E)
                  003f2617    0000000c     ti.targets.rts2800.a28L : LoggerBuf.o28L (.text:_xdc_runtime_LoggerBuf_write2__E)
                  003f2623    0000000c                             : SysMin.o28L (.text:_xdc_runtime_SysMin_exit__E)
                  003f262f    0000000c     rts2800_ml.lib : memset.c.obj (.text)
                  003f263b    0000000b     idle_p28L.o28L (.text:_ti_sysbios_family_c28_Hwi_Module__startupDone__F)
                  003f2646    0000000b     idle_p28L.o28L (.text:_ti_sysbios_family_c28_Hwi_Object__get__S)
                  003f2651    0000000b     idle_p28L.o28L (.text:_ti_sysbios_family_c28_Hwi_enableIER__E)
                  003f265c    0000000b     idle_p28L.o28L (.text:_ti_sysbios_knl_Queue_Object__get__S)
                  003f2667    0000000b     ti.targets.rts2800.a28L : LoggerBuf.o28L (.text:_xdc_runtime_LoggerBuf_Instance_finalize__E)
                  003f2672    0000000b                             : LoggerBuf.o28L (.text:_xdc_runtime_LoggerBuf_write1__E)
                  003f267d    0000000b                             : Memory.o28L (.text:_xdc_runtime_Memory_free__E)
                  003f2688    0000000b                             : System.o28L (.text:_xdc_runtime_System_exit__E)
                  003f2693    0000000a     idle_p28L.o28L (.text:_ti_sysbios_BIOS_exitFunc__I)
                  003f269d    0000000a     ti.targets.rts2800.a28L : Error.o28L (.text:_xdc_runtime_Error_init__E)
                  003f26a7    0000000a                             : LoggerBuf.o28L (.text:_xdc_runtime_LoggerBuf_write0__E)
                  003f26b1    0000000a                             : System.o28L (.text:_xdc_runtime_System_vsnprintf__E)
                  003f26bb    0000000a                             : Text.o28L (.text:_xdc_runtime_Text_ropeText__E)
                  003f26c5    00000009     idle_p28L.o28L (.text:_ti_sysbios_family_c28_Hwi_restoreIER__E)
                  003f26ce    00000009     sysbios.a28L : c28_TaskSupport_asm.obj (.text:_ti_sysbios_family_c28_TaskSupport_glue)
                  003f26d7    00000009                  : BIOS.obj (.text:_ti_sysbios_hal_Hwi_Module_startup__E)
                  003f26e0    00000009     idle_p28L.o28L (.text:_ti_sysbios_knl_Task_SupportProxy_start__E)
                  003f26e9    00000009     sysbios.a28L : BIOS.obj (.text:_ti_sysbios_knl_Task_unblock__E)
                  003f26f2    00000009     idle_p28L.o28L (.text:_xdc_runtime_Startup_exec__I)
                  003f26fb    00000009     idle_p28L.o28L (.text:_xdc_runtime_Text_visitRope__I)
                  003f2704    00000009     rts2800_ml.lib : _lock.c.obj (.text)
                  003f270d    00000008     sysbios.a28L : BIOS.obj (.text:_ti_sysbios_BIOS_setThreadType__E)
                  003f2715    00000008                  : BIOS.obj (.text:_ti_sysbios_knl_Task_getHookContext__E)
                  003f271d    00000008     idle_p28L.o28L (.text:_xdc_runtime_IHeap_alloc)
                  003f2725    00000008     ti.targets.rts2800.a28L : Memory.o28L (.text:_xdc_runtime_Memory_calloc__E)
                  003f272d    00000008                             : SysMin.o28L (.text:_xdc_runtime_SysMin_ready__E)
                  003f2735    00000008     rts2800_ml.lib : strlen.c.obj (.text)
                  003f273d    00000007     idle_p28L.o28L (.text:.bootCodeSection:_ti_catalog_c2800_init_Boot_init)
                  003f2744    00000007     ti.targets.rts2800.a28L : HeapStd.o28L (.text:_xdc_runtime_HeapStd_getStats__E)
                  003f274b    00000007     idle_p28L.o28L (.text:_xdc_runtime_System_aprintf__E)
                  003f2752    00000007     idle_p28L.o28L (.text:_xdc_runtime_System_printf__E)
                  003f2759    00000006     sysbios.a28L : BIOS.obj (.text:_ti_sysbios_BIOS_start__E)
                  003f275f    00000006                  : c28_IntrinsicsSupport_asm.obj (.text:_ti_sysbios_family_c28_IntrinsicsSupport_maxbit__E)
                  003f2765    00000006                  : BIOS.obj (.text:_ti_sysbios_family_c28_TimestampProvider_rolloverFunc__E)
                  003f276b    00000006                  : BIOS.obj (.text:_ti_sysbios_family_c28_TimestampProvider_startTimer__E)
                  003f2771    00000006                  : BIOS.obj (.text:_ti_sysbios_knl_Swi_disable__E)
                  003f2777    00000006                  : BIOS.obj (.text:_ti_sysbios_knl_Task_disable__E)
                  003f277d    00000006     ti.targets.rts2800.a28L : Gate.o28L (.text:_xdc_runtime_Gate_enterSystem__E)
                  003f2783    00000006                             : Gate.o28L (.text:_xdc_runtime_Gate_leaveSystem__E)
                  003f2789    00000006                             : LoggerBuf.o28L (.text:_xdc_runtime_LoggerBuf_enable__E)
                  003f278f    00000005     sysbios.a28L : BIOS.obj (.text:_ti_sysbios_family_c28_Hwi_switchFromBootStack__E)
                  003f2794    00000005                  : BIOS.obj (.text:_ti_sysbios_gates_GateHwi_enter__E)
                  003f2799    00000005                  : BIOS.obj (.text:_ti_sysbios_utils_Load_getCPULoad__E)
                  003f279e    00000005     ti.targets.rts2800.a28L : LoggerBuf.o28L (.text:_xdc_runtime_LoggerBuf_disable__E)
                  003f27a3    00000004     idle_p28L.o28L (.text:_ti_sysbios_family_c28_Hwi_disable__E)
                  003f27a7    00000004     idle_p28L.o28L (.text:_ti_sysbios_family_c28_Hwi_startup__E)
                  003f27ab    00000004     sysbios.a28L : BIOS.obj (.text:_ti_sysbios_family_c28_TimestampProvider_getFreq__E)
                  003f27af    00000004                  : BIOS.obj (.text:_ti_sysbios_knl_Swi_startup__E)
                  003f27b3    00000004                  : BIOS.obj (.text:_ti_sysbios_utils_Load_taskRegHook__E)
                  003f27b7    00000004     idle_p28L.o28L (.text:_xdc_runtime_IHeap_free)
                  003f27bb    00000004     ti.targets.rts2800.a28L : Memory.o28L (.text:_xdc_runtime_Memory_getMaxDefaultTypeAlign__E)
                  003f27bf    00000004                             : Startup.o28L (.text:_xdc_runtime_Startup_rtsDone__E)
                  003f27c3    00000003                             : xdc_noinit.o28L (.text:___xdc__init)
                  003f27c6    00000003     idle_p28L.o28L (.text:_ti_catalog_c2800_init_Boot_limpAbort)
                  003f27c9    00000003     sysbios.a28L : c28_Hwi_asm.obj (.text:_ti_sysbios_family_c28_Hwi_getIFR__I)
                  003f27cc    00000003     idle_p28L.o28L (.text:_ti_sysbios_family_c28_Hwi_restore__E)
                  003f27cf    00000003     sysbios.a28L : BIOS.obj (.text:_ti_sysbios_family_c28_TimestampProvider_Module_startup__E)
                  003f27d2    00000003                  : BIOS.obj (.text:_ti_sysbios_gates_GateHwi_leave__E)
                  003f27d5    00000003     idle_p28L.o28L (.text:_ti_sysbios_hal_Hwi_HwiProxy_getStackInfo__E)
                  003f27d8    00000003     idle_p28L.o28L (.text:_ti_sysbios_hal_Hwi_HwiProxy_switchFromBootStack__E)
                  003f27db    00000003     sysbios.a28L : BIOS.obj (.text:_ti_sysbios_hal_Hwi_startup__E)
                  003f27de    00000003                  : BIOS.obj (.text:_ti_sysbios_knl_Idle_loop__E)
                  003f27e1    00000003     idle_p28L.o28L (.text:_ti_sysbios_knl_Task_SupportProxy_checkStack__E)
                  003f27e4    00000003     idle_p28L.o28L (.text:_ti_sysbios_knl_Task_SupportProxy_swap__E)
                  003f27e7    00000003     sysbios.a28L : BIOS.obj (.text:_ti_sysbios_knl_Task_startup__E)
                  003f27ea    00000003     idle_p28L.o28L (.text:_ti_sysbios_utils_Load_update__E)
                  003f27ed    00000003     idle_p28L.o28L (.text:_xdc_runtime_LoggerBuf_Module_GateProxy_enter__E)
                  003f27f0    00000003     idle_p28L.o28L (.text:_xdc_runtime_LoggerBuf_Module_GateProxy_leave__E)
                  003f27f3    00000003     idle_p28L.o28L (.text:_xdc_runtime_LoggerBuf_TimestampProxy_get64__E)
                  003f27f6    00000003     idle_p28L.o28L (.text:_xdc_runtime_System_Module_GateProxy_enter__E)
                  003f27f9    00000003     idle_p28L.o28L (.text:_xdc_runtime_System_Module_GateProxy_leave__E)
                  003f27fc    00000003     ti.targets.rts2800.a28L : System.o28L (.text:_xdc_runtime_System_Module_startup__E)
                  003f27ff    00000003     idle_p28L.o28L (.text:_xdc_runtime_System_SupportProxy_abort__E)
                  003f2802    00000003     idle_p28L.o28L (.text:_xdc_runtime_System_SupportProxy_exit__E)
                  003f2805    00000003     idle_p28L.o28L (.text:_xdc_runtime_System_SupportProxy_putch__E)
                  003f2808    00000003     idle_p28L.o28L (.text:_xdc_runtime_System_SupportProxy_ready__E)
                  003f280b    00000003     ti.targets.rts2800.a28L : System.o28L (.text:_xdc_runtime_System_abortStd__E)
                  003f280e    00000003                             : System.o28L (.text:_xdc_runtime_System_exitStd__E)
                  003f2811    00000003     idle_p28L.o28L (.text:_xdc_runtime_Timestamp_SupportProxy_get32__E)
                  003f2814    00000003     idle_p28L.o28L (.text:_xdc_runtime_Timestamp_SupportProxy_getFreq__E)
                  003f2817    00000003     ti.targets.rts2800.a28L : Timestamp.o28L (.text:_xdc_runtime_Timestamp_get32__E)
                  003f281a    00000003                             : Timestamp.o28L (.text:_xdc_runtime_Timestamp_getFreq__E)
                  003f281d    00000002     idle_p28L.o28L (.text:_malloc)
                  003f281f    00000002     Boot.a28L : Boot.o28L (.text:_ti_catalog_c2800_init_Boot_defaultLimpAbortFunction)
                  003f2821    00000002     idle_p28L.o28L (.text:_ti_sysbios_family_c28_TaskSupport_Module__startupDone__S)
                  003f2823    00000002     sysbios.a28L : BIOS.obj (.text:_ti_sysbios_gates_GateHwi_query__E)
                  003f2825    00000002     ti.targets.rts2800.a28L : Error.o28L (.text:_xdc_runtime_Error_getSite__E)
                  003f2827    00000002                             : HeapStd.o28L (.text:_xdc_runtime_HeapStd_isBlocking__E)
                  003f2829    00000002     rts2800_ml.lib : pre_init.c.obj (.text)
                  003f282b    00000001     idle_p28L.o28L (.text:_free)
                  003f282c    00000001     sysbios.a28L : BIOS.obj (.text:_ti_sysbios_BIOS_linkedWithIncorrectBootLibrary__E)
                  003f282d    00000001                  : c28_Hwi_asm.obj (.text:_ti_sysbios_family_c28_Hwi_interruptReturn__I)
                  003f282e    00000001                  : BIOS.obj (.text:_ti_sysbios_gates_GateHwi_Instance_init__E)
                  003f282f    00000001     rts2800_ml.lib : startup.c.obj (.text)

codestart 
*          0    003f7ff6    00000002     
                  003f7ff6    00000002     CodeStartBranch.obj (codestart)

ramfuncs   1    00008000    00000000     UNINITIALIZED

.stack     1    00000000    00000100     UNINITIALIZED
                  00000000    00000100     --HOLE--

.ebss      1    00008000    00000828     UNINITIALIZED
                  00008000    00000600     idle_p28L.o28L (.ebss)
                  00008600    00000200     idle_p28L.o28L (.ebss:taskStackSection)
                  00008800    00000016     idle.obj (.ebss)
                  00008816    00000008     rts2800_ml.lib : hostopen.c.obj (.ebss)
                  0000881e    00000006                    : exit.c.obj (.ebss)
                  00008824    00000002                    : _lock.c.obj (.ebss:__lock)
                  00008826    00000002                    : _lock.c.obj (.ebss:__unlock)

.cio       1    00008840    00000120     UNINITIALIZED
                  00008840    00000120     rts2800_ml.lib : trgmsg.c.obj (.cio)

xdc.meta   0    00000000    000000eb     COPY SECTION
                  00000000    000000eb     idle_p28L.o28L (xdc.meta)

.binit     0    003d7800    00000000     

MODULE SUMMARY

       Module                          code    initialized data   uninitialized data
       ------                          ----    ----------------   ------------------
    .\
       F2802x_GlobalVariableDefs.obj   0       0                  790               
       idle.obj                        402     92                 22                
       DeviceInit_18Nov2018.obj        278     0                  0                 
       DelayUs.obj                     16      0                  0                 
       CodeStartBranch.obj             2       0                  0                 
    +--+-------------------------------+-------+------------------+--------------------+
       Total:                          698     92                 812               
                                                                                    
    C:\Users\Lemuel\Desktop\Joystick-Project\ArcadeStick\Debug\configPkg\package\cfg\
       idle_p28L.o28L                  765     7125               2048              
    +--+-------------------------------+-------+------------------+--------------------+
       Total:                          765     7125               2048              
                                                                                    
    C:\Users\Lemuel\Desktop\Joystick-Project\ArcadeStick\src\sysbios\sysbios.a28L
       BIOS.obj                        4524    28                 0                 
       c28_Hwi_disp_asm.obj            133     0                  0                 
       c28_Hwi_asm.obj                 55      0                  0                 
       c28_TaskSupport_asm.obj         51      0                  0                 
       c28_IntrinsicsSupport_asm.obj   6       0                  0                 
    +--+-------------------------------+-------+------------------+--------------------+
       Total:                          4769    28                 0                 
                                                                                    
    C:\ti\bios_6_76_03_01\packages\ti\catalog\c2800\init\lib\Boot.a28L
       Boot.o28L                       63      0                  0                 
    +--+-------------------------------+-------+------------------+--------------------+
       Total:                          63      0                  0                 
                                                                                    
    C:\ti\bios_6_76_03_01\packages\ti\targets\rts2800\lib\boot.a28L
       boot_cg.o28L                    103     0                  0                 
    +--+-------------------------------+-------+------------------+--------------------+
       Total:                          103     0                  0                 
                                                                                    
    C:\ti\bios_6_76_03_01\packages\ti\targets\rts2800\lib\ti.targets.rts2800.a28L
       System.o28L                     781     25                 0                 
       LoggerBuf.o28L                  600     0                  0                 
       HeapStd.o28L                    485     0                  0                 
       Text.o28L                       355     67                 0                 
       Error.o28L                      270     88                 0                 
       Core-mem.o28L                   220     0                  0                 
       Startup.o28L                    164     42                 0                 
       SysMin.o28L                     126     0                  0                 
       Memory.o28L                     109     0                  0                 
       Log.o28L                        0       71                 0                 
       Assert.o28L                     45      5                  0                 
       Core-params.o28L                45      0                  0                 
       Core-label.o28L                 26      0                  0                 
       Registry.o28L                   15      0                  0                 
       Gate.o28L                       12      0                  0                 
       Timestamp.o28L                  6       0                  0                 
       xdc_noinit.o28L                 3       0                  0                 
    +--+-------------------------------+-------+------------------+--------------------+
       Total:                          3262    298                0                 
                                                                                    
    C:\ti\ccsv8\tools\compiler\ti-cgt-c2000_18.1.4.LTS\lib\rts2800_ml.lib
       trgmsg.c.obj                    148     0                  288               
       ll_div28.asm.obj                263     0                  0                 
       exit.c.obj                      41      14                 6                 
       hostwrite.c.obj                 56      0                  0                 
       cpy_tbl.c.obj                   36      0                  0                 
       memcpy.c.obj                    29      0                  0                 
       args_main.c.obj                 25      0                  0                 
       _lock.c.obj                     9       10                 4                 
       memset.c.obj                    12      0                  0                 
       hostopen.c.obj                  0       0                  8                 
       strlen.c.obj                    8       0                  0                 
       pre_init.c.obj                  2       0                  0                 
       startup.c.obj                   1       0                  0                 
    +--+-------------------------------+-------+------------------+--------------------+
       Total:                          630     24                 306               
                                                                                    
       Stack:                          0       0                  256               
    +--+-------------------------------+-------+------------------+--------------------+
       Grand Total:                    10290   7567               3422              


GLOBAL DATA SYMBOLS: SORTED BY DATA PAGE

address     data page           name
--------    ----------------    ----
00000000       0 (00000000)     ___ISA__
00000000       0 (00000000)     __stack
00000011       0 (00000000)     ___TARG__
00000035       0 (00000000)     ___PLAT__

0000005b       1 (00000040)     ___TRDR__

00000082       2 (00000080)     ___ASM__

00000880      22 (00000880)     _DevEmuRegs

00000985      26 (00000980)     _SysPwrCtrlRegs

00000a80      2a (00000a80)     _FlashRegs

00000ae0      2b (00000ac0)     _CsmRegs

00000b00      2c (00000b00)     _AdcResult

00000c00      30 (00000c00)     _CpuTimer0Regs
00000c08      30 (00000c00)     _CpuTimer1Regs
00000c10      30 (00000c00)     _CpuTimer2Regs

00000ce0      33 (00000cc0)     _PieCtrlRegs

00000d00      34 (00000d00)     _EmuKey
00000d00      34 (00000d00)     _PieVectTable
00000d01      34 (00000d00)     _EmuBMode
00000d02      34 (00000d00)     _Flash_CallbackPtr
00000d04      34 (00000d00)     _Flash_CPUScaleFactor

00006400     190 (00006400)     _Comp1Regs
00006420     190 (00006400)     _Comp2Regs

00006800     1a0 (00006800)     _EPwm1Regs

00006840     1a1 (00006840)     _EPwm2Regs

00006880     1a2 (00006880)     _EPwm3Regs

000068c0     1a3 (000068c0)     _EPwm4Regs

00006a00     1a8 (00006a00)     _ECap1Regs

00006f80     1be (00006f80)     _GpioCtrlRegs

00006fc0     1bf (00006fc0)     _GpioDataRegs
00006fe0     1bf (00006fc0)     _GpioIntRegs

00007010     1c0 (00007000)     _SysCtrlRegs

00007040     1c1 (00007040)     _SpiaRegs
00007050     1c1 (00007040)     _SciaRegs
00007060     1c1 (00007040)     _NmiIntruptRegs
00007070     1c1 (00007040)     _XIntruptRegs

00007100     1c4 (00007100)     _AdcRegs

00007900     1e4 (00007900)     _I2caRegs

00008000     200 (00008000)     _xdc_runtime_Error_Module__state__V
00008002     200 (00008000)     _xdc_runtime_HeapStd_Module__state__V
00008004     200 (00008000)     ___xdc__init__addr
00008006     200 (00008000)     _xdc_runtime_Memory_Module__state__V
00008008     200 (00008000)     _ti_sysbios_family_c28_Hwi_Instance_State_1_hookEnv__A
0000800a     200 (00008000)     _ti_sysbios_family_c28_Hwi_Instance_State_2_hookEnv__A
0000800c     200 (00008000)     _ti_sysbios_knl_Task_Instance_State_0_hookEnv__A
0000800e     200 (00008000)     _ti_sysbios_knl_Task_Instance_State_1_hookEnv__A
00008010     200 (00008000)     _ti_sysbios_knl_Swi_Instance_State_0_hookEnv__A
00008012     200 (00008000)     _ti_sysbios_knl_Swi_Instance_State_1_hookEnv__A
00008014     200 (00008000)     _ti_sysbios_gates_GateHwi_Object__table__V
00008016     200 (00008000)     _ti_sysbios_family_c28_Hwi_Instance_State_0_hookEnv__A
00008018     200 (00008000)     _ti_sysbios_utils_Load_Module_State_0_runningTask__A
0000801a     200 (00008000)     _ti_sysbios_utils_Load_Module_State_0_taskStartTime__A
0000801c     200 (00008000)     _ti_sysbios_knl_Task_Module_State_0_idleTask__A
0000801e     200 (00008000)     _xdc_runtime_LoggerBuf_Module__state__V
00008022     200 (00008000)     _ti_sysbios_hal_Hwi_Module__root__V
00008026     200 (00008000)     _ti_sysbios_knl_Swi_Module__root__V
0000802a     200 (00008000)     _xdc_runtime_System_Module__state__V
0000802e     200 (00008000)     _ti_sysbios_family_c28_TimestampProvider_Module__state__V
00008032     200 (00008000)     _xdc_runtime_Startup_Module__state__V
00008036     200 (00008000)     _ti_sysbios_gates_GateHwi_Module__root__V
0000803a     200 (00008000)     _ti_sysbios_family_c28_Hwi_Module__root__V

00008040     201 (00008040)     _xdc_runtime_Registry_Module__state__V
00008044     201 (00008040)     _ti_sysbios_knl_Semaphore_Module__root__V
00008048     201 (00008040)     _xdc_runtime_GateNull_Module__root__V
0000804c     201 (00008040)     _xdc_runtime_Text_Module__state__V
00008050     201 (00008040)     _ti_sysbios_family_c28_Timer_Module__root__V
00008054     201 (00008040)     _ti_sysbios_knl_Queue_Module__root__V
00008058     201 (00008040)     _ti_sysbios_knl_Task_Module__root__V
0000805c     201 (00008040)     _xdc_runtime_LoggerBuf_Module__root__V
00008060     201 (00008040)     _xdc_runtime_HeapStd_Module__root__V
00008064     201 (00008040)     _xdc_runtime_SysMin_Module__state__V
00008068     201 (00008040)     _xdc_runtime_HeapStd_Object__table__V
0000806e     201 (00008040)     _xdc_runtime_System_Module_State_0_atexitHandlers__A
00008076     201 (00008040)     _ti_sysbios_family_c28_Timer_Module__state__V

00008080     202 (00008080)     _ti_sysbios_knl_Semaphore_Object__table__V
0000808a     202 (00008080)     _ti_sysbios_knl_Swi_Module__state__V
00008096     202 (00008080)     _ti_sysbios_family_c28_Hwi_Module__state__V
000080a6     202 (00008080)     _xdc_runtime_Error_IgnoreBlock

000080c0     203 (000080c0)     _xdc_runtime_LoggerBuf_Object__table__V
000080d2     203 (000080c0)     _ti_sysbios_BIOS_Module__state__V
000080e4     203 (000080c0)     _ti_sysbios_utils_Load_Module_State_0_taskEnv__A

00008100     204 (00008100)     _ti_sysbios_knl_Task_Module__state__V

00008140     205 (00008140)     _ti_sysbios_knl_Swi_Object__table__V

00008180     206 (00008180)     _ti_sysbios_family_c28_Hwi_Object__table__V

000081c0     207 (000081c0)     _ti_sysbios_family_c28_Timer_Object__table__V

00008200     208 (00008200)     _ti_sysbios_knl_Swi_Module_State_0_readyQ__A

00008240     209 (00008240)     _ti_sysbios_knl_Task_Module_State_0_readyQ__A

00008280     20a (00008280)     _ti_sysbios_utils_Load_Module__state__V

00008300     20c (00008300)     _xdc_runtime_SysMin_Module_State_0_outbuf__A

00008380     20e (00008380)     _ti_sysbios_knl_Task_Object__table__V

00008400     210 (00008400)     _xdc_runtime_LoggerBuf_Instance_State_0_entryArr__A

00008500     214 (00008500)     _ti_sysbios_family_c28_Hwi_Module_State_0_dispatchTable__A

00008600     218 (00008600)     _ti_sysbios_knl_Task_Instance_State_1_stack__A

00008700     21c (00008700)     _ti_sysbios_knl_Task_Instance_State_0_stack__A

00008800     220 (00008800)     _down_button
00008801     220 (00008800)     _up_button
00008802     220 (00008800)     _right_button
00008803     220 (00008800)     _R1_button
00008804     220 (00008800)     _start_button
00008805     220 (00008800)     _left_button
00008806     220 (00008800)     _select_button
00008807     220 (00008800)     _LP_count
00008808     220 (00008800)     _frame2_dec
00008809     220 (00008800)     _JOYSTICK_Y
0000880a     220 (00008800)     _JOYSTICK_X
0000880b     220 (00008800)     _frame1_dec
0000880c     220 (00008800)     _pbcount
0000880d     220 (00008800)     _X_button
0000880e     220 (00008800)     _tickCount
0000880f     220 (00008800)     _L1_button
00008810     220 (00008800)     _S_button
00008811     220 (00008800)     _T_button
00008812     220 (00008800)     _O_button
00008814     220 (00008800)     _load
00008816     220 (00008800)     _parmbuf
0000881e     220 (00008800)     ___TI_enable_exit_profile_output
00008820     220 (00008800)     ___TI_cleanup_ptr
00008822     220 (00008800)     ___TI_dtors_ptr
00008824     220 (00008800)     __lock
00008826     220 (00008800)     __unlock

00008840     221 (00008840)     __CIOBUF_

003d7fff    f5ff (003d7fc0)     _PartIdRegs

003f2830    fca0 (003f2800)     _xdc_runtime_Text_charTab__A

003f3c5c    fcf1 (003f3c40)     _ti_sysbios_family_c28_Hwi_vectors

003f3dc7    fcf7 (003f3dc0)     _ti_sysbios_family_c28_Hwi_Module__id__C

003f3e20    fcf8 (003f3e00)     _xdc_runtime_Text_nodeTab__A

003f3ebb    fcfa (003f3e80)     _ti_sysbios_family_c28_Hwi_NUM_INTERRUPTS_ALL__C

003f3eff    fcfb (003f3ec0)     _ti_sysbios_family_c28_Hwi_Object__count__C

003f3f2a    fcfc (003f3f00)     _xdc_runtime_LoggerBuf_Module__FXNS__C

003f3f61    fcfd (003f3f40)     _ti_sysbios_family_c28_TaskSupport_Module__id__C
003f3f62    fcfd (003f3f40)     _xdc_runtime_HeapStd_Module__FXNS__C
003f3f76    fcfd (003f3f40)     _ti_sysbios_gates_GateHwi_Module__FXNS__C

003f3f88    fcfe (003f3f80)     _xdc_runtime_LoggerBuf_Object__PARAMS__C
003f3f9a    fcfe (003f3f80)     _xdc_runtime_Startup_sfxnTab__A
003f3fac    fcfe (003f3f80)     _ti_sysbios_gates_GateHwi_Object__DESC__C
003f3fbc    fcfe (003f3f80)     _xdc_runtime_HeapStd_Object__DESC__C

003f3fcc    fcff (003f3fc0)     _xdc_runtime_LoggerBuf_Object__DESC__C
003f3fdc    fcff (003f3fc0)     _xdc_runtime_HeapStd_Object__PARAMS__C
003f3fea    fcff (003f3fc0)     _ti_sysbios_gates_GateHwi_Object__PARAMS__C
003f3ff6    fcff (003f3fc0)     _ti_sysbios_knl_Swi_hooks__A

003f4002    fd00 (003f4000)     _ti_sysbios_knl_Task_hooks__A
003f400e    fd00 (003f4000)     _swisend
003f4010    fd00 (003f4000)     _hwi0
003f4012    fd00 (003f4000)     _lpsem
003f4014    fd00 (003f4000)     _swiscan
003f4016    fd00 (003f4000)     _tsk0
003f4018    fd00 (003f4000)     _ti_sysbios_family_c28_Hwi_hooks__A
003f4022    fd00 (003f4000)     _xdc_runtime_Startup_sfxnRts__A
003f402b    fd00 (003f4000)     _ti_sysbios_family_c28_Timer_Module__id__C

003f4044    fd01 (003f4040)     _ti_sysbios_knl_Idle_funcList__A
003f404f    fd01 (003f4040)     _ti_sysbios_family_c28_Timer_startupNeeded__C
003f4050    fd01 (003f4040)     _ti_sysbios_family_c28_Hwi_hooks__C
003f4054    fd01 (003f4040)     _ti_sysbios_knl_Idle_funcList__C
003f4058    fd01 (003f4040)     _ti_sysbios_knl_Swi_hooks__C
003f405c    fd01 (003f4040)     _ti_sysbios_knl_Task_hooks__C
003f4060    fd01 (003f4040)     _xdc_runtime_Startup_firstFxns__C
003f4064    fd01 (003f4040)     _xdc_runtime_Startup_lastFxns__C
003f4068    fd01 (003f4040)     _ti_sysbios_family_c28_Hwi_A_badIntNum__C
003f406a    fd01 (003f4040)     _ti_sysbios_family_c28_Hwi_A_invalidArg__C
003f406c    fd01 (003f4040)     _ti_sysbios_family_c28_Hwi_E_unpluggedInterrupt__C
003f406e    fd01 (003f4040)     _ti_sysbios_family_c28_Hwi_Module__diagsEnabled__C
003f4070    fd01 (003f4040)     _ti_sysbios_family_c28_Hwi_Module__diagsIncluded__C
003f4072    fd01 (003f4040)     _ti_sysbios_family_c28_Hwi_Module__diagsMask__C
003f4074    fd01 (003f4040)     _ti_sysbios_family_c28_TaskSupport_E_invalidStack__C
003f4076    fd01 (003f4040)     _ti_sysbios_family_c28_Timer_Module__diagsEnabled__C
003f4078    fd01 (003f4040)     _ti_sysbios_family_c28_Timer_Module__diagsIncluded__C
003f407a    fd01 (003f4040)     _ti_sysbios_family_c28_Timer_Module__diagsMask__C
003f407c    fd01 (003f4040)     _ti_sysbios_hal_Hwi_E_stackOverflow__C
003f407e    fd01 (003f4040)     _ti_sysbios_knl_Semaphore_A_badContext__C

003f4080    fd02 (003f4080)     _ti_sysbios_knl_Semaphore_A_overflow__C
003f4082    fd02 (003f4080)     _ti_sysbios_knl_Semaphore_A_pendTaskDisabled__C
003f4084    fd02 (003f4080)     _ti_sysbios_knl_Semaphore_Instance_State_pendQ__O
003f4086    fd02 (003f4080)     _ti_sysbios_knl_Semaphore_Module__diagsEnabled__C
003f4088    fd02 (003f4080)     _ti_sysbios_knl_Semaphore_Module__diagsIncluded__C
003f408a    fd02 (003f4080)     _ti_sysbios_knl_Semaphore_Module__diagsMask__C
003f408c    fd02 (003f4080)     _ti_sysbios_knl_Task_E_spOutOfBounds__C
003f408e    fd02 (003f4080)     _ti_sysbios_knl_Task_E_stackOverflow__C
003f4090    fd02 (003f4080)     _ti_sysbios_knl_Task_Module_State_inactiveQ__O
003f4092    fd02 (003f4080)     _ti_sysbios_knl_Task_Object__heap__C
003f4094    fd02 (003f4080)     _ti_sysbios_knl_Task_allBlockedFunc__C
003f4096    fd02 (003f4080)     _ti_sysbios_utils_Load_Module_State_taskList__O
003f4098    fd02 (003f4080)     _ti_sysbios_utils_Load_Module__diagsEnabled__C
003f409a    fd02 (003f4080)     _ti_sysbios_utils_Load_Module__diagsIncluded__C
003f409c    fd02 (003f4080)     _ti_sysbios_utils_Load_Module__diagsMask__C
003f409e    fd02 (003f4080)     _ti_sysbios_utils_Load_postUpdate__C
003f40a0    fd02 (003f4080)     _xdc_runtime_Assert_E_assertFailed__C
003f40a2    fd02 (003f4080)     _xdc_runtime_Core_A_initializedParams__C
003f40a4    fd02 (003f4080)     _xdc_runtime_Core_Module__diagsEnabled__C
003f40a6    fd02 (003f4080)     _xdc_runtime_Core_Module__diagsIncluded__C
003f40a8    fd02 (003f4080)     _xdc_runtime_Core_Module__diagsMask__C
003f40aa    fd02 (003f4080)     _xdc_runtime_Error_E_memory__C
003f40ac    fd02 (003f4080)     _xdc_runtime_Error_Module__diagsEnabled__C
003f40ae    fd02 (003f4080)     _xdc_runtime_Error_Module__diagsIncluded__C
003f40b0    fd02 (003f4080)     _xdc_runtime_Error_Module__diagsMask__C
003f40b2    fd02 (003f4080)     _xdc_runtime_Error_Module__loggerFxn8__C
003f40b4    fd02 (003f4080)     _xdc_runtime_Error_Module__loggerObj__C
003f40b6    fd02 (003f4080)     _xdc_runtime_Error_policyFxn__C
003f40b8    fd02 (003f4080)     _xdc_runtime_Error_raiseHook__C
003f40ba    fd02 (003f4080)     _xdc_runtime_HeapStd_A_align__C
003f40bc    fd02 (003f4080)     _xdc_runtime_HeapStd_A_invalidTotalFreeSize__C
003f40be    fd02 (003f4080)     _xdc_runtime_HeapStd_A_zeroSize__C

003f40c0    fd03 (003f40c0)     _xdc_runtime_HeapStd_E_noRTSMemory__C
003f40c2    fd03 (003f40c0)     _xdc_runtime_HeapStd_Module__diagsEnabled__C
003f40c4    fd03 (003f40c0)     _xdc_runtime_HeapStd_Module__diagsIncluded__C
003f40c6    fd03 (003f40c0)     _xdc_runtime_HeapStd_Module__diagsMask__C
003f40c8    fd03 (003f40c0)     _xdc_runtime_IFilterLogger_Interface__BASE__C
003f40ca    fd03 (003f40c0)     _xdc_runtime_IGateProvider_Interface__BASE__C
003f40cc    fd03 (003f40c0)     _xdc_runtime_IHeap_Interface__BASE__C
003f40ce    fd03 (003f40c0)     _xdc_runtime_ILogger_Interface__BASE__C
003f40d0    fd03 (003f40c0)     _xdc_runtime_IModule_Interface__BASE__C
003f40d2    fd03 (003f40c0)     _xdc_runtime_Log_L_error__C
003f40d4    fd03 (003f40c0)     _xdc_runtime_LoggerBuf_E_badLevel__C
003f40d6    fd03 (003f40c0)     _xdc_runtime_LoggerBuf_Module__gateObj__C
003f40d8    fd03 (003f40c0)     _xdc_runtime_LoggerBuf_statusLogger__C
003f40da    fd03 (003f40c0)     _xdc_runtime_Memory_defaultHeapInstance__C
003f40dc    fd03 (003f40c0)     _xdc_runtime_Startup_execImpl__C
003f40de    fd03 (003f40c0)     _xdc_runtime_Startup_firstFxns__A
003f40e0    fd03 (003f40c0)     _xdc_runtime_Startup_lastFxns__A
003f40e2    fd03 (003f40c0)     _xdc_runtime_Startup_sfxnRts__C
003f40e4    fd03 (003f40c0)     _xdc_runtime_Startup_sfxnTab__C
003f40e6    fd03 (003f40c0)     _xdc_runtime_SysMin_bufSize__C
003f40e8    fd03 (003f40c0)     _xdc_runtime_SysMin_outputFunc__C
003f40ea    fd03 (003f40c0)     _xdc_runtime_System_Module__gateObj__C
003f40ec    fd03 (003f40c0)     _xdc_runtime_System_abortFxn__C
003f40ee    fd03 (003f40c0)     _xdc_runtime_System_exitFxn__C
003f40f0    fd03 (003f40c0)     _xdc_runtime_System_extendFxn__C
003f40f2    fd03 (003f40c0)     _xdc_runtime_Text_charTab__C
003f40f4    fd03 (003f40c0)     _xdc_runtime_Text_nameEmpty__C
003f40f6    fd03 (003f40c0)     _xdc_runtime_Text_nameStatic__C
003f40f8    fd03 (003f40c0)     _xdc_runtime_Text_nameUnknown__C
003f40fa    fd03 (003f40c0)     _xdc_runtime_Text_nodeTab__C
003f40fc    fd03 (003f40c0)     _xdc_runtime_Text_visitRopeFxn__C
003f40fe    fd03 (003f40c0)     _ti_sysbios_hal_Hwi_Module__id__C
003f40ff    fd03 (003f40c0)     _ti_sysbios_knl_Semaphore_Module__id__C

003f4100    fd04 (003f4100)     _ti_sysbios_knl_Swi_Object__count__C
003f4101    fd04 (003f4100)     _ti_sysbios_knl_Swi_numConstructedSwis__C
003f4102    fd04 (003f4100)     _ti_sysbios_knl_Task_Module__id__C
003f4103    fd04 (003f4100)     _ti_sysbios_knl_Task_Object__count__C
003f4104    fd04 (003f4100)     _ti_sysbios_knl_Task_numConstructedTasks__C
003f4105    fd04 (003f4100)     _ti_sysbios_utils_Load_Module__id__C
003f4106    fd04 (003f4100)     _ti_sysbios_utils_Load_autoAddTasks__C
003f4107    fd04 (003f4100)     _ti_sysbios_utils_Load_updateInIdle__C
003f4108    fd04 (003f4100)     _ti_sysbios_utils_Load_windowInMs__C
003f4109    fd04 (003f4100)     _xdc_runtime_Core_Module__id__C
003f410a    fd04 (003f4100)     _xdc_runtime_Error_Module__loggerDefined__C
003f410b    fd04 (003f4100)     _xdc_runtime_Error_maxDepth__C
003f410c    fd04 (003f4100)     _xdc_runtime_Error_policy__C
003f410d    fd04 (003f4100)     _xdc_runtime_HeapStd_Module__id__C
003f410e    fd04 (003f4100)     _xdc_runtime_LoggerBuf_Module__id__C
003f410f    fd04 (003f4100)     _xdc_runtime_LoggerBuf_Object__count__C
003f4110    fd04 (003f4100)     _xdc_runtime_LoggerBuf_filterByLevel__C
003f4111    fd04 (003f4100)     _xdc_runtime_Memory_Module__id__C
003f4112    fd04 (003f4100)     _xdc_runtime_Startup_maxPasses__C
003f4113    fd04 (003f4100)     _xdc_runtime_SysMin_flushAtExit__C
003f4114    fd04 (003f4100)     _xdc_runtime_System_maxAtexitHandlers__C
003f4115    fd04 (003f4100)     _xdc_runtime_Text_charCnt__C
003f4116    fd04 (003f4100)     _xdc_runtime_Text_isLoaded__C
003f4117    fd04 (003f4100)     _xdc_runtime_Text_registryModsLastId__C
003f4118    fd04 (003f4100)     _xdc_runtime_Text_unnamedModsLastId__C

003f7ff8    fdff (003f7fc0)     _CsmPwl


GLOBAL SYMBOLS: SORTED ALPHABETICALLY BY Name 

page  address   name                                                      
----  -------   ----                                                      
0     003f0000  .text                                                     
0     003f1fb6  C$$EXIT                                                   
0     003f0bff  C$$IO$$                                                   
0     003f062f  LL$$DIV                                                   
0     003f066b  LL$$MOD                                                   
0     003f06a5  ULL$$DIV                                                  
0     003f06d4  ULL$$MOD                                                  
1     00007100  _AdcRegs                                                  
1     00000b00  _AdcResult                                                
1     00006400  _Comp1Regs                                                
1     00006420  _Comp2Regs                                                
1     00000c00  _CpuTimer0Regs                                            
1     00000c08  _CpuTimer1Regs                                            
1     00000c10  _CpuTimer2Regs                                            
1     003f7ff8  _CsmPwl                                                   
1     00000ae0  _CsmRegs                                                  
0     003f24ab  _DelayUs                                                  
1     00000880  _DevEmuRegs                                               
0     003f0519  _DeviceInit                                               
1     00006a00  _ECap1Regs                                                
[...]
0     003f3eff  _ti_sysbios_family_c28_Hwi_Object__count__C               
0     003f3f2a  _xdc_runtime_LoggerBuf_Module__FXNS__C                    
0     003f3f61  _ti_sysbios_family_c28_TaskSupport_Module__id__C          
0     003f3f62  _xdc_runtime_HeapStd_Module__FXNS__C                      
0     003f3f76  _ti_sysbios_gates_GateHwi_Module__FXNS__C                 
0     003f3f88  _xdc_runtime_LoggerBuf_Object__PARAMS__C                  
0     003f3f9a  _xdc_runtime_Startup_sfxnTab__A                           
0     003f3fac  _ti_sysbios_gates_GateHwi_Object__DESC__C                 
0     003f3fbc  _xdc_runtime_HeapStd_Object__DESC__C                      
0     003f3fcc  _xdc_runtime_LoggerBuf_Object__DESC__C                    
0     003f3fdc  _xdc_runtime_HeapStd_Object__PARAMS__C                    
0     003f3fea  _ti_sysbios_gates_GateHwi_Object__PARAMS__C               
0     003f3ff6  _ti_sysbios_knl_Swi_hooks__A                              
0     003f4002  _ti_sysbios_knl_Task_hooks__A                             
0     003f400e  _swisend                                                  
0     003f4010  _hwi0                                                     
0     003f4012  _lpsem                                                    
0     003f4014  _swiscan                                                  
0     003f4016  _tsk0                                                     
0     003f4018  _ti_sysbios_family_c28_Hwi_hooks__A                       
0     003f4022  _xdc_runtime_Startup_sfxnRts__A                           
0     003f402b  _ti_sysbios_family_c28_Timer_Module__id__C                
0     003f4044  _ti_sysbios_knl_Idle_funcList__A                          
0     003f404f  _ti_sysbios_family_c28_Timer_startupNeeded__C             
0     003f4050  _ti_sysbios_family_c28_Hwi_hooks__C                       
0     003f4054  _ti_sysbios_knl_Idle_funcList__C                          
0     003f4058  _ti_sysbios_knl_Swi_hooks__C                              
0     003f405c  _ti_sysbios_knl_Task_hooks__C                             
0     003f4060  _xdc_runtime_Startup_firstFxns__C                         
0     003f4064  _xdc_runtime_Startup_lastFxns__C                          
0     003f4068  _ti_sysbios_family_c28_Hwi_A_badIntNum__C                 
0     003f406a  _ti_sysbios_family_c28_Hwi_A_invalidArg__C                
0     003f406c  _ti_sysbios_family_c28_Hwi_E_unpluggedInterrupt__C        
0     003f406e  _ti_sysbios_family_c28_Hwi_Module__diagsEnabled__C        
0     003f4070  _ti_sysbios_family_c28_Hwi_Module__diagsIncluded__C       
0     003f4072  _ti_sysbios_family_c28_Hwi_Module__diagsMask__C           
0     003f4074  _ti_sysbios_family_c28_TaskSupport_E_invalidStack__C      
0     003f4076  _ti_sysbios_family_c28_Timer_Module__diagsEnabled__C      
0     003f4078  _ti_sysbios_family_c28_Timer_Module__diagsIncluded__C     
0     003f407a  _ti_sysbios_family_c28_Timer_Module__diagsMask__C         
0     003f407c  _ti_sysbios_hal_Hwi_E_stackOverflow__C                    
0     003f407e  _ti_sysbios_knl_Semaphore_A_badContext__C                 
0     003f4080  _ti_sysbios_knl_Semaphore_A_overflow__C                   
0     003f4082  _ti_sysbios_knl_Semaphore_A_pendTaskDisabled__C           
0     003f4084  _ti_sysbios_knl_Semaphore_Instance_State_pendQ__O         
0     003f4086  _ti_sysbios_knl_Semaphore_Module__diagsEnabled__C         
0     003f4088  _ti_sysbios_knl_Semaphore_Module__diagsIncluded__C        
0     003f408a  _ti_sysbios_knl_Semaphore_Module__diagsMask__C            
0     003f408c  _ti_sysbios_knl_Task_E_spOutOfBounds__C                   
0     003f408e  _ti_sysbios_knl_Task_E_stackOverflow__C                   
0     003f4090  _ti_sysbios_knl_Task_Module_State_inactiveQ__O            
0     003f4092  _ti_sysbios_knl_Task_Object__heap__C                      
0     003f4094  _ti_sysbios_knl_Task_allBlockedFunc__C                    
0     003f4096  _ti_sysbios_utils_Load_Module_State_taskList__O           
0     003f4098  _ti_sysbios_utils_Load_Module__diagsEnabled__C            
0     003f409a  _ti_sysbios_utils_Load_Module__diagsIncluded__C           
0     003f409c  _ti_sysbios_utils_Load_Module__diagsMask__C               
0     003f409e  _ti_sysbios_utils_Load_postUpdate__C                      
0     003f40a0  _xdc_runtime_Assert_E_assertFailed__C                     
0     003f40a2  _xdc_runtime_Core_A_initializedParams__C                  
0     003f40a4  _xdc_runtime_Core_Module__diagsEnabled__C                 
0     003f40a6  _xdc_runtime_Core_Module__diagsIncluded__C                
0     003f40a8  _xdc_runtime_Core_Module__diagsMask__C                    
0     003f40aa  _xdc_runtime_Error_E_memory__C                            
0     003f40ac  _xdc_runtime_Error_Module__diagsEnabled__C                
0     003f40ae  _xdc_runtime_Error_Module__diagsIncluded__C               
0     003f40b0  _xdc_runtime_Error_Module__diagsMask__C                   
0     003f40b2  _xdc_runtime_Error_Module__loggerFxn8__C                  
0     003f40b4  _xdc_runtime_Error_Module__loggerObj__C                   
0     003f40b6  _xdc_runtime_Error_policyFxn__C                           
0     003f40b8  _xdc_runtime_Error_raiseHook__C                           
0     003f40ba  _xdc_runtime_HeapStd_A_align__C                           
0     003f40bc  _xdc_runtime_HeapStd_A_invalidTotalFreeSize__C            
0     003f40be  _xdc_runtime_HeapStd_A_zeroSize__C                        
0     003f40c0  _xdc_runtime_HeapStd_E_noRTSMemory__C                     
0     003f40c2  _xdc_runtime_HeapStd_Module__diagsEnabled__C              
0     003f40c4  _xdc_runtime_HeapStd_Module__diagsIncluded__C             
0     003f40c6  _xdc_runtime_HeapStd_Module__diagsMask__C                 
0     003f40c8  _xdc_runtime_IFilterLogger_Interface__BASE__C             
0     003f40ca  _xdc_runtime_IGateProvider_Interface__BASE__C             
0     003f40cc  _xdc_runtime_IHeap_Interface__BASE__C                     
0     003f40ce  _xdc_runtime_ILogger_Interface__BASE__C                   
0     003f40d0  _xdc_runtime_IModule_Interface__BASE__C                   
0     003f40d2  _xdc_runtime_Log_L_error__C                               
0     003f40d4  _xdc_runtime_LoggerBuf_E_badLevel__C                      
0     003f40d6  _xdc_runtime_LoggerBuf_Module__gateObj__C                 
0     003f40d8  _xdc_runtime_LoggerBuf_statusLogger__C                    
0     003f40da  _xdc_runtime_Memory_defaultHeapInstance__C                
0     003f40dc  _xdc_runtime_Startup_execImpl__C                          
0     003f40de  _xdc_runtime_Startup_firstFxns__A                         
0     003f40e0  _xdc_runtime_Startup_lastFxns__A                          
0     003f40e2  _xdc_runtime_Startup_sfxnRts__C                           
0     003f40e4  _xdc_runtime_Startup_sfxnTab__C                           
0     003f40e6  _xdc_runtime_SysMin_bufSize__C                            
0     003f40e8  _xdc_runtime_SysMin_outputFunc__C                         
0     003f40ea  _xdc_runtime_System_Module__gateObj__C                    
0     003f40ec  _xdc_runtime_System_abortFxn__C                           
0     003f40ee  _xdc_runtime_System_exitFxn__C                            
0     003f40f0  _xdc_runtime_System_extendFxn__C                          
0     003f40f2  _xdc_runtime_Text_charTab__C                              
0     003f40f4  _xdc_runtime_Text_nameEmpty__C                            
0     003f40f6  _xdc_runtime_Text_nameStatic__C                           
0     003f40f8  _xdc_runtime_Text_nameUnknown__C                          
0     003f40fa  _xdc_runtime_Text_nodeTab__C                              
0     003f40fc  _xdc_runtime_Text_visitRopeFxn__C                         
0     003f40fe  _ti_sysbios_hal_Hwi_Module__id__C                         
0     003f40ff  _ti_sysbios_knl_Semaphore_Module__id__C                   
0     003f4100  _ti_sysbios_knl_Swi_Object__count__C                      
0     003f4101  _ti_sysbios_knl_Swi_numConstructedSwis__C                 
0     003f4102  _ti_sysbios_knl_Task_Module__id__C                        
0     003f4103  _ti_sysbios_knl_Task_Object__count__C                     
0     003f4104  _ti_sysbios_knl_Task_numConstructedTasks__C               
0     003f4105  _ti_sysbios_utils_Load_Module__id__C                      
0     003f4106  _ti_sysbios_utils_Load_autoAddTasks__C                    
0     003f4107  _ti_sysbios_utils_Load_updateInIdle__C                    
0     003f4108  _ti_sysbios_utils_Load_windowInMs__C                      
0     003f4109  _xdc_runtime_Core_Module__id__C                           
0     003f410a  _xdc_runtime_Error_Module__loggerDefined__C               
0     003f410b  _xdc_runtime_Error_maxDepth__C                            
0     003f410c  _xdc_runtime_Error_policy__C                              
0     003f410d  _xdc_runtime_HeapStd_Module__id__C                        
0     003f410e  _xdc_runtime_LoggerBuf_Module__id__C                      
0     003f410f  _xdc_runtime_LoggerBuf_Object__count__C                   
0     003f4110  _xdc_runtime_LoggerBuf_filterByLevel__C                   
0     003f4111  _xdc_runtime_Memory_Module__id__C                         
0     003f4112  _xdc_runtime_Startup_maxPasses__C                         
0     003f4113  _xdc_runtime_SysMin_flushAtExit__C                        
0     003f4114  _xdc_runtime_System_maxAtexitHandlers__C                  
0     003f4115  _xdc_runtime_Text_charCnt__C                              
0     003f4116  _xdc_runtime_Text_isLoaded__C                             
0     003f4117  _xdc_runtime_Text_registryModsLastId__C                   
0     003f4118  _xdc_runtime_Text_unnamedModsLastId__C                    
0     003f4119  ___cinit__                                                
0     003f4119  cinit                                                     
1     00000000  __stack                                                   
1     00000100  __STACK_END                                               
1     00000880  _DevEmuRegs                                               
1     00000985  _SysPwrCtrlRegs                                           
1     00000a80  _FlashRegs                                                
1     00000ae0  _CsmRegs                                                  
1     00000b00  _AdcResult                                                
1     00000c00  _CpuTimer0Regs                                            
1     00000c08  _CpuTimer1Regs                                            
1     00000c10  _CpuTimer2Regs                                            
1     00000ce0  _PieCtrlRegs                                              
1     00006400  _Comp1Regs                                                
1     00006420  _Comp2Regs                                                
1     00006800  _EPwm1Regs                                                
1     00006840  _EPwm2Regs                                                
1     00006880  _EPwm3Regs                                                
1     000068c0  _EPwm4Regs                                                
1     00006a00  _ECap1Regs                                                
1     00006f80  _GpioCtrlRegs                                             
1     00006fc0  _GpioDataRegs                                             
1     00006fe0  _GpioIntRegs                                              
1     00007010  _SysCtrlRegs                                              
1     00007040  _SpiaRegs                                                 
1     00007050  _SciaRegs                                                 
1     00007060  _NmiIntruptRegs                                           
1     00007070  _XIntruptRegs                                             
1     00007100  _AdcRegs                                                  
1     00007900  _I2caRegs                                                 
1     00008000  _RamfuncsLoadEnd                                          
1     00008000  _RamfuncsLoadStart                                        
1     00008000  _RamfuncsRunStart                                         
1     00008000  _xdc_runtime_Error_Module__state__V                       
1     00008002  _xdc_runtime_HeapStd_Module__state__V                     
1     00008004  ___xdc__init__addr                                        
1     00008006  _xdc_runtime_Memory_Module__state__V                      
1     00008008  _ti_sysbios_family_c28_Hwi_Instance_State_1_hookEnv__A    
1     0000800a  _ti_sysbios_family_c28_Hwi_Instance_State_2_hookEnv__A    
1     0000800c  _ti_sysbios_knl_Task_Instance_State_0_hookEnv__A          
1     0000800e  _ti_sysbios_knl_Task_Instance_State_1_hookEnv__A          
1     00008010  _ti_sysbios_knl_Swi_Instance_State_0_hookEnv__A           
1     00008012  _ti_sysbios_knl_Swi_Instance_State_1_hookEnv__A           
1     00008014  _ti_sysbios_gates_GateHwi_Object__table__V                
1     00008016  _ti_sysbios_family_c28_Hwi_Instance_State_0_hookEnv__A    
1     00008018  _ti_sysbios_utils_Load_Module_State_0_runningTask__A      
1     0000801a  _ti_sysbios_utils_Load_Module_State_0_taskStartTime__A    
1     0000801c  _ti_sysbios_knl_Task_Module_State_0_idleTask__A           
1     0000801e  _xdc_runtime_LoggerBuf_Module__state__V                   
1     00008022  _ti_sysbios_hal_Hwi_Module__root__V                       
1     00008026  _ti_sysbios_knl_Swi_Module__root__V                       
1     0000802a  _xdc_runtime_System_Module__state__V                      
1     0000802e  _ti_sysbios_family_c28_TimestampProvider_Module__state__V 
1     00008032  _xdc_runtime_Startup_Module__state__V                     
1     00008036  _ti_sysbios_gates_GateHwi_Module__root__V                 
1     0000803a  _ti_sysbios_family_c28_Hwi_Module__root__V                
1     00008040  _xdc_runtime_Registry_Module__state__V                    
1     00008044  _ti_sysbios_knl_Semaphore_Module__root__V                 
1     00008048  _xdc_runtime_GateNull_Module__root__V                     
1     0000804c  _xdc_runtime_Text_Module__state__V                        
1     00008050  _ti_sysbios_family_c28_Timer_Module__root__V              
1     00008054  _ti_sysbios_knl_Queue_Module__root__V                     
1     00008058  _ti_sysbios_knl_Task_Module__root__V                      
1     0000805c  _xdc_runtime_LoggerBuf_Module__root__V                    
1     00008060  _xdc_runtime_HeapStd_Module__root__V                      
1     00008064  _xdc_runtime_SysMin_Module__state__V                      
1     00008068  _xdc_runtime_HeapStd_Object__table__V                     
1     0000806e  _xdc_runtime_System_Module_State_0_atexitHandlers__A      
1     00008076  _ti_sysbios_family_c28_Timer_Module__state__V             
1     00008080  _ti_sysbios_knl_Semaphore_Object__table__V                
1     0000808a  _ti_sysbios_knl_Swi_Module__state__V                      
1     00008096  _ti_sysbios_family_c28_Hwi_Module__state__V               
1     000080a6  _xdc_runtime_Error_IgnoreBlock                            
1     000080c0  _xdc_runtime_LoggerBuf_Object__table__V                   
1     000080d2  _ti_sysbios_BIOS_Module__state__V                         
1     000080e4  _ti_sysbios_utils_Load_Module_State_0_taskEnv__A          
1     00008100  _ti_sysbios_knl_Task_Module__state__V                     
1     00008140  _ti_sysbios_knl_Swi_Object__table__V                      
1     00008180  _ti_sysbios_family_c28_Hwi_Object__table__V               
1     000081c0  _ti_sysbios_family_c28_Timer_Object__table__V             
1     00008200  _ti_sysbios_knl_Swi_Module_State_0_readyQ__A              
1     00008240  _ti_sysbios_knl_Task_Module_State_0_readyQ__A             
1     00008280  _ti_sysbios_utils_Load_Module__state__V                   
1     00008300  _xdc_runtime_SysMin_Module_State_0_outbuf__A              
1     00008380  _ti_sysbios_knl_Task_Object__table__V                     
1     00008400  _xdc_runtime_LoggerBuf_Instance_State_0_entryArr__A       
1     00008500  _ti_sysbios_family_c28_Hwi_Module_State_0_dispatchTable__A
1     00008600  _ti_sysbios_knl_Task_Instance_State_1_stack__A            
1     00008700  _ti_sysbios_knl_Task_Instance_State_0_stack__A            
1     00008800  _down_button                                              
1     00008801  _up_button                                                
1     00008802  _right_button                                             
1     00008803  _R1_button                                                
1     00008804  _start_button                                             
1     00008805  _left_button                                              
1     00008806  _select_button                                            
1     00008807  _LP_count                                                 
1     00008808  _frame2_dec                                               
1     00008809  _JOYSTICK_Y                                               
1     0000880a  _JOYSTICK_X                                               
1     0000880b  _frame1_dec                                               
1     0000880c  _pbcount                                                  
1     0000880d  _X_button                                                 
1     0000880e  _tickCount                                                
1     0000880f  _L1_button                                                
1     00008810  _S_button                                                 
1     00008811  _T_button                                                 
1     00008812  _O_button                                                 
1     00008814  _load                                                     
1     00008816  _parmbuf                                                  
1     0000881e  ___TI_enable_exit_profile_output                          
1     00008820  ___TI_cleanup_ptr                                         
1     00008822  ___TI_dtors_ptr                                           
1     00008824  __lock                                                    
1     00008826  __unlock                                                  
1     00008840  __CIOBUF_                                                 
1     003d7fff  _PartIdRegs                                               
1     003f7ff8  _CsmPwl                                                   
abs   00000000  _RamfuncsLoadSize                                         
abs   00000001  _xdc_runtime_Startup__EXECFXN__C                          
abs   00000001  _xdc_runtime_Startup__RESETFXN__C                         
abs   00000100  __STACK_SIZE                                              
abs   ffffffff  ___TI_pprof_out_hndl                                      
abs   ffffffff  ___TI_prof_data_size                                      
abs   ffffffff  ___TI_prof_data_start                                     
abs   ffffffff  ___binit__                                                
abs   ffffffff  ___c_args__                                               
abs   ffffffff  ___pinit__                                                
abs   ffffffff  binit                                                     
abs   ffffffff  pinit                                                     

[560 symbols]
