<?xml version="1.0" encoding="ISO-8859-1" ?>
<link_info>
   <banner>TMS320C2000 Linker PC v18.12.1.LTS</banner>
   <copyright>Copyright (c) 1996-2018 Texas Instruments Incorporated</copyright>
   <link_time>0x5de191aa</link_time>
   <link_errors>0x0</link_errors>
   <output_file>ArcadeStick.out</output_file>
   <entry_point>
      <name>_c_int00</name>
      <address>0x3f1340</address>
   </entry_point>
   <input_file_list>
      <input_file id="fl-2">
         <path>.\</path>
         <kind>object</kind>
         <file>CodeStartBranch.obj</file>
         <name>CodeStartBranch.obj</name>
      </input_file>
      <input_file id="fl-3">
         <path>.\</path>
         <kind>object</kind>
         <file>DelayUs.obj</file>
         <name>DelayUs.obj</name>
      </input_file>
      <input_file id="fl-4">
         <path>.\</path>
         <kind>object</kind>
         <file>DeviceInit_18Nov2018.obj</file>
         <name>DeviceInit_18Nov2018.obj</name>
      </input_file>
      <input_file id="fl-5">
         <path>.\</path>
         <kind>object</kind>
         <file>F2802x_GlobalVariableDefs.obj</file>
         <name>F2802x_GlobalVariableDefs.obj</name>
      </input_file>
      <input_file id="fl-6">
         <path>.\</path>
         <kind>object</kind>
         <file>idle.obj</file>
         <name>idle.obj</name>
      </input_file>
      <input_file id="fl-a">
         <path>D:\Work\Joystick-Project-master\ArcadeStick\Release\configPkg\package\cfg\</path>
         <kind>object</kind>
         <file>idle_p28L.o28L</file>
         <name>idle_p28L.o28L</name>
      </input_file>
      <input_file id="fl-11">
         <kind>object</kind>
         <file>&lt;internal&gt;</file>
         <name>&lt;internal&gt;</name>
      </input_file>
      <input_file id="fl-12">
         <path>D:\Work\Joystick-Project-master\ArcadeStick\src\sysbios\</path>
         <kind>archive</kind>
         <file>sysbios.a28L</file>
         <name>BIOS.obj</name>
      </input_file>
      <input_file id="fl-13">
         <path>D:\Work\Joystick-Project-master\ArcadeStick\src\sysbios\</path>
         <kind>archive</kind>
         <file>sysbios.a28L</file>
         <name>c28_Hwi_asm.obj</name>
      </input_file>
      <input_file id="fl-14">
         <path>D:\Work\Joystick-Project-master\ArcadeStick\src\sysbios\</path>
         <kind>archive</kind>
         <file>sysbios.a28L</file>
         <name>c28_Hwi_disp_asm.obj</name>
      </input_file>
      <input_file id="fl-15">
         <path>D:\Work\Joystick-Project-master\ArcadeStick\src\sysbios\</path>
         <kind>archive</kind>
         <file>sysbios.a28L</file>
         <name>c28_IntrinsicsSupport_asm.obj</name>
      </input_file>
      <input_file id="fl-16">
         <path>D:\Work\Joystick-Project-master\ArcadeStick\src\sysbios\</path>
         <kind>archive</kind>
         <file>sysbios.a28L</file>
         <name>c28_TaskSupport_asm.obj</name>
      </input_file>
      <input_file id="fl-17">
         <path>C:\Apps\ti\bios_6_76_00_08\packages\ti\catalog\c2800\init\lib\</path>
         <kind>archive</kind>
         <file>Boot.a28L</file>
         <name>Boot.o28L</name>
      </input_file>
      <input_file id="fl-18">
         <path>C:\Apps\ti\bios_6_76_00_08\packages\ti\targets\rts2800\lib\</path>
         <kind>archive</kind>
         <file>ti.targets.rts2800.a28L</file>
         <name>Assert.o28L</name>
      </input_file>
      <input_file id="fl-19">
         <path>C:\Apps\ti\bios_6_76_00_08\packages\ti\targets\rts2800\lib\</path>
         <kind>archive</kind>
         <file>ti.targets.rts2800.a28L</file>
         <name>Core-mem.o28L</name>
      </input_file>
      <input_file id="fl-1a">
         <path>C:\Apps\ti\bios_6_76_00_08\packages\ti\targets\rts2800\lib\</path>
         <kind>archive</kind>
         <file>ti.targets.rts2800.a28L</file>
         <name>Core-smem.o28L</name>
      </input_file>
      <input_file id="fl-1b">
         <path>C:\Apps\ti\bios_6_76_00_08\packages\ti\targets\rts2800\lib\</path>
         <kind>archive</kind>
         <file>ti.targets.rts2800.a28L</file>
         <name>Core-label.o28L</name>
      </input_file>
      <input_file id="fl-1c">
         <path>C:\Apps\ti\bios_6_76_00_08\packages\ti\targets\rts2800\lib\</path>
         <kind>archive</kind>
         <file>ti.targets.rts2800.a28L</file>
         <name>Core-params.o28L</name>
      </input_file>
      <input_file id="fl-1d">
         <path>C:\Apps\ti\bios_6_76_00_08\packages\ti\targets\rts2800\lib\</path>
         <kind>archive</kind>
         <file>ti.targets.rts2800.a28L</file>
         <name>Error.o28L</name>
      </input_file>
      <input_file id="fl-1e">
         <path>C:\Apps\ti\bios_6_76_00_08\packages\ti\targets\rts2800\lib\</path>
         <kind>archive</kind>
         <file>ti.targets.rts2800.a28L</file>
         <name>Gate.o28L</name>
      </input_file>
      <input_file id="fl-1f">
         <path>C:\Apps\ti\bios_6_76_00_08\packages\ti\targets\rts2800\lib\</path>
         <kind>archive</kind>
         <file>ti.targets.rts2800.a28L</file>
         <name>GateNull.o28L</name>
      </input_file>
      <input_file id="fl-20">
         <path>C:\Apps\ti\bios_6_76_00_08\packages\ti\targets\rts2800\lib\</path>
         <kind>archive</kind>
         <file>ti.targets.rts2800.a28L</file>
         <name>HeapStd.o28L</name>
      </input_file>
      <input_file id="fl-21">
         <path>C:\Apps\ti\bios_6_76_00_08\packages\ti\targets\rts2800\lib\</path>
         <kind>archive</kind>
         <file>ti.targets.rts2800.a28L</file>
         <name>LoggerBuf.o28L</name>
      </input_file>
      <input_file id="fl-22">
         <path>C:\Apps\ti\bios_6_76_00_08\packages\ti\targets\rts2800\lib\</path>
         <kind>archive</kind>
         <file>ti.targets.rts2800.a28L</file>
         <name>Memory.o28L</name>
      </input_file>
      <input_file id="fl-23">
         <path>C:\Apps\ti\bios_6_76_00_08\packages\ti\targets\rts2800\lib\</path>
         <kind>archive</kind>
         <file>ti.targets.rts2800.a28L</file>
         <name>Startup.o28L</name>
      </input_file>
      <input_file id="fl-24">
         <path>C:\Apps\ti\bios_6_76_00_08\packages\ti\targets\rts2800\lib\</path>
         <kind>archive</kind>
         <file>ti.targets.rts2800.a28L</file>
         <name>System.o28L</name>
      </input_file>
      <input_file id="fl-25">
         <path>C:\Apps\ti\bios_6_76_00_08\packages\ti\targets\rts2800\lib\</path>
         <kind>archive</kind>
         <file>ti.targets.rts2800.a28L</file>
         <name>SysMin.o28L</name>
      </input_file>
      <input_file id="fl-26">
         <path>C:\Apps\ti\bios_6_76_00_08\packages\ti\targets\rts2800\lib\</path>
         <kind>archive</kind>
         <file>ti.targets.rts2800.a28L</file>
         <name>Text.o28L</name>
      </input_file>
      <input_file id="fl-27">
         <path>C:\Apps\ti\bios_6_76_00_08\packages\ti\targets\rts2800\lib\</path>
         <kind>archive</kind>
         <file>ti.targets.rts2800.a28L</file>
         <name>Timestamp.o28L</name>
      </input_file>
      <input_file id="fl-28">
         <path>C:\Apps\ti\bios_6_76_00_08\packages\ti\targets\rts2800\lib\</path>
         <kind>archive</kind>
         <file>ti.targets.rts2800.a28L</file>
         <name>xdc_noinit.o28L</name>
      </input_file>
      <input_file id="fl-29">
         <path>C:\Apps\ti\bios_6_76_00_08\packages\ti\targets\rts2800\lib\</path>
         <kind>archive</kind>
         <file>ti.targets.rts2800.a28L</file>
         <name>Log.o28L</name>
      </input_file>
      <input_file id="fl-2a">
         <path>C:\Apps\ti\bios_6_76_00_08\packages\ti\targets\rts2800\lib\</path>
         <kind>archive</kind>
         <file>ti.targets.rts2800.a28L</file>
         <name>Registry.o28L</name>
      </input_file>
      <input_file id="fl-2b">
         <path>C:\Apps\ti\bios_6_76_00_08\packages\ti\targets\rts2800\lib\</path>
         <kind>archive</kind>
         <file>boot.a28L</file>
         <name>boot_cg.o28L</name>
      </input_file>
      <input_file id="fl-37">
         <path>C:\Apps\ti\ccs901\ccs\tools\compiler\ti-cgt-c2000_18.12.1.LTS\lib\</path>
         <kind>archive</kind>
         <file>rts2800_ml.lib</file>
         <name>ll_div28.asm.obj</name>
      </input_file>
      <input_file id="fl-38">
         <path>C:\Apps\ti\ccs901\ccs\tools\compiler\ti-cgt-c2000_18.12.1.LTS\lib\</path>
         <kind>archive</kind>
         <file>rts2800_ml.lib</file>
         <name>cpy_tbl.c.obj</name>
      </input_file>
      <input_file id="fl-39">
         <path>C:\Apps\ti\ccs901\ccs\tools\compiler\ti-cgt-c2000_18.12.1.LTS\lib\</path>
         <kind>archive</kind>
         <file>rts2800_ml.lib</file>
         <name>memcpy.c.obj</name>
      </input_file>
      <input_file id="fl-3a">
         <path>C:\Apps\ti\ccs901\ccs\tools\compiler\ti-cgt-c2000_18.12.1.LTS\lib\</path>
         <kind>archive</kind>
         <file>rts2800_ml.lib</file>
         <name>pre_init.c.obj</name>
      </input_file>
      <input_file id="fl-3b">
         <path>C:\Apps\ti\ccs901\ccs\tools\compiler\ti-cgt-c2000_18.12.1.LTS\lib\</path>
         <kind>archive</kind>
         <file>rts2800_ml.lib</file>
         <name>startup.c.obj</name>
      </input_file>
      <input_file id="fl-3c">
         <path>C:\Apps\ti\ccs901\ccs\tools\compiler\ti-cgt-c2000_18.12.1.LTS\lib\</path>
         <kind>archive</kind>
         <file>rts2800_ml.lib</file>
         <name>exit.c.obj</name>
      </input_file>
      <input_file id="fl-3d">
         <path>C:\Apps\ti\ccs901\ccs\tools\compiler\ti-cgt-c2000_18.12.1.LTS\lib\</path>
         <kind>archive</kind>
         <file>rts2800_ml.lib</file>
         <name>_lock.c.obj</name>
      </input_file>
      <input_file id="fl-3e">
         <path>C:\Apps\ti\ccs901\ccs\tools\compiler\ti-cgt-c2000_18.12.1.LTS\lib\</path>
         <kind>archive</kind>
         <file>rts2800_ml.lib</file>
         <name>args_main.c.obj</name>
      </input_file>
      <input_file id="fl-3f">
         <path>C:\Apps\ti\ccs901\ccs\tools\compiler\ti-cgt-c2000_18.12.1.LTS\lib\</path>
         <kind>archive</kind>
         <file>rts2800_ml.lib</file>
         <name>memset.c.obj</name>
      </input_file>
      <input_file id="fl-40">
         <path>C:\Apps\ti\ccs901\ccs\tools\compiler\ti-cgt-c2000_18.12.1.LTS\lib\</path>
         <kind>archive</kind>
         <file>rts2800_ml.lib</file>
         <name>strcmp.c.obj</name>
      </input_file>
      <input_file id="fl-41">
         <path>C:\Apps\ti\ccs901\ccs\tools\compiler\ti-cgt-c2000_18.12.1.LTS\lib\</path>
         <kind>archive</kind>
         <file>rts2800_ml.lib</file>
         <name>strlen.c.obj</name>
      </input_file>
      <input_file id="fl-42">
         <path>C:\Apps\ti\ccs901\ccs\tools\compiler\ti-cgt-c2000_18.12.1.LTS\lib\</path>
         <kind>archive</kind>
         <file>rts2800_ml.lib</file>
         <name>hostwrite.c.obj</name>
      </input_file>
      <input_file id="fl-43">
         <path>C:\Apps\ti\ccs901\ccs\tools\compiler\ti-cgt-c2000_18.12.1.LTS\lib\</path>
         <kind>archive</kind>
         <file>rts2800_ml.lib</file>
         <name>trgmsg.c.obj</name>
      </input_file>
      <input_file id="fl-44">
         <path>C:\Apps\ti\ccs901\ccs\tools\compiler\ti-cgt-c2000_18.12.1.LTS\lib\</path>
         <kind>archive</kind>
         <file>rts2800_ml.lib</file>
         <name>hostopen.c.obj</name>
      </input_file>
   </input_file_list>
   <object_component_list>
      <object_component id="oc-69">
         <name>PieVectTableFile</name>
         <uninitialized>true</uninitialized>
         <run_address>0xd00</run_address>
         <size>0x100</size>
         <input_file_ref idref="fl-5"/>
      </object_component>
      <object_component id="oc-4a">
         <name>EmuKeyVar</name>
         <uninitialized>true</uninitialized>
         <run_address>0xd00</run_address>
         <size>0x1</size>
         <input_file_ref idref="fl-5"/>
      </object_component>
      <object_component id="oc-4b">
         <name>EmuBModeVar</name>
         <uninitialized>true</uninitialized>
         <run_address>0xd01</run_address>
         <size>0x1</size>
         <input_file_ref idref="fl-5"/>
      </object_component>
      <object_component id="oc-4d">
         <name>FlashCallbackVar</name>
         <uninitialized>true</uninitialized>
         <run_address>0xd02</run_address>
         <size>0x2</size>
         <input_file_ref idref="fl-5"/>
      </object_component>
      <object_component id="oc-4c">
         <name>FlashScalingVar</name>
         <uninitialized>true</uninitialized>
         <run_address>0xd04</run_address>
         <size>0x2</size>
         <input_file_ref idref="fl-5"/>
      </object_component>
      <object_component id="oc-4f">
         <name>DevEmuRegsFile</name>
         <uninitialized>true</uninitialized>
         <run_address>0x880</run_address>
         <size>0x4</size>
         <input_file_ref idref="fl-5"/>
      </object_component>
      <object_component id="oc-4e">
         <name>SysPwrCtrlRegsFile</name>
         <uninitialized>true</uninitialized>
         <run_address>0x985</run_address>
         <size>0x3</size>
         <input_file_ref idref="fl-5"/>
      </object_component>
      <object_component id="oc-54">
         <name>FlashRegsFile</name>
         <uninitialized>true</uninitialized>
         <run_address>0xa80</run_address>
         <size>0x8</size>
         <input_file_ref idref="fl-5"/>
      </object_component>
      <object_component id="oc-56">
         <name>CsmRegsFile</name>
         <uninitialized>true</uninitialized>
         <run_address>0xae0</run_address>
         <size>0x10</size>
         <input_file_ref idref="fl-5"/>
      </object_component>
      <object_component id="oc-5d">
         <name>AdcResultFile</name>
         <uninitialized>true</uninitialized>
         <run_address>0xb00</run_address>
         <size>0x20</size>
         <input_file_ref idref="fl-5"/>
      </object_component>
      <object_component id="oc-50">
         <name>CpuTimer0RegsFile</name>
         <uninitialized>true</uninitialized>
         <run_address>0xc00</run_address>
         <size>0x8</size>
         <input_file_ref idref="fl-5"/>
      </object_component>
      <object_component id="oc-51">
         <name>CpuTimer1RegsFile</name>
         <uninitialized>true</uninitialized>
         <run_address>0xc08</run_address>
         <size>0x8</size>
         <input_file_ref idref="fl-5"/>
      </object_component>
      <object_component id="oc-52">
         <name>CpuTimer2RegsFile</name>
         <uninitialized>true</uninitialized>
         <run_address>0xc10</run_address>
         <size>0x8</size>
         <input_file_ref idref="fl-5"/>
      </object_component>
      <object_component id="oc-5b">
         <name>PieCtrlRegsFile</name>
         <uninitialized>true</uninitialized>
         <run_address>0xce0</run_address>
         <size>0x1a</size>
         <input_file_ref idref="fl-5"/>
      </object_component>
      <object_component id="oc-60">
         <name>ECap1RegsFile</name>
         <uninitialized>true</uninitialized>
         <run_address>0x6a00</run_address>
         <size>0x20</size>
         <input_file_ref idref="fl-5"/>
      </object_component>
      <object_component id="oc-67">
         <name>GpioCtrlRegsFile</name>
         <uninitialized>true</uninitialized>
         <run_address>0x6f80</run_address>
         <size>0x40</size>
         <input_file_ref idref="fl-5"/>
      </object_component>
      <object_component id="oc-61">
         <name>GpioDataRegsFile</name>
         <uninitialized>true</uninitialized>
         <run_address>0x6fc0</run_address>
         <size>0x20</size>
         <input_file_ref idref="fl-5"/>
      </object_component>
      <object_component id="oc-55">
         <name>GpioIntRegsFile</name>
         <uninitialized>true</uninitialized>
         <run_address>0x6fe0</run_address>
         <size>0xa</size>
         <input_file_ref idref="fl-5"/>
      </object_component>
      <object_component id="oc-5c">
         <name>SysCtrlRegsFile</name>
         <uninitialized>true</uninitialized>
         <run_address>0x7010</run_address>
         <size>0x1f</size>
         <input_file_ref idref="fl-5"/>
      </object_component>
      <object_component id="oc-59">
         <name>SpiaRegsFile</name>
         <uninitialized>true</uninitialized>
         <run_address>0x7040</run_address>
         <size>0x10</size>
         <input_file_ref idref="fl-5"/>
      </object_component>
      <object_component id="oc-58">
         <name>SciaRegsFile</name>
         <uninitialized>true</uninitialized>
         <run_address>0x7050</run_address>
         <size>0x10</size>
         <input_file_ref idref="fl-5"/>
      </object_component>
      <object_component id="oc-57">
         <name>NmiIntruptRegsFile</name>
         <uninitialized>true</uninitialized>
         <run_address>0x7060</run_address>
         <size>0x10</size>
         <input_file_ref idref="fl-5"/>
      </object_component>
      <object_component id="oc-5a">
         <name>XIntruptRegsFile</name>
         <uninitialized>true</uninitialized>
         <run_address>0x7070</run_address>
         <size>0x10</size>
         <input_file_ref idref="fl-5"/>
      </object_component>
      <object_component id="oc-68">
         <name>AdcRegsFile</name>
         <uninitialized>true</uninitialized>
         <run_address>0x7100</run_address>
         <size>0x51</size>
         <input_file_ref idref="fl-5"/>
      </object_component>
      <object_component id="oc-62">
         <name>I2caRegsFile</name>
         <uninitialized>true</uninitialized>
         <run_address>0x7900</run_address>
         <size>0x22</size>
         <input_file_ref idref="fl-5"/>
      </object_component>
      <object_component id="oc-5e">
         <name>Comp1RegsFile</name>
         <uninitialized>true</uninitialized>
         <run_address>0x6400</run_address>
         <size>0x20</size>
         <input_file_ref idref="fl-5"/>
      </object_component>
      <object_component id="oc-5f">
         <name>Comp2RegsFile</name>
         <uninitialized>true</uninitialized>
         <run_address>0x6420</run_address>
         <size>0x20</size>
         <input_file_ref idref="fl-5"/>
      </object_component>
      <object_component id="oc-63">
         <name>EPwm1RegsFile</name>
         <uninitialized>true</uninitialized>
         <run_address>0x6800</run_address>
         <size>0x40</size>
         <input_file_ref idref="fl-5"/>
      </object_component>
      <object_component id="oc-64">
         <name>EPwm2RegsFile</name>
         <uninitialized>true</uninitialized>
         <run_address>0x6840</run_address>
         <size>0x40</size>
         <input_file_ref idref="fl-5"/>
      </object_component>
      <object_component id="oc-65">
         <name>EPwm3RegsFile</name>
         <uninitialized>true</uninitialized>
         <run_address>0x6880</run_address>
         <size>0x40</size>
         <input_file_ref idref="fl-5"/>
      </object_component>
      <object_component id="oc-66">
         <name>EPwm4RegsFile</name>
         <uninitialized>true</uninitialized>
         <run_address>0x68c0</run_address>
         <size>0x40</size>
         <input_file_ref idref="fl-5"/>
      </object_component>
      <object_component id="oc-53">
         <name>CsmPwlFile</name>
         <uninitialized>true</uninitialized>
         <run_address>0x3f7ff8</run_address>
         <size>0x8</size>
         <input_file_ref idref="fl-5"/>
      </object_component>
      <object_component id="oc-49">
         <name>PartIdRegsFile</name>
         <uninitialized>true</uninitialized>
         <run_address>0x3d7fff</run_address>
         <size>0x1</size>
         <input_file_ref idref="fl-5"/>
      </object_component>
      <object_component id="oc-74">
         <name>.cinit</name>
         <load_address>0x3f4073</load_address>
         <run_address>0x3f4073</run_address>
         <size>0x154</size>
         <input_file_ref idref="fl-a"/>
      </object_component>
      <object_component id="oc-160">
         <name>.cinit:_ti_sysbios_family_c28_Hwi_Module_State_0_dispatchTable__A</name>
         <load_address>0x3f41c7</load_address>
         <run_address>0x3f41c7</run_address>
         <size>0x103</size>
         <input_file_ref idref="fl-a"/>
      </object_component>
      <object_component id="oc-79">
         <name>.cinit:_ti_sysbios_knl_Task_Object__table__V</name>
         <load_address>0x3f42ca</load_address>
         <run_address>0x3f42ca</run_address>
         <size>0x57</size>
         <input_file_ref idref="fl-a"/>
      </object_component>
      <object_component id="oc-6c">
         <name>.cinit</name>
         <load_address>0x3f4321</load_address>
         <run_address>0x3f4321</run_address>
         <size>0x44</size>
         <input_file_ref idref="fl-6"/>
      </object_component>
      <object_component id="oc-15e">
         <name>.cinit:_ti_sysbios_knl_Swi_Module_State_0_readyQ__A</name>
         <load_address>0x3f4365</load_address>
         <run_address>0x3f4365</run_address>
         <size>0x43</size>
         <input_file_ref idref="fl-a"/>
      </object_component>
      <object_component id="oc-164">
         <name>.cinit:_ti_sysbios_knl_Task_Module_State_0_readyQ__A</name>
         <load_address>0x3f43a8</load_address>
         <run_address>0x3f43a8</run_address>
         <size>0x43</size>
         <input_file_ref idref="fl-a"/>
      </object_component>
      <object_component id="oc-172">
         <name>.cinit:_ti_sysbios_family_c28_Hwi_Object__table__V</name>
         <load_address>0x3f43eb</load_address>
         <run_address>0x3f43eb</run_address>
         <size>0x33</size>
         <input_file_ref idref="fl-a"/>
      </object_component>
      <object_component id="oc-156">
         <name>.cinit:_ti_sysbios_family_c28_Timer_Object__table__V</name>
         <load_address>0x3f441e</load_address>
         <run_address>0x3f441e</run_address>
         <size>0x33</size>
         <input_file_ref idref="fl-a"/>
      </object_component>
      <object_component id="oc-15d">
         <name>.cinit:_ti_sysbios_knl_Swi_Object__table__V</name>
         <load_address>0x3f4451</load_address>
         <run_address>0x3f4451</run_address>
         <size>0x2b</size>
         <input_file_ref idref="fl-a"/>
      </object_component>
      <object_component id="oc-16c">
         <name>.cinit:_ti_sysbios_utils_Load_Module_State_0_taskEnv__A</name>
         <load_address>0x3f447c</load_address>
         <run_address>0x3f447c</run_address>
         <size>0x1f</size>
         <input_file_ref idref="fl-a"/>
      </object_component>
      <object_component id="oc-21b">
         <name>.cinit:_xdc_runtime_LoggerBuf_Object__table__V</name>
         <load_address>0x3f449b</load_address>
         <run_address>0x3f449b</run_address>
         <size>0x15</size>
         <input_file_ref idref="fl-a"/>
      </object_component>
      <object_component id="oc-11e">
         <name>.cinit</name>
         <load_address>0x3f44b0</load_address>
         <run_address>0x3f44b0</run_address>
         <size>0xe</size>
         <input_file_ref idref="fl-3c"/>
      </object_component>
      <object_component id="oc-170">
         <name>.cinit:_ti_sysbios_knl_Semaphore_Object__table__V</name>
         <load_address>0x3f44be</load_address>
         <run_address>0x3f44be</run_address>
         <size>0xd</size>
         <input_file_ref idref="fl-a"/>
      </object_component>
      <object_component id="oc-159">
         <name>.cinit:_xdc_runtime_System_Module_State_0_atexitHandlers__A</name>
         <load_address>0x3f44cb</load_address>
         <run_address>0x3f44cb</run_address>
         <size>0xb</size>
         <input_file_ref idref="fl-a"/>
      </object_component>
      <object_component id="oc-2b0">
         <name>.cinit:_xdc_runtime_HeapStd_Object__table__V</name>
         <load_address>0x3f44d6</load_address>
         <run_address>0x3f44d6</run_address>
         <size>0x9</size>
         <input_file_ref idref="fl-a"/>
      </object_component>
      <object_component id="oc-1a6">
         <name>.cinit:__lock</name>
         <load_address>0x3f44df</load_address>
         <run_address>0x3f44df</run_address>
         <size>0x5</size>
         <input_file_ref idref="fl-3d"/>
      </object_component>
      <object_component id="oc-1a7">
         <name>.cinit:__unlock</name>
         <load_address>0x3f44e4</load_address>
         <run_address>0x3f44e4</run_address>
         <size>0x5</size>
         <input_file_ref idref="fl-3d"/>
      </object_component>
      <object_component id="oc-1f4">
         <name>.cinit:_ti_sysbios_gates_GateHwi_Object__table__V</name>
         <load_address>0x3f44e9</load_address>
         <run_address>0x3f44e9</run_address>
         <size>0x5</size>
         <input_file_ref idref="fl-a"/>
      </object_component>
      <object_component id="oc-166">
         <name>.cinit:_ti_sysbios_knl_Task_Module_State_0_idleTask__A</name>
         <load_address>0x3f44ee</load_address>
         <run_address>0x3f44ee</run_address>
         <size>0x5</size>
         <input_file_ref idref="fl-a"/>
      </object_component>
      <object_component id="oc-16a">
         <name>.cinit:_ti_sysbios_utils_Load_Module_State_0_runningTask__A</name>
         <load_address>0x3f44f3</load_address>
         <run_address>0x3f44f3</run_address>
         <size>0x5</size>
         <input_file_ref idref="fl-a"/>
      </object_component>
      <object_component id="oc-168">
         <name>.cinit:_ti_sysbios_utils_Load_Module_State_0_taskStartTime__A</name>
         <load_address>0x3f44f8</load_address>
         <run_address>0x3f44f8</run_address>
         <size>0x5</size>
         <input_file_ref idref="fl-a"/>
      </object_component>
      <object_component id="oc-1e0">
         <name>.text:_xdc_runtime_System_doPrint__I</name>
         <load_address>0x3f0000</load_address>
         <run_address>0x3f0000</run_address>
         <size>0x223</size>
         <input_file_ref idref="fl-24"/>
      </object_component>
      <object_component id="oc-199">
         <name>.text:_ti_sysbios_knl_Semaphore_pend__E</name>
         <load_address>0x3f0223</load_address>
         <run_address>0x3f0223</run_address>
         <size>0x164</size>
         <input_file_ref idref="fl-12"/>
      </object_component>
      <object_component id="oc-197">
         <name>.text</name>
         <load_address>0x3f0387</load_address>
         <run_address>0x3f0387</run_address>
         <size>0x13d</size>
         <input_file_ref idref="fl-4"/>
      </object_component>
      <object_component id="oc-173">
         <name>.text</name>
         <load_address>0x3f04c4</load_address>
         <run_address>0x3f04c4</run_address>
         <size>0x133</size>
         <input_file_ref idref="fl-6"/>
      </object_component>
      <object_component id="oc-104">
         <name>.text</name>
         <load_address>0x3f05f7</load_address>
         <run_address>0x3f05f7</run_address>
         <size>0x107</size>
         <input_file_ref idref="fl-37"/>
      </object_component>
      <object_component id="oc-2db">
         <name>.text:_xdc_runtime_HeapStd_alloc__E</name>
         <load_address>0x3f06fe</load_address>
         <run_address>0x3f06fe</run_address>
         <size>0xee</size>
         <input_file_ref idref="fl-20"/>
      </object_component>
      <object_component id="oc-1d0">
         <name>.text:_ti_sysbios_family_c28_Hwi_clearInterrupt__E</name>
         <load_address>0x3f07ec</load_address>
         <run_address>0x3f07ec</run_address>
         <size>0xe1</size>
         <input_file_ref idref="fl-12"/>
      </object_component>
      <object_component id="oc-21c">
         <name>.text:_xdc_runtime_LoggerBuf_write8__E</name>
         <load_address>0x3f08cd</load_address>
         <run_address>0x3f08cd</run_address>
         <size>0xb5</size>
         <input_file_ref idref="fl-21"/>
      </object_component>
      <object_component id="oc-22b">
         <name>.text:_xdc_runtime_System_printfExtend__I</name>
         <load_address>0x3f0982</load_address>
         <run_address>0x3f0982</run_address>
         <size>0xb0</size>
         <input_file_ref idref="fl-a"/>
      </object_component>
      <object_component id="oc-28b">
         <name>.text:_ti_sysbios_utils_Load_updateThreadContexts__E</name>
         <load_address>0x3f0a32</load_address>
         <run_address>0x3f0a32</run_address>
         <size>0xa3</size>
         <input_file_ref idref="fl-12"/>
      </object_component>
      <object_component id="oc-27e">
         <name>.text:_xdc_runtime_Core_createObject__I</name>
         <load_address>0x3f0ad5</load_address>
         <run_address>0x3f0ad5</run_address>
         <size>0x9f</size>
         <input_file_ref idref="fl-19"/>
      </object_component>
      <object_component id="oc-2ad">
         <name>.text</name>
         <load_address>0x3f0b74</load_address>
         <run_address>0x3f0b74</run_address>
         <size>0x94</size>
         <input_file_ref idref="fl-43"/>
      </object_component>
      <object_component id="oc-1d1">
         <name>.text:_ti_sysbios_family_c28_Hwi_enableInterrupt__E</name>
         <load_address>0x3f0c08</load_address>
         <run_address>0x3f0c08</run_address>
         <size>0x8e</size>
         <input_file_ref idref="fl-12"/>
      </object_component>
      <object_component id="oc-1c4">
         <name>.text:_xdc_runtime_Error_policyDefault__E</name>
         <load_address>0x3f0c96</load_address>
         <run_address>0x3f0c96</run_address>
         <size>0x8c</size>
         <input_file_ref idref="fl-1d"/>
      </object_component>
      <object_component id="oc-295">
         <name>.text:_ti_sysbios_family_c28_Hwi_dispatch</name>
         <load_address>0x3f0d22</load_address>
         <run_address>0x3f0d22</run_address>
         <size>0x83</size>
         <input_file_ref idref="fl-14"/>
      </object_component>
      <object_component id="oc-2ef">
         <name>.text:_xdc_runtime_HeapStd_Instance_init__E</name>
         <load_address>0x3f0da5</load_address>
         <run_address>0x3f0da5</run_address>
         <size>0x82</size>
         <input_file_ref idref="fl-20"/>
      </object_component>
      <object_component id="oc-2be">
         <name>.text:_ti_sysbios_family_c28_Hwi_disableInterrupt__E</name>
         <load_address>0x3f0e27</load_address>
         <run_address>0x3f0e27</run_address>
         <size>0x81</size>
         <input_file_ref idref="fl-12"/>
      </object_component>
      <object_component id="oc-202">
         <name>.text:_ti_sysbios_family_c28_Hwi_disablePIEIER__E</name>
         <load_address>0x3f0ea8</load_address>
         <run_address>0x3f0ea8</run_address>
         <size>0x80</size>
         <input_file_ref idref="fl-12"/>
      </object_component>
      <object_component id="oc-201">
         <name>.text:_ti_sysbios_family_c28_Hwi_enablePIEIER__E</name>
         <load_address>0x3f0f28</load_address>
         <run_address>0x3f0f28</run_address>
         <size>0x7f</size>
         <input_file_ref idref="fl-12"/>
      </object_component>
      <object_component id="oc-279">
         <name>.text:_ti_sysbios_knl_Task_postInit__I</name>
         <load_address>0x3f0fa7</load_address>
         <run_address>0x3f0fa7</run_address>
         <size>0x7c</size>
         <input_file_ref idref="fl-12"/>
      </object_component>
      <object_component id="oc-25f">
         <name>.text:_xdc_runtime_LoggerBuf_write4__E</name>
         <load_address>0x3f1023</load_address>
         <run_address>0x3f1023</run_address>
         <size>0x79</size>
         <input_file_ref idref="fl-21"/>
      </object_component>
      <object_component id="oc-2e3">
         <name>.text:_ti_sysbios_family_c28_Hwi_dispatchCore__I</name>
         <load_address>0x3f109c</load_address>
         <run_address>0x3f109c</run_address>
         <size>0x77</size>
         <input_file_ref idref="fl-12"/>
      </object_component>
      <object_component id="oc-1d8">
         <name>.text:_ti_sysbios_knl_Task_checkStacks__E</name>
         <load_address>0x3f1113</load_address>
         <run_address>0x3f1113</run_address>
         <size>0x73</size>
         <input_file_ref idref="fl-12"/>
      </object_component>
      <object_component id="oc-243">
         <name>.text:_ti_sysbios_family_c28_Hwi_Module_startup__E</name>
         <load_address>0x3f1186</load_address>
         <run_address>0x3f1186</run_address>
         <size>0x71</size>
         <input_file_ref idref="fl-12"/>
      </object_component>
      <object_component id="oc-1c8">
         <name>.text:_xdc_runtime_Startup_startMods__I</name>
         <load_address>0x3f11f7</load_address>
         <run_address>0x3f11f7</run_address>
         <size>0x71</size>
         <input_file_ref idref="fl-23"/>
      </object_component>
      <object_component id="oc-211">
         <name>.text:_ti_sysbios_knl_Swi_run__I</name>
         <load_address>0x3f1268</load_address>
         <run_address>0x3f1268</run_address>
         <size>0x6c</size>
         <input_file_ref idref="fl-12"/>
      </object_component>
      <object_component id="oc-2dc">
         <name>.text:_xdc_runtime_HeapStd_free__E</name>
         <load_address>0x3f12d4</load_address>
         <run_address>0x3f12d4</run_address>
         <size>0x6c</size>
         <input_file_ref idref="fl-20"/>
      </object_component>
      <object_component id="oc-38">
         <name>.text</name>
         <load_address>0x3f1340</load_address>
         <run_address>0x3f1340</run_address>
         <size>0x67</size>
         <input_file_ref idref="fl-2b"/>
      </object_component>
      <object_component id="oc-297">
         <name>.text:_ti_sysbios_family_c28_Timer_stopAndClear__I</name>
         <load_address>0x3f13a7</load_address>
         <run_address>0x3f13a7</run_address>
         <size>0x66</size>
         <input_file_ref idref="fl-12"/>
      </object_component>
      <object_component id="oc-217">
         <name>.text:_ti_sysbios_utils_Load_idleFxn__E</name>
         <load_address>0x3f140d</load_address>
         <run_address>0x3f140d</run_address>
         <size>0x66</size>
         <input_file_ref idref="fl-12"/>
      </object_component>
      <object_component id="oc-258">
         <name>.text:_ti_sysbios_utils_Load_updateLoads__E</name>
         <load_address>0x3f1473</load_address>
         <run_address>0x3f1473</run_address>
         <size>0x60</size>
         <input_file_ref idref="fl-12"/>
      </object_component>
      <object_component id="oc-255">
         <name>.text:_xdc_runtime_Text_putSite__E</name>
         <load_address>0x3f14d3</load_address>
         <run_address>0x3f14d3</run_address>
         <size>0x5d</size>
         <input_file_ref idref="fl-26"/>
      </object_component>
      <object_component id="oc-1b5">
         <name>.text:_ti_sysbios_knl_Task_startCore__E</name>
         <load_address>0x3f1530</load_address>
         <run_address>0x3f1530</run_address>
         <size>0x53</size>
         <input_file_ref idref="fl-12"/>
      </object_component>
      <object_component id="oc-28a">
         <name>.text:_ti_sysbios_utils_Load_updateCurrentThreadTime__E</name>
         <load_address>0x3f1583</load_address>
         <run_address>0x3f1583</run_address>
         <size>0x51</size>
         <input_file_ref idref="fl-12"/>
      </object_component>
      <object_component id="oc-1e1">
         <name>.text:_ti_sysbios_knl_Task_schedule__I</name>
         <load_address>0x3f15d4</load_address>
         <run_address>0x3f15d4</run_address>
         <size>0x4c</size>
         <input_file_ref idref="fl-12"/>
      </object_component>
      <object_component id="oc-18c">
         <name>.text:_ti_sysbios_utils_Load_startup__E</name>
         <load_address>0x3f1620</load_address>
         <run_address>0x3f1620</run_address>
         <size>0x4c</size>
         <input_file_ref idref="fl-12"/>
      </object_component>
      <object_component id="oc-246">
         <name>.text:_ti_sysbios_knl_Task_Module_startup__E</name>
         <load_address>0x3f166c</load_address>
         <run_address>0x3f166c</run_address>
         <size>0x47</size>
         <input_file_ref idref="fl-12"/>
      </object_component>
      <object_component id="oc-245">
         <name>.text:_ti_sysbios_knl_Swi_Module_startup__E</name>
         <load_address>0x3f16b3</load_address>
         <run_address>0x3f16b3</run_address>
         <size>0x41</size>
         <input_file_ref idref="fl-12"/>
      </object_component>
      <object_component id="oc-194">
         <name>.text:_ti_sysbios_knl_Swi_post__E</name>
         <load_address>0x3f16f4</load_address>
         <run_address>0x3f16f4</run_address>
         <size>0x41</size>
         <input_file_ref idref="fl-12"/>
      </object_component>
      <object_component id="oc-254">
         <name>.text:_xdc_runtime_Text_putLab__E</name>
         <load_address>0x3f1735</load_address>
         <run_address>0x3f1735</run_address>
         <size>0x41</size>
         <input_file_ref idref="fl-26"/>
      </object_component>
      <object_component id="oc-228">
         <name>.text:_ti_sysbios_utils_Load_taskCreateHook__E</name>
         <load_address>0x3f1776</load_address>
         <run_address>0x3f1776</run_address>
         <size>0x3f</size>
         <input_file_ref idref="fl-12"/>
      </object_component>
      <object_component id="oc-286">
         <name>.text:_xdc_runtime_Text_putMod__E</name>
         <load_address>0x3f17b5</load_address>
         <run_address>0x3f17b5</run_address>
         <size>0x3f</size>
         <input_file_ref idref="fl-26"/>
      </object_component>
      <object_component id="oc-274">
         <name>.text:_ti_sysbios_knl_Swi_postInit__I</name>
         <load_address>0x3f17f4</load_address>
         <run_address>0x3f17f4</run_address>
         <size>0x3e</size>
         <input_file_ref idref="fl-12"/>
      </object_component>
      <object_component id="oc-2ae">
         <name>.text:_xdc_runtime_Memory_alloc__E</name>
         <load_address>0x3f1832</load_address>
         <run_address>0x3f1832</run_address>
         <size>0x3e</size>
         <input_file_ref idref="fl-22"/>
      </object_component>
      <object_component id="oc-280">
         <name>.text:_xdc_runtime_Core_deleteObject__I</name>
         <load_address>0x3f1870</load_address>
         <run_address>0x3f1870</run_address>
         <size>0x3d</size>
         <input_file_ref idref="fl-19"/>
      </object_component>
      <object_component id="oc-261">
         <name>.text:_xdc_runtime_LoggerBuf_getFilterLevel__E</name>
         <load_address>0x3f18ad</load_address>
         <run_address>0x3f18ad</run_address>
         <size>0x3d</size>
         <input_file_ref idref="fl-21"/>
      </object_component>
      <object_component id="oc-270">
         <name>.text:_ti_sysbios_family_c28_Hwi_postInit__I</name>
         <load_address>0x3f18ea</load_address>
         <run_address>0x3f18ea</run_address>
         <size>0x3c</size>
         <input_file_ref idref="fl-12"/>
      </object_component>
      <object_component id="oc-271">
         <name>.text:_ti_sysbios_family_c28_Timer_postInit__I</name>
         <load_address>0x3f1926</load_address>
         <run_address>0x3f1926</run_address>
         <size>0x3c</size>
         <input_file_ref idref="fl-12"/>
      </object_component>
      <object_component id="oc-2f1">
         <name>.text:_ti_sysbios_knl_Swi_restoreHwi__E</name>
         <load_address>0x3f1962</load_address>
         <run_address>0x3f1962</run_address>
         <size>0x3c</size>
         <input_file_ref idref="fl-12"/>
      </object_component>
      <object_component id="oc-251">
         <name>.text:_ti_sysbios_utils_Load_addTask__E</name>
         <load_address>0x3f199e</load_address>
         <run_address>0x3f199e</run_address>
         <size>0x3c</size>
         <input_file_ref idref="fl-12"/>
      </object_component>
      <object_component id="oc-260">
         <name>.text:_xdc_runtime_LoggerBuf_setFilterLevel__E</name>
         <load_address>0x3f19da</load_address>
         <run_address>0x3f19da</run_address>
         <size>0x3c</size>
         <input_file_ref idref="fl-21"/>
      </object_component>
      <object_component id="oc-2c0">
         <name>.text:_ti_sysbios_family_c28_TaskSupport_start__E</name>
         <load_address>0x3f1a16</load_address>
         <run_address>0x3f1a16</run_address>
         <size>0x38</size>
         <input_file_ref idref="fl-12"/>
      </object_component>
      <object_component id="oc-29a">
         <name>.text:_ti_sysbios_knl_Task_exit__E</name>
         <load_address>0x3f1a4e</load_address>
         <run_address>0x3f1a4e</run_address>
         <size>0x38</size>
         <input_file_ref idref="fl-12"/>
      </object_component>
      <object_component id="oc-282">
         <name>.text</name>
         <load_address>0x3f1a86</load_address>
         <run_address>0x3f1a86</run_address>
         <size>0x38</size>
         <input_file_ref idref="fl-42"/>
      </object_component>
      <object_component id="oc-2bb">
         <name>.text:_ti_sysbios_utils_Load_hwiBeginHook__E</name>
         <load_address>0x3f1abe</load_address>
         <run_address>0x3f1abe</run_address>
         <size>0x35</size>
         <input_file_ref idref="fl-a"/>
      </object_component>
      <object_component id="oc-229">
         <name>.text:_ti_sysbios_utils_Load_taskSwitchHook__E</name>
         <load_address>0x3f1af3</load_address>
         <run_address>0x3f1af3</run_address>
         <size>0x33</size>
         <input_file_ref idref="fl-12"/>
      </object_component>
      <object_component id="oc-215">
         <name>.text:_xdc_runtime_System_formatNum__I</name>
         <load_address>0x3f1b26</load_address>
         <run_address>0x3f1b26</run_address>
         <size>0x33</size>
         <input_file_ref idref="fl-24"/>
      </object_component>
      <object_component id="oc-2b7">
         <name>.text:_ti_sysbios_family_c28_Timer_getFreq__E</name>
         <load_address>0x3f1b59</load_address>
         <run_address>0x3f1b59</run_address>
         <size>0x31</size>
         <input_file_ref idref="fl-12"/>
      </object_component>
      <object_component id="oc-23c">
         <name>.text:_xdc_runtime_Error_print__E</name>
         <load_address>0x3f1b8a</load_address>
         <run_address>0x3f1b8a</run_address>
         <size>0x30</size>
         <input_file_ref idref="fl-1d"/>
      </object_component>
      <object_component id="oc-290">
         <name>.text:_xdc_runtime_LoggerBuf_Instance_init__E</name>
         <load_address>0x3f1bba</load_address>
         <run_address>0x3f1bba</run_address>
         <size>0x2f</size>
         <input_file_ref idref="fl-21"/>
      </object_component>
      <object_component id="oc-150">
         <name>.text:_xdc_runtime_Startup_exec__E</name>
         <load_address>0x3f1be9</load_address>
         <run_address>0x3f1be9</run_address>
         <size>0x2f</size>
         <input_file_ref idref="fl-23"/>
      </object_component>
      <object_component id="oc-17b">
         <name>.text:.bootCodeSection:_ti_catalog_c2800_init_Boot_configurePll2802x</name>
         <load_address>0x3f1c18</load_address>
         <run_address>0x3f1c18</run_address>
         <size>0x2e</size>
         <input_file_ref idref="fl-17"/>
      </object_component>
      <object_component id="oc-1dd">
         <name>.text:_ti_sysbios_knl_Swi_runLoop__I</name>
         <load_address>0x3f1c46</load_address>
         <run_address>0x3f1c46</run_address>
         <size>0x2e</size>
         <input_file_ref idref="fl-12"/>
      </object_component>
      <object_component id="oc-1b7">
         <name>.text:_ti_sysbios_knl_Swi_schedule__I</name>
         <load_address>0x3f1c74</load_address>
         <run_address>0x3f1c74</run_address>
         <size>0x2e</size>
         <input_file_ref idref="fl-12"/>
      </object_component>
      <object_component id="oc-20f">
         <name>.text:_ti_sysbios_utils_Load_swiBeginHook__E</name>
         <load_address>0x3f1ca2</load_address>
         <run_address>0x3f1ca2</run_address>
         <size>0x2e</size>
         <input_file_ref idref="fl-12"/>
      </object_component>
      <object_component id="oc-2ba">
         <name>.text:_ti_sysbios_family_c28_Hwi_getInterruptFlag__E</name>
         <load_address>0x3f1cd0</load_address>
         <run_address>0x3f1cd0</run_address>
         <size>0x2d</size>
         <input_file_ref idref="fl-12"/>
      </object_component>
      <object_component id="oc-1b3">
         <name>.text:_xdc_runtime_Assert_raise__I</name>
         <load_address>0x3f1cfd</load_address>
         <run_address>0x3f1cfd</run_address>
         <size>0x2d</size>
         <input_file_ref idref="fl-18"/>
      </object_component>
      <object_component id="oc-2a7">
         <name>.text:_xdc_runtime_Core_assignParams__I</name>
         <load_address>0x3f1d2a</load_address>
         <run_address>0x3f1d2a</run_address>
         <size>0x2d</size>
         <input_file_ref idref="fl-1c"/>
      </object_component>
      <object_component id="oc-2e2">
         <name>.text:_xdc_runtime_Text_visitRope2__I</name>
         <load_address>0x3f1d57</load_address>
         <run_address>0x3f1d57</run_address>
         <size>0x2d</size>
         <input_file_ref idref="fl-26"/>
      </object_component>
      <object_component id="oc-1ab">
         <name>.text:_ti_sysbios_family_c28_Timer_start__E</name>
         <load_address>0x3f1d84</load_address>
         <run_address>0x3f1d84</run_address>
         <size>0x2c</size>
         <input_file_ref idref="fl-12"/>
      </object_component>
      <object_component id="oc-262">
         <name>.text:_xdc_runtime_LoggerBuf_Object__create__S</name>
         <load_address>0x3f1db0</load_address>
         <run_address>0x3f1db0</run_address>
         <size>0x2c</size>
         <input_file_ref idref="fl-a"/>
      </object_component>
      <object_component id="oc-2df">
         <name>.text:_xdc_runtime_HeapStd_Object__create__S</name>
         <load_address>0x3f1ddc</load_address>
         <run_address>0x3f1ddc</run_address>
         <size>0x2b</size>
         <input_file_ref idref="fl-a"/>
      </object_component>
      <object_component id="oc-2b8">
         <name>.text:_ti_sysbios_utils_Load_logLoads__I</name>
         <load_address>0x3f1e07</load_address>
         <run_address>0x3f1e07</run_address>
         <size>0x2a</size>
         <input_file_ref idref="fl-12"/>
      </object_component>
      <object_component id="oc-1e3">
         <name>.text:_xdc_runtime_Error_setX__E</name>
         <load_address>0x3f1e31</load_address>
         <run_address>0x3f1e31</run_address>
         <size>0x2a</size>
         <input_file_ref idref="fl-1d"/>
      </object_component>
      <object_component id="oc-220">
         <name>.text:_ti_sysbios_family_c28_Hwi_getStackInfo__E</name>
         <load_address>0x3f1e5b</load_address>
         <run_address>0x3f1e5b</run_address>
         <size>0x29</size>
         <input_file_ref idref="fl-12"/>
      </object_component>
      <object_component id="oc-80">
         <name>.text:_ti_sysbios_family_c28_Hwi_unPluggedInterrupt__I</name>
         <load_address>0x3f1e84</load_address>
         <run_address>0x3f1e84</run_address>
         <size>0x29</size>
         <input_file_ref idref="fl-12"/>
      </object_component>
      <object_component id="oc-22a">
         <name>.text:_ti_sysbios_utils_Load_taskDeleteHook__E</name>
         <load_address>0x3f1ead</load_address>
         <run_address>0x3f1ead</run_address>
         <size>0x29</size>
         <input_file_ref idref="fl-12"/>
      </object_component>
      <object_component id="oc-287">
         <name>.text:_xdc_runtime_Text_xprintf__I</name>
         <load_address>0x3f1ed6</load_address>
         <run_address>0x3f1ed6</run_address>
         <size>0x29</size>
         <input_file_ref idref="fl-26"/>
      </object_component>
      <object_component id="oc-1cc">
         <name>.text</name>
         <load_address>0x3f1eff</load_address>
         <run_address>0x3f1eff</run_address>
         <size>0x29</size>
         <input_file_ref idref="fl-3c"/>
      </object_component>
      <object_component id="oc-292">
         <name>.text:_ti_sysbios_family_c28_Timer_getExpiredCounts64__E</name>
         <load_address>0x3f1f28</load_address>
         <run_address>0x3f1f28</run_address>
         <size>0x28</size>
         <input_file_ref idref="fl-12"/>
      </object_component>
      <object_component id="oc-252">
         <name>.text:_ti_sysbios_utils_Load_removeTask__E</name>
         <load_address>0x3f1f50</load_address>
         <run_address>0x3f1f50</run_address>
         <size>0x28</size>
         <input_file_ref idref="fl-12"/>
      </object_component>
      <object_component id="oc-2bc">
         <name>.text:_ti_sysbios_utils_Load_hwiEndHook__E</name>
         <load_address>0x3f1f78</load_address>
         <run_address>0x3f1f78</run_address>
         <size>0x27</size>
         <input_file_ref idref="fl-12"/>
      </object_component>
      <object_component id="oc-1f8">
         <name>.text:_xdc_runtime_SysMin_flush__E</name>
         <load_address>0x3f1f9f</load_address>
         <run_address>0x3f1f9f</run_address>
         <size>0x26</size>
         <input_file_ref idref="fl-25"/>
      </object_component>
      <object_component id="oc-14f">
         <name>.text</name>
         <load_address>0x3f1fc5</load_address>
         <run_address>0x3f1fc5</run_address>
         <size>0x24</size>
         <input_file_ref idref="fl-38"/>
      </object_component>
      <object_component id="oc-180">
         <name>.text:_xdc_runtime_System_processAtExit__E</name>
         <load_address>0x3f1fe9</load_address>
         <run_address>0x3f1fe9</run_address>
         <size>0x23</size>
         <input_file_ref idref="fl-24"/>
      </object_component>
      <object_component id="oc-1c1">
         <name>.text:_ti_sysbios_knl_Task_blockI__E</name>
         <load_address>0x3f200c</load_address>
         <run_address>0x3f200c</run_address>
         <size>0x22</size>
         <input_file_ref idref="fl-12"/>
      </object_component>
      <object_component id="oc-299">
         <name>.text:_ti_sysbios_family_c28_Timer_setPrescale__E</name>
         <load_address>0x3f202e</load_address>
         <run_address>0x3f202e</run_address>
         <size>0x20</size>
         <input_file_ref idref="fl-12"/>
      </object_component>
      <object_component id="oc-1d6">
         <name>.text:_ti_sysbios_knl_Task_allBlockedFunction__I</name>
         <load_address>0x3f204e</load_address>
         <run_address>0x3f204e</run_address>
         <size>0x20</size>
         <input_file_ref idref="fl-12"/>
      </object_component>
      <object_component id="oc-210">
         <name>.text:_ti_sysbios_utils_Load_swiEndHook__E</name>
         <load_address>0x3f206e</load_address>
         <run_address>0x3f206e</run_address>
         <size>0x1f</size>
         <input_file_ref idref="fl-12"/>
      </object_component>
      <object_component id="oc-236">
         <name>.text:_xdc_runtime_LoggerBuf_filterOutEvent__I</name>
         <load_address>0x3f208d</load_address>
         <run_address>0x3f208d</run_address>
         <size>0x1e</size>
         <input_file_ref idref="fl-21"/>
      </object_component>
      <object_component id="oc-188">
         <name>.text:_xdc_runtime_System_atexit__E</name>
         <load_address>0x3f20ab</load_address>
         <run_address>0x3f20ab</run_address>
         <size>0x1e</size>
         <input_file_ref idref="fl-24"/>
      </object_component>
      <object_component id="oc-2d9">
         <name>.text:_ti_sysbios_family_c28_TaskSupport_buildTaskStack</name>
         <load_address>0x3f20c9</load_address>
         <run_address>0x3f20c9</run_address>
         <size>0x1d</size>
         <input_file_ref idref="fl-16"/>
      </object_component>
      <object_component id="oc-24a">
         <name>.text:_ti_sysbios_gates_GateHwi_Object__create__S</name>
         <load_address>0x3f20e6</load_address>
         <run_address>0x3f20e6</run_address>
         <size>0x1d</size>
         <input_file_ref idref="fl-a"/>
      </object_component>
      <object_component id="oc-256">
         <name>.text:_xdc_runtime_SysMin_putch__E</name>
         <load_address>0x3f2103</load_address>
         <run_address>0x3f2103</run_address>
         <size>0x1d</size>
         <input_file_ref idref="fl-25"/>
      </object_component>
      <object_component id="oc-17c">
         <name>.text</name>
         <load_address>0x3f2120</load_address>
         <run_address>0x3f2120</run_address>
         <size>0x1d</size>
         <input_file_ref idref="fl-39"/>
      </object_component>
      <object_component id="oc-2d4">
         <name>.text:_ti_sysbios_family_c28_Hwi_switchAndDispatch__I</name>
         <load_address>0x3f213d</load_address>
         <run_address>0x3f213d</run_address>
         <size>0x1b</size>
         <input_file_ref idref="fl-13"/>
      </object_component>
      <object_component id="oc-218">
         <name>.text:_ti_sysbios_hal_Hwi_checkStack</name>
         <load_address>0x3f2158</load_address>
         <run_address>0x3f2158</run_address>
         <size>0x1b</size>
         <input_file_ref idref="fl-12"/>
      </object_component>
      <object_component id="oc-2bf">
         <name>.text:_ti_sysbios_knl_Task_processVitalTaskFlag__I</name>
         <load_address>0x3f2173</load_address>
         <run_address>0x3f2173</run_address>
         <size>0x1b</size>
         <input_file_ref idref="fl-12"/>
      </object_component>
      <object_component id="oc-1c2">
         <name>.text:_ti_sysbios_knl_Task_restore__E</name>
         <load_address>0x3f218e</load_address>
         <run_address>0x3f218e</run_address>
         <size>0x1b</size>
         <input_file_ref idref="fl-12"/>
      </object_component>
      <object_component id="oc-24d">
         <name>.text:_xdc_runtime_SysMin_output__I</name>
         <load_address>0x3f21a9</load_address>
         <run_address>0x3f21a9</run_address>
         <size>0x1b</size>
         <input_file_ref idref="fl-a"/>
      </object_component>
      <object_component id="oc-1c7">
         <name>.text:_ti_sysbios_hal_Hwi_initStack</name>
         <load_address>0x3f21c4</load_address>
         <run_address>0x3f21c4</run_address>
         <size>0x1a</size>
         <input_file_ref idref="fl-12"/>
      </object_component>
      <object_component id="oc-281">
         <name>.text:_xdc_runtime_Core_assignLabel__I</name>
         <load_address>0x3f21de</load_address>
         <run_address>0x3f21de</run_address>
         <size>0x1a</size>
         <input_file_ref idref="fl-1b"/>
      </object_component>
      <object_component id="oc-293">
         <name>.text:_xdc_runtime_System_avprintf__E</name>
         <load_address>0x3f21f8</load_address>
         <run_address>0x3f21f8</run_address>
         <size>0x1a</size>
         <input_file_ref idref="fl-24"/>
      </object_component>
      <object_component id="oc-1ad">
         <name>.text:_ti_sysbios_knl_Swi_restore__E</name>
         <load_address>0x3f2212</load_address>
         <run_address>0x3f2212</run_address>
         <size>0x19</size>
         <input_file_ref idref="fl-12"/>
      </object_component>
      <object_component id="oc-1b8">
         <name>.text:_xdc_runtime_System_vprintf__E</name>
         <load_address>0x3f222b</load_address>
         <run_address>0x3f222b</run_address>
         <size>0x19</size>
         <input_file_ref idref="fl-24"/>
      </object_component>
      <object_component id="oc-152">
         <name>.text</name>
         <load_address>0x3f2244</load_address>
         <run_address>0x3f2244</run_address>
         <size>0x19</size>
         <input_file_ref idref="fl-3e"/>
      </object_component>
      <object_component id="oc-1de">
         <name>.text:_ti_sysbios_family_xxx_Hwi_switchAndRunFunc</name>
         <load_address>0x3f225d</load_address>
         <run_address>0x3f225d</run_address>
         <size>0x18</size>
         <input_file_ref idref="fl-13"/>
      </object_component>
      <object_component id="oc-2cf">
         <name>.text:_ti_sysbios_utils_Load_getTaskLoad__E</name>
         <load_address>0x3f2275</load_address>
         <run_address>0x3f2275</run_address>
         <size>0x18</size>
         <input_file_ref idref="fl-12"/>
      </object_component>
      <object_component id="oc-283">
         <name>.text:_xdc_runtime_Memory_valloc__E</name>
         <load_address>0x3f228d</load_address>
         <run_address>0x3f228d</run_address>
         <size>0x18</size>
         <input_file_ref idref="fl-22"/>
      </object_component>
      <object_component id="oc-216">
         <name>.text:_xdc_runtime_System_putchar__I</name>
         <load_address>0x3f22a5</load_address>
         <run_address>0x3f22a5</run_address>
         <size>0x18</size>
         <input_file_ref idref="fl-24"/>
      </object_component>
      <object_component id="oc-189">
         <name>.text:_ti_sysbios_family_c28_Timer_startup__E</name>
         <load_address>0x3f22bd</load_address>
         <run_address>0x3f22bd</run_address>
         <size>0x17</size>
         <input_file_ref idref="fl-12"/>
      </object_component>
      <object_component id="oc-2c1">
         <name>.text:_ti_sysbios_knl_Task_unblockI__E</name>
         <load_address>0x3f22d4</load_address>
         <run_address>0x3f22d4</run_address>
         <size>0x17</size>
         <input_file_ref idref="fl-12"/>
      </object_component>
      <object_component id="oc-23f">
         <name>.text:_xdc_runtime_LoggerBuf_Module_startup__E</name>
         <load_address>0x3f22eb</load_address>
         <run_address>0x3f22eb</run_address>
         <size>0x17</size>
         <input_file_ref idref="fl-21"/>
      </object_component>
      <object_component id="oc-23d">
         <name>.text:_xdc_runtime_SysMin_abort__E</name>
         <load_address>0x3f2302</load_address>
         <run_address>0x3f2302</run_address>
         <size>0x17</size>
         <input_file_ref idref="fl-25"/>
      </object_component>
      <object_component id="oc-187">
         <name>.text:_ti_sysbios_BIOS_atExitFunc__I</name>
         <load_address>0x3f2319</load_address>
         <run_address>0x3f2319</run_address>
         <size>0x16</size>
         <input_file_ref idref="fl-a"/>
      </object_component>
      <object_component id="oc-244">
         <name>.text:_ti_sysbios_family_c28_Timer_Module_startup__E</name>
         <load_address>0x3f232f</load_address>
         <run_address>0x3f232f</run_address>
         <size>0x16</size>
         <input_file_ref idref="fl-12"/>
      </object_component>
      <object_component id="oc-26a">
         <name>.text:_xdc_runtime_LoggerBuf_reset__E</name>
         <load_address>0x3f2345</load_address>
         <run_address>0x3f2345</run_address>
         <size>0x16</size>
         <input_file_ref idref="fl-21"/>
      </object_component>
      <object_component id="oc-161">
         <name>.text:_ti_sysbios_BIOS_startFunc__I</name>
         <load_address>0x3f235b</load_address>
         <run_address>0x3f235b</run_address>
         <size>0x15</size>
         <input_file_ref idref="fl-a"/>
      </object_component>
      <object_component id="oc-2d5">
         <name>.text:_ti_sysbios_knl_Task_restoreHwi__E</name>
         <load_address>0x3f2370</load_address>
         <run_address>0x3f2370</run_address>
         <size>0x15</size>
         <input_file_ref idref="fl-12"/>
      </object_component>
      <object_component id="oc-2b5">
         <name>.text:_xdc_runtime_Text_printVisFxn__I</name>
         <load_address>0x3f2385</load_address>
         <run_address>0x3f2385</run_address>
         <size>0x15</size>
         <input_file_ref idref="fl-26"/>
      </object_component>
      <object_component id="oc-19a">
         <name>.text:_ti_sysbios_knl_Idle_run__E</name>
         <load_address>0x3f239a</load_address>
         <run_address>0x3f239a</run_address>
         <size>0x14</size>
         <input_file_ref idref="fl-12"/>
      </object_component>
      <object_component id="oc-24b">
         <name>.text:_ti_sysbios_gates_GateHwi_Object__delete__S</name>
         <load_address>0x3f23ae</load_address>
         <run_address>0x3f23ae</run_address>
         <size>0x12</size>
         <input_file_ref idref="fl-a"/>
      </object_component>
      <object_component id="oc-263">
         <name>.text:_xdc_runtime_LoggerBuf_Object__delete__S</name>
         <load_address>0x3f23c0</load_address>
         <run_address>0x3f23c0</run_address>
         <size>0x12</size>
         <input_file_ref idref="fl-a"/>
      </object_component>
      <object_component id="oc-2e0">
         <name>.text:_xdc_runtime_HeapStd_Object__delete__S</name>
         <load_address>0x3f23d2</load_address>
         <run_address>0x3f23d2</run_address>
         <size>0x11</size>
         <input_file_ref idref="fl-a"/>
      </object_component>
      <object_component id="oc-2a8">
         <name>.text:_xdc_runtime_Text_cordText__E</name>
         <load_address>0x3f23e3</load_address>
         <run_address>0x3f23e3</run_address>
         <size>0x11</size>
         <input_file_ref idref="fl-26"/>
      </object_component>
      <object_component id="oc-3e">
         <name>.text</name>
         <load_address>0x3f23f4</load_address>
         <run_address>0x3f23f4</run_address>
         <size>0x10</size>
         <input_file_ref idref="fl-3"/>
      </object_component>
      <object_component id="oc-298">
         <name>.text:_ti_sysbios_family_c28_Timer_stop__E</name>
         <load_address>0x3f2404</load_address>
         <run_address>0x3f2404</run_address>
         <size>0x10</size>
         <input_file_ref idref="fl-12"/>
      </object_component>
      <object_component id="oc-265">
         <name>.text:_ti_sysbios_family_c28_TimestampProvider_get64__E</name>
         <load_address>0x3f2414</load_address>
         <run_address>0x3f2414</run_address>
         <size>0x10</size>
         <input_file_ref idref="fl-12"/>
      </object_component>
      <object_component id="oc-1c0">
         <name>.text:_ti_sysbios_knl_Task_enabled__E</name>
         <load_address>0x3f2424</load_address>
         <run_address>0x3f2424</run_address>
         <size>0x10</size>
         <input_file_ref idref="fl-12"/>
      </object_component>
      <object_component id="oc-241">
         <name>.text:_xdc_runtime_SysMin_Module_startup__E</name>
         <load_address>0x3f2434</load_address>
         <run_address>0x3f2434</run_address>
         <size>0x10</size>
         <input_file_ref idref="fl-25"/>
      </object_component>
      <object_component id="oc-17a">
         <name>.text:.bootCodeSection:_ti_catalog_c2800_init_Boot_disableWatchdog</name>
         <load_address>0x3f2444</load_address>
         <run_address>0x3f2444</run_address>
         <size>0xf</size>
         <input_file_ref idref="fl-17"/>
      </object_component>
      <object_component id="oc-2cd">
         <name>.text:_ti_sysbios_utils_Load_getGlobalHwiLoad__E</name>
         <load_address>0x3f2453</load_address>
         <run_address>0x3f2453</run_address>
         <size>0xf</size>
         <input_file_ref idref="fl-12"/>
      </object_component>
      <object_component id="oc-2ce">
         <name>.text:_ti_sysbios_utils_Load_getGlobalSwiLoad__E</name>
         <load_address>0x3f2462</load_address>
         <run_address>0x3f2462</run_address>
         <size>0xf</size>
         <input_file_ref idref="fl-12"/>
      </object_component>
      <object_component id="oc-179">
         <name>.text:_xdc_runtime_Error_raiseX__E</name>
         <load_address>0x3f2471</load_address>
         <run_address>0x3f2471</run_address>
         <size>0xf</size>
         <input_file_ref idref="fl-1d"/>
      </object_component>
      <object_component id="oc-2b3">
         <name>.text:_xdc_runtime_Registry_findById__E</name>
         <load_address>0x3f2480</load_address>
         <run_address>0x3f2480</run_address>
         <size>0xf</size>
         <input_file_ref idref="fl-2a"/>
      </object_component>
      <object_component id="oc-21d">
         <name>.text:_ti_sysbios_BIOS_errorRaiseHook__I</name>
         <load_address>0x3f248f</load_address>
         <run_address>0x3f248f</run_address>
         <size>0xe</size>
         <input_file_ref idref="fl-a"/>
      </object_component>
      <object_component id="oc-273">
         <name>.text:_ti_sysbios_knl_Swi_Object__get__S</name>
         <load_address>0x3f249d</load_address>
         <run_address>0x3f249d</run_address>
         <size>0xe</size>
         <input_file_ref idref="fl-a"/>
      </object_component>
      <object_component id="oc-278">
         <name>.text:_ti_sysbios_knl_Task_Object__get__S</name>
         <load_address>0x3f24ab</load_address>
         <run_address>0x3f24ab</run_address>
         <size>0xe</size>
         <input_file_ref idref="fl-a"/>
      </object_component>
      <object_component id="oc-269">
         <name>.text:_xdc_runtime_LoggerBuf_Object__get__S</name>
         <load_address>0x3f24b9</load_address>
         <run_address>0x3f24b9</run_address>
         <size>0xe</size>
         <input_file_ref idref="fl-a"/>
      </object_component>
      <object_component id="oc-2bd">
         <name>.text:_ti_sysbios_family_c28_Hwi_dispatchC__I</name>
         <load_address>0x3f24c7</load_address>
         <run_address>0x3f24c7</run_address>
         <size>0xd</size>
         <input_file_ref idref="fl-12"/>
      </object_component>
      <object_component id="oc-226">
         <name>.text:_ti_sysbios_family_c28_TaskSupport_checkStack__E</name>
         <load_address>0x3f24d4</load_address>
         <run_address>0x3f24d4</run_address>
         <size>0xd</size>
         <input_file_ref idref="fl-12"/>
      </object_component>
      <object_component id="oc-20e">
         <name>.text:_ti_sysbios_family_c28_TaskSupport_swap__E</name>
         <load_address>0x3f24e1</load_address>
         <run_address>0x3f24e1</run_address>
         <size>0xd</size>
         <input_file_ref idref="fl-16"/>
      </object_component>
      <object_component id="oc-24c">
         <name>.text:_ti_sysbios_gates_GateHwi_Handle__label__S</name>
         <load_address>0x3f24ee</load_address>
         <run_address>0x3f24ee</run_address>
         <size>0xd</size>
         <input_file_ref idref="fl-a"/>
      </object_component>
      <object_component id="oc-29b">
         <name>.text:_ti_sysbios_knl_Task_enter__I</name>
         <load_address>0x3f24fb</load_address>
         <run_address>0x3f24fb</run_address>
         <size>0xd</size>
         <input_file_ref idref="fl-12"/>
      </object_component>
      <object_component id="oc-296">
         <name>.text:_xdc_runtime_Error_check__E</name>
         <load_address>0x3f2508</load_address>
         <run_address>0x3f2508</run_address>
         <size>0xd</size>
         <input_file_ref idref="fl-1d"/>
      </object_component>
      <object_component id="oc-2e1">
         <name>.text:_xdc_runtime_HeapStd_Handle__label__S</name>
         <load_address>0x3f2515</load_address>
         <run_address>0x3f2515</run_address>
         <size>0xd</size>
         <input_file_ref idref="fl-a"/>
      </object_component>
      <object_component id="oc-264">
         <name>.text:_xdc_runtime_LoggerBuf_Handle__label__S</name>
         <load_address>0x3f2522</load_address>
         <run_address>0x3f2522</run_address>
         <size>0xd</size>
         <input_file_ref idref="fl-a"/>
      </object_component>
      <object_component id="oc-1ee">
         <name>.text:_xdc_runtime_System_abort__E</name>
         <load_address>0x3f252f</load_address>
         <run_address>0x3f252f</run_address>
         <size>0xd</size>
         <input_file_ref idref="fl-24"/>
      </object_component>
      <object_component id="oc-2d6">
         <name>.text:_ti_sysbios_family_c28_Hwi_disableIER__E</name>
         <load_address>0x3f253c</load_address>
         <run_address>0x3f253c</run_address>
         <size>0xc</size>
         <input_file_ref idref="fl-a"/>
      </object_component>
      <object_component id="oc-206">
         <name>.text:_ti_sysbios_family_c28_TimestampProvider_get32__E</name>
         <load_address>0x3f2548</load_address>
         <run_address>0x3f2548</run_address>
         <size>0xc</size>
         <input_file_ref idref="fl-12"/>
      </object_component>
      <object_component id="oc-2a0">
         <name>.text:_ti_sysbios_knl_Queue_put__E</name>
         <load_address>0x3f2554</load_address>
         <run_address>0x3f2554</run_address>
         <size>0xc</size>
         <input_file_ref idref="fl-12"/>
      </object_component>
      <object_component id="oc-25e">
         <name>.text:_xdc_runtime_LoggerBuf_write2__E</name>
         <load_address>0x3f2560</load_address>
         <run_address>0x3f2560</run_address>
         <size>0xc</size>
         <input_file_ref idref="fl-21"/>
      </object_component>
      <object_component id="oc-1cb">
         <name>.text:_xdc_runtime_SysMin_exit__E</name>
         <load_address>0x3f256c</load_address>
         <run_address>0x3f256c</run_address>
         <size>0xc</size>
         <input_file_ref idref="fl-25"/>
      </object_component>
      <object_component id="oc-26b">
         <name>.text</name>
         <load_address>0x3f2578</load_address>
         <run_address>0x3f2578</run_address>
         <size>0xc</size>
         <input_file_ref idref="fl-3f"/>
      </object_component>
      <object_component id="oc-27b">
         <name>.text:_ti_sysbios_family_c28_Hwi_Module__startupDone__F</name>
         <load_address>0x3f2584</load_address>
         <run_address>0x3f2584</run_address>
         <size>0xb</size>
         <input_file_ref idref="fl-a"/>
      </object_component>
      <object_component id="oc-26f">
         <name>.text:_ti_sysbios_family_c28_Hwi_Object__get__S</name>
         <load_address>0x3f258f</load_address>
         <run_address>0x3f258f</run_address>
         <size>0xb</size>
         <input_file_ref idref="fl-a"/>
      </object_component>
      <object_component id="oc-1ff">
         <name>.text:_ti_sysbios_family_c28_Hwi_enableIER__E</name>
         <load_address>0x3f259a</load_address>
         <run_address>0x3f259a</run_address>
         <size>0xb</size>
         <input_file_ref idref="fl-a"/>
      </object_component>
      <object_component id="oc-29d">
         <name>.text:_ti_sysbios_knl_Queue_Object__get__S</name>
         <load_address>0x3f25a5</load_address>
         <run_address>0x3f25a5</run_address>
         <size>0xb</size>
         <input_file_ref idref="fl-a"/>
      </object_component>
      <object_component id="oc-291">
         <name>.text:_xdc_runtime_LoggerBuf_Instance_finalize__E</name>
         <load_address>0x3f25b0</load_address>
         <run_address>0x3f25b0</run_address>
         <size>0xb</size>
         <input_file_ref idref="fl-21"/>
      </object_component>
      <object_component id="oc-25d">
         <name>.text:_xdc_runtime_LoggerBuf_write1__E</name>
         <load_address>0x3f25bb</load_address>
         <run_address>0x3f25bb</run_address>
         <size>0xb</size>
         <input_file_ref idref="fl-21"/>
      </object_component>
      <object_component id="oc-253">
         <name>.text:_xdc_runtime_Memory_free__E</name>
         <load_address>0x3f25c6</load_address>
         <run_address>0x3f25c6</run_address>
         <size>0xb</size>
         <input_file_ref idref="fl-22"/>
      </object_component>
      <object_component id="oc-153">
         <name>.text:_xdc_runtime_System_exit__E</name>
         <load_address>0x3f25d1</load_address>
         <run_address>0x3f25d1</run_address>
         <size>0xb</size>
         <input_file_ref idref="fl-24"/>
      </object_component>
      <object_component id="oc-162">
         <name>.text:_ti_sysbios_BIOS_exitFunc__I</name>
         <load_address>0x3f25dc</load_address>
         <run_address>0x3f25dc</run_address>
         <size>0xa</size>
         <input_file_ref idref="fl-a"/>
      </object_component>
      <object_component id="oc-219">
         <name>.text:_xdc_runtime_Error_init__E</name>
         <load_address>0x3f25e6</load_address>
         <run_address>0x3f25e6</run_address>
         <size>0xa</size>
         <input_file_ref idref="fl-1d"/>
      </object_component>
      <object_component id="oc-25c">
         <name>.text:_xdc_runtime_LoggerBuf_write0__E</name>
         <load_address>0x3f25f0</load_address>
         <run_address>0x3f25f0</run_address>
         <size>0xa</size>
         <input_file_ref idref="fl-21"/>
      </object_component>
      <object_component id="oc-2b6">
         <name>.text:_xdc_runtime_System_vsnprintf__E</name>
         <load_address>0x3f25fa</load_address>
         <run_address>0x3f25fa</run_address>
         <size>0xa</size>
         <input_file_ref idref="fl-24"/>
      </object_component>
      <object_component id="oc-1d3">
         <name>.text:_xdc_runtime_Text_ropeText__E</name>
         <load_address>0x3f2604</load_address>
         <run_address>0x3f2604</run_address>
         <size>0xa</size>
         <input_file_ref idref="fl-26"/>
      </object_component>
      <object_component id="oc-203">
         <name>.text:_ti_sysbios_family_c28_Hwi_restoreIER__E</name>
         <load_address>0x3f260e</load_address>
         <run_address>0x3f260e</run_address>
         <size>0x9</size>
         <input_file_ref idref="fl-a"/>
      </object_component>
      <object_component id="oc-2e4">
         <name>.text:_ti_sysbios_family_c28_TaskSupport_glue</name>
         <load_address>0x3f2617</load_address>
         <run_address>0x3f2617</run_address>
         <size>0x9</size>
         <input_file_ref idref="fl-16"/>
      </object_component>
      <object_component id="oc-247">
         <name>.text:_ti_sysbios_hal_Hwi_Module_startup__E</name>
         <load_address>0x3f2620</load_address>
         <run_address>0x3f2620</run_address>
         <size>0x9</size>
         <input_file_ref idref="fl-12"/>
      </object_component>
      <object_component id="oc-29c">
         <name>.text:_ti_sysbios_knl_Task_SupportProxy_start__E</name>
         <load_address>0x3f2629</load_address>
         <run_address>0x3f2629</run_address>
         <size>0x9</size>
         <input_file_ref idref="fl-a"/>
      </object_component>
      <object_component id="oc-29e">
         <name>.text:_ti_sysbios_knl_Task_unblock__E</name>
         <load_address>0x3f2632</load_address>
         <run_address>0x3f2632</run_address>
         <size>0x9</size>
         <input_file_ref idref="fl-12"/>
      </object_component>
      <object_component id="oc-19f">
         <name>.text:_xdc_runtime_Startup_exec__I</name>
         <load_address>0x3f263b</load_address>
         <run_address>0x3f263b</run_address>
         <size>0x9</size>
         <input_file_ref idref="fl-a"/>
      </object_component>
      <object_component id="oc-2c8">
         <name>.text:_xdc_runtime_Text_visitRope__I</name>
         <load_address>0x3f2644</load_address>
         <run_address>0x3f2644</run_address>
         <size>0x9</size>
         <input_file_ref idref="fl-a"/>
      </object_component>
      <object_component id="oc-1a5">
         <name>.text</name>
         <load_address>0x3f264d</load_address>
         <run_address>0x3f264d</run_address>
         <size>0x9</size>
         <input_file_ref idref="fl-3d"/>
      </object_component>
      <object_component id="oc-18e">
         <name>.text:_ti_sysbios_BIOS_setThreadType__E</name>
         <load_address>0x3f2656</load_address>
         <run_address>0x3f2656</run_address>
         <size>0x8</size>
         <input_file_ref idref="fl-12"/>
      </object_component>
      <object_component id="oc-2d2">
         <name>.text:_ti_sysbios_knl_Task_getHookContext__E</name>
         <load_address>0x3f265e</load_address>
         <run_address>0x3f265e</run_address>
         <size>0x8</size>
         <input_file_ref idref="fl-12"/>
      </object_component>
      <object_component id="oc-2c4">
         <name>.text:_xdc_runtime_IHeap_alloc</name>
         <load_address>0x3f2666</load_address>
         <run_address>0x3f2666</run_address>
         <size>0x8</size>
         <input_file_ref idref="fl-a"/>
      </object_component>
      <object_component id="oc-24f">
         <name>.text:_xdc_runtime_Memory_calloc__E</name>
         <load_address>0x3f266e</load_address>
         <run_address>0x3f266e</run_address>
         <size>0x8</size>
         <input_file_ref idref="fl-22"/>
      </object_component>
      <object_component id="oc-212">
         <name>.text:_xdc_runtime_SysMin_ready__E</name>
         <load_address>0x3f2676</load_address>
         <run_address>0x3f2676</run_address>
         <size>0x8</size>
         <input_file_ref idref="fl-25"/>
      </object_component>
      <object_component id="oc-214">
         <name>.text</name>
         <load_address>0x3f267e</load_address>
         <run_address>0x3f267e</run_address>
         <size>0x8</size>
         <input_file_ref idref="fl-41"/>
      </object_component>
      <object_component id="oc-14e">
         <name>.text:.bootCodeSection:_ti_catalog_c2800_init_Boot_init</name>
         <load_address>0x3f2686</load_address>
         <run_address>0x3f2686</run_address>
         <size>0x7</size>
         <input_file_ref idref="fl-a"/>
      </object_component>
      <object_component id="oc-2de">
         <name>.text:_xdc_runtime_HeapStd_getStats__E</name>
         <load_address>0x3f268d</load_address>
         <run_address>0x3f268d</run_address>
         <size>0x7</size>
         <input_file_ref idref="fl-20"/>
      </object_component>
      <object_component id="oc-267">
         <name>.text:_xdc_runtime_System_aprintf__E</name>
         <load_address>0x3f2694</load_address>
         <run_address>0x3f2694</run_address>
         <size>0x7</size>
         <input_file_ref idref="fl-a"/>
      </object_component>
      <object_component id="oc-196">
         <name>.text:_xdc_runtime_System_printf__E</name>
         <load_address>0x3f269b</load_address>
         <run_address>0x3f269b</run_address>
         <size>0x7</size>
         <input_file_ref idref="fl-a"/>
      </object_component>
      <object_component id="oc-198">
         <name>.text:_ti_sysbios_BIOS_start__E</name>
         <load_address>0x3f26a2</load_address>
         <run_address>0x3f26a2</run_address>
         <size>0x6</size>
         <input_file_ref idref="fl-12"/>
      </object_component>
      <object_component id="oc-1d7">
         <name>.text:_ti_sysbios_family_c28_IntrinsicsSupport_maxbit__E</name>
         <load_address>0x3f26a8</load_address>
         <run_address>0x3f26a8</run_address>
         <size>0x6</size>
         <input_file_ref idref="fl-15"/>
      </object_component>
      <object_component id="oc-182">
         <name>.text:_ti_sysbios_family_c28_TimestampProvider_rolloverFunc__E</name>
         <load_address>0x3f26ae</load_address>
         <run_address>0x3f26ae</run_address>
         <size>0x6</size>
         <input_file_ref idref="fl-12"/>
      </object_component>
      <object_component id="oc-1c6">
         <name>.text:_ti_sysbios_family_c28_TimestampProvider_startTimer__E</name>
         <load_address>0x3f26b4</load_address>
         <run_address>0x3f26b4</run_address>
         <size>0x6</size>
         <input_file_ref idref="fl-12"/>
      </object_component>
      <object_component id="oc-1a3">
         <name>.text:_ti_sysbios_knl_Swi_disable__E</name>
         <load_address>0x3f26ba</load_address>
         <run_address>0x3f26ba</run_address>
         <size>0x6</size>
         <input_file_ref idref="fl-12"/>
      </object_component>
      <object_component id="oc-1a4">
         <name>.text:_ti_sysbios_knl_Task_disable__E</name>
[...]
         <value>0x3f225d</value>
         <object_component_ref idref="oc-1de"/>
      </symbol>
      <symbol id="sm-849">
         <name>_ti_sysbios_family_c28_Hwi_dispatchTable</name>
         <value>0x3f0d22</value>
         <object_component_ref idref="oc-295"/>
      </symbol>
      <symbol id="sm-84a">
         <name>_ti_sysbios_family_c28_Hwi_dispatchPie</name>
         <value>0x3f0d7f</value>
         <object_component_ref idref="oc-295"/>
      </symbol>
      <symbol id="sm-856">
         <name>_ti_sysbios_family_c28_IntrinsicsSupport_maxbit__E</name>
         <value>0x3f26a8</value>
         <object_component_ref idref="oc-1d7"/>
      </symbol>
      <symbol id="sm-866">
         <name>_ti_sysbios_family_c28_TaskSupport_buildTaskStack</name>
         <value>0x3f20c9</value>
         <object_component_ref idref="oc-2d9"/>
      </symbol>
      <symbol id="sm-867">
         <name>_ti_sysbios_family_c28_TaskSupport_swap__E</name>
         <value>0x3f24e1</value>
         <object_component_ref idref="oc-20e"/>
      </symbol>
      <symbol id="sm-868">
         <name>_ti_sysbios_family_c28_TaskSupport_glue</name>
         <value>0x3f2617</value>
         <object_component_ref idref="oc-2e4"/>
      </symbol>
      <symbol id="sm-87b">
         <name>_ti_catalog_c2800_init_Boot_configurePll2802x</name>
         <value>0x3f1c18</value>
         <object_component_ref idref="oc-17b"/>
      </symbol>
      <symbol id="sm-87c">
         <name>_ti_catalog_c2800_init_Boot_disableWatchdog</name>
         <value>0x3f2444</value>
         <object_component_ref idref="oc-17a"/>
      </symbol>
      <symbol id="sm-87d">
         <name>_ti_catalog_c2800_init_Boot_defaultLimpAbortFunction</name>
         <value>0x3f2768</value>
         <object_component_ref idref="oc-1c5"/>
      </symbol>
      <symbol id="sm-892">
         <name>_xdc_runtime_Assert_raise__I</name>
         <value>0x3f1cfd</value>
         <object_component_ref idref="oc-1b3"/>
      </symbol>
      <symbol id="sm-8b2">
         <name>_xdc_runtime_Core_deleteObject__I</name>
         <value>0x3f1870</value>
         <object_component_ref idref="oc-280"/>
      </symbol>
      <symbol id="sm-8b3">
         <name>_xdc_runtime_Core_createObject__I</name>
         <value>0x3f0ad5</value>
         <object_component_ref idref="oc-27e"/>
      </symbol>
      <symbol id="sm-8cb">
         <name>_xdc_runtime_Core_assignLabel__I</name>
         <value>0x3f21de</value>
         <object_component_ref idref="oc-281"/>
      </symbol>
      <symbol id="sm-8d9">
         <name>_xdc_runtime_Core_assignParams__I</name>
         <value>0x3f1d2a</value>
         <object_component_ref idref="oc-2a7"/>
      </symbol>
      <symbol id="sm-905">
         <name>_xdc_runtime_Error_getSite__E</name>
         <value>0x3f276e</value>
         <object_component_ref idref="oc-266"/>
      </symbol>
      <symbol id="sm-906">
         <name>_xdc_runtime_Error_print__E</name>
         <value>0x3f1b8a</value>
         <object_component_ref idref="oc-23c"/>
      </symbol>
      <symbol id="sm-907">
         <name>_xdc_runtime_Error_policyDefault__E</name>
         <value>0x3f0c96</value>
         <object_component_ref idref="oc-1c4"/>
      </symbol>
      <symbol id="sm-908">
         <name>_xdc_runtime_Error_init__E</name>
         <value>0x3f25e6</value>
         <object_component_ref idref="oc-219"/>
      </symbol>
      <symbol id="sm-909">
         <name>_xdc_runtime_Error_raiseX__E</name>
         <value>0x3f2471</value>
         <object_component_ref idref="oc-179"/>
      </symbol>
      <symbol id="sm-90a">
         <name>_xdc_runtime_Error_check__E</name>
         <value>0x3f2508</value>
         <object_component_ref idref="oc-296"/>
      </symbol>
      <symbol id="sm-90b">
         <name>_xdc_runtime_Error_setX__E</name>
         <value>0x3f1e31</value>
         <object_component_ref idref="oc-1e3"/>
      </symbol>
      <symbol id="sm-919">
         <name>_xdc_runtime_Gate_leaveSystem__E</name>
         <value>0x3f26cc</value>
         <object_component_ref idref="oc-1a9"/>
      </symbol>
      <symbol id="sm-91a">
         <name>_xdc_runtime_Gate_enterSystem__E</name>
         <value>0x3f26c6</value>
         <object_component_ref idref="oc-1a0"/>
      </symbol>
      <symbol id="sm-964">
         <name>_xdc_runtime_HeapStd_isBlocking__E</name>
         <value>0x3f2770</value>
         <object_component_ref idref="oc-2dd"/>
      </symbol>
      <symbol id="sm-965">
         <name>_xdc_runtime_HeapStd_getStats__E</name>
         <value>0x3f268d</value>
         <object_component_ref idref="oc-2de"/>
      </symbol>
      <symbol id="sm-966">
         <name>_xdc_runtime_HeapStd_free__E</name>
         <value>0x3f12d4</value>
         <object_component_ref idref="oc-2dc"/>
      </symbol>
      <symbol id="sm-967">
         <name>_xdc_runtime_HeapStd_Instance_init__E</name>
         <value>0x3f0da5</value>
         <object_component_ref idref="oc-2ef"/>
      </symbol>
      <symbol id="sm-968">
         <name>_xdc_runtime_HeapStd_alloc__E</name>
         <value>0x3f06fe</value>
         <object_component_ref idref="oc-2db"/>
      </symbol>
      <symbol id="sm-9b7">
         <name>_xdc_runtime_LoggerBuf_write0__E</name>
         <value>0x3f25f0</value>
         <object_component_ref idref="oc-25c"/>
      </symbol>
      <symbol id="sm-9b8">
         <name>_xdc_runtime_LoggerBuf_Instance_init__E</name>
         <value>0x3f1bba</value>
         <object_component_ref idref="oc-290"/>
      </symbol>
      <symbol id="sm-9b9">
         <name>_xdc_runtime_LoggerBuf_Module_startup__E</name>
         <value>0x3f22eb</value>
         <object_component_ref idref="oc-23f"/>
      </symbol>
      <symbol id="sm-9ba">
         <name>_xdc_runtime_LoggerBuf_reset__E</name>
         <value>0x3f2345</value>
         <object_component_ref idref="oc-26a"/>
      </symbol>
      <symbol id="sm-9bb">
         <name>_xdc_runtime_LoggerBuf_Instance_finalize__E</name>
         <value>0x3f25b0</value>
         <object_component_ref idref="oc-291"/>
      </symbol>
      <symbol id="sm-9bc">
         <name>_xdc_runtime_LoggerBuf_write4__E</name>
         <value>0x3f1023</value>
         <object_component_ref idref="oc-25f"/>
      </symbol>
      <symbol id="sm-9bd">
         <name>_xdc_runtime_LoggerBuf_getFilterLevel__E</name>
         <value>0x3f18ad</value>
         <object_component_ref idref="oc-261"/>
      </symbol>
      <symbol id="sm-9be">
         <name>_xdc_runtime_LoggerBuf_disable__E</name>
         <value>0x3f26e7</value>
         <object_component_ref idref="oc-25b"/>
      </symbol>
      <symbol id="sm-9bf">
         <name>_xdc_runtime_LoggerBuf_setFilterLevel__E</name>
         <value>0x3f19da</value>
         <object_component_ref idref="oc-260"/>
      </symbol>
      <symbol id="sm-9c0">
         <name>_xdc_runtime_LoggerBuf_write8__E</name>
         <value>0x3f08cd</value>
         <object_component_ref idref="oc-21c"/>
      </symbol>
      <symbol id="sm-9c1">
         <name>_xdc_runtime_LoggerBuf_write2__E</name>
         <value>0x3f2560</value>
         <object_component_ref idref="oc-25e"/>
      </symbol>
      <symbol id="sm-9c2">
         <name>_xdc_runtime_LoggerBuf_filterOutEvent__I</name>
         <value>0x3f208d</value>
         <object_component_ref idref="oc-236"/>
      </symbol>
      <symbol id="sm-9c3">
         <name>_xdc_runtime_LoggerBuf_write1__E</name>
         <value>0x3f25bb</value>
         <object_component_ref idref="oc-25d"/>
      </symbol>
      <symbol id="sm-9c4">
         <name>_xdc_runtime_LoggerBuf_enable__E</name>
         <value>0x3f26d2</value>
         <object_component_ref idref="oc-25a"/>
      </symbol>
      <symbol id="sm-9df">
         <name>_xdc_runtime_Memory_calloc__E</name>
         <value>0x3f266e</value>
         <object_component_ref idref="oc-24f"/>
      </symbol>
      <symbol id="sm-9e0">
         <name>_xdc_runtime_Memory_free__E</name>
         <value>0x3f25c6</value>
         <object_component_ref idref="oc-253"/>
      </symbol>
      <symbol id="sm-9e1">
         <name>_xdc_runtime_Memory_valloc__E</name>
         <value>0x3f228d</value>
         <object_component_ref idref="oc-283"/>
      </symbol>
      <symbol id="sm-9e2">
         <name>_xdc_runtime_Memory_alloc__E</name>
         <value>0x3f1832</value>
         <object_component_ref idref="oc-2ae"/>
      </symbol>
      <symbol id="sm-9e3">
         <name>_xdc_runtime_Memory_getMaxDefaultTypeAlign__E</name>
         <value>0x3f2704</value>
         <object_component_ref idref="oc-2c3"/>
      </symbol>
      <symbol id="sm-a05">
         <name>_xdc_runtime_Startup_startMods__I</name>
         <value>0x3f11f7</value>
         <object_component_ref idref="oc-1c8"/>
      </symbol>
      <symbol id="sm-a06">
         <name>_xdc_runtime_Startup_rtsDone__E</name>
         <value>0x3f2708</value>
         <object_component_ref idref="oc-185"/>
      </symbol>
      <symbol id="sm-a07">
         <name>_xdc_runtime_Startup_exec__E</name>
         <value>0x3f1be9</value>
         <object_component_ref idref="oc-150"/>
      </symbol>
      <symbol id="sm-a8c">
         <name>_xdc_runtime_System_formatNum__I</name>
         <value>0x3f1b26</value>
         <object_component_ref idref="oc-215"/>
      </symbol>
      <symbol id="sm-a8d">
         <name>_xdc_runtime_System_exit__E</name>
         <value>0x3f25d1</value>
         <object_component_ref idref="oc-153"/>
      </symbol>
      <symbol id="sm-a8e">
         <name>_xdc_runtime_System_exitStd__E</name>
         <value>0x3f2757</value>
         <object_component_ref idref="oc-1a2"/>
      </symbol>
      <symbol id="sm-a8f">
         <name>_xdc_runtime_System_printf_va__F</name>
         <value>0x3f222b</value>
         <object_component_ref idref="oc-1b8"/>
      </symbol>
      <symbol id="sm-a90">
         <name>_xdc_runtime_System_atexit__E</name>
         <value>0x3f20ab</value>
         <object_component_ref idref="oc-188"/>
      </symbol>
      <symbol id="sm-a91">
         <name>_xdc_runtime_System_abortStd__E</name>
         <value>0x3f2754</value>
         <object_component_ref idref="oc-23e"/>
      </symbol>
      <symbol id="sm-a92">
         <name>_xdc_runtime_System_putchar__I</name>
         <value>0x3f22a5</value>
         <object_component_ref idref="oc-216"/>
      </symbol>
      <symbol id="sm-a93">
         <name>_xdc_runtime_System_snprintf_va__F</name>
         <value>0x3f25fa</value>
         <object_component_ref idref="oc-2b6"/>
      </symbol>
      <symbol id="sm-a94">
         <name>_xdc_runtime_System_Module_startup__E</name>
         <value>0x3f2745</value>
         <object_component_ref idref="oc-240"/>
      </symbol>
      <symbol id="sm-a95">
         <name>_xdc_runtime_System_avprintf__E</name>
         <value>0x3f21f8</value>
         <object_component_ref idref="oc-293"/>
      </symbol>
      <symbol id="sm-a96">
         <name>_xdc_runtime_System_vprintf__E</name>
         <value>0x3f222b</value>
         <object_component_ref idref="oc-1b8"/>
      </symbol>
      <symbol id="sm-a97">
         <name>_xdc_runtime_System_aprintf_va__F</name>
         <value>0x3f21f8</value>
         <object_component_ref idref="oc-293"/>
      </symbol>
      <symbol id="sm-a98">
         <name>_xdc_runtime_System_doPrint__I</name>
         <value>0x3f0000</value>
         <object_component_ref idref="oc-1e0"/>
      </symbol>
      <symbol id="sm-a99">
         <name>_xdc_runtime_System_processAtExit__E</name>
         <value>0x3f1fe9</value>
         <object_component_ref idref="oc-180"/>
      </symbol>
      <symbol id="sm-a9a">
         <name>_xdc_runtime_System_vsnprintf__E</name>
         <value>0x3f25fa</value>
         <object_component_ref idref="oc-2b6"/>
      </symbol>
      <symbol id="sm-a9b">
         <name>_xdc_runtime_System_abort__E</name>
         <value>0x3f252f</value>
         <object_component_ref idref="oc-1ee"/>
      </symbol>
      <symbol id="sm-ab9">
         <name>_xdc_runtime_SysMin_abort__E</name>
         <value>0x3f2302</value>
         <object_component_ref idref="oc-23d"/>
      </symbol>
      <symbol id="sm-aba">
         <name>_xdc_runtime_SysMin_ready__E</name>
         <value>0x3f2676</value>
         <object_component_ref idref="oc-212"/>
      </symbol>
      <symbol id="sm-abb">
         <name>_xdc_runtime_SysMin_flush__E</name>
         <value>0x3f1f9f</value>
         <object_component_ref idref="oc-1f8"/>
      </symbol>
      <symbol id="sm-abc">
         <name>_xdc_runtime_SysMin_Module_startup__E</name>
         <value>0x3f2434</value>
         <object_component_ref idref="oc-241"/>
      </symbol>
      <symbol id="sm-abd">
         <name>_xdc_runtime_SysMin_putch__E</name>
         <value>0x3f2103</value>
         <object_component_ref idref="oc-256"/>
      </symbol>
      <symbol id="sm-abe">
         <name>_xdc_runtime_SysMin_exit__E</name>
         <value>0x3f256c</value>
         <object_component_ref idref="oc-1cb"/>
      </symbol>
      <symbol id="sm-b02">
         <name>_xdc_runtime_Text_putLab__E</name>
         <value>0x3f1735</value>
         <object_component_ref idref="oc-254"/>
      </symbol>
      <symbol id="sm-b03">
         <name>_xdc_runtime_Text_printVisFxn__I</name>
         <value>0x3f2385</value>
         <object_component_ref idref="oc-2b5"/>
      </symbol>
      <symbol id="sm-b04">
         <name>_xdc_runtime_Text_putMod__E</name>
         <value>0x3f17b5</value>
         <object_component_ref idref="oc-286"/>
      </symbol>
      <symbol id="sm-b05">
         <name>_xdc_runtime_Text_cordText__E</name>
         <value>0x3f23e3</value>
         <object_component_ref idref="oc-2a8"/>
      </symbol>
      <symbol id="sm-b06">
         <name>_xdc_runtime_Text_xprintf__I</name>
         <value>0x3f1ed6</value>
         <object_component_ref idref="oc-287"/>
      </symbol>
      <symbol id="sm-b07">
         <name>_xdc_runtime_Text_visitRope2__I</name>
         <value>0x3f1d57</value>
         <object_component_ref idref="oc-2e2"/>
      </symbol>
      <symbol id="sm-b08">
         <name>_xdc_runtime_Text_ropeText__E</name>
         <value>0x3f2604</value>
         <object_component_ref idref="oc-1d3"/>
      </symbol>
      <symbol id="sm-b09">
         <name>_xdc_runtime_Text_putSite__E</name>
         <value>0x3f14d3</value>
         <object_component_ref idref="oc-255"/>
      </symbol>
      <symbol id="sm-b17">
         <name>_xdc_runtime_Timestamp_getFreq__E</name>
         <value>0x3f2763</value>
         <object_component_ref idref="oc-22d"/>
      </symbol>
      <symbol id="sm-b18">
         <name>_xdc_runtime_Timestamp_get32__E</name>
         <value>0x3f2760</value>
         <object_component_ref idref="oc-1b4"/>
      </symbol>
      <symbol id="sm-b24">
         <name>___xdc__init</name>
         <value>0x3f270c</value>
         <object_component_ref idref="oc-154"/>
      </symbol>
      <symbol id="sm-b44">
         <name>_xdc_runtime_Registry_findById__E</name>
         <value>0x3f2480</value>
         <object_component_ref idref="oc-2b3"/>
      </symbol>
      <symbol id="sm-b5f">
         <name>_c_int00</name>
         <value>0x3f1340</value>
         <object_component_ref idref="oc-38"/>
      </symbol>
      <symbol id="sm-b60">
         <name>__stack</name>
         <value>0x8120</value>
         <object_component_ref idref="oc-ff"/>
      </symbol>
      <symbol id="sm-b8c">
         <name>ULL$$MOD</name>
         <value>0x3f069c</value>
         <object_component_ref idref="oc-104"/>
      </symbol>
      <symbol id="sm-b8d">
         <name>ULL$$DIV</name>
         <value>0x3f066d</value>
         <object_component_ref idref="oc-104"/>
      </symbol>
      <symbol id="sm-b8e">
         <name>LL$$MOD</name>
         <value>0x3f0633</value>
         <object_component_ref idref="oc-104"/>
      </symbol>
      <symbol id="sm-b8f">
         <name>LL$$DIV</name>
         <value>0x3f05f7</value>
         <object_component_ref idref="oc-104"/>
      </symbol>
      <symbol id="sm-b9e">
         <name>_copy_in</name>
         <value>0x3f1fc5</value>
         <object_component_ref idref="oc-14f"/>
      </symbol>
      <symbol id="sm-baf">
         <name>_memcpy</name>
         <value>0x3f2120</value>
         <object_component_ref idref="oc-17c"/>
      </symbol>
      <symbol id="sm-bbb">
         <name>__system_pre_init</name>
         <value>0x3f2772</value>
         <object_component_ref idref="oc-14d"/>
      </symbol>
      <symbol id="sm-bc8">
         <name>__system_post_cinit</name>
         <value>0x3f2778</value>
         <object_component_ref idref="oc-151"/>
      </symbol>
      <symbol id="sm-bdc">
         <name>C$$EXIT</name>
         <value>0x3f1eff</value>
         <object_component_ref idref="oc-1cc"/>
      </symbol>
      <symbol id="sm-bdd">
         <name>_exit</name>
         <value>0x3f1f01</value>
         <object_component_ref idref="oc-1cc"/>
      </symbol>
      <symbol id="sm-bde">
         <name>___TI_cleanup_ptr</name>
         <value>0x76a</value>
         <object_component_ref idref="oc-11f"/>
      </symbol>
      <symbol id="sm-bdf">
         <name>___TI_enable_exit_profile_output</name>
         <value>0x768</value>
         <object_component_ref idref="oc-11f"/>
      </symbol>
      <symbol id="sm-be0">
         <name>_abort</name>
         <value>0x3f1eff</value>
         <object_component_ref idref="oc-1cc"/>
      </symbol>
      <symbol id="sm-be1">
         <name>___TI_dtors_ptr</name>
         <value>0x76c</value>
         <object_component_ref idref="oc-11f"/>
      </symbol>
      <symbol id="sm-bf5">
         <name>__unlock</name>
         <value>0x37e</value>
         <object_component_ref idref="oc-1cd"/>
      </symbol>
      <symbol id="sm-bf6">
         <name>__lock</name>
         <value>0x37c</value>
         <object_component_ref idref="oc-1ce"/>
      </symbol>
      <symbol id="sm-bf7">
         <name>__register_lock</name>
         <value>0x3f2651</value>
         <object_component_ref idref="oc-1a5"/>
      </symbol>
      <symbol id="sm-bf8">
         <name>__nop</name>
         <value>0x3f2655</value>
         <object_component_ref idref="oc-1a5"/>
      </symbol>
      <symbol id="sm-bf9">
         <name>__register_unlock</name>
         <value>0x3f264d</value>
         <object_component_ref idref="oc-1a5"/>
      </symbol>
      <symbol id="sm-c08">
         <name>__args_main</name>
         <value>0x3f2244</value>
         <object_component_ref idref="oc-152"/>
      </symbol>
      <symbol id="sm-c16">
         <name>_memset</name>
         <value>0x3f2578</value>
         <object_component_ref idref="oc-26b"/>
      </symbol>
      <symbol id="sm-c2c">
         <name>_strlen</name>
         <value>0x3f267e</value>
         <object_component_ref idref="oc-214"/>
      </symbol>
      <symbol id="sm-c39">
         <name>_HOSTwrite</name>
         <value>0x3f1a86</value>
         <object_component_ref idref="oc-282"/>
      </symbol>
      <symbol id="sm-c51">
         <name>___TI_readmsg</name>
         <value>0x3f0bcc</value>
         <object_component_ref idref="oc-2ad"/>
      </symbol>
      <symbol id="sm-c52">
         <name>C$$IO$$</name>
         <value>0x3f0bc7</value>
         <object_component_ref idref="oc-2ad"/>
      </symbol>
      <symbol id="sm-c53">
         <name>__CIOBUF_</name>
         <value>0x8000</value>
         <object_component_ref idref="oc-143"/>
      </symbol>
      <symbol id="sm-c54">
         <name>___TI_writemsg</name>
         <value>0x3f0b74</value>
         <object_component_ref idref="oc-2ad"/>
      </symbol>
      <symbol id="sm-c60">
         <name>_parmbuf</name>
         <value>0x752</value>
         <object_component_ref idref="oc-2ac"/>
      </symbol>
   </symbol_table>
   <title>Link successful</title>
</link_info>
