******************************************************************************
             TMS320C2000 Linker PC v18.12.1                    
******************************************************************************
>> Linked Thu Nov 28 10:53:42 2019

OUTPUT FILE NAME:   <ArcadeStick.out>
ENTRY POINT SYMBOL: "_c_int00"  address: 003f133c


MEMORY CONFIGURATION

         name            origin    length      used     unused   attr    fill
----------------------  --------  ---------  --------  --------  ----  --------
PAGE 0:
  OTP                   003d7800   00000400  00000000  00000400  RWIX
  FLASH                 003f0000   00007f80  0000450e  00003a72  RWIX
  CSM_RSVD              003f7f80   00000076  00000000  00000076  RWIX
  BEGIN                 003f7ff6   00000002  00000002  00000000  RWIX
  CSM_PWL               003f7ff8   00000008  00000000  00000008  RWIX
  IQTABLES              003fe000   00000b50  00000000  00000b50  RWIX
  IQTABLES2             003feb50   0000008c  00000000  0000008c  RWIX
  IQTABLES3             003febdc   000000aa  00000000  000000aa  RWIX
  ROM                   003ff27c   00000d44  00000000  00000d44  RWIX
  RESET                 003fffc0   00000002  00000000  00000002  RWIX
  VECTORS               003fffc2   0000003e  00000000  0000003e  RWIX

PAGE 1:
  M01SARAM              00000000   00000800  0000077a  00000086  RWIX
  DEV_EMU               00000880   00000105  00000004  00000101  RWIX
  SYS_PWR_CTL           00000985   00000003  00000003  00000000  RWIX
  FLASH_REGS            00000a80   00000060  00000008  00000058  RWIX
  CSM                   00000ae0   00000010  00000010  00000000  RWIX
  ADC_RESULT            00000b00   00000020  00000020  00000000  RWIX
  CPU_TIMER0            00000c00   00000008  00000008  00000000  RWIX
  CPU_TIMER1            00000c08   00000008  00000008  00000000  RWIX
  CPU_TIMER2            00000c10   00000008  00000008  00000000  RWIX
  PIE_CTRL              00000ce0   00000020  0000001a  00000006  RWIX
  PIEVECT               00000d00   00000100  00000000  00000100  RWIX
  COMP1                 00006400   00000020  00000020  00000000  RWIX
  COMP2                 00006420   00000020  00000020  00000000  RWIX
  EPWM1                 00006800   00000040  00000040  00000000  RWIX
  EPWM2                 00006840   00000040  00000040  00000000  RWIX
  EPWM3                 00006880   00000040  00000040  00000000  RWIX
  EPWM4                 000068c0   00000040  00000040  00000000  RWIX
  ECAP1                 00006a00   00000020  00000020  00000000  RWIX
  GPIOCTRL              00006f80   00000040  00000040  00000000  RWIX
  GPIODAT               00006fc0   00000020  00000020  00000000  RWIX
  GPIOINT               00006fe0   00000020  0000000a  00000016  RWIX
  SYSTEM                00007010   00000020  0000001f  00000001  RWIX
  SPIA                  00007040   00000010  00000010  00000000  RWIX
  SCIA                  00007050   00000010  00000010  00000000  RWIX
  NMIINTRUPT            00007060   00000010  00000010  00000000  RWIX
  XINTRUPT              00007070   00000010  00000010  00000000  RWIX
  ADC                   00007100   00000080  00000051  0000002f  RWIX
  I2CA                  00007900   00000040  00000022  0000001e  RWIX
  L0SARAM               00008000   00001000  00000220  00000de0  RWIX
  PARTID                003d7fff   00000001  00000001  00000000  RWIX
  CSM_PWL               003f7ff8   00000008  00000008  00000000  RWIX


SECTION ALLOCATION MAP

 output                                  attributes/
section   page    origin      length       input sections
--------  ----  ----------  ----------   ----------------
PieVectTableFile 
*          0    00000d00    00000100     DSECT
                  00000d00    00000100     F2802x_GlobalVariableDefs.obj (PieVectTableFile)

EmuKeyVar 
*          0    00000d00    00000001     DSECT
                  00000d00    00000001     F2802x_GlobalVariableDefs.obj (EmuKeyVar)

EmuBModeVar 
*          0    00000d01    00000001     DSECT
                  00000d01    00000001     F2802x_GlobalVariableDefs.obj (EmuBModeVar)

FlashCallbackVar 
*          0    00000d02    00000002     DSECT
                  00000d02    00000002     F2802x_GlobalVariableDefs.obj (FlashCallbackVar)

FlashScalingVar 
*          0    00000d04    00000002     DSECT
                  00000d04    00000002     F2802x_GlobalVariableDefs.obj (FlashScalingVar)

.econst    0    003f2776    000018f9     
                  003f2776    0000142c     idle_p28L.o28L (.econst:xdc_runtime_Text_charTab__A)
                  003f3ba2    00000100     idle_p28L.o28L (.econst:_ti_sysbios_family_c28_Hwi_vectors)
                  003f3ca2    0000006b     idle_p28L.o28L (.econst:.string)
                  003f3d0d    00000001     idle_p28L.o28L (.econst:ti_sysbios_family_c28_Hwi_Module__id__C)
                  003f3d0e    00000058     ti.targets.rts2800.a28L : Error.o28L (.econst:.string)
                  003f3d66    00000054     idle_p28L.o28L (.econst:xdc_runtime_Text_nodeTab__A)
                  003f3dba    00000047     ti.targets.rts2800.a28L : Log.o28L (.econst:.string)
                  003f3e01    00000001     idle_p28L.o28L (.econst:ti_sysbios_family_c28_Hwi_NUM_INTERRUPTS_ALL__C)
                  003f3e02    00000043     ti.targets.rts2800.a28L : Text.o28L (.econst:.string)
                  003f3e45    00000001     idle_p28L.o28L (.econst:ti_sysbios_family_c28_Hwi_Object__count__C)
                  003f3e46    0000002a     ti.targets.rts2800.a28L : Startup.o28L (.econst:.string)
                  003f3e70    0000001e     idle_p28L.o28L (.econst:xdc_runtime_LoggerBuf_Module__FXNS__C)
                  003f3e8e    0000001a     idle.obj (.econst:.string)
                  003f3ea8    00000019     ti.targets.rts2800.a28L : System.o28L (.econst:.string)
                  003f3ec1    00000001     idle_p28L.o28L (.econst:ti_sysbios_family_c28_TaskSupport_Module__id__C)
                  003f3ec2    00000014     idle_p28L.o28L (.econst:xdc_runtime_HeapStd_Module__FXNS__C)
                  003f3ed6    00000012     idle_p28L.o28L (.econst:ti_sysbios_gates_GateHwi_Module__FXNS__C)
                  003f3ee8    00000012     idle_p28L.o28L (.econst:xdc_runtime_LoggerBuf_Object__PARAMS__C)
                  003f3efa    00000012     idle_p28L.o28L (.econst:xdc_runtime_Startup_sfxnTab__A)
                  003f3f0c    00000010     idle_p28L.o28L (.econst:ti_sysbios_gates_GateHwi_Object__DESC__C)
                  003f3f1c    00000010     idle_p28L.o28L (.econst:xdc_runtime_HeapStd_Object__DESC__C)
                  003f3f2c    00000010     idle_p28L.o28L (.econst:xdc_runtime_LoggerBuf_Object__DESC__C)
                  003f3f3c    0000000e     idle_p28L.o28L (.econst:xdc_runtime_HeapStd_Object__PARAMS__C)
                  003f3f4a    0000000c     idle_p28L.o28L (.econst:ti_sysbios_gates_GateHwi_Object__PARAMS__C)
                  003f3f56    0000000c     idle_p28L.o28L (.econst:ti_sysbios_knl_Swi_hooks__A)
                  003f3f62    0000000c     idle_p28L.o28L (.econst:ti_sysbios_knl_Task_hooks__A)
                  003f3f6e    0000000a     idle_p28L.o28L (.econst)
                  003f3f78    0000000a     idle_p28L.o28L (.econst:ti_sysbios_family_c28_Hwi_hooks__A)
                  003f3f82    00000009     idle_p28L.o28L (.econst:xdc_runtime_Startup_sfxnRts__A)
                  003f3f8b    00000008     idle.obj (.econst:_$P$T0$1)
                  003f3f93    00000008     idle.obj (.econst:_$P$T1$2)
                  003f3f9b    00000001     idle_p28L.o28L (.econst:ti_sysbios_family_c28_Timer_Module__id__C)
                  003f3f9c    00000006     idle_p28L.o28L (.econst:ti_sysbios_knl_Idle_funcList__A)
                  003f3fa2    00000005     ti.targets.rts2800.a28L : Assert.o28L (.econst:.string)
                  003f3fa7    00000001     idle_p28L.o28L (.econst:ti_sysbios_family_c28_Timer_startupNeeded__C)
                  003f3fa8    00000004     idle_p28L.o28L (.econst:ti_sysbios_family_c28_Hwi_hooks__C)
                  003f3fac    00000004     idle_p28L.o28L (.econst:ti_sysbios_knl_Idle_funcList__C)
                  003f3fb0    00000004     idle_p28L.o28L (.econst:ti_sysbios_knl_Swi_hooks__C)
                  003f3fb4    00000004     idle_p28L.o28L (.econst:ti_sysbios_knl_Task_hooks__C)
                  003f3fb8    00000004     idle_p28L.o28L (.econst:xdc_runtime_Startup_firstFxns__C)
                  003f3fbc    00000004     idle_p28L.o28L (.econst:xdc_runtime_Startup_lastFxns__C)
                  003f3fc0    00000002     idle_p28L.o28L (.econst:ti_sysbios_family_c28_Hwi_A_badIntNum__C)
                  003f3fc2    00000002     idle_p28L.o28L (.econst:ti_sysbios_family_c28_Hwi_A_invalidArg__C)
                  003f3fc4    00000002     idle_p28L.o28L (.econst:ti_sysbios_family_c28_Hwi_E_unpluggedInterrupt__C)
                  003f3fc6    00000002     idle_p28L.o28L (.econst:ti_sysbios_family_c28_Hwi_Module__diagsEnabled__C)
                  003f3fc8    00000002     idle_p28L.o28L (.econst:ti_sysbios_family_c28_Hwi_Module__diagsIncluded__C)
                  003f3fca    00000002     idle_p28L.o28L (.econst:ti_sysbios_family_c28_Hwi_Module__diagsMask__C)
                  003f3fcc    00000002     idle_p28L.o28L (.econst:ti_sysbios_family_c28_TaskSupport_E_invalidStack__C)
                  003f3fce    00000002     idle_p28L.o28L (.econst:ti_sysbios_family_c28_Timer_Module__diagsEnabled__C)
                  003f3fd0    00000002     idle_p28L.o28L (.econst:ti_sysbios_family_c28_Timer_Module__diagsIncluded__C)
                  003f3fd2    00000002     idle_p28L.o28L (.econst:ti_sysbios_family_c28_Timer_Module__diagsMask__C)
                  003f3fd4    00000002     idle_p28L.o28L (.econst:ti_sysbios_hal_Hwi_E_stackOverflow__C)
                  003f3fd6    00000002     idle_p28L.o28L (.econst:ti_sysbios_knl_Semaphore_A_badContext__C)
                  003f3fd8    00000002     idle_p28L.o28L (.econst:ti_sysbios_knl_Semaphore_A_pendTaskDisabled__C)
                  003f3fda    00000002     idle_p28L.o28L (.econst:ti_sysbios_knl_Semaphore_Instance_State_pendQ__O)
                  003f3fdc    00000002     idle_p28L.o28L (.econst:ti_sysbios_knl_Semaphore_Module__diagsEnabled__C)
                  003f3fde    00000002     idle_p28L.o28L (.econst:ti_sysbios_knl_Semaphore_Module__diagsIncluded__C)
                  003f3fe0    00000002     idle_p28L.o28L (.econst:ti_sysbios_knl_Semaphore_Module__diagsMask__C)
                  003f3fe2    00000002     idle_p28L.o28L (.econst:ti_sysbios_knl_Task_E_spOutOfBounds__C)
                  003f3fe4    00000002     idle_p28L.o28L (.econst:ti_sysbios_knl_Task_E_stackOverflow__C)
                  003f3fe6    00000002     idle_p28L.o28L (.econst:ti_sysbios_knl_Task_Module_State_inactiveQ__O)
                  003f3fe8    00000002     idle_p28L.o28L (.econst:ti_sysbios_knl_Task_Object__heap__C)
                  003f3fea    00000002     idle_p28L.o28L (.econst:ti_sysbios_knl_Task_allBlockedFunc__C)
                  003f3fec    00000002     idle_p28L.o28L (.econst:ti_sysbios_utils_Load_Module_State_taskList__O)
                  003f3fee    00000002     idle_p28L.o28L (.econst:ti_sysbios_utils_Load_Module__diagsEnabled__C)
                  003f3ff0    00000002     idle_p28L.o28L (.econst:ti_sysbios_utils_Load_Module__diagsIncluded__C)
                  003f3ff2    00000002     idle_p28L.o28L (.econst:ti_sysbios_utils_Load_Module__diagsMask__C)
                  003f3ff4    00000002     idle_p28L.o28L (.econst:ti_sysbios_utils_Load_postUpdate__C)
                  003f3ff6    00000002     idle_p28L.o28L (.econst:xdc_runtime_Assert_E_assertFailed__C)
                  003f3ff8    00000002     idle_p28L.o28L (.econst:xdc_runtime_Core_A_initializedParams__C)
                  003f3ffa    00000002     idle_p28L.o28L (.econst:xdc_runtime_Core_Module__diagsEnabled__C)
                  003f3ffc    00000002     idle_p28L.o28L (.econst:xdc_runtime_Core_Module__diagsIncluded__C)
                  003f3ffe    00000002     idle_p28L.o28L (.econst:xdc_runtime_Core_Module__diagsMask__C)
                  003f4000    00000002     idle_p28L.o28L (.econst:xdc_runtime_Error_E_memory__C)
                  003f4002    00000002     idle_p28L.o28L (.econst:xdc_runtime_Error_Module__diagsEnabled__C)
                  003f4004    00000002     idle_p28L.o28L (.econst:xdc_runtime_Error_Module__diagsIncluded__C)
                  003f4006    00000002     idle_p28L.o28L (.econst:xdc_runtime_Error_Module__diagsMask__C)
                  003f4008    00000002     idle_p28L.o28L (.econst:xdc_runtime_Error_Module__loggerFxn8__C)
                  003f400a    00000002     idle_p28L.o28L (.econst:xdc_runtime_Error_Module__loggerObj__C)
                  003f400c    00000002     idle_p28L.o28L (.econst:xdc_runtime_Error_policyFxn__C)
                  003f400e    00000002     idle_p28L.o28L (.econst:xdc_runtime_Error_raiseHook__C)
                  003f4010    00000002     idle_p28L.o28L (.econst:xdc_runtime_HeapStd_A_align__C)
                  003f4012    00000002     idle_p28L.o28L (.econst:xdc_runtime_HeapStd_A_invalidTotalFreeSize__C)
                  003f4014    00000002     idle_p28L.o28L (.econst:xdc_runtime_HeapStd_A_zeroSize__C)
                  003f4016    00000002     idle_p28L.o28L (.econst:xdc_runtime_HeapStd_E_noRTSMemory__C)
                  003f4018    00000002     idle_p28L.o28L (.econst:xdc_runtime_HeapStd_Module__diagsEnabled__C)
                  003f401a    00000002     idle_p28L.o28L (.econst:xdc_runtime_HeapStd_Module__diagsIncluded__C)
                  003f401c    00000002     idle_p28L.o28L (.econst:xdc_runtime_HeapStd_Module__diagsMask__C)
                  003f401e    00000002     idle_p28L.o28L (.econst:xdc_runtime_IFilterLogger_Interface__BASE__C)
                  003f4020    00000002     idle_p28L.o28L (.econst:xdc_runtime_IGateProvider_Interface__BASE__C)
                  003f4022    00000002     idle_p28L.o28L (.econst:xdc_runtime_IHeap_Interface__BASE__C)
                  003f4024    00000002     idle_p28L.o28L (.econst:xdc_runtime_ILogger_Interface__BASE__C)
                  003f4026    00000002     idle_p28L.o28L (.econst:xdc_runtime_IModule_Interface__BASE__C)
                  003f4028    00000002     idle_p28L.o28L (.econst:xdc_runtime_Log_L_error__C)
                  003f402a    00000002     idle_p28L.o28L (.econst:xdc_runtime_LoggerBuf_E_badLevel__C)
                  003f402c    00000002     idle_p28L.o28L (.econst:xdc_runtime_LoggerBuf_Module__gateObj__C)
                  003f402e    00000002     idle_p28L.o28L (.econst:xdc_runtime_LoggerBuf_statusLogger__C)
                  003f4030    00000002     idle_p28L.o28L (.econst:xdc_runtime_Memory_defaultHeapInstance__C)
                  003f4032    00000002     idle_p28L.o28L (.econst:xdc_runtime_Startup_execImpl__C)
                  003f4034    00000002     idle_p28L.o28L (.econst:xdc_runtime_Startup_firstFxns__A)
                  003f4036    00000002     idle_p28L.o28L (.econst:xdc_runtime_Startup_lastFxns__A)
                  003f4038    00000002     idle_p28L.o28L (.econst:xdc_runtime_Startup_sfxnRts__C)
                  003f403a    00000002     idle_p28L.o28L (.econst:xdc_runtime_Startup_sfxnTab__C)
                  003f403c    00000002     idle_p28L.o28L (.econst:xdc_runtime_SysMin_bufSize__C)
                  003f403e    00000002     idle_p28L.o28L (.econst:xdc_runtime_SysMin_outputFunc__C)
                  003f4040    00000002     idle_p28L.o28L (.econst:xdc_runtime_System_Module__gateObj__C)
                  003f4042    00000002     idle_p28L.o28L (.econst:xdc_runtime_System_abortFxn__C)
                  003f4044    00000002     idle_p28L.o28L (.econst:xdc_runtime_System_exitFxn__C)
                  003f4046    00000002     idle_p28L.o28L (.econst:xdc_runtime_System_extendFxn__C)
                  003f4048    00000002     idle_p28L.o28L (.econst:xdc_runtime_Text_charTab__C)
                  003f404a    00000002     idle_p28L.o28L (.econst:xdc_runtime_Text_nameEmpty__C)
                  003f404c    00000002     idle_p28L.o28L (.econst:xdc_runtime_Text_nameStatic__C)
                  003f404e    00000002     idle_p28L.o28L (.econst:xdc_runtime_Text_nameUnknown__C)
                  003f4050    00000002     idle_p28L.o28L (.econst:xdc_runtime_Text_nodeTab__C)
                  003f4052    00000002     idle_p28L.o28L (.econst:xdc_runtime_Text_visitRopeFxn__C)
                  003f4054    00000001     idle_p28L.o28L (.econst:ti_sysbios_hal_Hwi_Module__id__C)
                  003f4055    00000001     idle_p28L.o28L (.econst:ti_sysbios_knl_Semaphore_Module__id__C)
                  003f4056    00000001     idle_p28L.o28L (.econst:ti_sysbios_knl_Swi_Object__count__C)
                  003f4057    00000001     idle_p28L.o28L (.econst:ti_sysbios_knl_Swi_numConstructedSwis__C)
                  003f4058    00000001     idle_p28L.o28L (.econst:ti_sysbios_knl_Task_Module__id__C)
                  003f4059    00000001     idle_p28L.o28L (.econst:ti_sysbios_knl_Task_Object__count__C)
                  003f405a    00000001     idle_p28L.o28L (.econst:ti_sysbios_knl_Task_numConstructedTasks__C)
                  003f405b    00000001     idle_p28L.o28L (.econst:ti_sysbios_utils_Load_Module__id__C)
                  003f405c    00000001     idle_p28L.o28L (.econst:ti_sysbios_utils_Load_autoAddTasks__C)
                  003f405d    00000001     idle_p28L.o28L (.econst:ti_sysbios_utils_Load_updateInIdle__C)
                  003f405e    00000001     idle_p28L.o28L (.econst:ti_sysbios_utils_Load_windowInMs__C)
                  003f405f    00000001     idle_p28L.o28L (.econst:xdc_runtime_Core_Module__id__C)
                  003f4060    00000001     idle_p28L.o28L (.econst:xdc_runtime_Error_Module__loggerDefined__C)
                  003f4061    00000001     idle_p28L.o28L (.econst:xdc_runtime_Error_maxDepth__C)
                  003f4062    00000001     idle_p28L.o28L (.econst:xdc_runtime_Error_policy__C)
                  003f4063    00000001     idle_p28L.o28L (.econst:xdc_runtime_HeapStd_Module__id__C)
                  003f4064    00000001     idle_p28L.o28L (.econst:xdc_runtime_LoggerBuf_Module__id__C)
                  003f4065    00000001     idle_p28L.o28L (.econst:xdc_runtime_LoggerBuf_Object__count__C)
                  003f4066    00000001     idle_p28L.o28L (.econst:xdc_runtime_LoggerBuf_filterByLevel__C)
                  003f4067    00000001     idle_p28L.o28L (.econst:xdc_runtime_Memory_Module__id__C)
                  003f4068    00000001     idle_p28L.o28L (.econst:xdc_runtime_Startup_maxPasses__C)
                  003f4069    00000001     idle_p28L.o28L (.econst:xdc_runtime_SysMin_flushAtExit__C)
                  003f406a    00000001     idle_p28L.o28L (.econst:xdc_runtime_System_maxAtexitHandlers__C)
                  003f406b    00000001     idle_p28L.o28L (.econst:xdc_runtime_Text_charCnt__C)
                  003f406c    00000001     idle_p28L.o28L (.econst:xdc_runtime_Text_isLoaded__C)
                  003f406d    00000001     idle_p28L.o28L (.econst:xdc_runtime_Text_registryModsLastId__C)
                  003f406e    00000001     idle_p28L.o28L (.econst:xdc_runtime_Text_unnamedModsLastId__C)

.cinit     0    003f406f    00000484     
                  003f406f    00000154     idle_p28L.o28L (.cinit)
                  003f41c3    00000103     idle_p28L.o28L (.cinit:_ti_sysbios_family_c28_Hwi_Module_State_0_dispatchTable__A)
                  003f42c6    00000057     idle_p28L.o28L (.cinit:_ti_sysbios_knl_Task_Object__table__V)
                  003f431d    00000043     idle_p28L.o28L (.cinit:_ti_sysbios_knl_Swi_Module_State_0_readyQ__A)
                  003f4360    00000043     idle_p28L.o28L (.cinit:_ti_sysbios_knl_Task_Module_State_0_readyQ__A)
                  003f43a3    0000003c     idle.obj (.cinit)
                  003f43df    00000033     idle_p28L.o28L (.cinit:_ti_sysbios_family_c28_Hwi_Object__table__V)
                  003f4412    00000033     idle_p28L.o28L (.cinit:_ti_sysbios_family_c28_Timer_Object__table__V)
                  003f4445    0000002b     idle_p28L.o28L (.cinit:_ti_sysbios_knl_Swi_Object__table__V)
                  003f4470    0000001f     idle_p28L.o28L (.cinit:_ti_sysbios_utils_Load_Module_State_0_taskEnv__A)
                  003f448f    00000015     idle_p28L.o28L (.cinit:_xdc_runtime_LoggerBuf_Object__table__V)
                  003f44a4    0000000e     rts2800_ml.lib : exit.c.obj (.cinit)
                  003f44b2    0000000d     idle_p28L.o28L (.cinit:_ti_sysbios_knl_Semaphore_Object__table__V)
                  003f44bf    0000000b     idle_p28L.o28L (.cinit:_xdc_runtime_System_Module_State_0_atexitHandlers__A)
                  003f44ca    00000009     idle_p28L.o28L (.cinit:_xdc_runtime_HeapStd_Object__table__V)
                  003f44d3    00000005     rts2800_ml.lib : _lock.c.obj (.cinit:__lock)
                  003f44d8    00000005                    : _lock.c.obj (.cinit:__unlock)
                  003f44dd    00000005     idle_p28L.o28L (.cinit:_ti_sysbios_gates_GateHwi_Object__table__V)
                  003f44e2    00000005     idle_p28L.o28L (.cinit:_ti_sysbios_knl_Task_Module_State_0_idleTask__A)
                  003f44e7    00000005     idle_p28L.o28L (.cinit:_ti_sysbios_utils_Load_Module_State_0_runningTask__A)
                  003f44ec    00000005     idle_p28L.o28L (.cinit:_ti_sysbios_utils_Load_Module_State_0_taskStartTime__A)
                  003f44f1    00000002     --HOLE-- [fill = 0]

.switch    0    003f44f4    0000001c     
                  003f44f4    0000001c     sysbios.a28L : BIOS.obj (.switch:_ti_sysbios_family_c28_Hwi_clearInterrupt__E)

.ebss      1    00000000    0000077a     UNINITIALIZED
                  00000000    00000200     idle_p28L.o28L (.ebss:taskStackSection)
                  00000200    0000014c     idle_p28L.o28L (.ebss)
                  0000034c    00000030     idle_p28L.o28L (.ebss:_ti_sysbios_family_c28_Hwi_Object__table__V)
                  0000037c    00000002     rts2800_ml.lib : _lock.c.obj (.ebss:__lock)
                  0000037e    00000002                    : _lock.c.obj (.ebss:__unlock)
                  00000380    00000100     idle_p28L.o28L (.ebss:_ti_sysbios_family_c28_Hwi_Module_State_0_dispatchTable__A)
                  00000480    00000100     idle_p28L.o28L (.ebss:_xdc_runtime_LoggerBuf_Instance_State_0_entryArr__A)
                  00000580    00000054     idle_p28L.o28L (.ebss:_ti_sysbios_knl_Task_Object__table__V)
                  000005d4    00000028     idle_p28L.o28L (.ebss:_ti_sysbios_knl_Swi_Object__table__V)
                  000005fc    00000002     idle_p28L.o28L (.ebss:_ti_sysbios_family_c28_Hwi_Instance_State_0_hookEnv__A)
                  000005fe    00000002     idle_p28L.o28L (.ebss:_ti_sysbios_family_c28_Hwi_Instance_State_1_hookEnv__A)
                  00000600    00000050     idle_p28L.o28L (.ebss:_xdc_runtime_SysMin_Module_State_0_outbuf__A)
                  00000650    00000030     idle_p28L.o28L (.ebss:_ti_sysbios_family_c28_Timer_Object__table__V)
                  00000680    00000040     idle_p28L.o28L (.ebss:_ti_sysbios_knl_Swi_Module_State_0_readyQ__A)
                  000006c0    00000040     idle_p28L.o28L (.ebss:_ti_sysbios_knl_Task_Module_State_0_readyQ__A)
                  00000700    0000001c     idle_p28L.o28L (.ebss:_ti_sysbios_utils_Load_Module_State_0_taskEnv__A)
                  0000071c    00000014     idle.obj (.ebss)
                  00000730    0000000a     idle_p28L.o28L (.ebss:_ti_sysbios_knl_Semaphore_Object__table__V)
                  0000073a    00000006     idle_p28L.o28L (.ebss:_xdc_runtime_HeapStd_Object__table__V)
                  00000740    00000012     idle_p28L.o28L (.ebss:_xdc_runtime_LoggerBuf_Object__table__V)
                  00000752    00000008     rts2800_ml.lib : hostopen.c.obj (.ebss:_parmbuf)
                  0000075a    00000008     idle_p28L.o28L (.ebss:_xdc_runtime_System_Module_State_0_atexitHandlers__A)
                  00000762    00000006     rts2800_ml.lib : exit.c.obj (.ebss)
                  00000768    00000002     idle_p28L.o28L (.ebss:_ti_sysbios_family_c28_Hwi_Instance_State_2_hookEnv__A)
                  0000076a    00000002     idle_p28L.o28L (.ebss:_ti_sysbios_gates_GateHwi_Object__table__V)
                  0000076c    00000002     idle_p28L.o28L (.ebss:_ti_sysbios_knl_Swi_Instance_State_0_hookEnv__A)
                  0000076e    00000002     idle_p28L.o28L (.ebss:_ti_sysbios_knl_Swi_Instance_State_1_hookEnv__A)
                  00000770    00000002     idle_p28L.o28L (.ebss:_ti_sysbios_knl_Task_Instance_State_0_hookEnv__A)
                  00000772    00000002     idle_p28L.o28L (.ebss:_ti_sysbios_knl_Task_Instance_State_1_hookEnv__A)
                  00000774    00000002     idle_p28L.o28L (.ebss:_ti_sysbios_knl_Task_Module_State_0_idleTask__A)
                  00000776    00000002     idle_p28L.o28L (.ebss:_ti_sysbios_utils_Load_Module_State_0_runningTask__A)
                  00000778    00000002     idle_p28L.o28L (.ebss:_ti_sysbios_utils_Load_Module_State_0_taskStartTime__A)

DevEmuRegsFile 
*          1    00000880    00000004     UNINITIALIZED
                  00000880    00000004     F2802x_GlobalVariableDefs.obj (DevEmuRegsFile)

SysPwrCtrlRegsFile 
*          1    00000985    00000003     UNINITIALIZED
                  00000985    00000003     F2802x_GlobalVariableDefs.obj (SysPwrCtrlRegsFile)

FlashRegsFile 
*          1    00000a80    00000008     UNINITIALIZED
                  00000a80    00000008     F2802x_GlobalVariableDefs.obj (FlashRegsFile)

CsmRegsFile 
*          1    00000ae0    00000010     UNINITIALIZED
                  00000ae0    00000010     F2802x_GlobalVariableDefs.obj (CsmRegsFile)

AdcResultFile 
*          1    00000b00    00000020     UNINITIALIZED
                  00000b00    00000020     F2802x_GlobalVariableDefs.obj (AdcResultFile)

CpuTimer0RegsFile 
*          1    00000c00    00000008     UNINITIALIZED
                  00000c00    00000008     F2802x_GlobalVariableDefs.obj (CpuTimer0RegsFile)

CpuTimer1RegsFile 
*          1    00000c08    00000008     UNINITIALIZED
                  00000c08    00000008     F2802x_GlobalVariableDefs.obj (CpuTimer1RegsFile)

CpuTimer2RegsFile 
*          1    00000c10    00000008     UNINITIALIZED
                  00000c10    00000008     F2802x_GlobalVariableDefs.obj (CpuTimer2RegsFile)

PieCtrlRegsFile 
*          1    00000ce0    0000001a     UNINITIALIZED
                  00000ce0    0000001a     F2802x_GlobalVariableDefs.obj (PieCtrlRegsFile)

Comp1RegsFile 
*          1    00006400    00000020     UNINITIALIZED
                  00006400    00000020     F2802x_GlobalVariableDefs.obj (Comp1RegsFile)

Comp2RegsFile 
*          1    00006420    00000020     UNINITIALIZED
                  00006420    00000020     F2802x_GlobalVariableDefs.obj (Comp2RegsFile)

EPwm1RegsFile 
*          1    00006800    00000040     UNINITIALIZED
                  00006800    00000040     F2802x_GlobalVariableDefs.obj (EPwm1RegsFile)

EPwm2RegsFile 
*          1    00006840    00000040     UNINITIALIZED
                  00006840    00000040     F2802x_GlobalVariableDefs.obj (EPwm2RegsFile)

EPwm3RegsFile 
*          1    00006880    00000040     UNINITIALIZED
                  00006880    00000040     F2802x_GlobalVariableDefs.obj (EPwm3RegsFile)

EPwm4RegsFile 
*          1    000068c0    00000040     UNINITIALIZED
                  000068c0    00000040     F2802x_GlobalVariableDefs.obj (EPwm4RegsFile)

ECap1RegsFile 
*          1    00006a00    00000020     UNINITIALIZED
                  00006a00    00000020     F2802x_GlobalVariableDefs.obj (ECap1RegsFile)

GpioCtrlRegsFile 
*          1    00006f80    00000040     UNINITIALIZED
                  00006f80    00000040     F2802x_GlobalVariableDefs.obj (GpioCtrlRegsFile)

GpioDataRegsFile 
*          1    00006fc0    00000020     UNINITIALIZED
                  00006fc0    00000020     F2802x_GlobalVariableDefs.obj (GpioDataRegsFile)

GpioIntRegsFile 
*          1    00006fe0    0000000a     UNINITIALIZED
                  00006fe0    0000000a     F2802x_GlobalVariableDefs.obj (GpioIntRegsFile)

SysCtrlRegsFile 
*          1    00007010    0000001f     UNINITIALIZED
                  00007010    0000001f     F2802x_GlobalVariableDefs.obj (SysCtrlRegsFile)

SpiaRegsFile 
*          1    00007040    00000010     UNINITIALIZED
                  00007040    00000010     F2802x_GlobalVariableDefs.obj (SpiaRegsFile)

SciaRegsFile 
*          1    00007050    00000010     UNINITIALIZED
                  00007050    00000010     F2802x_GlobalVariableDefs.obj (SciaRegsFile)

NmiIntruptRegsFile 
*          1    00007060    00000010     UNINITIALIZED
                  00007060    00000010     F2802x_GlobalVariableDefs.obj (NmiIntruptRegsFile)

XIntruptRegsFile 
*          1    00007070    00000010     UNINITIALIZED
                  00007070    00000010     F2802x_GlobalVariableDefs.obj (XIntruptRegsFile)

AdcRegsFile 
*          1    00007100    00000051     UNINITIALIZED
                  00007100    00000051     F2802x_GlobalVariableDefs.obj (AdcRegsFile)

I2caRegsFile 
*          1    00007900    00000022     UNINITIALIZED
                  00007900    00000022     F2802x_GlobalVariableDefs.obj (I2caRegsFile)

PartIdRegsFile 
*          1    003d7fff    00000001     UNINITIALIZED
                  003d7fff    00000001     F2802x_GlobalVariableDefs.obj (PartIdRegsFile)

CsmPwlFile 
*          1    003f7ff8    00000008     UNINITIALIZED
                  003f7ff8    00000008     F2802x_GlobalVariableDefs.obj (CsmPwlFile)

.pinit     0    003f0000    00000000     UNINITIALIZED

.text      0    003f0000    00002775     
                  003f0000    00000223     ti.targets.rts2800.a28L : System.o28L (.text:_xdc_runtime_System_doPrint__I)
                  003f0223    00000164     sysbios.a28L : BIOS.obj (.text:_ti_sysbios_knl_Semaphore_pend__E)
                  003f0387    0000013d     DeviceInit_18Nov2018.obj (.text)
                  003f04c4    0000012f     idle.obj (.text)
                  003f05f3    00000107     rts2800_ml.lib : ll_div28.asm.obj (.text)
                  003f06fa    000000ee     ti.targets.rts2800.a28L : HeapStd.o28L (.text:_xdc_runtime_HeapStd_alloc__E)
                  003f07e8    000000e1     sysbios.a28L : BIOS.obj (.text:_ti_sysbios_family_c28_Hwi_clearInterrupt__E)
                  003f08c9    000000b5     ti.targets.rts2800.a28L : LoggerBuf.o28L (.text:_xdc_runtime_LoggerBuf_write8__E)
                  003f097e    000000b0     idle_p28L.o28L (.text:_xdc_runtime_System_printfExtend__I)
                  003f0a2e    000000a3     sysbios.a28L : BIOS.obj (.text:_ti_sysbios_utils_Load_updateThreadContexts__E)
                  003f0ad1    0000009f     ti.targets.rts2800.a28L : Core-mem.o28L (.text:_xdc_runtime_Core_createObject__I)
                  003f0b70    00000094     rts2800_ml.lib : trgmsg.c.obj (.text)
                  003f0c04    0000008e     sysbios.a28L : BIOS.obj (.text:_ti_sysbios_family_c28_Hwi_enableInterrupt__E)
                  003f0c92    0000008c     ti.targets.rts2800.a28L : Error.o28L (.text:_xdc_runtime_Error_policyDefault__E)
                  003f0d1e    00000083     sysbios.a28L : c28_Hwi_disp_asm.obj (.text:_ti_sysbios_family_c28_Hwi_dispatch)
                  003f0da1    00000082     ti.targets.rts2800.a28L : HeapStd.o28L (.text:_xdc_runtime_HeapStd_Instance_init__E)
                  003f0e23    00000081     sysbios.a28L : BIOS.obj (.text:_ti_sysbios_family_c28_Hwi_disableInterrupt__E)
                  003f0ea4    00000080                  : BIOS.obj (.text:_ti_sysbios_family_c28_Hwi_disablePIEIER__E)
                  003f0f24    0000007f                  : BIOS.obj (.text:_ti_sysbios_family_c28_Hwi_enablePIEIER__E)
                  003f0fa3    0000007c                  : BIOS.obj (.text:_ti_sysbios_knl_Task_postInit__I)
                  003f101f    00000079     ti.targets.rts2800.a28L : LoggerBuf.o28L (.text:_xdc_runtime_LoggerBuf_write4__E)
                  003f1098    00000077     sysbios.a28L : BIOS.obj (.text:_ti_sysbios_family_c28_Hwi_dispatchCore__I)
                  003f110f    00000073                  : BIOS.obj (.text:_ti_sysbios_knl_Task_checkStacks__E)
                  003f1182    00000071                  : BIOS.obj (.text:_ti_sysbios_family_c28_Hwi_Module_startup__E)
                  003f11f3    00000071     ti.targets.rts2800.a28L : Startup.o28L (.text:_xdc_runtime_Startup_startMods__I)
                  003f1264    0000006c     sysbios.a28L : BIOS.obj (.text:_ti_sysbios_knl_Swi_run__I)
                  003f12d0    0000006c     ti.targets.rts2800.a28L : HeapStd.o28L (.text:_xdc_runtime_HeapStd_free__E)
                  003f133c    00000067     boot.a28L : boot_cg.o28L (.text)
                  003f13a3    00000066     sysbios.a28L : BIOS.obj (.text:_ti_sysbios_family_c28_Timer_stopAndClear__I)
                  003f1409    00000066                  : BIOS.obj (.text:_ti_sysbios_utils_Load_idleFxn__E)
                  003f146f    00000060                  : BIOS.obj (.text:_ti_sysbios_utils_Load_updateLoads__E)
                  003f14cf    0000005d     ti.targets.rts2800.a28L : Text.o28L (.text:_xdc_runtime_Text_putSite__E)
                  003f152c    00000053     sysbios.a28L : BIOS.obj (.text:_ti_sysbios_knl_Task_startCore__E)
                  003f157f    00000051                  : BIOS.obj (.text:_ti_sysbios_utils_Load_updateCurrentThreadTime__E)
                  003f15d0    0000004c                  : BIOS.obj (.text:_ti_sysbios_knl_Task_schedule__I)
                  003f161c    0000004c                  : BIOS.obj (.text:_ti_sysbios_utils_Load_startup__E)
                  003f1668    00000047                  : BIOS.obj (.text:_ti_sysbios_knl_Task_Module_startup__E)
                  003f16af    00000041                  : BIOS.obj (.text:_ti_sysbios_knl_Swi_Module_startup__E)
                  003f16f0    00000041                  : BIOS.obj (.text:_ti_sysbios_knl_Swi_post__E)
                  003f1731    00000041     ti.targets.rts2800.a28L : Text.o28L (.text:_xdc_runtime_Text_putLab__E)
                  003f1772    0000003f     sysbios.a28L : BIOS.obj (.text:_ti_sysbios_utils_Load_taskCreateHook__E)
                  003f17b1    0000003f     ti.targets.rts2800.a28L : Text.o28L (.text:_xdc_runtime_Text_putMod__E)
                  003f17f0    0000003e     sysbios.a28L : BIOS.obj (.text:_ti_sysbios_knl_Swi_postInit__I)
                  003f182e    0000003e     ti.targets.rts2800.a28L : Memory.o28L (.text:_xdc_runtime_Memory_alloc__E)
                  003f186c    0000003d                             : Core-mem.o28L (.text:_xdc_runtime_Core_deleteObject__I)
                  003f18a9    0000003d                             : LoggerBuf.o28L (.text:_xdc_runtime_LoggerBuf_getFilterLevel__E)
                  003f18e6    0000003c     sysbios.a28L : BIOS.obj (.text:_ti_sysbios_family_c28_Hwi_postInit__I)
                  003f1922    0000003c                  : BIOS.obj (.text:_ti_sysbios_family_c28_Timer_postInit__I)
                  003f195e    0000003c                  : BIOS.obj (.text:_ti_sysbios_knl_Swi_restoreHwi__E)
                  003f199a    0000003c                  : BIOS.obj (.text:_ti_sysbios_utils_Load_addTask__E)
                  003f19d6    0000003c     ti.targets.rts2800.a28L : LoggerBuf.o28L (.text:_xdc_runtime_LoggerBuf_setFilterLevel__E)
                  003f1a12    00000038     sysbios.a28L : BIOS.obj (.text:_ti_sysbios_family_c28_TaskSupport_start__E)
                  003f1a4a    00000038                  : BIOS.obj (.text:_ti_sysbios_knl_Task_exit__E)
                  003f1a82    00000038     rts2800_ml.lib : hostwrite.c.obj (.text)
                  003f1aba    00000035     idle_p28L.o28L (.text:_ti_sysbios_utils_Load_hwiBeginHook__E)
                  003f1aef    00000033     sysbios.a28L : BIOS.obj (.text:_ti_sysbios_utils_Load_taskSwitchHook__E)
                  003f1b22    00000033     ti.targets.rts2800.a28L : System.o28L (.text:_xdc_runtime_System_formatNum__I)
                  003f1b55    00000031     sysbios.a28L : BIOS.obj (.text:_ti_sysbios_family_c28_Timer_getFreq__E)
                  003f1b86    00000030     ti.targets.rts2800.a28L : Error.o28L (.text:_xdc_runtime_Error_print__E)
                  003f1bb6    0000002f                             : LoggerBuf.o28L (.text:_xdc_runtime_LoggerBuf_Instance_init__E)
                  003f1be5    0000002f                             : Startup.o28L (.text:_xdc_runtime_Startup_exec__E)
                  003f1c14    0000002e     Boot.a28L : Boot.o28L (.text:.bootCodeSection:_ti_catalog_c2800_init_Boot_configurePll2802x)
                  003f1c42    0000002e     sysbios.a28L : BIOS.obj (.text:_ti_sysbios_knl_Swi_runLoop__I)
                  003f1c70    0000002e                  : BIOS.obj (.text:_ti_sysbios_knl_Swi_schedule__I)
                  003f1c9e    0000002e                  : BIOS.obj (.text:_ti_sysbios_utils_Load_swiBeginHook__E)
                  003f1ccc    0000002d                  : BIOS.obj (.text:_ti_sysbios_family_c28_Hwi_getInterruptFlag__E)
                  003f1cf9    0000002d     ti.targets.rts2800.a28L : Assert.o28L (.text:_xdc_runtime_Assert_raise__I)
                  003f1d26    0000002d                             : Core-params.o28L (.text:_xdc_runtime_Core_assignParams__I)
                  003f1d53    0000002d                             : Text.o28L (.text:_xdc_runtime_Text_visitRope2__I)
                  003f1d80    0000002c     sysbios.a28L : BIOS.obj (.text:_ti_sysbios_family_c28_Timer_start__E)
                  003f1dac    0000002c     idle_p28L.o28L (.text:_xdc_runtime_LoggerBuf_Object__create__S)
                  003f1dd8    0000002b     idle_p28L.o28L (.text:_xdc_runtime_HeapStd_Object__create__S)
                  003f1e03    0000002a     sysbios.a28L : BIOS.obj (.text:_ti_sysbios_utils_Load_logLoads__I)
                  003f1e2d    0000002a     ti.targets.rts2800.a28L : Error.o28L (.text:_xdc_runtime_Error_setX__E)
                  003f1e57    00000029     sysbios.a28L : BIOS.obj (.text:_ti_sysbios_family_c28_Hwi_getStackInfo__E)
                  003f1e80    00000029                  : BIOS.obj (.text:_ti_sysbios_family_c28_Hwi_unPluggedInterrupt__I)
                  003f1ea9    00000029                  : BIOS.obj (.text:_ti_sysbios_utils_Load_taskDeleteHook__E)
                  003f1ed2    00000029     ti.targets.rts2800.a28L : Text.o28L (.text:_xdc_runtime_Text_xprintf__I)
                  003f1efb    00000029     rts2800_ml.lib : exit.c.obj (.text)
                  003f1f24    00000028     sysbios.a28L : BIOS.obj (.text:_ti_sysbios_family_c28_Timer_getExpiredCounts64__E)
                  003f1f4c    00000028                  : BIOS.obj (.text:_ti_sysbios_utils_Load_removeTask__E)
                  003f1f74    00000027                  : BIOS.obj (.text:_ti_sysbios_utils_Load_hwiEndHook__E)
                  003f1f9b    00000026     ti.targets.rts2800.a28L : SysMin.o28L (.text:_xdc_runtime_SysMin_flush__E)
                  003f1fc1    00000024     rts2800_ml.lib : cpy_tbl.c.obj (.text)
                  003f1fe5    00000023     ti.targets.rts2800.a28L : System.o28L (.text:_xdc_runtime_System_processAtExit__E)
                  003f2008    00000022     sysbios.a28L : BIOS.obj (.text:_ti_sysbios_knl_Task_blockI__E)
                  003f202a    00000020                  : BIOS.obj (.text:_ti_sysbios_family_c28_Timer_setPrescale__E)
                  003f204a    00000020                  : BIOS.obj (.text:_ti_sysbios_knl_Task_allBlockedFunction__I)
                  003f206a    0000001f                  : BIOS.obj (.text:_ti_sysbios_utils_Load_swiEndHook__E)
                  003f2089    0000001e     ti.targets.rts2800.a28L : LoggerBuf.o28L (.text:_xdc_runtime_LoggerBuf_filterOutEvent__I)
                  003f20a7    0000001e                             : System.o28L (.text:_xdc_runtime_System_atexit__E)
                  003f20c5    0000001d     sysbios.a28L : c28_TaskSupport_asm.obj (.text:_ti_sysbios_family_c28_TaskSupport_buildTaskStack)
                  003f20e2    0000001d     idle_p28L.o28L (.text:_ti_sysbios_gates_GateHwi_Object__create__S)
                  003f20ff    0000001d     ti.targets.rts2800.a28L : SysMin.o28L (.text:_xdc_runtime_SysMin_putch__E)
                  003f211c    0000001d     rts2800_ml.lib : memcpy.c.obj (.text)
                  003f2139    0000001b     sysbios.a28L : c28_Hwi_asm.obj (.text:_ti_sysbios_family_c28_Hwi_switchAndDispatch__I)
                  003f2154    0000001b                  : BIOS.obj (.text:_ti_sysbios_hal_Hwi_checkStack)
                  003f216f    0000001b                  : BIOS.obj (.text:_ti_sysbios_knl_Task_processVitalTaskFlag__I)
                  003f218a    0000001b                  : BIOS.obj (.text:_ti_sysbios_knl_Task_restore__E)
                  003f21a5    0000001b     idle_p28L.o28L (.text:_xdc_runtime_SysMin_output__I)
                  003f21c0    0000001a     sysbios.a28L : BIOS.obj (.text:_ti_sysbios_hal_Hwi_initStack)
                  003f21da    0000001a     ti.targets.rts2800.a28L : Core-label.o28L (.text:_xdc_runtime_Core_assignLabel__I)
                  003f21f4    0000001a                             : System.o28L (.text:_xdc_runtime_System_avprintf__E)
                  003f220e    00000019     sysbios.a28L : BIOS.obj (.text:_ti_sysbios_knl_Swi_restore__E)
                  003f2227    00000019     ti.targets.rts2800.a28L : System.o28L (.text:_xdc_runtime_System_vprintf__E)
                  003f2240    00000019     rts2800_ml.lib : args_main.c.obj (.text)
                  003f2259    00000018     sysbios.a28L : c28_Hwi_asm.obj (.text:_ti_sysbios_family_xxx_Hwi_switchAndRunFunc)
                  003f2271    00000018                  : BIOS.obj (.text:_ti_sysbios_utils_Load_getTaskLoad__E)
                  003f2289    00000018     ti.targets.rts2800.a28L : Memory.o28L (.text:_xdc_runtime_Memory_valloc__E)
                  003f22a1    00000018                             : System.o28L (.text:_xdc_runtime_System_putchar__I)
                  003f22b9    00000017     sysbios.a28L : BIOS.obj (.text:_ti_sysbios_family_c28_Timer_startup__E)
                  003f22d0    00000017                  : BIOS.obj (.text:_ti_sysbios_knl_Task_unblockI__E)
                  003f22e7    00000017     ti.targets.rts2800.a28L : LoggerBuf.o28L (.text:_xdc_runtime_LoggerBuf_Module_startup__E)
                  003f22fe    00000017                             : SysMin.o28L (.text:_xdc_runtime_SysMin_abort__E)
                  003f2315    00000016     idle_p28L.o28L (.text:_ti_sysbios_BIOS_atExitFunc__I)
                  003f232b    00000016     sysbios.a28L : BIOS.obj (.text:_ti_sysbios_family_c28_Timer_Module_startup__E)
                  003f2341    00000016     ti.targets.rts2800.a28L : LoggerBuf.o28L (.text:_xdc_runtime_LoggerBuf_reset__E)
                  003f2357    00000015     idle_p28L.o28L (.text:_ti_sysbios_BIOS_startFunc__I)
                  003f236c    00000015     sysbios.a28L : BIOS.obj (.text:_ti_sysbios_knl_Task_restoreHwi__E)
                  003f2381    00000015     ti.targets.rts2800.a28L : Text.o28L (.text:_xdc_runtime_Text_printVisFxn__I)
                  003f2396    00000014     sysbios.a28L : BIOS.obj (.text:_ti_sysbios_knl_Idle_run__E)
                  003f23aa    00000012     idle_p28L.o28L (.text:_ti_sysbios_gates_GateHwi_Object__delete__S)
                  003f23bc    00000012     idle_p28L.o28L (.text:_xdc_runtime_LoggerBuf_Object__delete__S)
                  003f23ce    00000011     idle_p28L.o28L (.text:_xdc_runtime_HeapStd_Object__delete__S)
                  003f23df    00000011     ti.targets.rts2800.a28L : Text.o28L (.text:_xdc_runtime_Text_cordText__E)
                  003f23f0    00000010     DelayUs.obj (.text)
                  003f2400    00000010     sysbios.a28L : BIOS.obj (.text:_ti_sysbios_family_c28_Timer_stop__E)
                  003f2410    00000010                  : BIOS.obj (.text:_ti_sysbios_family_c28_TimestampProvider_get64__E)
                  003f2420    00000010                  : BIOS.obj (.text:_ti_sysbios_knl_Task_enabled__E)
                  003f2430    00000010     ti.targets.rts2800.a28L : SysMin.o28L (.text:_xdc_runtime_SysMin_Module_startup__E)
                  003f2440    0000000f     Boot.a28L : Boot.o28L (.text:.bootCodeSection:_ti_catalog_c2800_init_Boot_disableWatchdog)
                  003f244f    0000000f     sysbios.a28L : BIOS.obj (.text:_ti_sysbios_utils_Load_getGlobalHwiLoad__E)
                  003f245e    0000000f                  : BIOS.obj (.text:_ti_sysbios_utils_Load_getGlobalSwiLoad__E)
                  003f246d    0000000f     ti.targets.rts2800.a28L : Error.o28L (.text:_xdc_runtime_Error_raiseX__E)
                  003f247c    0000000f                             : Registry.o28L (.text:_xdc_runtime_Registry_findById__E)
                  003f248b    0000000e     idle_p28L.o28L (.text:_ti_sysbios_BIOS_errorRaiseHook__I)
                  003f2499    0000000e     idle_p28L.o28L (.text:_ti_sysbios_knl_Swi_Object__get__S)
                  003f24a7    0000000e     idle_p28L.o28L (.text:_ti_sysbios_knl_Task_Object__get__S)
                  003f24b5    0000000e     idle_p28L.o28L (.text:_xdc_runtime_LoggerBuf_Object__get__S)
                  003f24c3    0000000d     sysbios.a28L : BIOS.obj (.text:_ti_sysbios_family_c28_Hwi_dispatchC__I)
                  003f24d0    0000000d                  : BIOS.obj (.text:_ti_sysbios_family_c28_TaskSupport_checkStack__E)
                  003f24dd    0000000d                  : c28_TaskSupport_asm.obj (.text:_ti_sysbios_family_c28_TaskSupport_swap__E)
                  003f24ea    0000000d     idle_p28L.o28L (.text:_ti_sysbios_gates_GateHwi_Handle__label__S)
                  003f24f7    0000000d     sysbios.a28L : BIOS.obj (.text:_ti_sysbios_knl_Task_enter__I)
                  003f2504    0000000d     ti.targets.rts2800.a28L : Error.o28L (.text:_xdc_runtime_Error_check__E)
                  003f2511    0000000d     idle_p28L.o28L (.text:_xdc_runtime_HeapStd_Handle__label__S)
                  003f251e    0000000d     idle_p28L.o28L (.text:_xdc_runtime_LoggerBuf_Handle__label__S)
                  003f252b    0000000d     ti.targets.rts2800.a28L : System.o28L (.text:_xdc_runtime_System_abort__E)
                  003f2538    0000000c     idle_p28L.o28L (.text:_ti_sysbios_family_c28_Hwi_disableIER__E)
                  003f2544    0000000c     sysbios.a28L : BIOS.obj (.text:_ti_sysbios_family_c28_TimestampProvider_get32__E)
                  003f2550    0000000c                  : BIOS.obj (.text:_ti_sysbios_knl_Queue_put__E)
                  003f255c    0000000c     ti.targets.rts2800.a28L : LoggerBuf.o28L (.text:_xdc_runtime_LoggerBuf_write2__E)
                  003f2568    0000000c                             : SysMin.o28L (.text:_xdc_runtime_SysMin_exit__E)
                  003f2574    0000000c     rts2800_ml.lib : memset.c.obj (.text)
                  003f2580    0000000b     idle_p28L.o28L (.text:_ti_sysbios_family_c28_Hwi_Module__startupDone__F)
                  003f258b    0000000b     idle_p28L.o28L (.text:_ti_sysbios_family_c28_Hwi_Object__get__S)
                  003f2596    0000000b     idle_p28L.o28L (.text:_ti_sysbios_family_c28_Hwi_enableIER__E)
                  003f25a1    0000000b     idle_p28L.o28L (.text:_ti_sysbios_knl_Queue_Object__get__S)
                  003f25ac    0000000b     ti.targets.rts2800.a28L : LoggerBuf.o28L (.text:_xdc_runtime_LoggerBuf_Instance_finalize__E)
                  003f25b7    0000000b                             : LoggerBuf.o28L (.text:_xdc_runtime_LoggerBuf_write1__E)
                  003f25c2    0000000b                             : Memory.o28L (.text:_xdc_runtime_Memory_free__E)
                  003f25cd    0000000b                             : System.o28L (.text:_xdc_runtime_System_exit__E)
                  003f25d8    0000000a     idle_p28L.o28L (.text:_ti_sysbios_BIOS_exitFunc__I)
                  003f25e2    0000000a     ti.targets.rts2800.a28L : Error.o28L (.text:_xdc_runtime_Error_init__E)
                  003f25ec    0000000a                             : LoggerBuf.o28L (.text:_xdc_runtime_LoggerBuf_write0__E)
                  003f25f6    0000000a                             : System.o28L (.text:_xdc_runtime_System_vsnprintf__E)
                  003f2600    0000000a                             : Text.o28L (.text:_xdc_runtime_Text_ropeText__E)
                  003f260a    00000009     idle_p28L.o28L (.text:_ti_sysbios_family_c28_Hwi_restoreIER__E)
                  003f2613    00000009     sysbios.a28L : c28_TaskSupport_asm.obj (.text:_ti_sysbios_family_c28_TaskSupport_glue)
                  003f261c    00000009                  : BIOS.obj (.text:_ti_sysbios_hal_Hwi_Module_startup__E)
                  003f2625    00000009     idle_p28L.o28L (.text:_ti_sysbios_knl_Task_SupportProxy_start__E)
                  003f262e    00000009     sysbios.a28L : BIOS.obj (.text:_ti_sysbios_knl_Task_unblock__E)
                  003f2637    00000009     idle_p28L.o28L (.text:_xdc_runtime_Startup_exec__I)
                  003f2640    00000009     idle_p28L.o28L (.text:_xdc_runtime_Text_visitRope__I)
                  003f2649    00000009     rts2800_ml.lib : _lock.c.obj (.text)
                  003f2652    00000008     sysbios.a28L : BIOS.obj (.text:_ti_sysbios_BIOS_setThreadType__E)
                  003f265a    00000008                  : BIOS.obj (.text:_ti_sysbios_knl_Task_getHookContext__E)
                  003f2662    00000008     idle_p28L.o28L (.text:_xdc_runtime_IHeap_alloc)
                  003f266a    00000008     ti.targets.rts2800.a28L : Memory.o28L (.text:_xdc_runtime_Memory_calloc__E)
                  003f2672    00000008                             : SysMin.o28L (.text:_xdc_runtime_SysMin_ready__E)
                  003f267a    00000008     rts2800_ml.lib : strlen.c.obj (.text)
                  003f2682    00000007     idle_p28L.o28L (.text:.bootCodeSection:_ti_catalog_c2800_init_Boot_init)
                  003f2689    00000007     ti.targets.rts2800.a28L : HeapStd.o28L (.text:_xdc_runtime_HeapStd_getStats__E)
                  003f2690    00000007     idle_p28L.o28L (.text:_xdc_runtime_System_aprintf__E)
                  003f2697    00000007     idle_p28L.o28L (.text:_xdc_runtime_System_printf__E)
                  003f269e    00000006     sysbios.a28L : BIOS.obj (.text:_ti_sysbios_BIOS_start__E)
                  003f26a4    00000006                  : c28_IntrinsicsSupport_asm.obj (.text:_ti_sysbios_family_c28_IntrinsicsSupport_maxbit__E)
                  003f26aa    00000006                  : BIOS.obj (.text:_ti_sysbios_family_c28_TimestampProvider_rolloverFunc__E)
                  003f26b0    00000006                  : BIOS.obj (.text:_ti_sysbios_family_c28_TimestampProvider_startTimer__E)
                  003f26b6    00000006                  : BIOS.obj (.text:_ti_sysbios_knl_Swi_disable__E)
                  003f26bc    00000006                  : BIOS.obj (.text:_ti_sysbios_knl_Task_disable__E)
                  003f26c2    00000006     ti.targets.rts2800.a28L : Gate.o28L (.text:_xdc_runtime_Gate_enterSystem__E)
                  003f26c8    00000006                             : Gate.o28L (.text:_xdc_runtime_Gate_leaveSystem__E)
                  003f26ce    00000006                             : LoggerBuf.o28L (.text:_xdc_runtime_LoggerBuf_enable__E)
                  003f26d4    00000005     sysbios.a28L : BIOS.obj (.text:_ti_sysbios_family_c28_Hwi_switchFromBootStack__E)
                  003f26d9    00000005                  : BIOS.obj (.text:_ti_sysbios_gates_GateHwi_enter__E)
                  003f26de    00000005                  : BIOS.obj (.text:_ti_sysbios_utils_Load_getCPULoad__E)
                  003f26e3    00000005     ti.targets.rts2800.a28L : LoggerBuf.o28L (.text:_xdc_runtime_LoggerBuf_disable__E)
                  003f26e8    00000004     idle_p28L.o28L (.text:_ti_sysbios_family_c28_Hwi_disable__E)
                  003f26ec    00000004     idle_p28L.o28L (.text:_ti_sysbios_family_c28_Hwi_startup__E)
                  003f26f0    00000004     sysbios.a28L : BIOS.obj (.text:_ti_sysbios_family_c28_TimestampProvider_getFreq__E)
                  003f26f4    00000004                  : BIOS.obj (.text:_ti_sysbios_knl_Swi_startup__E)
                  003f26f8    00000004                  : BIOS.obj (.text:_ti_sysbios_utils_Load_taskRegHook__E)
                  003f26fc    00000004     idle_p28L.o28L (.text:_xdc_runtime_IHeap_free)
                  003f2700    00000004     ti.targets.rts2800.a28L : Memory.o28L (.text:_xdc_runtime_Memory_getMaxDefaultTypeAlign__E)
                  003f2704    00000004                             : Startup.o28L (.text:_xdc_runtime_Startup_rtsDone__E)
                  003f2708    00000003                             : xdc_noinit.o28L (.text:___xdc__init)
                  003f270b    00000003     idle_p28L.o28L (.text:_ti_catalog_c2800_init_Boot_limpAbort)
                  003f270e    00000003     sysbios.a28L : c28_Hwi_asm.obj (.text:_ti_sysbios_family_c28_Hwi_getIFR__I)
                  003f2711    00000003     idle_p28L.o28L (.text:_ti_sysbios_family_c28_Hwi_restore__E)
                  003f2714    00000003     sysbios.a28L : BIOS.obj (.text:_ti_sysbios_family_c28_TimestampProvider_Module_startup__E)
                  003f2717    00000003                  : BIOS.obj (.text:_ti_sysbios_gates_GateHwi_leave__E)
                  003f271a    00000003     idle_p28L.o28L (.text:_ti_sysbios_hal_Hwi_HwiProxy_getStackInfo__E)
                  003f271d    00000003     idle_p28L.o28L (.text:_ti_sysbios_hal_Hwi_HwiProxy_switchFromBootStack__E)
                  003f2720    00000003     sysbios.a28L : BIOS.obj (.text:_ti_sysbios_hal_Hwi_startup__E)
                  003f2723    00000003                  : BIOS.obj (.text:_ti_sysbios_knl_Idle_loop__E)
                  003f2726    00000003     idle_p28L.o28L (.text:_ti_sysbios_knl_Task_SupportProxy_checkStack__E)
                  003f2729    00000003     idle_p28L.o28L (.text:_ti_sysbios_knl_Task_SupportProxy_swap__E)
                  003f272c    00000003     sysbios.a28L : BIOS.obj (.text:_ti_sysbios_knl_Task_startup__E)
                  003f272f    00000003     idle_p28L.o28L (.text:_ti_sysbios_utils_Load_update__E)
                  003f2732    00000003     idle_p28L.o28L (.text:_xdc_runtime_LoggerBuf_Module_GateProxy_enter__E)
                  003f2735    00000003     idle_p28L.o28L (.text:_xdc_runtime_LoggerBuf_Module_GateProxy_leave__E)
                  003f2738    00000003     idle_p28L.o28L (.text:_xdc_runtime_LoggerBuf_TimestampProxy_get64__E)
                  003f273b    00000003     idle_p28L.o28L (.text:_xdc_runtime_System_Module_GateProxy_enter__E)
                  003f273e    00000003     idle_p28L.o28L (.text:_xdc_runtime_System_Module_GateProxy_leave__E)
                  003f2741    00000003     ti.targets.rts2800.a28L : System.o28L (.text:_xdc_runtime_System_Module_startup__E)
                  003f2744    00000003     idle_p28L.o28L (.text:_xdc_runtime_System_SupportProxy_abort__E)
                  003f2747    00000003     idle_p28L.o28L (.text:_xdc_runtime_System_SupportProxy_exit__E)
                  003f274a    00000003     idle_p28L.o28L (.text:_xdc_runtime_System_SupportProxy_putch__E)
                  003f274d    00000003     idle_p28L.o28L (.text:_xdc_runtime_System_SupportProxy_ready__E)
                  003f2750    00000003     ti.targets.rts2800.a28L : System.o28L (.text:_xdc_runtime_System_abortStd__E)
                  003f2753    00000003                             : System.o28L (.text:_xdc_runtime_System_exitStd__E)
                  003f2756    00000003     idle_p28L.o28L (.text:_xdc_runtime_Timestamp_SupportProxy_get32__E)
                  003f2759    00000003     idle_p28L.o28L (.text:_xdc_runtime_Timestamp_SupportProxy_getFreq__E)
                  003f275c    00000003     ti.targets.rts2800.a28L : Timestamp.o28L (.text:_xdc_runtime_Timestamp_get32__E)
                  003f275f    00000003                             : Timestamp.o28L (.text:_xdc_runtime_Timestamp_getFreq__E)
                  003f2762    00000002     idle_p28L.o28L (.text:_malloc)
                  003f2764    00000002     Boot.a28L : Boot.o28L (.text:_ti_catalog_c2800_init_Boot_defaultLimpAbortFunction)
                  003f2766    00000002     idle_p28L.o28L (.text:_ti_sysbios_family_c28_TaskSupport_Module__startupDone__S)
                  003f2768    00000002     sysbios.a28L : BIOS.obj (.text:_ti_sysbios_gates_GateHwi_query__E)
                  003f276a    00000002     ti.targets.rts2800.a28L : Error.o28L (.text:_xdc_runtime_Error_getSite__E)
                  003f276c    00000002                             : HeapStd.o28L (.text:_xdc_runtime_HeapStd_isBlocking__E)
                  003f276e    00000002     rts2800_ml.lib : pre_init.c.obj (.text)
                  003f2770    00000001     idle_p28L.o28L (.text:_free)
                  003f2771    00000001     sysbios.a28L : BIOS.obj (.text:_ti_sysbios_BIOS_linkedWithIncorrectBootLibrary__E)
                  003f2772    00000001                  : c28_Hwi_asm.obj (.text:_ti_sysbios_family_c28_Hwi_interruptReturn__I)
                  003f2773    00000001                  : BIOS.obj (.text:_ti_sysbios_gates_GateHwi_Instance_init__E)
                  003f2774    00000001     rts2800_ml.lib : startup.c.obj (.text)

codestart 
*          0    003f7ff6    00000002     
                  003f7ff6    00000002     CodeStartBranch.obj (codestart)

ramfuncs   1    00008000    00000000     UNINITIALIZED

.stack     1    00008120    00000100     UNINITIALIZED
                  00008120    00000100     --HOLE--

.cio       1    00008000    00000120     UNINITIALIZED
                  00008000    00000120     rts2800_ml.lib : trgmsg.c.obj (.cio)

xdc.meta   0    00000000    000000e4     COPY SECTION
                  00000000    000000e4     idle_p28L.o28L (xdc.meta)

.binit     0    003d7800    00000000     

MODULE SUMMARY

       Module                          code    initialized data   uninitialized data
       ------                          ----    ----------------   ------------------
    .\
       F2802x_GlobalVariableDefs.obj   0       0                  790               
       idle.obj                        303     102                20                
       DeviceInit_18Nov2018.obj        317     0                  0                 
       DelayUs.obj                     16      0                  0                 
       CodeStartBranch.obj             2       0                  0                 
    +--+-------------------------------+-------+------------------+--------------------+
       Total:                          638     102                810               
                                                                                    
    D:\Work\Joystick-Project-master\ArcadeStick\Release\configPkg\package\cfg\
       idle_p28L.o28L                  765     7123               1876              
    +--+-------------------------------+-------+------------------+--------------------+
       Total:                          765     7123               1876              
                                                                                    
    C:\Apps\ti\bios_6_76_00_08\packages\ti\catalog\c2800\init\lib\Boot.a28L
       Boot.o28L                       63      0                  0                 
    +--+-------------------------------+-------+------------------+--------------------+
       Total:                          63      0                  0                 
                                                                                    
    C:\Apps\ti\bios_6_76_00_08\packages\ti\targets\rts2800\lib\boot.a28L
       boot_cg.o28L                    103     0                  0                 
    +--+-------------------------------+-------+------------------+--------------------+
       Total:                          103     0                  0                 
                                                                                    
    C:\Apps\ti\bios_6_76_00_08\packages\ti\targets\rts2800\lib\ti.targets.rts2800.a28L
       System.o28L                     781     25                 0                 
       LoggerBuf.o28L                  600     0                  0                 
       HeapStd.o28L                    485     0                  0                 
       Text.o28L                       355     67                 0                 
       Error.o28L                      270     88                 0                 
       Core-mem.o28L                   220     0                  0                 
       Startup.o28L                    164     42                 0                 
       SysMin.o28L                     126     0                  0                 
       Memory.o28L                     109     0                  0                 
       Log.o28L                        0       71                 0                 
       Assert.o28L                     45      5                  0                 
       Core-params.o28L                45      0                  0                 
       Core-label.o28L                 26      0                  0                 
       Registry.o28L                   15      0                  0                 
       Gate.o28L                       12      0                  0                 
       Timestamp.o28L                  6       0                  0                 
       xdc_noinit.o28L                 3       0                  0                 
    +--+-------------------------------+-------+------------------+--------------------+
       Total:                          3262    298                0                 
                                                                                    
    C:\Apps\ti\ccs901\ccs\tools\compiler\ti-cgt-c2000_18.12.1.LTS\lib\rts2800_ml.lib
       trgmsg.c.obj                    148     0                  288               
       ll_div28.asm.obj                263     0                  0                 
       exit.c.obj                      41      14                 6                 
       hostwrite.c.obj                 56      0                  0                 
       cpy_tbl.c.obj                   36      0                  0                 
       memcpy.c.obj                    29      0                  0                 
       args_main.c.obj                 25      0                  0                 
       _lock.c.obj                     9       10                 4                 
       memset.c.obj                    12      0                  0                 
       hostopen.c.obj                  0       0                  8                 
       strlen.c.obj                    8       0                  0                 
       pre_init.c.obj                  2       0                  0                 
       startup.c.obj                   1       0                  0                 
    +--+-------------------------------+-------+------------------+--------------------+
       Total:                          630     24                 306               
                                                                                    
    D:\Work\Joystick-Project-master\ArcadeStick\src\sysbios\sysbios.a28L
       BIOS.obj                        4399    28                 0                 
       c28_Hwi_disp_asm.obj            131     0                  0                 
       c28_Hwi_asm.obj                 55      0                  0                 
       c28_TaskSupport_asm.obj         51      0                  0                 
       c28_IntrinsicsSupport_asm.obj   6       0                  0                 
    +--+-------------------------------+-------+------------------+--------------------+
       Total:                          4642    28                 0                 
                                                                                    
       Stack:                          0       0                  256               
    +--+-------------------------------+-------+------------------+--------------------+
       Grand Total:                    10103   7575               3248              


GLOBAL DATA SYMBOLS: SORTED BY DATA PAGE

address     data page           name
--------    ----------------    ----
00000000       0 (00000000)     ___ISA__
00000000       0 (00000000)     _ti_sysbios_knl_Task_Instance_State_0_stack__A
00000011       0 (00000000)     ___TARG__
00000035       0 (00000000)     ___PLAT__

0000005b       1 (00000040)     ___TRDR__

00000082       2 (00000080)     ___ASM__

00000100       4 (00000100)     _ti_sysbios_knl_Task_Instance_State_1_stack__A

00000200       8 (00000200)     _xdc_runtime_Error_Module__state__V
00000202       8 (00000200)     _xdc_runtime_HeapStd_Module__state__V
00000204       8 (00000200)     _xdc_runtime_Memory_Module__state__V
00000206       8 (00000200)     ___xdc__init__addr
00000208       8 (00000200)     _xdc_runtime_LoggerBuf_Module__state__V
0000020c       8 (00000200)     _ti_sysbios_family_c28_Hwi_Module__root__V
00000210       8 (00000200)     _ti_sysbios_family_c28_Timer_Module__root__V
00000214       8 (00000200)     _ti_sysbios_family_c28_TimestampProvider_Module__state__V
00000218       8 (00000200)     _ti_sysbios_gates_GateHwi_Module__root__V
0000021c       8 (00000200)     _ti_sysbios_hal_Hwi_Module__root__V
00000220       8 (00000200)     _ti_sysbios_knl_Queue_Module__root__V
00000224       8 (00000200)     _ti_sysbios_knl_Semaphore_Module__root__V
00000228       8 (00000200)     _ti_sysbios_knl_Swi_Module__root__V
0000022c       8 (00000200)     _ti_sysbios_knl_Task_Module__root__V
00000230       8 (00000200)     _xdc_runtime_GateNull_Module__root__V
00000234       8 (00000200)     _xdc_runtime_HeapStd_Module__root__V
00000238       8 (00000200)     _xdc_runtime_LoggerBuf_Module__root__V
0000023c       8 (00000200)     _xdc_runtime_Registry_Module__state__V

00000240       9 (00000240)     _xdc_runtime_Startup_Module__state__V
00000244       9 (00000240)     _xdc_runtime_SysMin_Module__state__V
00000248       9 (00000240)     _xdc_runtime_System_Module__state__V
0000024c       9 (00000240)     _xdc_runtime_Text_Module__state__V
00000250       9 (00000240)     _ti_sysbios_family_c28_Timer_Module__state__V
00000258       9 (00000240)     _ti_sysbios_knl_Swi_Module__state__V
00000264       9 (00000240)     _xdc_runtime_Error_IgnoreBlock

00000280       a (00000280)     _ti_sysbios_family_c28_Hwi_Module__state__V
00000290       a (00000280)     _ti_sysbios_BIOS_Module__state__V

000002c0       b (000002c0)     _ti_sysbios_knl_Task_Module__state__V

00000300       c (00000300)     _ti_sysbios_utils_Load_Module__state__V

0000034c       d (00000340)     _ti_sysbios_family_c28_Hwi_Object__table__V
0000037c       d (00000340)     __lock
0000037e       d (00000340)     __unlock

00000380       e (00000380)     _ti_sysbios_family_c28_Hwi_Module_State_0_dispatchTable__A

00000480      12 (00000480)     _xdc_runtime_LoggerBuf_Instance_State_0_entryArr__A

00000580      16 (00000580)     _ti_sysbios_knl_Task_Object__table__V

000005d4      17 (000005c0)     _ti_sysbios_knl_Swi_Object__table__V
000005fc      17 (000005c0)     _ti_sysbios_family_c28_Hwi_Instance_State_0_hookEnv__A
000005fe      17 (000005c0)     _ti_sysbios_family_c28_Hwi_Instance_State_1_hookEnv__A

00000600      18 (00000600)     _xdc_runtime_SysMin_Module_State_0_outbuf__A

00000650      19 (00000640)     _ti_sysbios_family_c28_Timer_Object__table__V

00000680      1a (00000680)     _ti_sysbios_knl_Swi_Module_State_0_readyQ__A

000006c0      1b (000006c0)     _ti_sysbios_knl_Task_Module_State_0_readyQ__A

00000700      1c (00000700)     _ti_sysbios_utils_Load_Module_State_0_taskEnv__A
0000071c      1c (00000700)     _tickCount
0000071d      1c (00000700)     _pbcount
0000071e      1c (00000700)     _X_button
0000071f      1c (00000700)     _T_button
00000720      1c (00000700)     _O_button
00000721      1c (00000700)     _S_button
00000722      1c (00000700)     _L1_button
00000723      1c (00000700)     _R1_button
00000724      1c (00000700)     _start_button
00000725      1c (00000700)     _select_button
00000726      1c (00000700)     _up_button
00000727      1c (00000700)     _down_button
00000728      1c (00000700)     _left_button
00000729      1c (00000700)     _right_button
0000072a      1c (00000700)     _JOYSTICK_X
0000072b      1c (00000700)     _JOYSTICK_Y
0000072c      1c (00000700)     _LP_count
0000072e      1c (00000700)     _load
00000730      1c (00000700)     _ti_sysbios_knl_Semaphore_Object__table__V
0000073a      1c (00000700)     _xdc_runtime_HeapStd_Object__table__V

00000740      1d (00000740)     _xdc_runtime_LoggerBuf_Object__table__V
00000752      1d (00000740)     _parmbuf
0000075a      1d (00000740)     _xdc_runtime_System_Module_State_0_atexitHandlers__A
00000762      1d (00000740)     ___TI_enable_exit_profile_output
00000764      1d (00000740)     ___TI_cleanup_ptr
00000766      1d (00000740)     ___TI_dtors_ptr
00000768      1d (00000740)     _ti_sysbios_family_c28_Hwi_Instance_State_2_hookEnv__A
0000076a      1d (00000740)     _ti_sysbios_gates_GateHwi_Object__table__V
0000076c      1d (00000740)     _ti_sysbios_knl_Swi_Instance_State_0_hookEnv__A
0000076e      1d (00000740)     _ti_sysbios_knl_Swi_Instance_State_1_hookEnv__A
00000770      1d (00000740)     _ti_sysbios_knl_Task_Instance_State_0_hookEnv__A
00000772      1d (00000740)     _ti_sysbios_knl_Task_Instance_State_1_hookEnv__A
00000774      1d (00000740)     _ti_sysbios_knl_Task_Module_State_0_idleTask__A
00000776      1d (00000740)     _ti_sysbios_utils_Load_Module_State_0_runningTask__A
00000778      1d (00000740)     _ti_sysbios_utils_Load_Module_State_0_taskStartTime__A

00000880      22 (00000880)     _DevEmuRegs

00000985      26 (00000980)     _SysPwrCtrlRegs

00000a80      2a (00000a80)     _FlashRegs

00000ae0      2b (00000ac0)     _CsmRegs

00000b00      2c (00000b00)     _AdcResult

00000c00      30 (00000c00)     _CpuTimer0Regs
00000c08      30 (00000c00)     _CpuTimer1Regs
00000c10      30 (00000c00)     _CpuTimer2Regs

00000ce0      33 (00000cc0)     _PieCtrlRegs

00000d00      34 (00000d00)     _EmuKey
00000d00      34 (00000d00)     _PieVectTable
00000d01      34 (00000d00)     _EmuBMode
00000d02      34 (00000d00)     _Flash_CallbackPtr
00000d04      34 (00000d00)     _Flash_CPUScaleFactor

00006400     190 (00006400)     _Comp1Regs
00006420     190 (00006400)     _Comp2Regs

00006800     1a0 (00006800)     _EPwm1Regs

00006840     1a1 (00006840)     _EPwm2Regs

00006880     1a2 (00006880)     _EPwm3Regs

000068c0     1a3 (000068c0)     _EPwm4Regs

00006a00     1a8 (00006a00)     _ECap1Regs

00006f80     1be (00006f80)     _GpioCtrlRegs

00006fc0     1bf (00006fc0)     _GpioDataRegs
00006fe0     1bf (00006fc0)     _GpioIntRegs

00007010     1c0 (00007000)     _SysCtrlRegs

00007040     1c1 (00007040)     _SpiaRegs
00007050     1c1 (00007040)     _SciaRegs
00007060     1c1 (00007040)     _NmiIntruptRegs
00007070     1c1 (00007040)     _XIntruptRegs

00007100     1c4 (00007100)     _AdcRegs

00007900     1e4 (00007900)     _I2caRegs

00008000     200 (00008000)     __CIOBUF_

00008120     204 (00008100)     __stack

003d7fff    f5ff (003d7fc0)     _PartIdRegs

003f2776    fc9d (003f2740)     _xdc_runtime_Text_charTab__A

003f3ba2    fcee (003f3b80)     _ti_sysbios_family_c28_Hwi_vectors

003f3d0d    fcf4 (003f3d00)     _ti_sysbios_family_c28_Hwi_Module__id__C

003f3d66    fcf5 (003f3d40)     _xdc_runtime_Text_nodeTab__A

003f3e01    fcf8 (003f3e00)     _ti_sysbios_family_c28_Hwi_NUM_INTERRUPTS_ALL__C

003f3e45    fcf9 (003f3e40)     _ti_sysbios_family_c28_Hwi_Object__count__C
003f3e70    fcf9 (003f3e40)     _xdc_runtime_LoggerBuf_Module__FXNS__C

003f3ec1    fcfb (003f3ec0)     _ti_sysbios_family_c28_TaskSupport_Module__id__C
003f3ec2    fcfb (003f3ec0)     _xdc_runtime_HeapStd_Module__FXNS__C
003f3ed6    fcfb (003f3ec0)     _ti_sysbios_gates_GateHwi_Module__FXNS__C
003f3ee8    fcfb (003f3ec0)     _xdc_runtime_LoggerBuf_Object__PARAMS__C
003f3efa    fcfb (003f3ec0)     _xdc_runtime_Startup_sfxnTab__A

003f3f0c    fcfc (003f3f00)     _ti_sysbios_gates_GateHwi_Object__DESC__C
003f3f1c    fcfc (003f3f00)     _xdc_runtime_HeapStd_Object__DESC__C
003f3f2c    fcfc (003f3f00)     _xdc_runtime_LoggerBuf_Object__DESC__C
003f3f3c    fcfc (003f3f00)     _xdc_runtime_HeapStd_Object__PARAMS__C

003f3f4a    fcfd (003f3f40)     _ti_sysbios_gates_GateHwi_Object__PARAMS__C
003f3f56    fcfd (003f3f40)     _ti_sysbios_knl_Swi_hooks__A
003f3f62    fcfd (003f3f40)     _ti_sysbios_knl_Task_hooks__A
003f3f6e    fcfd (003f3f40)     _swiscan
003f3f70    fcfd (003f3f40)     _tsk0
003f3f72    fcfd (003f3f40)     _lpsem
003f3f74    fcfd (003f3f40)     _swisend
003f3f76    fcfd (003f3f40)     _hwi0
003f3f78    fcfd (003f3f40)     _ti_sysbios_family_c28_Hwi_hooks__A

003f3f82    fcfe (003f3f80)     _xdc_runtime_Startup_sfxnRts__A
003f3f9b    fcfe (003f3f80)     _ti_sysbios_family_c28_Timer_Module__id__C
003f3f9c    fcfe (003f3f80)     _ti_sysbios_knl_Idle_funcList__A
003f3fa7    fcfe (003f3f80)     _ti_sysbios_family_c28_Timer_startupNeeded__C
003f3fa8    fcfe (003f3f80)     _ti_sysbios_family_c28_Hwi_hooks__C
003f3fac    fcfe (003f3f80)     _ti_sysbios_knl_Idle_funcList__C
003f3fb0    fcfe (003f3f80)     _ti_sysbios_knl_Swi_hooks__C
003f3fb4    fcfe (003f3f80)     _ti_sysbios_knl_Task_hooks__C
003f3fb8    fcfe (003f3f80)     _xdc_runtime_Startup_firstFxns__C
003f3fbc    fcfe (003f3f80)     _xdc_runtime_Startup_lastFxns__C

003f3fc0    fcff (003f3fc0)     _ti_sysbios_family_c28_Hwi_A_badIntNum__C
003f3fc2    fcff (003f3fc0)     _ti_sysbios_family_c28_Hwi_A_invalidArg__C
003f3fc4    fcff (003f3fc0)     _ti_sysbios_family_c28_Hwi_E_unpluggedInterrupt__C
003f3fc6    fcff (003f3fc0)     _ti_sysbios_family_c28_Hwi_Module__diagsEnabled__C
003f3fc8    fcff (003f3fc0)     _ti_sysbios_family_c28_Hwi_Module__diagsIncluded__C
003f3fca    fcff (003f3fc0)     _ti_sysbios_family_c28_Hwi_Module__diagsMask__C
003f3fcc    fcff (003f3fc0)     _ti_sysbios_family_c28_TaskSupport_E_invalidStack__C
003f3fce    fcff (003f3fc0)     _ti_sysbios_family_c28_Timer_Module__diagsEnabled__C
003f3fd0    fcff (003f3fc0)     _ti_sysbios_family_c28_Timer_Module__diagsIncluded__C
003f3fd2    fcff (003f3fc0)     _ti_sysbios_family_c28_Timer_Module__diagsMask__C
003f3fd4    fcff (003f3fc0)     _ti_sysbios_hal_Hwi_E_stackOverflow__C
003f3fd6    fcff (003f3fc0)     _ti_sysbios_knl_Semaphore_A_badContext__C
003f3fd8    fcff (003f3fc0)     _ti_sysbios_knl_Semaphore_A_pendTaskDisabled__C
003f3fda    fcff (003f3fc0)     _ti_sysbios_knl_Semaphore_Instance_State_pendQ__O
003f3fdc    fcff (003f3fc0)     _ti_sysbios_knl_Semaphore_Module__diagsEnabled__C
003f3fde    fcff (003f3fc0)     _ti_sysbios_knl_Semaphore_Module__diagsIncluded__C
003f3fe0    fcff (003f3fc0)     _ti_sysbios_knl_Semaphore_Module__diagsMask__C
003f3fe2    fcff (003f3fc0)     _ti_sysbios_knl_Task_E_spOutOfBounds__C
003f3fe4    fcff (003f3fc0)     _ti_sysbios_knl_Task_E_stackOverflow__C
003f3fe6    fcff (003f3fc0)     _ti_sysbios_knl_Task_Module_State_inactiveQ__O
003f3fe8    fcff (003f3fc0)     _ti_sysbios_knl_Task_Object__heap__C
003f3fea    fcff (003f3fc0)     _ti_sysbios_knl_Task_allBlockedFunc__C
003f3fec    fcff (003f3fc0)     _ti_sysbios_utils_Load_Module_State_taskList__O
003f3fee    fcff (003f3fc0)     _ti_sysbios_utils_Load_Module__diagsEnabled__C
003f3ff0    fcff (003f3fc0)     _ti_sysbios_utils_Load_Module__diagsIncluded__C
003f3ff2    fcff (003f3fc0)     _ti_sysbios_utils_Load_Module__diagsMask__C
003f3ff4    fcff (003f3fc0)     _ti_sysbios_utils_Load_postUpdate__C
003f3ff6    fcff (003f3fc0)     _xdc_runtime_Assert_E_assertFailed__C
003f3ff8    fcff (003f3fc0)     _xdc_runtime_Core_A_initializedParams__C
003f3ffa    fcff (003f3fc0)     _xdc_runtime_Core_Module__diagsEnabled__C
003f3ffc    fcff (003f3fc0)     _xdc_runtime_Core_Module__diagsIncluded__C
003f3ffe    fcff (003f3fc0)     _xdc_runtime_Core_Module__diagsMask__C

003f4000    fd00 (003f4000)     _xdc_runtime_Error_E_memory__C
003f4002    fd00 (003f4000)     _xdc_runtime_Error_Module__diagsEnabled__C
003f4004    fd00 (003f4000)     _xdc_runtime_Error_Module__diagsIncluded__C
003f4006    fd00 (003f4000)     _xdc_runtime_Error_Module__diagsMask__C
003f4008    fd00 (003f4000)     _xdc_runtime_Error_Module__loggerFxn8__C
003f400a    fd00 (003f4000)     _xdc_runtime_Error_Module__loggerObj__C
003f400c    fd00 (003f4000)     _xdc_runtime_Error_policyFxn__C
003f400e    fd00 (003f4000)     _xdc_runtime_Error_raiseHook__C
003f4010    fd00 (003f4000)     _xdc_runtime_HeapStd_A_align__C
003f4012    fd00 (003f4000)     _xdc_runtime_HeapStd_A_invalidTotalFreeSize__C
003f4014    fd00 (003f4000)     _xdc_runtime_HeapStd_A_zeroSize__C
003f4016    fd00 (003f4000)     _xdc_runtime_HeapStd_E_noRTSMemory__C
003f4018    fd00 (003f4000)     _xdc_runtime_HeapStd_Module__diagsEnabled__C
003f401a    fd00 (003f4000)     _xdc_runtime_HeapStd_Module__diagsIncluded__C
003f401c    fd00 (003f4000)     _xdc_runtime_HeapStd_Module__diagsMask__C
003f401e    fd00 (003f4000)     _xdc_runtime_IFilterLogger_Interface__BASE__C
003f4020    fd00 (003f4000)     _xdc_runtime_IGateProvider_Interface__BASE__C
003f4022    fd00 (003f4000)     _xdc_runtime_IHeap_Interface__BASE__C
003f4024    fd00 (003f4000)     _xdc_runtime_ILogger_Interface__BASE__C
003f4026    fd00 (003f4000)     _xdc_runtime_IModule_Interface__BASE__C
003f4028    fd00 (003f4000)     _xdc_runtime_Log_L_error__C
003f402a    fd00 (003f4000)     _xdc_runtime_LoggerBuf_E_badLevel__C
003f402c    fd00 (003f4000)     _xdc_runtime_LoggerBuf_Module__gateObj__C
003f402e    fd00 (003f4000)     _xdc_runtime_LoggerBuf_statusLogger__C
003f4030    fd00 (003f4000)     _xdc_runtime_Memory_defaultHeapInstance__C
003f4032    fd00 (003f4000)     _xdc_runtime_Startup_execImpl__C
003f4034    fd00 (003f4000)     _xdc_runtime_Startup_firstFxns__A
003f4036    fd00 (003f4000)     _xdc_runtime_Startup_lastFxns__A
003f4038    fd00 (003f4000)     _xdc_runtime_Startup_sfxnRts__C
003f403a    fd00 (003f4000)     _xdc_runtime_Startup_sfxnTab__C
003f403c    fd00 (003f4000)     _xdc_runtime_SysMin_bufSize__C
003f403e    fd00 (003f4000)     _xdc_runtime_SysMin_outputFunc__C

003f4040    fd01 (003f4040)     _xdc_runtime_System_Module__gateObj__C
003f4042    fd01 (003f4040)     _xdc_runtime_System_abortFxn__C
003f4044    fd01 (003f4040)     _xdc_runtime_System_exitFxn__C
003f4046    fd01 (003f4040)     _xdc_runtime_System_extendFxn__C
003f4048    fd01 (003f4040)     _xdc_runtime_Text_charTab__C
003f404a    fd01 (003f4040)     _xdc_runtime_Text_nameEmpty__C
003f404c    fd01 (003f4040)     _xdc_runtime_Text_nameStatic__C
003f404e    fd01 (003f4040)     _xdc_runtime_Text_nameUnknown__C
003f4050    fd01 (003f4040)     _xdc_runtime_Text_nodeTab__C
003f4052    fd01 (003f4040)     _xdc_runtime_Text_visitRopeFxn__C
003f4054    fd01 (003f4040)     _ti_sysbios_hal_Hwi_Module__id__C
003f4055    fd01 (003f4040)     _ti_sysbios_knl_Semaphore_Module__id__C
003f4056    fd01 (003f4040)     _ti_sysbios_knl_Swi_Object__count__C
003f4057    fd01 (003f4040)     _ti_sysbios_knl_Swi_numConstructedSwis__C
003f4058    fd01 (003f4040)     _ti_sysbios_knl_Task_Module__id__C
003f4059    fd01 (003f4040)     _ti_sysbios_knl_Task_Object__count__C
[...]
0     003f2775  ___etext__                                                
0     003f2775  etext                                                     
0     003f2776  _xdc_runtime_Text_charTab__A                              
0     003f3ba2  _ti_sysbios_family_c28_Hwi_vectors                        
0     003f3d0d  _ti_sysbios_family_c28_Hwi_Module__id__C                  
0     003f3d66  _xdc_runtime_Text_nodeTab__A                              
0     003f3e01  _ti_sysbios_family_c28_Hwi_NUM_INTERRUPTS_ALL__C          
0     003f3e45  _ti_sysbios_family_c28_Hwi_Object__count__C               
0     003f3e70  _xdc_runtime_LoggerBuf_Module__FXNS__C                    
0     003f3ec1  _ti_sysbios_family_c28_TaskSupport_Module__id__C          
0     003f3ec2  _xdc_runtime_HeapStd_Module__FXNS__C                      
0     003f3ed6  _ti_sysbios_gates_GateHwi_Module__FXNS__C                 
0     003f3ee8  _xdc_runtime_LoggerBuf_Object__PARAMS__C                  
0     003f3efa  _xdc_runtime_Startup_sfxnTab__A                           
0     003f3f0c  _ti_sysbios_gates_GateHwi_Object__DESC__C                 
0     003f3f1c  _xdc_runtime_HeapStd_Object__DESC__C                      
0     003f3f2c  _xdc_runtime_LoggerBuf_Object__DESC__C                    
0     003f3f3c  _xdc_runtime_HeapStd_Object__PARAMS__C                    
0     003f3f4a  _ti_sysbios_gates_GateHwi_Object__PARAMS__C               
0     003f3f56  _ti_sysbios_knl_Swi_hooks__A                              
0     003f3f62  _ti_sysbios_knl_Task_hooks__A                             
0     003f3f6e  _swiscan                                                  
0     003f3f70  _tsk0                                                     
0     003f3f72  _lpsem                                                    
0     003f3f74  _swisend                                                  
0     003f3f76  _hwi0                                                     
0     003f3f78  _ti_sysbios_family_c28_Hwi_hooks__A                       
0     003f3f82  _xdc_runtime_Startup_sfxnRts__A                           
0     003f3f9b  _ti_sysbios_family_c28_Timer_Module__id__C                
0     003f3f9c  _ti_sysbios_knl_Idle_funcList__A                          
0     003f3fa7  _ti_sysbios_family_c28_Timer_startupNeeded__C             
0     003f3fa8  _ti_sysbios_family_c28_Hwi_hooks__C                       
0     003f3fac  _ti_sysbios_knl_Idle_funcList__C                          
0     003f3fb0  _ti_sysbios_knl_Swi_hooks__C                              
0     003f3fb4  _ti_sysbios_knl_Task_hooks__C                             
0     003f3fb8  _xdc_runtime_Startup_firstFxns__C                         
0     003f3fbc  _xdc_runtime_Startup_lastFxns__C                          
0     003f3fc0  _ti_sysbios_family_c28_Hwi_A_badIntNum__C                 
0     003f3fc2  _ti_sysbios_family_c28_Hwi_A_invalidArg__C                
0     003f3fc4  _ti_sysbios_family_c28_Hwi_E_unpluggedInterrupt__C        
0     003f3fc6  _ti_sysbios_family_c28_Hwi_Module__diagsEnabled__C        
0     003f3fc8  _ti_sysbios_family_c28_Hwi_Module__diagsIncluded__C       
0     003f3fca  _ti_sysbios_family_c28_Hwi_Module__diagsMask__C           
0     003f3fcc  _ti_sysbios_family_c28_TaskSupport_E_invalidStack__C      
0     003f3fce  _ti_sysbios_family_c28_Timer_Module__diagsEnabled__C      
0     003f3fd0  _ti_sysbios_family_c28_Timer_Module__diagsIncluded__C     
0     003f3fd2  _ti_sysbios_family_c28_Timer_Module__diagsMask__C         
0     003f3fd4  _ti_sysbios_hal_Hwi_E_stackOverflow__C                    
0     003f3fd6  _ti_sysbios_knl_Semaphore_A_badContext__C                 
0     003f3fd8  _ti_sysbios_knl_Semaphore_A_pendTaskDisabled__C           
0     003f3fda  _ti_sysbios_knl_Semaphore_Instance_State_pendQ__O         
0     003f3fdc  _ti_sysbios_knl_Semaphore_Module__diagsEnabled__C         
0     003f3fde  _ti_sysbios_knl_Semaphore_Module__diagsIncluded__C        
0     003f3fe0  _ti_sysbios_knl_Semaphore_Module__diagsMask__C            
0     003f3fe2  _ti_sysbios_knl_Task_E_spOutOfBounds__C                   
0     003f3fe4  _ti_sysbios_knl_Task_E_stackOverflow__C                   
0     003f3fe6  _ti_sysbios_knl_Task_Module_State_inactiveQ__O            
0     003f3fe8  _ti_sysbios_knl_Task_Object__heap__C                      
0     003f3fea  _ti_sysbios_knl_Task_allBlockedFunc__C                    
0     003f3fec  _ti_sysbios_utils_Load_Module_State_taskList__O           
0     003f3fee  _ti_sysbios_utils_Load_Module__diagsEnabled__C            
0     003f3ff0  _ti_sysbios_utils_Load_Module__diagsIncluded__C           
0     003f3ff2  _ti_sysbios_utils_Load_Module__diagsMask__C               
0     003f3ff4  _ti_sysbios_utils_Load_postUpdate__C                      
0     003f3ff6  _xdc_runtime_Assert_E_assertFailed__C                     
0     003f3ff8  _xdc_runtime_Core_A_initializedParams__C                  
0     003f3ffa  _xdc_runtime_Core_Module__diagsEnabled__C                 
0     003f3ffc  _xdc_runtime_Core_Module__diagsIncluded__C                
0     003f3ffe  _xdc_runtime_Core_Module__diagsMask__C                    
0     003f4000  _xdc_runtime_Error_E_memory__C                            
0     003f4002  _xdc_runtime_Error_Module__diagsEnabled__C                
0     003f4004  _xdc_runtime_Error_Module__diagsIncluded__C               
0     003f4006  _xdc_runtime_Error_Module__diagsMask__C                   
0     003f4008  _xdc_runtime_Error_Module__loggerFxn8__C                  
0     003f400a  _xdc_runtime_Error_Module__loggerObj__C                   
0     003f400c  _xdc_runtime_Error_policyFxn__C                           
0     003f400e  _xdc_runtime_Error_raiseHook__C                           
0     003f4010  _xdc_runtime_HeapStd_A_align__C                           
0     003f4012  _xdc_runtime_HeapStd_A_invalidTotalFreeSize__C            
0     003f4014  _xdc_runtime_HeapStd_A_zeroSize__C                        
0     003f4016  _xdc_runtime_HeapStd_E_noRTSMemory__C                     
0     003f4018  _xdc_runtime_HeapStd_Module__diagsEnabled__C              
0     003f401a  _xdc_runtime_HeapStd_Module__diagsIncluded__C             
0     003f401c  _xdc_runtime_HeapStd_Module__diagsMask__C                 
0     003f401e  _xdc_runtime_IFilterLogger_Interface__BASE__C             
0     003f4020  _xdc_runtime_IGateProvider_Interface__BASE__C             
0     003f4022  _xdc_runtime_IHeap_Interface__BASE__C                     
0     003f4024  _xdc_runtime_ILogger_Interface__BASE__C                   
0     003f4026  _xdc_runtime_IModule_Interface__BASE__C                   
0     003f4028  _xdc_runtime_Log_L_error__C                               
0     003f402a  _xdc_runtime_LoggerBuf_E_badLevel__C                      
0     003f402c  _xdc_runtime_LoggerBuf_Module__gateObj__C                 
0     003f402e  _xdc_runtime_LoggerBuf_statusLogger__C                    
0     003f4030  _xdc_runtime_Memory_defaultHeapInstance__C                
0     003f4032  _xdc_runtime_Startup_execImpl__C                          
0     003f4034  _xdc_runtime_Startup_firstFxns__A                         
0     003f4036  _xdc_runtime_Startup_lastFxns__A                          
0     003f4038  _xdc_runtime_Startup_sfxnRts__C                           
0     003f403a  _xdc_runtime_Startup_sfxnTab__C                           
0     003f403c  _xdc_runtime_SysMin_bufSize__C                            
0     003f403e  _xdc_runtime_SysMin_outputFunc__C                         
0     003f4040  _xdc_runtime_System_Module__gateObj__C                    
0     003f4042  _xdc_runtime_System_abortFxn__C                           
0     003f4044  _xdc_runtime_System_exitFxn__C                            
0     003f4046  _xdc_runtime_System_extendFxn__C                          
0     003f4048  _xdc_runtime_Text_charTab__C                              
0     003f404a  _xdc_runtime_Text_nameEmpty__C                            
0     003f404c  _xdc_runtime_Text_nameStatic__C                           
0     003f404e  _xdc_runtime_Text_nameUnknown__C                          
0     003f4050  _xdc_runtime_Text_nodeTab__C                              
0     003f4052  _xdc_runtime_Text_visitRopeFxn__C                         
0     003f4054  _ti_sysbios_hal_Hwi_Module__id__C                         
0     003f4055  _ti_sysbios_knl_Semaphore_Module__id__C                   
0     003f4056  _ti_sysbios_knl_Swi_Object__count__C                      
0     003f4057  _ti_sysbios_knl_Swi_numConstructedSwis__C                 
0     003f4058  _ti_sysbios_knl_Task_Module__id__C                        
0     003f4059  _ti_sysbios_knl_Task_Object__count__C                     
0     003f405a  _ti_sysbios_knl_Task_numConstructedTasks__C               
0     003f405b  _ti_sysbios_utils_Load_Module__id__C                      
0     003f405c  _ti_sysbios_utils_Load_autoAddTasks__C                    
0     003f405d  _ti_sysbios_utils_Load_updateInIdle__C                    
0     003f405e  _ti_sysbios_utils_Load_windowInMs__C                      
0     003f405f  _xdc_runtime_Core_Module__id__C                           
0     003f4060  _xdc_runtime_Error_Module__loggerDefined__C               
0     003f4061  _xdc_runtime_Error_maxDepth__C                            
0     003f4062  _xdc_runtime_Error_policy__C                              
0     003f4063  _xdc_runtime_HeapStd_Module__id__C                        
0     003f4064  _xdc_runtime_LoggerBuf_Module__id__C                      
0     003f4065  _xdc_runtime_LoggerBuf_Object__count__C                   
0     003f4066  _xdc_runtime_LoggerBuf_filterByLevel__C                   
0     003f4067  _xdc_runtime_Memory_Module__id__C                         
0     003f4068  _xdc_runtime_Startup_maxPasses__C                         
0     003f4069  _xdc_runtime_SysMin_flushAtExit__C                        
0     003f406a  _xdc_runtime_System_maxAtexitHandlers__C                  
0     003f406b  _xdc_runtime_Text_charCnt__C                              
0     003f406c  _xdc_runtime_Text_isLoaded__C                             
0     003f406d  _xdc_runtime_Text_registryModsLastId__C                   
0     003f406e  _xdc_runtime_Text_unnamedModsLastId__C                    
0     003f406f  ___cinit__                                                
0     003f406f  cinit                                                     
1     00000000  _ti_sysbios_knl_Task_Instance_State_0_stack__A            
1     00000100  _ti_sysbios_knl_Task_Instance_State_1_stack__A            
1     00000200  _xdc_runtime_Error_Module__state__V                       
1     00000202  _xdc_runtime_HeapStd_Module__state__V                     
1     00000204  _xdc_runtime_Memory_Module__state__V                      
1     00000206  ___xdc__init__addr                                        
1     00000208  _xdc_runtime_LoggerBuf_Module__state__V                   
1     0000020c  _ti_sysbios_family_c28_Hwi_Module__root__V                
1     00000210  _ti_sysbios_family_c28_Timer_Module__root__V              
1     00000214  _ti_sysbios_family_c28_TimestampProvider_Module__state__V 
1     00000218  _ti_sysbios_gates_GateHwi_Module__root__V                 
1     0000021c  _ti_sysbios_hal_Hwi_Module__root__V                       
1     00000220  _ti_sysbios_knl_Queue_Module__root__V                     
1     00000224  _ti_sysbios_knl_Semaphore_Module__root__V                 
1     00000228  _ti_sysbios_knl_Swi_Module__root__V                       
1     0000022c  _ti_sysbios_knl_Task_Module__root__V                      
1     00000230  _xdc_runtime_GateNull_Module__root__V                     
1     00000234  _xdc_runtime_HeapStd_Module__root__V                      
1     00000238  _xdc_runtime_LoggerBuf_Module__root__V                    
1     0000023c  _xdc_runtime_Registry_Module__state__V                    
1     00000240  _xdc_runtime_Startup_Module__state__V                     
1     00000244  _xdc_runtime_SysMin_Module__state__V                      
1     00000248  _xdc_runtime_System_Module__state__V                      
1     0000024c  _xdc_runtime_Text_Module__state__V                        
1     00000250  _ti_sysbios_family_c28_Timer_Module__state__V             
1     00000258  _ti_sysbios_knl_Swi_Module__state__V                      
1     00000264  _xdc_runtime_Error_IgnoreBlock                            
1     00000280  _ti_sysbios_family_c28_Hwi_Module__state__V               
1     00000290  _ti_sysbios_BIOS_Module__state__V                         
1     000002c0  _ti_sysbios_knl_Task_Module__state__V                     
1     00000300  _ti_sysbios_utils_Load_Module__state__V                   
1     0000034c  _ti_sysbios_family_c28_Hwi_Object__table__V               
1     0000037c  __lock                                                    
1     0000037e  __unlock                                                  
1     00000380  _ti_sysbios_family_c28_Hwi_Module_State_0_dispatchTable__A
1     00000480  _xdc_runtime_LoggerBuf_Instance_State_0_entryArr__A       
1     00000580  _ti_sysbios_knl_Task_Object__table__V                     
1     000005d4  _ti_sysbios_knl_Swi_Object__table__V                      
1     000005fc  _ti_sysbios_family_c28_Hwi_Instance_State_0_hookEnv__A    
1     000005fe  _ti_sysbios_family_c28_Hwi_Instance_State_1_hookEnv__A    
1     00000600  _xdc_runtime_SysMin_Module_State_0_outbuf__A              
1     00000650  _ti_sysbios_family_c28_Timer_Object__table__V             
1     00000680  _ti_sysbios_knl_Swi_Module_State_0_readyQ__A              
1     000006c0  _ti_sysbios_knl_Task_Module_State_0_readyQ__A             
1     00000700  _ti_sysbios_utils_Load_Module_State_0_taskEnv__A          
1     0000071c  _tickCount                                                
1     0000071d  _pbcount                                                  
1     0000071e  _X_button                                                 
1     0000071f  _T_button                                                 
1     00000720  _O_button                                                 
1     00000721  _S_button                                                 
1     00000722  _L1_button                                                
1     00000723  _R1_button                                                
1     00000724  _start_button                                             
1     00000725  _select_button                                            
1     00000726  _up_button                                                
1     00000727  _down_button                                              
1     00000728  _left_button                                              
1     00000729  _right_button                                             
1     0000072a  _JOYSTICK_X                                               
1     0000072b  _JOYSTICK_Y                                               
1     0000072c  _LP_count                                                 
1     0000072e  _load                                                     
1     00000730  _ti_sysbios_knl_Semaphore_Object__table__V                
1     0000073a  _xdc_runtime_HeapStd_Object__table__V                     
1     00000740  _xdc_runtime_LoggerBuf_Object__table__V                   
1     00000752  _parmbuf                                                  
1     0000075a  _xdc_runtime_System_Module_State_0_atexitHandlers__A      
1     00000762  ___TI_enable_exit_profile_output                          
1     00000764  ___TI_cleanup_ptr                                         
1     00000766  ___TI_dtors_ptr                                           
1     00000768  _ti_sysbios_family_c28_Hwi_Instance_State_2_hookEnv__A    
1     0000076a  _ti_sysbios_gates_GateHwi_Object__table__V                
1     0000076c  _ti_sysbios_knl_Swi_Instance_State_0_hookEnv__A           
1     0000076e  _ti_sysbios_knl_Swi_Instance_State_1_hookEnv__A           
1     00000770  _ti_sysbios_knl_Task_Instance_State_0_hookEnv__A          
1     00000772  _ti_sysbios_knl_Task_Instance_State_1_hookEnv__A          
1     00000774  _ti_sysbios_knl_Task_Module_State_0_idleTask__A           
1     00000776  _ti_sysbios_utils_Load_Module_State_0_runningTask__A      
1     00000778  _ti_sysbios_utils_Load_Module_State_0_taskStartTime__A    
1     00000880  _DevEmuRegs                                               
1     00000985  _SysPwrCtrlRegs                                           
1     00000a80  _FlashRegs                                                
1     00000ae0  _CsmRegs                                                  
1     00000b00  _AdcResult                                                
1     00000c00  _CpuTimer0Regs                                            
1     00000c08  _CpuTimer1Regs                                            
1     00000c10  _CpuTimer2Regs                                            
1     00000ce0  _PieCtrlRegs                                              
1     00006400  _Comp1Regs                                                
1     00006420  _Comp2Regs                                                
1     00006800  _EPwm1Regs                                                
1     00006840  _EPwm2Regs                                                
1     00006880  _EPwm3Regs                                                
1     000068c0  _EPwm4Regs                                                
1     00006a00  _ECap1Regs                                                
1     00006f80  _GpioCtrlRegs                                             
1     00006fc0  _GpioDataRegs                                             
1     00006fe0  _GpioIntRegs                                              
1     00007010  _SysCtrlRegs                                              
1     00007040  _SpiaRegs                                                 
1     00007050  _SciaRegs                                                 
1     00007060  _NmiIntruptRegs                                           
1     00007070  _XIntruptRegs                                             
1     00007100  _AdcRegs                                                  
1     00007900  _I2caRegs                                                 
1     00008000  _RamfuncsLoadEnd                                          
1     00008000  _RamfuncsLoadStart                                        
1     00008000  _RamfuncsRunStart                                         
1     00008000  __CIOBUF_                                                 
1     00008120  __stack                                                   
1     00008220  __STACK_END                                               
1     003d7fff  _PartIdRegs                                               
1     003f7ff8  _CsmPwl                                                   
abs   00000000  _RamfuncsLoadSize                                         
abs   00000001  _xdc_runtime_Startup__EXECFXN__C                          
abs   00000001  _xdc_runtime_Startup__RESETFXN__C                         
abs   00000100  __STACK_SIZE                                              
abs   ffffffff  ___TI_pprof_out_hndl                                      
abs   ffffffff  ___TI_prof_data_size                                      
abs   ffffffff  ___TI_prof_data_start                                     
abs   ffffffff  ___binit__                                                
abs   ffffffff  ___c_args__                                               
abs   ffffffff  ___pinit__                                                
abs   ffffffff  binit                                                     
abs   ffffffff  pinit                                                     

[556 symbols]
